L 03/20/2014 - 19:21:55: Log file started (file "logs/L0320005.log") (game "/home/tcagame/rowedahelicon/2/tf") (version "2142131")
L 03/20/2014 - 19:21:55: server_cvar: "sm_textreplacer_version" "0.2"
L 03/20/2014 - 19:21:55: server_cvar: "sm_tf_maxclass" "99999"
L 03/20/2014 - 19:21:55: server_cvar: "sm_redirect_version" "1.2"
L 03/20/2014 - 19:21:56: server_cvar: "tf_models_list" "tf2_modellist"
L 03/20/2014 - 19:21:56: Sending CMsgGameServerMatchmakingStatus (state=ServerMatchmakingState_NOT_PARTICIPATING)
L 03/20/2014 - 19:21:56: server_cvar: "mp_autoteambalance" "0"
L 03/20/2014 - 19:21:56: server_cvar: "mp_scrambleteams_auto" "0"
L 03/20/2014 - 19:21:56: server_cvar: "sm_nextmap" "cp_gravelpit"
L 03/20/2014 - 19:22:01: Connection to Steam servers successful.
L 03/20/2014 - 19:22:01:    Public IP is 205.234.153.146.
L 03/20/2014 - 19:22:01: Assigned anonymous gameserver Steam ID [A-1:1363497985(4169)].
L 03/20/2014 - 19:22:01: Received auth challenge; signing into gameserver account...
L 03/20/2014 - 19:22:01: VAC secure mode is activated.
L 03/20/2014 - 19:22:01: 
********************************************************************************
*
L 03/20/2014 - 19:22:01: *   TESTING REPLAY SYSTEM CONFIGURATION...
L 03/20/2014 - 19:22:01: *
*
*   Testing Fileserver ConVars (replay_fileserver_*)...
*
L 03/20/2014 - 19:22:01: *      Protocol:           http
L 03/20/2014 - 19:22:01: *      Validating...................................L 03/20/2014 - 19:22:01: OK
L 03/20/2014 - 19:22:01: *
L 03/20/2014 - 19:22:01: *      Hostname:           205.234.153.146
L 03/20/2014 - 19:22:01: *      Validating...................................L 03/20/2014 - 19:22:01: OK
L 03/20/2014 - 19:22:01: *
L 03/20/2014 - 19:22:01: *      Port:               80
L 03/20/2014 - 19:22:01: *      Validating...................................L 03/20/2014 - 19:22:01: OK
L 03/20/2014 - 19:22:01: *
L 03/20/2014 - 19:22:01: *      Path:               /replays
L 03/20/2014 - 19:22:01: *      Validating...................................L 03/20/2014 - 19:22:01: OK
L 03/20/2014 - 19:22:01: *
L 03/20/2014 - 19:22:01: *
L 03/20/2014 - 19:22:01: *   If clients can't access the following URL via a Web
L 03/20/2014 - 19:22:01: *   browser, they will not be able to download Replays.
L 03/20/2014 - 19:22:01: *
L 03/20/2014 - 19:22:01: *      URL:                http://205.234.153.146:80/replays/
L 03/20/2014 - 19:22:01: *
*
*   Testing File I/O...
*
L 03/20/2014 - 19:22:01: *      Temp path:          /home/tcagame/rowedahelicon/2/tf/replay/server/tmp/
L 03/20/2014 - 19:22:01: *
L 03/20/2014 - 19:22:01: *      Opening temp file............................L 03/20/2014 - 19:22:01: OK
L 03/20/2014 - 19:22:01: *      Allocating test buffer.......................L 03/20/2014 - 19:22:01: OK
L 03/20/2014 - 19:22:01: *      Writing temp file............................L 03/20/2014 - 19:22:01: OK
L 03/20/2014 - 19:22:01: *
*
*   Testing file publisher...
*
L 03/20/2014 - 19:22:01: *      Fileserver type:    Local Web server
L 03/20/2014 - 19:22:01: *      Path:               /var/www/replays
L 03/20/2014 - 19:22:01: *      Validating...................................L 03/20/2014 - 19:22:01: OK
L 03/20/2014 - 19:22:01: *
L 03/20/2014 - 19:22:01: *
L 03/20/2014 - 19:22:01: *      Source file exists?..........................L 03/20/2014 - 19:22:01: OK
L 03/20/2014 - 19:22:01: *      Checking fileserver path.....................L 03/20/2014 - 19:22:01: OK
L 03/20/2014 - 19:22:01: *      Renaming to target...........................L 03/20/2014 - 19:22:01: OK
L 03/20/2014 - 19:22:01: *
*
*   Testing fileserver delete...
*
L 03/20/2014 - 19:22:01: *      File exists?.................................L 03/20/2014 - 19:22:01: OK
L 03/20/2014 - 19:22:01: *      Deleting file................................L 03/20/2014 - 19:22:01: OK
L 03/20/2014 - 19:22:01: *
L 03/20/2014 - 19:22:01: *
L 03/20/2014 - 19:22:01: *
L 03/20/2014 - 19:22:01: *   SUCCESS - REPLAY IS ENABLED!
L 03/20/2014 - 19:22:01: *
L 03/20/2014 - 19:22:01: *   A 'changelevel' or 'map' is required - recording will
L 03/20/2014 - 19:22:01: *   begin at the start of the next round.
L 03/20/2014 - 19:22:01: *
L 03/20/2014 - 19:22:01: *
********************************************************************************

L 03/20/2014 - 19:22:02: Game server authentication: SUCCESS! Standing: Good. Trend: Downward Fast
L 03/20/2014 - 19:22:02:    Successfully logged into gameserver account 256759.
For more information about gameserver accounts, visit https://support.steampowered.com/kb_article.php?ref=2825-AFGJ-3513.
L 03/20/2014 - 19:22:02: server_cvar: "sv_registration_message" ""
L 03/20/2014 - 19:22:02: server_cvar: "sv_registration_successful" "1"
L 03/20/2014 - 19:22:11: server_cvar: "mp_disable_respawn_times" "1"
L 03/20/2014 - 19:31:56: Server has been empty for 600 seconds on this map, cycling map as per mp_mapcycle_empty_timeout_seconds
L 03/20/2014 - 19:31:56: [META] Loaded 0 plugins (4 already loaded)
L 03/20/2014 - 19:31:56: [META] Loaded 0 plugins (4 already loaded)
L 03/20/2014 - 19:31:56: Loading map "cp_gravelpit"
L 03/20/2014 - 19:31:56: server cvars start
L 03/20/2014 - 19:31:56: "sm_uberspawn" = "1.0"
L 03/20/2014 - 19:31:56: "ufov_version" = "1.2.0"
L 03/20/2014 - 19:31:56: "scp_version" = "1.1.5"
L 03/20/2014 - 19:31:56: "rainbowize_version" = "1.6.2"
L 03/20/2014 - 19:31:56: "improved_map_randomizer_version" = "3.4.5"
L 03/20/2014 - 19:31:56: "sm_executeconfigs_version" = "1.2.2"
L 03/20/2014 - 19:31:56: "sm_mapcron_version" = "1.2 RC"
L 03/20/2014 - 19:31:56: "sm_buildrestrict_version" = "0.5.5"
L 03/20/2014 - 19:31:56: "sm_namechangeinfo_version" = "13.0918.1"
L 03/20/2014 - 19:31:56: "sm_tf2ii_version" = "1.8.17.4-20130729"
L 03/20/2014 - 19:31:56: "nativevotes_version" = "0.8.1"
L 03/20/2014 - 19:31:56: "sm_commandcooldowns_version" = "14.0222.0"
L 03/20/2014 - 19:31:56: "sm_tnounlockspls_version" = "0.4.8"
L 03/20/2014 - 19:31:56: "sm_srvcln_version" = "1.2.2"
L 03/20/2014 - 19:31:56: "swapteam_version" = "1.2.5"
L 03/20/2014 - 19:31:56: "scme_version" = "1.0.0"
L 03/20/2014 - 19:31:56: "sm_tnounlockspls_noext_version" = "0.4.0"
L 03/20/2014 - 19:31:56: "sm_fakeandforce_version" = "2.0"
L 03/20/2014 - 19:31:56: "sourcecomms_version" = "0.8.253"
L 03/20/2014 - 19:31:56: "nativevotes_basevotes_version" = "1.5.2"
L 03/20/2014 - 19:31:56: "sb_version" = "1.4.8"
L 03/20/2014 - 19:31:56: "basicdonator_recog_v" = "0.5"
L 03/20/2014 - 19:31:56: "fw_money_balance" = "1000"
L 03/20/2014 - 19:31:56: "fw_money_destroy_sentry" = "75"
L 03/20/2014 - 19:31:56: "fw_money_destroy_dispenser" = "75"
L 03/20/2014 - 19:31:56: "fw_money_backstab" = "50"
L 03/20/2014 - 19:31:56: "fw_money_headshot" = "50"
L 03/20/2014 - 19:31:56: "fw_money_domination" = "300"
L 03/20/2014 - 19:31:56: "fw_money_kill" = "100"
L 03/20/2014 - 19:31:56: "fw_money_win" = "1000"
L 03/20/2014 - 19:31:56: "fw_money_start" = "1000"
L 03/20/2014 - 19:31:56: "fw_unlock_menu_style" = "1"
L 03/20/2014 - 19:31:56: "fw_lulz" = "0"
L 03/20/2014 - 19:31:56: "fw_no_limit_time" = "60"
L 03/20/2014 - 19:31:56: "fw_setup_time" = "-1"
L 03/20/2014 - 19:31:56: "fw_prop_shadows" = "1"
L 03/20/2014 - 19:31:56: "fw_prop_health_multipler" = "1"
L 03/20/2014 - 19:31:56: "fw_stuck_protection" = "1"
L 03/20/2014 - 19:31:56: "fw_custom_spawn" = "0"
L 03/20/2014 - 19:31:56: "fw_spawn_protection" = "2.5"
L 03/20/2014 - 19:31:56: "fw_props_per_player_admin" = "70"
L 03/20/2014 - 19:31:56: "fw_props_per_player" = "70"
L 03/20/2014 - 19:31:56: "fw_props_per_team" = "250"
L 03/20/2014 - 19:31:56: "fw_maps" = "1"
L 03/20/2014 - 19:31:56: "fw_sql" = "1"
L 03/20/2014 - 19:31:56: "fw_version" = "6.52"
L 03/20/2014 - 19:31:56: "sm_testingtime_version" = "1.2"
L 03/20/2014 - 19:31:56: "stockmodels_version" = "1.0"
L 03/20/2014 - 19:31:56: "tf_models_list" = "tf2_modellist"
L 03/20/2014 - 19:31:56: "tf_models_blocktriggers" = "1"
L 03/20/2014 - 19:31:56: "tf_models_delayonspawn" = "0.1"
L 03/20/2014 - 19:31:56: "tf_models_force_admins" = "0"
L 03/20/2014 - 19:31:56: "tf_models_force_users" = "0"
L 03/20/2014 - 19:31:56: "tf_models_announce_plugin" = "1"
L 03/20/2014 - 19:31:56: "tf_models_announce" = "1"
L 03/20/2014 - 19:31:56: "tf_models_admin_override" = "0"
L 03/20/2014 - 19:31:56: "tf_models_admin_flags" = "b"
L 03/20/2014 - 19:31:56: "tf_models_version" = "1.0.3"
L 03/20/2014 - 19:31:56: "adsql_serverid" = "tf2rainbow"
L 03/20/2014 - 19:31:56: "adsql_version" = "2.4.0"
L 03/20/2014 - 19:31:56: "sm_redirect_version" = "1.2"
L 03/20/2014 - 19:31:56: "sm_snake_version" = "1.0"
L 03/20/2014 - 19:31:56: "webshortcutsredux_version" = "1.1"
L 03/20/2014 - 19:31:56: "sm_speechfun_version" = "1.0.2"
L 03/20/2014 - 19:31:56: "sm_hatremoval_version" = "1.1a"
L 03/20/2014 - 19:31:56: "sm_helpmenu_version" = "0.3"
L 03/20/2014 - 19:31:56: "sm_tnounlockspls_announce_version" = "0.4.0"
L 03/20/2014 - 19:31:56: "dts_version" = "1.1"
L 03/20/2014 - 19:31:56: "sm_cannounce_version" = "1.2"
L 03/20/2014 - 19:31:56: "fcg_version" = "1.1"
L 03/20/2014 - 19:31:56: "tf2attributes_version" = "1.1.1"
L 03/20/2014 - 19:31:56: "sm_resize_version" = "1.4.0"
L 03/20/2014 - 19:31:56: "sm_evilrocket_version" = "1.0.110"
L 03/20/2014 - 19:31:56: "sentryfun_version" = "1.3"
L 03/20/2014 - 19:31:56: "sentryfun_enabled" = "1"
L 03/20/2014 - 19:31:56: "sm_tf_maxclass" = "99999"
L 03/20/2014 - 19:31:56: "sm_textreplacer_version" = "0.2"
L 03/20/2014 - 19:31:56: "sm_gscramble_version" = "3.0.13"
L 03/20/2014 - 19:31:56: "gs_enabled" = "1"
L 03/20/2014 - 19:31:56: "sm_rtrigs" = "1"
L 03/20/2014 - 19:31:56: "sm_rtrigs_version" = "1.10"
L 03/20/2014 - 19:31:56: "tf2_decap_ver" = "1.0"
L 03/20/2014 - 19:31:56: "highfiveenemy_version" = "1.0"
L 03/20/2014 - 19:31:56: "sm_tnounlockspls_tf2items_version" = "0.4.0"
L 03/20/2014 - 19:31:56: "tfh_valentines" = "0"
L 03/20/2014 - 19:31:56: "tfh_meetthepyro" = "0"
L 03/20/2014 - 19:31:56: "tfh_winter" = "1"
L 03/20/2014 - 19:31:56: "tfh_birthday" = "0"
L 03/20/2014 - 19:31:56: "tfh_fullmoon" = "1"
L 03/20/2014 - 19:31:56: "tfh_halloween" = "-1"
L 03/20/2014 - 19:31:56: "tfh_use_overrides" = "1"
L 03/20/2014 - 19:31:56: "tfh_enabled" = "1"
L 03/20/2014 - 19:31:56: "tfh_version" = "1.8.1"
L 03/20/2014 - 19:31:56: "sm_customvotes_version" = "1.0"
L 03/20/2014 - 19:31:56: "sm_rtd_version" = "0.4.3.2"
L 03/20/2014 - 19:31:56: "sm_tnounlockspls_menu_version" = "0.4.0"
L 03/20/2014 - 19:31:56: "lights_version" = "0.6"
L 03/20/2014 - 19:31:56: "sm_downloader_version" = "1.4"
L 03/20/2014 - 19:31:56: "sm_spec_players" = "1"
L 03/20/2014 - 19:31:56: "sm_funcommandsx_version" = "2.3"
L 03/20/2014 - 19:31:56: "sm_adminlistmenu_version" = "1.0"
L 03/20/2014 - 19:31:56: "tf2items_manager" = "1"
L 03/20/2014 - 19:31:56: "tf2items_manager_version" = "1.4.1"
L 03/20/2014 - 19:31:56: "sm_respawn_override_version" = "1.0.1-20131019"
L 03/20/2014 - 19:31:56: "sm_setspeed_log" = "1"
L 03/20/2014 - 19:31:56: "sm_setspeed_chat" = "1"
L 03/20/2014 - 19:31:56: "sm_setspeed_version" = "1.3.1"
L 03/20/2014 - 19:31:56: "sm_spray_version" = "5.8a"
L 03/20/2014 - 19:31:56: "goomba_version" = "2.0.2"
L 03/20/2014 - 19:31:56: "sm_adminsmite_version" = "2.1"
L 03/20/2014 - 19:31:56: "mc_version" = "1.1.1"
L 03/20/2014 - 19:31:56: "sm_setplayerclass_version" = "1.0.1"
L 03/20/2014 - 19:31:56: "sm_tetris_version" = "1.0"
L 03/20/2014 - 19:31:56: "sm_hdmgtracker_version" = "1.2.2"
L 03/20/2014 - 19:31:56: "cid_mintime" = "10.0"
L 03/20/2014 - 19:31:56: "cid_maxdist" = "10000.0"
L 03/20/2014 - 19:31:56: "cid_enabled" = "1"
L 03/20/2014 - 19:31:56: "cid_version" = "1.1"
L 03/20/2014 - 19:31:56: "basicdonator_version" = "0.8"
L 03/20/2014 - 19:31:56: "sm_afkm_version" = "3.5.2"
L 03/20/2014 - 19:31:56: "sgadmins_version" = "1.2.0"
L 03/20/2014 - 19:31:56: "melee_version" = "0.4.1"
L 03/20/2014 - 19:31:56: "sm_pregame_slaughter_version" = "1.0.5.1"
L 03/20/2014 - 19:31:56: "fc_version" = "2.0"
L 03/20/2014 - 19:31:56: "jinglenotify_version" = "1.0.0"
L 03/20/2014 - 19:31:56: "sm_tf_captoggle" = "0.0.3"
L 03/20/2014 - 19:31:56: "sm_ignorelist_version" = "0x02"
L 03/20/2014 - 19:31:56: "tf2items_giveweapon_version" = "3.14159"
L 03/20/2014 - 19:31:56: "sm_bsd_version" = "2.0.0"
L 03/20/2014 - 19:31:56: "sm_rweapons_version" = "1.3"
L 03/20/2014 - 19:31:56: "sm_commanddump_version" = "1.1.0"
L 03/20/2014 - 19:31:56: "store_version" = "1.1-alpha"
L 03/20/2014 - 19:31:56: "sm_allchat_version" = "1.1.1"
L 03/20/2014 - 19:31:56: "sm_classrestrict_version" = "0.6"
L 03/20/2014 - 19:31:56: "sm_playersvotes_redux_version" = "1.3"
L 03/20/2014 - 19:31:56: "steamtools_version" = "0.8.3"
L 03/20/2014 - 19:31:56: "tf2items_version" = "1.6.0"
L 03/20/2014 - 19:31:56: "stripper_version" = "1.2.2"
L 03/20/2014 - 19:31:56: "sm_nextmap" = "cp_gravelpit"
L 03/20/2014 - 19:31:56: "sourcemod_version" = "1.5.3-dev+4004"
L 03/20/2014 - 19:31:56: "metamod_version" = "1.10.1-devV"
L 03/20/2014 - 19:31:56: "tf_playergib" = "1"
L 03/20/2014 - 19:31:56: "tf_allow_player_use" = "0"
L 03/20/2014 - 19:31:56: "tf_mvm_death_penalty" = "0"
L 03/20/2014 - 19:31:56: "sv_maxusrcmdprocessticks" = "24"
L 03/20/2014 - 19:31:56: "mp_teamplay" = "0"
L 03/20/2014 - 19:31:56: "mp_falldamage" = "0"
L 03/20/2014 - 19:31:56: "mp_weaponstay" = "0"
L 03/20/2014 - 19:31:56: "mp_forcerespawn" = "1"
L 03/20/2014 - 19:31:56: "mp_footsteps" = "1"
L 03/20/2014 - 19:31:56: "mp_flashlight" = "1"
L 03/20/2014 - 19:31:56: "mp_autocrosshair" = "1"
L 03/20/2014 - 19:31:56: "decalfrequency" = "10"
L 03/20/2014 - 19:31:56: "mp_teamlist" = "hgrunt;scientist"
L 03/20/2014 - 19:31:56: "mp_allowNPCs" = "1"
L 03/20/2014 - 19:31:56: "sv_alltalk" = "1"
L 03/20/2014 - 19:31:56: "tf_weapon_criticals" = "1"
L 03/20/2014 - 19:31:56: "tf_damage_disablespread" = "1"
L 03/20/2014 - 19:31:56: "tf_player_name_change_time" = "60"
L 03/20/2014 - 19:31:56: "tf_force_holidays_off" = "0"
L 03/20/2014 - 19:31:56: "tf_birthday" = "0"
L 03/20/2014 - 19:31:56: "mp_tournament_stopwatch" = "1"
L 03/20/2014 - 19:31:56: "mp_windifference" = "0"
L 03/20/2014 - 19:31:56: "mp_windifference_min" = "0"
L 03/20/2014 - 19:31:56: "tf_medieval" = "0"
L 03/20/2014 - 19:31:56: "tf_medieval_autorp" = "1"
L 03/20/2014 - 19:31:56: "tf_arena_force_class" = "0"
L 03/20/2014 - 19:31:56: "tf_arena_change_limit" = "1"
L 03/20/2014 - 19:31:56: "tf_arena_override_cap_enable_time" = "-1"
L 03/20/2014 - 19:31:56: "tf_arena_first_blood" = "1"
L 03/20/2014 - 19:31:56: "tf_mvm_min_players_to_start" = "3"
L 03/20/2014 - 19:31:56: "tf_gamemode_arena" = "0"
L 03/20/2014 - 19:31:56: "tf_gamemode_cp" = "1"
L 03/20/2014 - 19:31:56: "tf_gamemode_ctf" = "0"
L 03/20/2014 - 19:31:56: "tf_gamemode_sd" = "0"
L 03/20/2014 - 19:31:56: "tf_gamemode_payload" = "0"
L 03/20/2014 - 19:31:56: "tf_gamemode_mvm" = "0"
L 03/20/2014 - 19:31:56: "tf_bot_count" = "0"
L 03/20/2014 - 19:31:56: "tf_teamtalk" = "0"
L 03/20/2014 - 19:31:56: "tf_ctf_bonus_time" = "10"
L 03/20/2014 - 19:31:56: "tf_maxspeed" = "400"
L 03/20/2014 - 19:31:56: "tf_max_charge_speed" = "750"
L 03/20/2014 - 19:31:56: "tf_use_fixed_weaponspreads" = "0"
L 03/20/2014 - 19:31:56: "tf_overtime_nag" = "0"
L 03/20/2014 - 19:31:56: "mp_tournament" = "0"
L 03/20/2014 - 19:31:56: "mp_highlander" = "0"
L 03/20/2014 - 19:31:56: "tf_arena_preround_time" = "10"
L 03/20/2014 - 19:31:56: "tf_arena_round_time" = "0"
L 03/20/2014 - 19:31:56: "tf_arena_max_streak" = "0"
L 03/20/2014 - 19:31:56: "tf_arena_use_queue" = "0"
L 03/20/2014 - 19:31:56: "mp_teams_unbalance_limit" = "1"
L 03/20/2014 - 19:31:56: "mp_maxrounds" = "0"
L 03/20/2014 - 19:31:56: "mp_winlimit" = "0"
L 03/20/2014 - 19:31:56: "mp_disable_respawn_times" = "1"
L 03/20/2014 - 19:31:56: "mp_stalemate_meleeonly" = "0"
L 03/20/2014 - 19:31:56: "mp_forceautoteam" = "0"
L 03/20/2014 - 19:31:56: "mp_autoteambalance" = "0"
L 03/20/2014 - 19:31:56: "mp_stalemate_enable" = "1"
L 03/20/2014 - 19:31:56: "mp_match_end_at_timelimit" = "0"
L 03/20/2014 - 19:31:56: "mp_holiday_nogifts" = "0"
L 03/20/2014 - 19:31:56: "mp_scrambleteams_auto" = "0"
L 03/20/2014 - 19:31:56: "mp_scrambleteams_auto_windifference" = "2"
L 03/20/2014 - 19:31:56: "mp_timelimit" = "30"
L 03/20/2014 - 19:31:56: "mp_fraglimit" = "0"
L 03/20/2014 - 19:31:56: "nextlevel" = ""
L 03/20/2014 - 19:31:56: "sv_gravity" = "800"
L 03/20/2014 - 19:31:56: "sv_stopspeed" = "100"
L 03/20/2014 - 19:31:56: "sv_noclipaccelerate" = "5"
L 03/20/2014 - 19:31:56: "sv_noclipspeed" = "5"
L 03/20/2014 - 19:31:56: "sv_specaccelerate" = "5"
L 03/20/2014 - 19:31:56: "sv_specspeed" = "3"
L 03/20/2014 - 19:31:56: "sv_specnoclip" = "1"
L 03/20/2014 - 19:31:56: "sv_maxspeed" = "320"
L 03/20/2014 - 19:31:56: "sv_accelerate" = "10"
L 03/20/2014 - 19:31:56: "sv_airaccelerate" = "10"
L 03/20/2014 - 19:31:56: "sv_wateraccelerate" = "10"
L 03/20/2014 - 19:31:56: "sv_waterfriction" = "1"
L 03/20/2014 - 19:31:56: "sv_footsteps" = "1"
L 03/20/2014 - 19:31:56: "sv_rollspeed" = "200"
L 03/20/2014 - 19:31:56: "sv_rollangle" = "0"
L 03/20/2014 - 19:31:56: "sv_friction" = "4"
L 03/20/2014 - 19:31:56: "sv_bounce" = "0"
L 03/20/2014 - 19:31:56: "sv_stepsize" = "18"
L 03/20/2014 - 19:31:56: "r_VehicleViewDampen" = "1"
L 03/20/2014 - 19:31:56: "r_JeepViewDampenFreq" = "7.0"
L 03/20/2014 - 19:31:56: "r_JeepViewDampenDamp" = "1.0"
L 03/20/2014 - 19:31:56: "r_JeepViewZHeight" = "10.0"
L 03/20/2014 - 19:31:56: "r_AirboatViewDampenFreq" = "7.0"
L 03/20/2014 - 19:31:56: "r_AirboatViewDampenDamp" = "1.0"
L 03/20/2014 - 19:31:56: "r_AirboatViewZHeight" = "0.0"
L 03/20/2014 - 19:31:56: "mp_fadetoblack" = "0"
L 03/20/2014 - 19:31:56: "tf_mm_servermode" = "0"
L 03/20/2014 - 19:31:56: "tf_mm_strict" = "0"
L 03/20/2014 - 19:31:56: "tf_mm_trusted" = "0"
L 03/20/2014 - 19:31:56: "tf_server_identity_disable_quickplay" = "0"
L 03/20/2014 - 19:31:56: "sv_registration_successful" = "1"
L 03/20/2014 - 19:31:56: "sv_registration_message" = ""
L 03/20/2014 - 19:31:56: "sv_steamgroup" = ""
L 03/20/2014 - 19:31:56: "sv_cheats" = "0"
L 03/20/2014 - 19:31:56: "sv_pausable" = "0"
L 03/20/2014 - 19:31:56: "sv_contact" = "theoneandonly@rowedahelicon.com"
L 03/20/2014 - 19:31:56: "sv_voiceenable" = "1"
L 03/20/2014 - 19:31:56: "tv_enable" = "0"
L 03/20/2014 - 19:31:56: "deathmatch" = "1"
L 03/20/2014 - 19:31:56: "coop" = "0"
L 03/20/2014 - 19:31:56: "tv_password" = ""
L 03/20/2014 - 19:31:56: "tv_relaypassword" = ""
L 03/20/2014 - 19:31:56: "sv_password" = ""
L 03/20/2014 - 19:31:56: server cvars end
L 03/20/2014 - 19:31:57: Started map "cp_gravelpit" (CRC "b0f7be355e5c62da939b1c0c8045dc3c")
L 03/20/2014 - 19:31:57: Executing dedicated server config file server.cfg
L 03/20/2014 - 19:32:02: server_cvar: "tf_gamemode_cp" "0"
L 03/20/2014 - 19:32:02: server_cvar: "tf_gamemode_cp" "1"
L 03/20/2014 - 19:32:03: "Replay 2: The Replayening<2><BOT><>" connected, address "none"
L 03/20/2014 - 19:32:03: "Replay 2: The Replayening<2><BOT><>" entered the game
L 03/20/2014 - 19:32:03: "Replay 2: The Replayening<2><BOT><Unassigned>" joined team "Spectator"
L 03/20/2014 - 19:32:03: server_cvar: "mp_disable_respawn_times" "0"
L 03/20/2014 - 19:32:03: server_cvar: "tf_models_list" "TF2_ItemList"
L 03/20/2014 - 19:32:03: server_cvar: "mp_autoteambalance" "1"
L 03/20/2014 - 19:32:03: server_cvar: "tf_models_list" "tf2_modellist"
L 03/20/2014 - 19:32:03: server_cvar: "mp_autoteambalance" "0"
L 03/20/2014 - 19:32:03: server_cvar: "sm_nextmap" "cp_junction_final"
L 03/20/2014 - 19:32:19: server_cvar: "mp_disable_respawn_times" "1"
L 03/20/2014 - 19:39:46: "jtwalker1<3><STEAM_0:1:70311578><>" connected, address "69.23.212.112:27005"
L 03/20/2014 - 19:39:46: "jtwalker1<3><STEAM_0:1:70311578><>" STEAM USERID validated
L 03/20/2014 - 19:42:23: "jtwalker1<3><STEAM_0:1:70311578><>" disconnected (reason "Disconnect by user.")
L 03/20/2014 - 19:52:23: Server has been empty for 600 seconds on this map, cycling map as per mp_mapcycle_empty_timeout_seconds
L 03/20/2014 - 19:52:23: [META] Loaded 0 plugins (4 already loaded)
L 03/20/2014 - 19:52:24: [META] Loaded 0 plugins (4 already loaded)
L 03/20/2014 - 19:52:24: Loading map "cp_junction_final"
L 03/20/2014 - 19:52:24: server cvars start
L 03/20/2014 - 19:52:24: "sm_uberspawn" = "1.0"
L 03/20/2014 - 19:52:24: "ufov_version" = "1.2.0"
L 03/20/2014 - 19:52:24: "scp_version" = "1.1.5"
L 03/20/2014 - 19:52:24: "rainbowize_version" = "1.6.2"
L 03/20/2014 - 19:52:24: "improved_map_randomizer_version" = "3.4.5"
L 03/20/2014 - 19:52:24: "sm_executeconfigs_version" = "1.2.2"
L 03/20/2014 - 19:52:24: "sm_mapcron_version" = "1.2 RC"
L 03/20/2014 - 19:52:24: "sm_buildrestrict_version" = "0.5.5"
L 03/20/2014 - 19:52:24: "sm_namechangeinfo_version" = "13.0918.1"
L 03/20/2014 - 19:52:24: "sm_tf2ii_version" = "1.8.17.4-20130729"
L 03/20/2014 - 19:52:24: "nativevotes_version" = "0.8.1"
L 03/20/2014 - 19:52:24: "sm_commandcooldowns_version" = "14.0222.0"
L 03/20/2014 - 19:52:24: "sm_tnounlockspls_version" = "0.4.8"
L 03/20/2014 - 19:52:24: "sm_srvcln_version" = "1.2.2"
L 03/20/2014 - 19:52:24: "swapteam_version" = "1.2.5"
L 03/20/2014 - 19:52:24: "scme_version" = "1.0.0"
L 03/20/2014 - 19:52:24: "sm_tnounlockspls_noext_version" = "0.4.0"
L 03/20/2014 - 19:52:24: "sm_fakeandforce_version" = "2.0"
L 03/20/2014 - 19:52:24: "sourcecomms_version" = "0.8.253"
L 03/20/2014 - 19:52:24: "nativevotes_basevotes_version" = "1.5.2"
L 03/20/2014 - 19:52:24: "sb_version" = "1.4.8"
L 03/20/2014 - 19:52:24: "basicdonator_recog_v" = "0.5"
L 03/20/2014 - 19:52:24: "fw_money_balance" = "1000"
L 03/20/2014 - 19:52:24: "fw_money_destroy_sentry" = "75"
L 03/20/2014 - 19:52:24: "fw_money_destroy_dispenser" = "75"
L 03/20/2014 - 19:52:24: "fw_money_backstab" = "50"
L 03/20/2014 - 19:52:24: "fw_money_headshot" = "50"
L 03/20/2014 - 19:52:24: "fw_money_domination" = "300"
L 03/20/2014 - 19:52:24: "fw_money_kill" = "100"
L 03/20/2014 - 19:52:24: "fw_money_win" = "1000"
L 03/20/2014 - 19:52:24: "fw_money_start" = "1000"
L 03/20/2014 - 19:52:24: "fw_unlock_menu_style" = "1"
L 03/20/2014 - 19:52:24: "fw_lulz" = "0"
L 03/20/2014 - 19:52:24: "fw_no_limit_time" = "60"
L 03/20/2014 - 19:52:24: "fw_setup_time" = "-1"
L 03/20/2014 - 19:52:24: "fw_prop_shadows" = "1"
L 03/20/2014 - 19:52:24: "fw_prop_health_multipler" = "1"
L 03/20/2014 - 19:52:24: "fw_stuck_protection" = "1"
L 03/20/2014 - 19:52:24: "fw_custom_spawn" = "0"
L 03/20/2014 - 19:52:24: "fw_spawn_protection" = "2.5"
L 03/20/2014 - 19:52:24: "fw_props_per_player_admin" = "70"
L 03/20/2014 - 19:52:24: "fw_props_per_player" = "70"
L 03/20/2014 - 19:52:24: "fw_props_per_team" = "250"
L 03/20/2014 - 19:52:24: "fw_maps" = "1"
L 03/20/2014 - 19:52:24: "fw_sql" = "1"
L 03/20/2014 - 19:52:24: "fw_version" = "6.52"
L 03/20/2014 - 19:52:24: "sm_testingtime_version" = "1.2"
L 03/20/2014 - 19:52:24: "stockmodels_version" = "1.0"
L 03/20/2014 - 19:52:24: "tf_models_list" = "tf2_modellist"
L 03/20/2014 - 19:52:24: "tf_models_blocktriggers" = "1"
L 03/20/2014 - 19:52:24: "tf_models_delayonspawn" = "0.1"
L 03/20/2014 - 19:52:24: "tf_models_force_admins" = "0"
L 03/20/2014 - 19:52:24: "tf_models_force_users" = "0"
L 03/20/2014 - 19:52:24: "tf_models_announce_plugin" = "1"
L 03/20/2014 - 19:52:24: "tf_models_announce" = "1"
L 03/20/2014 - 19:52:24: "tf_models_admin_override" = "0"
L 03/20/2014 - 19:52:24: "tf_models_admin_flags" = "b"
L 03/20/2014 - 19:52:24: "tf_models_version" = "1.0.3"
L 03/20/2014 - 19:52:24: "adsql_serverid" = "tf2rainbow"
L 03/20/2014 - 19:52:24: "adsql_version" = "2.4.0"
L 03/20/2014 - 19:52:24: "sm_redirect_version" = "1.2"
L 03/20/2014 - 19:52:24: "sm_snake_version" = "1.0"
L 03/20/2014 - 19:52:24: "webshortcutsredux_version" = "1.1"
L 03/20/2014 - 19:52:24: "sm_speechfun_version" = "1.0.2"
L 03/20/2014 - 19:52:24: "sm_hatremoval_version" = "1.1a"
L 03/20/2014 - 19:52:24: "sm_helpmenu_version" = "0.3"
L 03/20/2014 - 19:52:24: "sm_tnounlockspls_announce_version" = "0.4.0"
L 03/20/2014 - 19:52:24: "dts_version" = "1.1"
L 03/20/2014 - 19:52:24: "sm_cannounce_version" = "1.2"
L 03/20/2014 - 19:52:24: "fcg_version" = "1.1"
L 03/20/2014 - 19:52:24: "tf2attributes_version" = "1.1.1"
L 03/20/2014 - 19:52:24: "sm_resize_version" = "1.4.0"
L 03/20/2014 - 19:52:24: "sm_evilrocket_version" = "1.0.110"
L 03/20/2014 - 19:52:24: "sentryfun_version" = "1.3"
L 03/20/2014 - 19:52:24: "sentryfun_enabled" = "1"
L 03/20/2014 - 19:52:24: "sm_tf_maxclass" = "99999"
L 03/20/2014 - 19:52:24: "sm_textreplacer_version" = "0.2"
L 03/20/2014 - 19:52:24: "sm_gscramble_version" = "3.0.13"
L 03/20/2014 - 19:52:24: "gs_enabled" = "1"
L 03/20/2014 - 19:52:24: "sm_rtrigs" = "1"
L 03/20/2014 - 19:52:24: "sm_rtrigs_version" = "1.10"
L 03/20/2014 - 19:52:24: "tf2_decap_ver" = "1.0"
L 03/20/2014 - 19:52:24: "highfiveenemy_version" = "1.0"
L 03/20/2014 - 19:52:24: "sm_tnounlockspls_tf2items_version" = "0.4.0"
L 03/20/2014 - 19:52:24: "tfh_valentines" = "0"
L 03/20/2014 - 19:52:24: "tfh_meetthepyro" = "0"
L 03/20/2014 - 19:52:24: "tfh_winter" = "1"
L 03/20/2014 - 19:52:24: "tfh_birthday" = "0"
L 03/20/2014 - 19:52:24: "tfh_fullmoon" = "1"
L 03/20/2014 - 19:52:24: "tfh_halloween" = "-1"
L 03/20/2014 - 19:52:24: "tfh_use_overrides" = "1"
L 03/20/2014 - 19:52:24: "tfh_enabled" = "1"
L 03/20/2014 - 19:52:24: "tfh_version" = "1.8.1"
L 03/20/2014 - 19:52:24: "sm_customvotes_version" = "1.0"
L 03/20/2014 - 19:52:24: "sm_rtd_version" = "0.4.3.2"
L 03/20/2014 - 19:52:24: "sm_tnounlockspls_menu_version" = "0.4.0"
L 03/20/2014 - 19:52:24: "lights_version" = "0.6"
L 03/20/2014 - 19:52:24: "sm_downloader_version" = "1.4"
L 03/20/2014 - 19:52:24: "sm_spec_players" = "1"
L 03/20/2014 - 19:52:24: "sm_funcommandsx_version" = "2.3"
L 03/20/2014 - 19:52:24: "sm_adminlistmenu_version" = "1.0"
L 03/20/2014 - 19:52:24: "tf2items_manager" = "1"
L 03/20/2014 - 19:52:24: "tf2items_manager_version" = "1.4.1"
L 03/20/2014 - 19:52:24: "sm_respawn_override_version" = "1.0.1-20131019"
L 03/20/2014 - 19:52:24: "sm_setspeed_log" = "1"
L 03/20/2014 - 19:52:24: "sm_setspeed_chat" = "1"
L 03/20/2014 - 19:52:24: "sm_setspeed_version" = "1.3.1"
L 03/20/2014 - 19:52:24: "sm_spray_version" = "5.8a"
L 03/20/2014 - 19:52:24: "goomba_version" = "2.0.2"
L 03/20/2014 - 19:52:24: "sm_adminsmite_version" = "2.1"
L 03/20/2014 - 19:52:24: "mc_version" = "1.1.1"
L 03/20/2014 - 19:52:24: "sm_setplayerclass_version" = "1.0.1"
L 03/20/2014 - 19:52:24: "sm_tetris_version" = "1.0"
L 03/20/2014 - 19:52:24: "sm_hdmgtracker_version" = "1.2.2"
L 03/20/2014 - 19:52:24: "cid_mintime" = "10.0"
L 03/20/2014 - 19:52:24: "cid_maxdist" = "10000.0"
L 03/20/2014 - 19:52:24: "cid_enabled" = "1"
L 03/20/2014 - 19:52:24: "cid_version" = "1.1"
L 03/20/2014 - 19:52:24: "basicdonator_version" = "0.8"
L 03/20/2014 - 19:52:24: "sm_afkm_version" = "3.5.2"
L 03/20/2014 - 19:52:24: "sgadmins_version" = "1.2.0"
L 03/20/2014 - 19:52:24: "melee_version" = "0.4.1"
L 03/20/2014 - 19:52:24: "sm_pregame_slaughter_version" = "1.0.5.1"
L 03/20/2014 - 19:52:24: "fc_version" = "2.0"
L 03/20/2014 - 19:52:24: "jinglenotify_version" = "1.0.0"
L 03/20/2014 - 19:52:24: "sm_tf_captoggle" = "0.0.3"
L 03/20/2014 - 19:52:24: "sm_ignorelist_version" = "0x02"
L 03/20/2014 - 19:52:24: "tf2items_giveweapon_version" = "3.14159"
L 03/20/2014 - 19:52:24: "sm_bsd_version" = "2.0.0"
L 03/20/2014 - 19:52:24: "sm_rweapons_version" = "1.3"
L 03/20/2014 - 19:52:24: "sm_commanddump_version" = "1.1.0"
L 03/20/2014 - 19:52:24: "store_version" = "1.1-alpha"
L 03/20/2014 - 19:52:24: "sm_allchat_version" = "1.1.1"
L 03/20/2014 - 19:52:24: "sm_classrestrict_version" = "0.6"
L 03/20/2014 - 19:52:24: "sm_playersvotes_redux_version" = "1.3"
L 03/20/2014 - 19:52:24: "steamtools_version" = "0.8.3"
L 03/20/2014 - 19:52:24: "tf2items_version" = "1.6.0"
L 03/20/2014 - 19:52:24: "stripper_version" = "1.2.2"
L 03/20/2014 - 19:52:24: "sm_nextmap" = "cp_junction_final"
L 03/20/2014 - 19:52:24: "sourcemod_version" = "1.5.3-dev+4004"
L 03/20/2014 - 19:52:24: "metamod_version" = "1.10.1-devV"
L 03/20/2014 - 19:52:24: "tf_playergib" = "1"
L 03/20/2014 - 19:52:24: "tf_allow_player_use" = "0"
L 03/20/2014 - 19:52:24: "tf_mvm_death_penalty" = "0"
L 03/20/2014 - 19:52:24: "sv_maxusrcmdprocessticks" = "24"
L 03/20/2014 - 19:52:24: "mp_teamplay" = "0"
L 03/20/2014 - 19:52:24: "mp_falldamage" = "0"
L 03/20/2014 - 19:52:24: "mp_weaponstay" = "0"
L 03/20/2014 - 19:52:24: "mp_forcerespawn" = "1"
L 03/20/2014 - 19:52:24: "mp_footsteps" = "1"
L 03/20/2014 - 19:52:24: "mp_flashlight" = "1"
L 03/20/2014 - 19:52:24: "mp_autocrosshair" = "1"
L 03/20/2014 - 19:52:24: "decalfrequency" = "10"
L 03/20/2014 - 19:52:24: "mp_teamlist" = "hgrunt;scientist"
L 03/20/2014 - 19:52:24: "mp_allowNPCs" = "1"
L 03/20/2014 - 19:52:24: "sv_alltalk" = "1"
L 03/20/2014 - 19:52:24: "tf_weapon_criticals" = "1"
L 03/20/2014 - 19:52:24: "tf_damage_disablespread" = "1"
L 03/20/2014 - 19:52:24: "tf_player_name_change_time" = "60"
L 03/20/2014 - 19:52:24: "tf_force_holidays_off" = "0"
L 03/20/2014 - 19:52:24: "tf_birthday" = "0"
L 03/20/2014 - 19:52:24: "mp_tournament_stopwatch" = "1"
L 03/20/2014 - 19:52:24: "mp_windifference" = "0"
L 03/20/2014 - 19:52:24: "mp_windifference_min" = "0"
L 03/20/2014 - 19:52:24: "tf_medieval" = "0"
L 03/20/2014 - 19:52:24: "tf_medieval_autorp" = "1"
L 03/20/2014 - 19:52:24: "tf_arena_force_class" = "0"
L 03/20/2014 - 19:52:24: "tf_arena_change_limit" = "1"
L 03/20/2014 - 19:52:24: "tf_arena_override_cap_enable_time" = "-1"
L 03/20/2014 - 19:52:24: "tf_arena_first_blood" = "1"
L 03/20/2014 - 19:52:24: "tf_mvm_min_players_to_start" = "3"
L 03/20/2014 - 19:52:24: "tf_gamemode_arena" = "0"
L 03/20/2014 - 19:52:24: "tf_gamemode_cp" = "1"
L 03/20/2014 - 19:52:24: "tf_gamemode_ctf" = "0"
L 03/20/2014 - 19:52:24: "tf_gamemode_sd" = "0"
L 03/20/2014 - 19:52:24: "tf_gamemode_payload" = "0"
L 03/20/2014 - 19:52:24: "tf_gamemode_mvm" = "0"
L 03/20/2014 - 19:52:24: "tf_bot_count" = "0"
L 03/20/2014 - 19:52:24: "tf_teamtalk" = "0"
L 03/20/2014 - 19:52:24: "tf_ctf_bonus_time" = "10"
L 03/20/2014 - 19:52:24: "tf_maxspeed" = "400"
L 03/20/2014 - 19:52:24: "tf_max_charge_speed" = "750"
L 03/20/2014 - 19:52:24: "tf_use_fixed_weaponspreads" = "0"
L 03/20/2014 - 19:52:24: "tf_overtime_nag" = "0"
L 03/20/2014 - 19:52:24: "mp_tournament" = "0"
L 03/20/2014 - 19:52:24: "mp_highlander" = "0"
L 03/20/2014 - 19:52:24: "tf_arena_preround_time" = "10"
L 03/20/2014 - 19:52:24: "tf_arena_round_time" = "0"
L 03/20/2014 - 19:52:24: "tf_arena_max_streak" = "0"
L 03/20/2014 - 19:52:24: "tf_arena_use_queue" = "0"
L 03/20/2014 - 19:52:24: "mp_teams_unbalance_limit" = "1"
L 03/20/2014 - 19:52:24: "mp_maxrounds" = "0"
L 03/20/2014 - 19:52:24: "mp_winlimit" = "0"
L 03/20/2014 - 19:52:24: "mp_disable_respawn_times" = "1"
L 03/20/2014 - 19:52:24: "mp_stalemate_meleeonly" = "0"
L 03/20/2014 - 19:52:24: "mp_forceautoteam" = "0"
L 03/20/2014 - 19:52:24: "mp_autoteambalance" = "0"
L 03/20/2014 - 19:52:24: "mp_stalemate_enable" = "1"
L 03/20/2014 - 19:52:24: "mp_match_end_at_timelimit" = "0"
L 03/20/2014 - 19:52:24: "mp_holiday_nogifts" = "0"
L 03/20/2014 - 19:52:24: "mp_scrambleteams_auto" = "0"
L 03/20/2014 - 19:52:24: "mp_scrambleteams_auto_windifference" = "2"
L 03/20/2014 - 19:52:24: "mp_timelimit" = "30"
L 03/20/2014 - 19:52:24: "mp_fraglimit" = "0"
L 03/20/2014 - 19:52:24: "nextlevel" = ""
L 03/20/2014 - 19:52:24: "sv_gravity" = "800"
L 03/20/2014 - 19:52:24: "sv_stopspeed" = "100"
L 03/20/2014 - 19:52:24: "sv_noclipaccelerate" = "5"
L 03/20/2014 - 19:52:24: "sv_noclipspeed" = "5"
L 03/20/2014 - 19:52:24: "sv_specaccelerate" = "5"
L 03/20/2014 - 19:52:24: "sv_specspeed" = "3"
L 03/20/2014 - 19:52:24: "sv_specnoclip" = "1"
L 03/20/2014 - 19:52:24: "sv_maxspeed" = "320"
L 03/20/2014 - 19:52:24: "sv_accelerate" = "10"
L 03/20/2014 - 19:52:24: "sv_airaccelerate" = "10"
L 03/20/2014 - 19:52:24: "sv_wateraccelerate" = "10"
L 03/20/2014 - 19:52:24: "sv_waterfriction" = "1"
L 03/20/2014 - 19:52:24: "sv_footsteps" = "1"
L 03/20/2014 - 19:52:24: "sv_rollspeed" = "200"
L 03/20/2014 - 19:52:24: "sv_rollangle" = "0"
L 03/20/2014 - 19:52:24: "sv_friction" = "4"
L 03/20/2014 - 19:52:24: "sv_bounce" = "0"
L 03/20/2014 - 19:52:24: "sv_stepsize" = "18"
L 03/20/2014 - 19:52:24: "r_VehicleViewDampen" = "1"
L 03/20/2014 - 19:52:24: "r_JeepViewDampenFreq" = "7.0"
L 03/20/2014 - 19:52:24: "r_JeepViewDampenDamp" = "1.0"
L 03/20/2014 - 19:52:24: "r_JeepViewZHeight" = "10.0"
L 03/20/2014 - 19:52:24: "r_AirboatViewDampenFreq" = "7.0"
L 03/20/2014 - 19:52:24: "r_AirboatViewDampenDamp" = "1.0"
L 03/20/2014 - 19:52:24: "r_AirboatViewZHeight" = "0.0"
L 03/20/2014 - 19:52:24: "mp_fadetoblack" = "0"
L 03/20/2014 - 19:52:24: "tf_mm_servermode" = "0"
L 03/20/2014 - 19:52:24: "tf_mm_strict" = "0"
L 03/20/2014 - 19:52:24: "tf_mm_trusted" = "0"
L 03/20/2014 - 19:52:24: "tf_server_identity_disable_quickplay" = "0"
L 03/20/2014 - 19:52:24: "sv_registration_successful" = "1"
L 03/20/2014 - 19:52:24: "sv_registration_message" = ""
L 03/20/2014 - 19:52:24: "sv_steamgroup" = ""
L 03/20/2014 - 19:52:24: "sv_cheats" = "0"
L 03/20/2014 - 19:52:24: "sv_pausable" = "0"
L 03/20/2014 - 19:52:24: "sv_contact" = "theoneandonly@rowedahelicon.com"
L 03/20/2014 - 19:52:24: "sv_voiceenable" = "1"
L 03/20/2014 - 19:52:24: "tv_enable" = "0"
L 03/20/2014 - 19:52:24: "deathmatch" = "1"
L 03/20/2014 - 19:52:24: "coop" = "0"
L 03/20/2014 - 19:52:24: "tv_password" = ""
L 03/20/2014 - 19:52:24: "tv_relaypassword" = ""
L 03/20/2014 - 19:52:24: "sv_password" = ""
L 03/20/2014 - 19:52:24: server cvars end
L 03/20/2014 - 19:52:24: Started map "cp_junction_final" (CRC "aacca446ba954e2905b8ef926a11f786")
L 03/20/2014 - 19:52:24: Executing dedicated server config file server.cfg
L 03/20/2014 - 19:52:30: server_cvar: "tf_gamemode_cp" "0"
L 03/20/2014 - 19:52:30: server_cvar: "tf_gamemode_cp" "1"
L 03/20/2014 - 19:52:30: WARNING: ClientActive, but we don't know his SteamID?
L 03/20/2014 - 19:52:30: "Replay 2: The Replayening<2><BOT><>" entered the game
L 03/20/2014 - 19:52:30: "Replay 2: The Replayening<2><BOT><Unassigned>" joined team "Spectator"
L 03/20/2014 - 19:52:30: server_cvar: "mp_disable_respawn_times" "0"
L 03/20/2014 - 19:52:30: server_cvar: "tf_models_list" "TF2_ItemList"
L 03/20/2014 - 19:52:30: server_cvar: "mp_autoteambalance" "1"
L 03/20/2014 - 19:52:30: server_cvar: "tf_models_list" "tf2_modellist"
L 03/20/2014 - 19:52:30: server_cvar: "mp_autoteambalance" "0"
L 03/20/2014 - 19:52:30: server_cvar: "sm_nextmap" "cp_gorge"
L 03/20/2014 - 19:52:46: server_cvar: "mp_disable_respawn_times" "1"
L 03/20/2014 - 20:02:30: Server has been empty for 600 seconds on this map, cycling map as per mp_mapcycle_empty_timeout_seconds
L 03/20/2014 - 20:02:31: [META] Loaded 0 plugins (4 already loaded)
L 03/20/2014 - 20:02:31: [META] Loaded 0 plugins (4 already loaded)
L 03/20/2014 - 20:02:31: Loading map "cp_gorge"
L 03/20/2014 - 20:02:31: server cvars start
L 03/20/2014 - 20:02:31: "sm_uberspawn" = "1.0"
L 03/20/2014 - 20:02:31: "ufov_version" = "1.2.0"
L 03/20/2014 - 20:02:31: "scp_version" = "1.1.5"
L 03/20/2014 - 20:02:31: "rainbowize_version" = "1.6.2"
L 03/20/2014 - 20:02:31: "improved_map_randomizer_version" = "3.4.5"
L 03/20/2014 - 20:02:31: "sm_executeconfigs_version" = "1.2.2"
L 03/20/2014 - 20:02:31: "sm_mapcron_version" = "1.2 RC"
L 03/20/2014 - 20:02:31: "sm_buildrestrict_version" = "0.5.5"
L 03/20/2014 - 20:02:31: "sm_namechangeinfo_version" = "13.0918.1"
L 03/20/2014 - 20:02:31: "sm_tf2ii_version" = "1.8.17.4-20130729"
L 03/20/2014 - 20:02:31: "nativevotes_version" = "0.8.1"
L 03/20/2014 - 20:02:31: "sm_commandcooldowns_version" = "14.0222.0"
L 03/20/2014 - 20:02:31: "sm_tnounlockspls_version" = "0.4.8"
L 03/20/2014 - 20:02:31: "sm_srvcln_version" = "1.2.2"
L 03/20/2014 - 20:02:31: "swapteam_version" = "1.2.5"
L 03/20/2014 - 20:02:31: "scme_version" = "1.0.0"
L 03/20/2014 - 20:02:31: "sm_tnounlockspls_noext_version" = "0.4.0"
L 03/20/2014 - 20:02:31: "sm_fakeandforce_version" = "2.0"
L 03/20/2014 - 20:02:31: "sourcecomms_version" = "0.8.253"
L 03/20/2014 - 20:02:31: "nativevotes_basevotes_version" = "1.5.2"
L 03/20/2014 - 20:02:31: "sb_version" = "1.4.8"
L 03/20/2014 - 20:02:31: "basicdonator_recog_v" = "0.5"
L 03/20/2014 - 20:02:31: "fw_money_balance" = "1000"
L 03/20/2014 - 20:02:31: "fw_money_destroy_sentry" = "75"
L 03/20/2014 - 20:02:31: "fw_money_destroy_dispenser" = "75"
L 03/20/2014 - 20:02:31: "fw_money_backstab" = "50"
L 03/20/2014 - 20:02:31: "fw_money_headshot" = "50"
L 03/20/2014 - 20:02:31: "fw_money_domination" = "300"
L 03/20/2014 - 20:02:31: "fw_money_kill" = "100"
L 03/20/2014 - 20:02:31: "fw_money_win" = "1000"
L 03/20/2014 - 20:02:31: "fw_money_start" = "1000"
L 03/20/2014 - 20:02:31: "fw_unlock_menu_style" = "1"
L 03/20/2014 - 20:02:31: "fw_lulz" = "0"
L 03/20/2014 - 20:02:31: "fw_no_limit_time" = "60"
L 03/20/2014 - 20:02:31: "fw_setup_time" = "-1"
L 03/20/2014 - 20:02:31: "fw_prop_shadows" = "1"
L 03/20/2014 - 20:02:31: "fw_prop_health_multipler" = "1"
L 03/20/2014 - 20:02:31: "fw_stuck_protection" = "1"
L 03/20/2014 - 20:02:31: "fw_custom_spawn" = "0"
L 03/20/2014 - 20:02:31: "fw_spawn_protection" = "2.5"
L 03/20/2014 - 20:02:31: "fw_props_per_player_admin" = "70"
L 03/20/2014 - 20:02:31: "fw_props_per_player" = "70"
L 03/20/2014 - 20:02:31: "fw_props_per_team" = "250"
L 03/20/2014 - 20:02:31: "fw_maps" = "1"
L 03/20/2014 - 20:02:31: "fw_sql" = "1"
L 03/20/2014 - 20:02:31: "fw_version" = "6.52"
L 03/20/2014 - 20:02:31: "sm_testingtime_version" = "1.2"
L 03/20/2014 - 20:02:31: "stockmodels_version" = "1.0"
L 03/20/2014 - 20:02:31: "tf_models_list" = "tf2_modellist"
L 03/20/2014 - 20:02:31: "tf_models_blocktriggers" = "1"
L 03/20/2014 - 20:02:31: "tf_models_delayonspawn" = "0.1"
L 03/20/2014 - 20:02:31: "tf_models_force_admins" = "0"
L 03/20/2014 - 20:02:31: "tf_models_force_users" = "0"
L 03/20/2014 - 20:02:31: "tf_models_announce_plugin" = "1"
L 03/20/2014 - 20:02:31: "tf_models_announce" = "1"
L 03/20/2014 - 20:02:31: "tf_models_admin_override" = "0"
L 03/20/2014 - 20:02:31: "tf_models_admin_flags" = "b"
L 03/20/2014 - 20:02:31: "tf_models_version" = "1.0.3"
L 03/20/2014 - 20:02:31: "adsql_serverid" = "tf2rainbow"
L 03/20/2014 - 20:02:31: "adsql_version" = "2.4.0"
L 03/20/2014 - 20:02:31: "sm_redirect_version" = "1.2"
L 03/20/2014 - 20:02:31: "sm_snake_version" = "1.0"
L 03/20/2014 - 20:02:31: "webshortcutsredux_version" = "1.1"
L 03/20/2014 - 20:02:31: "sm_speechfun_version" = "1.0.2"
L 03/20/2014 - 20:02:31: "sm_hatremoval_version" = "1.1a"
L 03/20/2014 - 20:02:31: "sm_helpmenu_version" = "0.3"
L 03/20/2014 - 20:02:31: "sm_tnounlockspls_announce_version" = "0.4.0"
L 03/20/2014 - 20:02:31: "dts_version" = "1.1"
L 03/20/2014 - 20:02:31: "sm_cannounce_version" = "1.2"
L 03/20/2014 - 20:02:31: "fcg_version" = "1.1"
L 03/20/2014 - 20:02:31: "tf2attributes_version" = "1.1.1"
L 03/20/2014 - 20:02:31: "sm_resize_version" = "1.4.0"
L 03/20/2014 - 20:02:31: "sm_evilrocket_version" = "1.0.110"
L 03/20/2014 - 20:02:31: "sentryfun_version" = "1.3"
L 03/20/2014 - 20:02:31: "sentryfun_enabled" = "1"
L 03/20/2014 - 20:02:31: "sm_tf_maxclass" = "99999"
L 03/20/2014 - 20:02:31: "sm_textreplacer_version" = "0.2"
L 03/20/2014 - 20:02:31: "sm_gscramble_version" = "3.0.13"
L 03/20/2014 - 20:02:31: "gs_enabled" = "1"
L 03/20/2014 - 20:02:31: "sm_rtrigs" = "1"
L 03/20/2014 - 20:02:31: "sm_rtrigs_version" = "1.10"
L 03/20/2014 - 20:02:31: "tf2_decap_ver" = "1.0"
L 03/20/2014 - 20:02:31: "highfiveenemy_version" = "1.0"
L 03/20/2014 - 20:02:31: "sm_tnounlockspls_tf2items_version" = "0.4.0"
L 03/20/2014 - 20:02:31: "tfh_valentines" = "0"
L 03/20/2014 - 20:02:31: "tfh_meetthepyro" = "0"
L 03/20/2014 - 20:02:31: "tfh_winter" = "1"
L 03/20/2014 - 20:02:31: "tfh_birthday" = "0"
L 03/20/2014 - 20:02:31: "tfh_fullmoon" = "1"
L 03/20/2014 - 20:02:31: "tfh_halloween" = "-1"
L 03/20/2014 - 20:02:31: "tfh_use_overrides" = "1"
L 03/20/2014 - 20:02:31: "tfh_enabled" = "1"
L 03/20/2014 - 20:02:31: "tfh_version" = "1.8.1"
L 03/20/2014 - 20:02:31: "sm_customvotes_version" = "1.0"
L 03/20/2014 - 20:02:31: "sm_rtd_version" = "0.4.3.2"
L 03/20/2014 - 20:02:31: "sm_tnounlockspls_menu_version" = "0.4.0"
L 03/20/2014 - 20:02:31: "lights_version" = "0.6"
L 03/20/2014 - 20:02:31: "sm_downloader_version" = "1.4"
L 03/20/2014 - 20:02:31: "sm_spec_players" = "1"
L 03/20/2014 - 20:02:31: "sm_funcommandsx_version" = "2.3"
L 03/20/2014 - 20:02:31: "sm_adminlistmenu_version" = "1.0"
L 03/20/2014 - 20:02:31: "tf2items_manager" = "1"
L 03/20/2014 - 20:02:31: "tf2items_manager_version" = "1.4.1"
L 03/20/2014 - 20:02:31: "sm_respawn_override_version" = "1.0.1-20131019"
L 03/20/2014 - 20:02:31: "sm_setspeed_log" = "1"
L 03/20/2014 - 20:02:31: "sm_setspeed_chat" = "1"
L 03/20/2014 - 20:02:31: "sm_setspeed_version" = "1.3.1"
L 03/20/2014 - 20:02:31: "sm_spray_version" = "5.8a"
L 03/20/2014 - 20:02:31: "goomba_version" = "2.0.2"
L 03/20/2014 - 20:02:31: "sm_adminsmite_version" = "2.1"
L 03/20/2014 - 20:02:31: "mc_version" = "1.1.1"
L 03/20/2014 - 20:02:31: "sm_setplayerclass_version" = "1.0.1"
L 03/20/2014 - 20:02:31: "sm_tetris_version" = "1.0"
L 03/20/2014 - 20:02:31: "sm_hdmgtracker_version" = "1.2.2"
L 03/20/2014 - 20:02:31: "cid_mintime" = "10.0"
L 03/20/2014 - 20:02:31: "cid_maxdist" = "10000.0"
L 03/20/2014 - 20:02:31: "cid_enabled" = "1"
L 03/20/2014 - 20:02:31: "cid_version" = "1.1"
L 03/20/2014 - 20:02:31: "basicdonator_version" = "0.8"
L 03/20/2014 - 20:02:31: "sm_afkm_version" = "3.5.2"
L 03/20/2014 - 20:02:31: "sgadmins_version" = "1.2.0"
L 03/20/2014 - 20:02:31: "melee_version" = "0.4.1"
L 03/20/2014 - 20:02:31: "sm_pregame_slaughter_version" = "1.0.5.1"
L 03/20/2014 - 20:02:31: "fc_version" = "2.0"
L 03/20/2014 - 20:02:31: "jinglenotify_version" = "1.0.0"
L 03/20/2014 - 20:02:31: "sm_tf_captoggle" = "0.0.3"
L 03/20/2014 - 20:02:31: "sm_ignorelist_version" = "0x02"
L 03/20/2014 - 20:02:31: "tf2items_giveweapon_version" = "3.14159"
L 03/20/2014 - 20:02:31: "sm_bsd_version" = "2.0.0"
L 03/20/2014 - 20:02:31: "sm_rweapons_version" = "1.3"
L 03/20/2014 - 20:02:31: "sm_commanddump_version" = "1.1.0"
L 03/20/2014 - 20:02:31: "store_version" = "1.1-alpha"
L 03/20/2014 - 20:02:31: "sm_allchat_version" = "1.1.1"
L 03/20/2014 - 20:02:31: "sm_classrestrict_version" = "0.6"
L 03/20/2014 - 20:02:31: "sm_playersvotes_redux_version" = "1.3"
L 03/20/2014 - 20:02:31: "steamtools_version" = "0.8.3"
L 03/20/2014 - 20:02:31: "tf2items_version" = "1.6.0"
L 03/20/2014 - 20:02:31: "stripper_version" = "1.2.2"
L 03/20/2014 - 20:02:31: "sm_nextmap" = "cp_gorge"
L 03/20/2014 - 20:02:31: "sourcemod_version" = "1.5.3-dev+4004"
L 03/20/2014 - 20:02:31: "metamod_version" = "1.10.1-devV"
L 03/20/2014 - 20:02:31: "tf_playergib" = "1"
L 03/20/2014 - 20:02:31: "tf_allow_player_use" = "0"
L 03/20/2014 - 20:02:31: "tf_mvm_death_penalty" = "0"
L 03/20/2014 - 20:02:31: "sv_maxusrcmdprocessticks" = "24"
L 03/20/2014 - 20:02:31: "mp_teamplay" = "0"
L 03/20/2014 - 20:02:31: "mp_falldamage" = "0"
L 03/20/2014 - 20:02:31: "mp_weaponstay" = "0"
L 03/20/2014 - 20:02:31: "mp_forcerespawn" = "1"
L 03/20/2014 - 20:02:31: "mp_footsteps" = "1"
L 03/20/2014 - 20:02:31: "mp_flashlight" = "1"
L 03/20/2014 - 20:02:31: "mp_autocrosshair" = "1"
L 03/20/2014 - 20:02:31: "decalfrequency" = "10"
L 03/20/2014 - 20:02:31: "mp_teamlist" = "hgrunt;scientist"
L 03/20/2014 - 20:02:31: "mp_allowNPCs" = "1"
L 03/20/2014 - 20:02:31: "sv_alltalk" = "1"
L 03/20/2014 - 20:02:31: "tf_weapon_criticals" = "1"
L 03/20/2014 - 20:02:31: "tf_damage_disablespread" = "1"
L 03/20/2014 - 20:02:31: "tf_player_name_change_time" = "60"
L 03/20/2014 - 20:02:31: "tf_force_holidays_off" = "0"
L 03/20/2014 - 20:02:31: "tf_birthday" = "0"
L 03/20/2014 - 20:02:31: "mp_tournament_stopwatch" = "1"
L 03/20/2014 - 20:02:31: "mp_windifference" = "0"
L 03/20/2014 - 20:02:31: "mp_windifference_min" = "0"
L 03/20/2014 - 20:02:31: "tf_medieval" = "0"
L 03/20/2014 - 20:02:31: "tf_medieval_autorp" = "1"
L 03/20/2014 - 20:02:31: "tf_arena_force_class" = "0"
L 03/20/2014 - 20:02:31: "tf_arena_change_limit" = "1"
L 03/20/2014 - 20:02:31: "tf_arena_override_cap_enable_time" = "-1"
L 03/20/2014 - 20:02:31: "tf_arena_first_blood" = "1"
L 03/20/2014 - 20:02:31: "tf_mvm_min_players_to_start" = "3"
L 03/20/2014 - 20:02:31: "tf_gamemode_arena" = "0"
L 03/20/2014 - 20:02:31: "tf_gamemode_cp" = "1"
L 03/20/2014 - 20:02:31: "tf_gamemode_ctf" = "0"
L 03/20/2014 - 20:02:31: "tf_gamemode_sd" = "0"
L 03/20/2014 - 20:02:31: "tf_gamemode_payload" = "0"
L 03/20/2014 - 20:02:31: "tf_gamemode_mvm" = "0"
L 03/20/2014 - 20:02:31: "tf_bot_count" = "0"
L 03/20/2014 - 20:02:31: "tf_teamtalk" = "0"
L 03/20/2014 - 20:02:31: "tf_ctf_bonus_time" = "10"
L 03/20/2014 - 20:02:31: "tf_maxspeed" = "400"
L 03/20/2014 - 20:02:31: "tf_max_charge_speed" = "750"
L 03/20/2014 - 20:02:31: "tf_use_fixed_weaponspreads" = "0"
L 03/20/2014 - 20:02:31: "tf_overtime_nag" = "0"
L 03/20/2014 - 20:02:31: "mp_tournament" = "0"
L 03/20/2014 - 20:02:31: "mp_highlander" = "0"
L 03/20/2014 - 20:02:31: "tf_arena_preround_time" = "10"
L 03/20/2014 - 20:02:31: "tf_arena_round_time" = "0"
L 03/20/2014 - 20:02:31: "tf_arena_max_streak" = "0"
L 03/20/2014 - 20:02:31: "tf_arena_use_queue" = "0"
L 03/20/2014 - 20:02:31: "mp_teams_unbalance_limit" = "1"
L 03/20/2014 - 20:02:31: "mp_maxrounds" = "0"
L 03/20/2014 - 20:02:31: "mp_winlimit" = "0"
L 03/20/2014 - 20:02:31: "mp_disable_respawn_times" = "1"
L 03/20/2014 - 20:02:31: "mp_stalemate_meleeonly" = "0"
L 03/20/2014 - 20:02:31: "mp_forceautoteam" = "0"
L 03/20/2014 - 20:02:31: "mp_autoteambalance" = "0"
L 03/20/2014 - 20:02:31: "mp_stalemate_enable" = "1"
L 03/20/2014 - 20:02:31: "mp_match_end_at_timelimit" = "0"
L 03/20/2014 - 20:02:31: "mp_holiday_nogifts" = "0"
L 03/20/2014 - 20:02:31: "mp_scrambleteams_auto" = "0"
L 03/20/2014 - 20:02:31: "mp_scrambleteams_auto_windifference" = "2"
L 03/20/2014 - 20:02:31: "mp_timelimit" = "30"
L 03/20/2014 - 20:02:31: "mp_fraglimit" = "0"
L 03/20/2014 - 20:02:31: "nextlevel" = ""
L 03/20/2014 - 20:02:31: "sv_gravity" = "800"
L 03/20/2014 - 20:02:31: "sv_stopspeed" = "100"
L 03/20/2014 - 20:02:31: "sv_noclipaccelerate" = "5"
L 03/20/2014 - 20:02:31: "sv_noclipspeed" = "5"
L 03/20/2014 - 20:02:31: "sv_specaccelerate" = "5"
L 03/20/2014 - 20:02:31: "sv_specspeed" = "3"
L 03/20/2014 - 20:02:31: "sv_specnoclip" = "1"
L 03/20/2014 - 20:02:31: "sv_maxspeed" = "320"
L 03/20/2014 - 20:02:31: "sv_accelerate" = "10"
L 03/20/2014 - 20:02:31: "sv_airaccelerate" = "10"
L 03/20/2014 - 20:02:31: "sv_wateraccelerate" = "10"
L 03/20/2014 - 20:02:31: "sv_waterfriction" = "1"
L 03/20/2014 - 20:02:31: "sv_footsteps" = "1"
L 03/20/2014 - 20:02:31: "sv_rollspeed" = "200"
L 03/20/2014 - 20:02:31: "sv_rollangle" = "0"
L 03/20/2014 - 20:02:31: "sv_friction" = "4"
L 03/20/2014 - 20:02:31: "sv_bounce" = "0"
L 03/20/2014 - 20:02:31: "sv_stepsize" = "18"
L 03/20/2014 - 20:02:31: "r_VehicleViewDampen" = "1"
L 03/20/2014 - 20:02:31: "r_JeepViewDampenFreq" = "7.0"
L 03/20/2014 - 20:02:31: "r_JeepViewDampenDamp" = "1.0"
L 03/20/2014 - 20:02:31: "r_JeepViewZHeight" = "10.0"
L 03/20/2014 - 20:02:31: "r_AirboatViewDampenFreq" = "7.0"
L 03/20/2014 - 20:02:31: "r_AirboatViewDampenDamp" = "1.0"
L 03/20/2014 - 20:02:31: "r_AirboatViewZHeight" = "0.0"
L 03/20/2014 - 20:02:31: "mp_fadetoblack" = "0"
L 03/20/2014 - 20:02:31: "tf_mm_servermode" = "0"
L 03/20/2014 - 20:02:31: "tf_mm_strict" = "0"
L 03/20/2014 - 20:02:31: "tf_mm_trusted" = "0"
L 03/20/2014 - 20:02:31: "tf_server_identity_disable_quickplay" = "0"
L 03/20/2014 - 20:02:31: "sv_registration_successful" = "1"
L 03/20/2014 - 20:02:31: "sv_registration_message" = ""
L 03/20/2014 - 20:02:31: "sv_steamgroup" = ""
L 03/20/2014 - 20:02:31: "sv_cheats" = "0"
L 03/20/2014 - 20:02:31: "sv_pausable" = "0"
L 03/20/2014 - 20:02:31: "sv_contact" = "theoneandonly@rowedahelicon.com"
L 03/20/2014 - 20:02:31: "sv_voiceenable" = "1"
L 03/20/2014 - 20:02:31: "tv_enable" = "0"
L 03/20/2014 - 20:02:31: "deathmatch" = "1"
L 03/20/2014 - 20:02:31: "coop" = "0"
L 03/20/2014 - 20:02:31: "tv_password" = ""
L 03/20/2014 - 20:02:31: "tv_relaypassword" = ""
L 03/20/2014 - 20:02:31: "sv_password" = ""
L 03/20/2014 - 20:02:31: server cvars end
L 03/20/2014 - 20:02:32: Started map "cp_gorge" (CRC "5580c855f662626a7b721a9bcf0d93e6")
L 03/20/2014 - 20:02:32: Executing dedicated server config file server.cfg
L 03/20/2014 - 20:02:37: server_cvar: "tf_gamemode_cp" "0"
L 03/20/2014 - 20:02:37: server_cvar: "tf_gamemode_cp" "1"
L 03/20/2014 - 20:02:38: WARNING: ClientActive, but we don't know his SteamID?
L 03/20/2014 - 20:02:38: "Replay 2: The Replayening<2><BOT><>" entered the game
L 03/20/2014 - 20:02:38: "Replay 2: The Replayening<2><BOT><Unassigned>" joined team "Spectator"
L 03/20/2014 - 20:02:38: server_cvar: "mp_disable_respawn_times" "0"
L 03/20/2014 - 20:02:38: server_cvar: "tf_models_list" "TF2_ItemList"
L 03/20/2014 - 20:02:38: server_cvar: "mp_autoteambalance" "1"
L 03/20/2014 - 20:02:38: server_cvar: "tf_models_list" "tf2_modellist"
L 03/20/2014 - 20:02:38: server_cvar: "mp_autoteambalance" "0"
L 03/20/2014 - 20:02:38: server_cvar: "sm_nextmap" "cp_egypt_final"
L 03/20/2014 - 20:02:53: server_cvar: "mp_disable_respawn_times" "1"
L 03/20/2014 - 20:10:14: "DannelorG<4><STEAM_0:1:20046983><>" connected, address "74.113.241.236:27005"
L 03/20/2014 - 20:10:14: "DannelorG<4><STEAM_0:1:20046983><>" STEAM USERID validated
L 03/20/2014 - 20:10:31: "zikset f10d<5><STEAM_0:0:79938794><>" connected, address "200.97.205.214:27005"
L 03/20/2014 - 20:10:31: "zikset f10d<5><STEAM_0:0:79938794><>" STEAM USERID validated
L 03/20/2014 - 20:11:08: "DannelorG<4><STEAM_0:1:20046983><>" entered the game
L 03/20/2014 - 20:11:13: "Marti<6><STEAM_0:1:25251709><>" connected, address "74.124.133.42:27007"
L 03/20/2014 - 20:11:13: "Marti<6><STEAM_0:1:25251709><>" STEAM USERID validated
L 03/20/2014 - 20:11:14: "DannelorG<4><STEAM_0:1:20046983><Unassigned>" joined team "Red"
L 03/20/2014 - 20:11:15: "DannelorG<4><STEAM_0:1:20046983><Red>" changed role to "scout"
L 03/20/2014 - 20:11:30: "dpporlando<7><STEAM_0:0:80187976><>" connected, address "162.196.30.217:27005"
L 03/20/2014 - 20:11:30: "dpporlando<7><STEAM_0:0:80187976><>" STEAM USERID validated
L 03/20/2014 - 20:11:39: "zikset f10d<5><STEAM_0:0:79938794><>" entered the game
L 03/20/2014 - 20:11:51: "zikset f10d<5><STEAM_0:0:79938794><Unassigned>" joined team "Blue"
L 03/20/2014 - 20:11:56: "dpporlando<7><STEAM_0:0:80187976><>" entered the game
L 03/20/2014 - 20:12:02: "zikset f10d<5><STEAM_0:0:79938794><Blue>" changed role to "heavyweapons"
L 03/20/2014 - 20:12:04: "dpporlando<7><STEAM_0:0:80187976><Unassigned>" joined team "Blue"
L 03/20/2014 - 20:12:05: "dpporlando<7><STEAM_0:0:80187976><Blue>" changed role to "spy"
L 03/20/2014 - 20:12:15: World triggered "Round_Start"
L 03/20/2014 - 20:12:15: World triggered "Round_Setup_Begin"
L 03/20/2014 - 20:12:32: "Bilby<8><STEAM_0:0:12379989><>" connected, address "71.199.236.5:27005"
L 03/20/2014 - 20:12:32: "Bilby<8><STEAM_0:0:12379989><>" STEAM USERID validated
L 03/20/2014 - 20:13:07: "Marti<6><STEAM_0:1:25251709><>" entered the game
L 03/20/2014 - 20:13:20: "Marti<6><STEAM_0:1:25251709><Unassigned>" joined team "Red"
L 03/20/2014 - 20:13:21: "Marti<6><STEAM_0:1:25251709><Red>" changed role to "demoman"
L 03/20/2014 - 20:13:30: World triggered "Round_Setup_End"
L 03/20/2014 - 20:13:42: "DannelorG<4><STEAM_0:1:20046983><Red>" killed "zikset f10d<5><STEAM_0:0:79938794><Blue>" with "scattergun" (attacker_position "-5592 6280 -95") (victim_position "-5599 6454 -95")
L 03/20/2014 - 20:13:44: "Bilby<8><STEAM_0:0:12379989><>" entered the game
L 03/20/2014 - 20:13:51: "Marti<6><STEAM_0:1:25251709><Red>" killed "dpporlando<7><STEAM_0:0:80187976><Blue>" with "sword" (customkill "feign_death") (attacker_position "-5366 6139 -95") (victim_position "-5304 6113 -95")
L 03/20/2014 - 20:13:57: "Mr. Silly Hat<9><STEAM_0:1:41997054><>" connected, address "72.135.238.164:55083"
L 03/20/2014 - 20:13:57: "Mr. Silly Hat<9><STEAM_0:1:41997054><>" STEAM USERID validated
L 03/20/2014 - 20:13:58: "Mr. Silly Hat<9><STEAM_0:1:41997054><>" disconnected (reason "Disconnect by user.")
L 03/20/2014 - 20:14:04: "dpporlando<7><STEAM_0:0:80187976><Blue>" changed role to "demoman"
L 03/20/2014 - 20:14:08: "Marti<6><STEAM_0:1:25251709><Red>" killed "zikset f10d<5><STEAM_0:0:79938794><Blue>" with "loch_n_load" (attacker_position "-5237 5749 96") (victim_position "-4797 6817 -191")
L 03/20/2014 - 20:14:08: "DannelorG<4><STEAM_0:1:20046983><Red>" triggered "kill assist" against "zikset f10d<5><STEAM_0:0:79938794><Blue>" (assister_position "-4902 6701 -191") (attacker_position "-5237 5749 96") (victim_position "-4797 6817 -191")
L 03/20/2014 - 20:14:12: "zikset f10d<5><STEAM_0:0:79938794><Blue>" changed role to "pyro"
L 03/20/2014 - 20:14:13: "Bilby<8><STEAM_0:0:12379989><Unassigned>" joined team "Blue"
L 03/20/2014 - 20:14:14: "Bilby<8><STEAM_0:0:12379989><Blue>" changed role to "scout"
L 03/20/2014 - 20:14:24: "zikset f10d<5><STEAM_0:0:79938794><Blue>" killed "DannelorG<4><STEAM_0:1:20046983><Red>" with "flamethrower" (attacker_position "-5089 6431 -156") (victim_position "-5408 6257 -72")
L 03/20/2014 - 20:14:25: "Bilby<8><STEAM_0:0:12379989><Blue>" triggered "milk_attack" against "Marti<6><STEAM_0:1:25251709><Red>" with "tf_weapon_jar" (attacker_position "-5085 6345 -136") (victim_position "-5321 5983 -95")
L 03/20/2014 - 20:14:28: "DannelorG<4><STEAM_0:1:20046983><Red>" changed role to "pyro"
L 03/20/2014 - 20:14:30: "zikset f10d<5><STEAM_0:0:79938794><Blue>" killed "Marti<6><STEAM_0:1:25251709><Red>" with "flamethrower" (attacker_position "-5724 6104 -95") (victim_position "-5932 6037 -95")
L 03/20/2014 - 20:14:30: "Bilby<8><STEAM_0:0:12379989><Blue>" triggered "kill assist" against "Marti<6><STEAM_0:1:25251709><Red>" (assister_position "-5911 5958 -95") (attacker_position "-5724 6104 -95") (victim_position "-5932 6037 -95")
L 03/20/2014 - 20:14:37: "Bilby<8><STEAM_0:0:12379989><Blue>" joined team "Red"
L 03/20/2014 - 20:14:37: "Marti<6><STEAM_0:1:25251709><Red>" killed "Bilby<8><STEAM_0:0:12379989><Red>" with "player" (attacker_position "-7100 536 160") (victim_position "-6783 5235 -95")
L 03/20/2014 - 20:14:53: "zikset f10d<5><STEAM_0:0:79938794><Blue>" killed "DannelorG<4><STEAM_0:1:20046983><Red>" with "flamethrower" (attacker_position "-6861 3027 96") (victim_position "-6857 3141 96")
L 03/20/2014 - 20:14:53: "Marti<6><STEAM_0:1:25251709><Red>" killed "zikset f10d<5><STEAM_0:0:79938794><Blue>" with "sword" (attacker_position "-6834 3023 96") (victim_position "-6865 3056 96")
L 03/20/2014 - 20:14:53: "DannelorG<4><STEAM_0:1:20046983><Red>" triggered "kill assist" against "zikset f10d<5><STEAM_0:0:79938794><Blue>" (assister_position "-6857 3141 110") (attacker_position "-6834 3023 96") (victim_position "-6865 3056 96")
L 03/20/2014 - 20:14:57: "zikset f10d<5><STEAM_0:0:79938794><Blue>" changed role to "scout"
L 03/20/2014 - 20:15:17: "Marti<6><STEAM_0:1:25251709><Red>" killed "dpporlando<7><STEAM_0:0:80187976><Blue>" with "sword" (attacker_position "-6054 5048 -95") (victim_position "-6037 5000 -95")
L 03/20/2014 - 20:15:33: "Marti<6><STEAM_0:1:25251709><Red>" killed "zikset f10d<5><STEAM_0:0:79938794><Blue>" with "sword" (attacker_position "-5976 4559 48") (victim_position "-5951 4511 48")
L 03/20/2014 - 20:15:41: "Gord<10><STEAM_0:1:2327125><>" connected, address "72.35.129.251:27005"
L 03/20/2014 - 20:15:41: "Gord<10><STEAM_0:1:2327125><>" STEAM USERID validated
L 03/20/2014 - 20:15:49: "Marti<6><STEAM_0:1:25251709><Red>" killed "dpporlando<7><STEAM_0:0:80187976><Blue>" with "sword" (attacker_position "-5267 7212 -188") (victim_position "-5241 7248 -188")
L 03/20/2014 - 20:15:49: "DannelorG<4><STEAM_0:1:20046983><Red>" triggered "kill assist" against "dpporlando<7><STEAM_0:0:80187976><Blue>" (assister_position "-5180 6569 -188") (attacker_position "-5267 7212 -188") (victim_position "-5241 7248 -188")
L 03/20/2014 - 20:15:50: "Bilby<8><STEAM_0:0:12379989><Red>" triggered "milk_attack" against "zikset f10d<5><STEAM_0:0:79938794><Blue>" with "tf_weapon_jar" (attacker_position "-5572 6183 -95") (victim_position "-5643 6419 -95")
L 03/20/2014 - 20:15:52: "Bilby<8><STEAM_0:0:12379989><Red>" killed "zikset f10d<5><STEAM_0:0:79938794><Blue>" with "sandman" (attacker_position "-5644 6371 -95") (victim_position "-5653 6419 -95")
L 03/20/2014 - 20:15:54: "dpporlando<7><STEAM_0:0:80187976><Blue>" changed role to "pyro"
L 03/20/2014 - 20:15:58: "Yes, this is spank bank<11><STEAM_0:0:30370489><>" connected, address "24.91.152.69:27005"
L 03/20/2014 - 20:15:58: "Yes, this is spank bank<11><STEAM_0:0:30370489><>" STEAM USERID validated
L 03/20/2014 - 20:16:15: "DannelorG<4><STEAM_0:1:20046983><Red>" killed "dpporlando<7><STEAM_0:0:80187976><Blue>" with "reserve_shooter" (attacker_position "-5733 6297 -95") (victim_position "-5702 6415 198")
L 03/20/2014 - 20:16:21: "Gord<10><STEAM_0:1:2327125><>" entered the game
L 03/20/2014 - 20:16:22: "Bilby<8><STEAM_0:0:12379989><Red>" killed "zikset f10d<5><STEAM_0:0:79938794><Blue>" with "sandman" (attacker_position "-6023 6668 -95") (victim_position "-5938 6661 -12")
L 03/20/2014 - 20:16:33: "dpporlando<7><STEAM_0:0:80187976><Blue>" killed "Bilby<8><STEAM_0:0:12379989><Red>" with "player" (attacker_position "-6310 6888 -95") (victim_position "-6084 6680 -37")
L 03/20/2014 - 20:16:40: "dpporlando<7><STEAM_0:0:80187976><Blue>" killed "DannelorG<4><STEAM_0:1:20046983><Red>" with "reserve_shooter" (attacker_position "-6456 5879 -77") (victim_position "-6516 5656 -62")
L 03/20/2014 - 20:16:53: "Bilby<8><STEAM_0:0:12379989><Red>" triggered "milk_attack" against "zikset f10d<5><STEAM_0:0:79938794><Blue>" with "tf_weapon_jar" (attacker_position "-6111 4118 125") (victim_position "-6009 4360 55")
L 03/20/2014 - 20:16:53: "Bilby<8><STEAM_0:0:12379989><Red>" triggered "milk_attack" against "dpporlando<7><STEAM_0:0:80187976><Blue>" with "tf_weapon_jar" (attacker_position "-6111 4118 125") (victim_position "-6057 4368 55")
L 03/20/2014 - 20:16:55: "Marti<6><STEAM_0:1:25251709><Red>" killed "zikset f10d<5><STEAM_0:0:79938794><Blue>" with "loch_n_load" (attacker_position "-6314 3822 32") (victim_position "-6013 4421 55")
L 03/20/2014 - 20:16:55: "Bilby<8><STEAM_0:0:12379989><Red>" triggered "kill assist" against "zikset f10d<5><STEAM_0:0:79938794><Blue>" (assister_position "-6018 4373 55") (attacker_position "-6314 3822 32") (victim_position "-6013 4421 55")
L 03/20/2014 - 20:16:56: "dpporlando<7><STEAM_0:0:80187976><Blue>" killed "Bilby<8><STEAM_0:0:12379989><Red>" with "rainblower" (attacker_position "-6108 4360 55") (victim_position "-6091 4408 55")
L 03/20/2014 - 20:17:02: "Marti<6><STEAM_0:1:25251709><Red>" killed "dpporlando<7><STEAM_0:0:80187976><Blue>" with "sword" (attacker_position "-6008 4543 48") (victim_position "-6010 4590 48")
L 03/20/2014 - 20:17:02: "Bilby<8><STEAM_0:0:12379989><Red>" triggered "kill assist" against "dpporlando<7><STEAM_0:0:80187976><Blue>" (assister_position "-6007 4526 48") (attacker_position "-6008 4543 48") (victim_position "-6010 4590 48")
L 03/20/2014 - 20:17:07: "Gord<10><STEAM_0:1:2327125><Unassigned>" joined team "Blue"
L 03/20/2014 - 20:17:08: "Gord<10><STEAM_0:1:2327125><Blue>" changed role to "soldier"
L 03/20/2014 - 20:17:26: "Yes, this is spank bank<11><STEAM_0:0:30370489><>" entered the game
L 03/20/2014 - 20:17:27: "DannelorG<4><STEAM_0:1:20046983><Red>" killed "zikset f10d<5><STEAM_0:0:79938794><Blue>" with "reserve_shooter" (attacker_position "-6572 4425 -136") (victim_position "-6709 4575 -93")
L 03/20/2014 - 20:17:36: "Yes, this is spank bank<11><STEAM_0:0:30370489><Unassigned>" joined team "Blue"
L 03/20/2014 - 20:17:39: "Yes, this is spank bank<11><STEAM_0:0:30370489><Blue>" changed role to "demoman"
L 03/20/2014 - 20:17:45: "DannelorG<4><STEAM_0:1:20046983><Red>" killed "dpporlando<7><STEAM_0:0:80187976><Blue>" with "reserve_shooter" (attacker_position "-6212 5688 96") (victim_position "-6048 5656 341")
L 03/20/2014 - 20:17:47: "Marti<6><STEAM_0:1:25251709><Red>" killed "zikset f10d<5><STEAM_0:0:79938794><Blue>" with "sword" (attacker_position "-6439 5970 -70") (victim_position "-6391 5948 -75")
L 03/20/2014 - 20:17:47: "Marti<6><STEAM_0:1:25251709><Red>" triggered "domination" against "zikset f10d<5><STEAM_0:0:79938794><Blue>"
L 03/20/2014 - 20:17:47: "Bilby<8><STEAM_0:0:12379989><Red>" triggered "milk_attack" against "Gord<10><STEAM_0:1:2327125><Blue>" with "tf_weapon_jar" (attacker_position "-6104 4336 117") (victim_position "-6000 4649 63")
L 03/20/2014 - 20:17:48: "Gord<10><STEAM_0:1:2327125><Blue>" killed "Bilby<8><STEAM_0:0:12379989><Red>" with "tf_projectile_rocket" (attacker_position "-6004 4744 73") (victim_position "-6031 4696 43")
L 03/20/2014 - 20:17:59: "zikset f10d<5><STEAM_0:0:79938794><Blue>" changed role to "spy"
L 03/20/2014 - 20:18:03: "Marti<6><STEAM_0:1:25251709><Red>" triggered "captureblocked" (cp "0") (cpname "Badwater_cap_1") (position "-6033 4146 48")
L 03/20/2014 - 20:18:03: "Marti<6><STEAM_0:1:25251709><Red>" killed "Gord<10><STEAM_0:1:2327125><Blue>" with "sword" (attacker_position "-6033 4146 48") (victim_position "-6034 4242 55")
L 03/20/2014 - 20:18:04: "DannelorG<4><STEAM_0:1:20046983><Red>" killed "Yes, this is spank bank<11><STEAM_0:0:30370489><Blue>" with "reserve_shooter" (attacker_position "-6384 6169 -71") (victim_position "-6153 6103 -58")
L 03/20/2014 - 20:18:11: "Gord<10><STEAM_0:1:2327125><Blue>" say "WOW THIS FIND"
L 03/20/2014 - 20:18:12: "Yes, this is spank bank<11><STEAM_0:0:30370489><Blue>" changed role to "scout"
L 03/20/2014 - 20:18:21: "Gord<10><STEAM_0:1:2327125><Blue>" say "FUCKING GORD"
L 03/20/2014 - 20:18:26: "Marti<6><STEAM_0:1:25251709><Red>" killed "dpporlando<7><STEAM_0:0:80187976><Blue>" with "sword" (attacker_position "-4571 5994 80") (victim_position "-4571 6043 80")
L 03/20/2014 - 20:18:26: "Marti<6><STEAM_0:1:25251709><Red>" triggered "domination" against "dpporlando<7><STEAM_0:0:80187976><Blue>"
L 03/20/2014 - 20:18:30: "Yes, this is spank bank<11><STEAM_0:0:30370489><Blue>" triggered "milk_attack" against "DannelorG<4><STEAM_0:1:20046983><Red>" with "tf_weapon_jar" (attacker_position "-5080 4545 -130") (victim_position "-5728 4732 1")
L 03/20/2014 - 20:18:30: "Bilby<8><STEAM_0:0:12379989><Red>" triggered "milk_attack" against "zikset f10d<5><STEAM_0:0:79938794><Blue>" with "tf_weapon_jar" (attacker_position "-6488 5986 -67") (victim_position "-6563 5916 -71")
L 03/20/2014 - 20:18:32: "Bilby<8><STEAM_0:0:12379989><Red>" killed "zikset f10d<5><STEAM_0:0:79938794><Blue>" with "sandman" (attacker_position "-6608 5918 -71") (victim_position "-6677 5879 -74")
L 03/20/2014 - 20:18:32: "Bilby<8><STEAM_0:0:12379989><Red>" triggered "domination" against "zikset f10d<5><STEAM_0:0:79938794><Blue>"
L 03/20/2014 - 20:18:33: "dpporlando<7><STEAM_0:0:80187976><Blue>" changed role to "demoman"
L 03/20/2014 - 20:18:43: "Bilby<8><STEAM_0:0:12379989><Red>" killed "Yes, this is spank bank<11><STEAM_0:0:30370489><Blue>" with "sandman" (attacker_position "-5289 4552 -95") (victim_position "-5306 4523 -103")
L 03/20/2014 - 20:18:43: "DannelorG<4><STEAM_0:1:20046983><Red>" triggered "kill assist" against "Yes, this is spank bank<11><STEAM_0:0:30370489><Blue>" (assister_position "-5135 4639 -73") (attacker_position "-5289 4552 -95") (victim_position "-5306 4523 -103")
L 03/20/2014 - 20:18:48: "Gord<10><STEAM_0:1:2327125><Blue>" say "THE SCOUT"
L 03/20/2014 - 20:18:50: "Yes, this is spank bank<11><STEAM_0:0:30370489><Blue>" changed role to "engineer"
L 03/20/2014 - 20:18:57: "Gord<10><STEAM_0:1:2327125><Blue>" say "no indoor voice"
L 03/20/2014 - 20:18:58: "Bilby<8><STEAM_0:0:12379989><Red>" say "á•™( Í¡Â° ÍœÊ– Í¡Â°)á•—"
L 03/20/2014 - 20:19:03: "Bilby<8><STEAM_0:0:12379989><Red>" triggered "milk_attack" against "dpporlando<7><STEAM_0:0:80187976><Blue>" with "tf_weapon_jar" (attacker_position "-4509 4976 8") (victim_position "-4592 5415 -53")
L 03/20/2014 - 20:19:04: "Bilby<8><STEAM_0:0:12379989><Red>" killed "dpporlando<7><STEAM_0:0:80187976><Blue>" with "sandman" (attacker_position "-4696 5365 -63") (victim_position "-4701 5413 -63")
L 03/20/2014 - 20:19:04: "DannelorG<4><STEAM_0:1:20046983><Red>" triggered "kill assist" against "dpporlando<7><STEAM_0:0:80187976><Blue>" (assister_position "-4584 5165 -30") (attacker_position "-4696 5365 -63") (victim_position "-4701 5413 -63")
L 03/20/2014 - 20:19:06: "Yes, this is spank bank<11><STEAM_0:0:30370489><Blue>" triggered "builtobject" (object "OBJ_SENTRYGUN") (position "-6036 4626 48")
L 03/20/2014 - 20:19:07: "Marti<6><STEAM_0:1:25251709><Red>" killed "Gord<10><STEAM_0:1:2327125><Blue>" with "sword" (attacker_position "-6333 3544 32") (victim_position "-6341 3566 32")
L 03/20/2014 - 20:19:12: "DannelorG<4><STEAM_0:1:20046983><Red>" triggered "killedobject" (object "OBJ_SENTRYGUN") (weapon "degreaser") (objectowner "Yes, this is spank bank<11><STEAM_0:0:30370489><Blue>") (attacker_position "-5964 4539 48")
L 03/20/2014 - 20:19:14: "Marti<6><STEAM_0:1:25251709><Red>" killed "zikset f10d<5><STEAM_0:0:79938794><Blue>" with "loch_n_load" (attacker_position "-6870 2393 96") (victim_position "-6834 2622 96")
L 03/20/2014 - 20:19:15: "Yes, this is spank bank<11><STEAM_0:0:30370489><Blue>" triggered "builtobject" (object "OBJ_SENTRYGUN") (position "-5914 3787 32")
L 03/20/2014 - 20:19:17: "DannelorG<4><STEAM_0:1:20046983><Red>" triggered "killedobject" (object "OBJ_SENTRYGUN") (weapon "degreaser") (objectowner "Yes, this is spank bank<11><STEAM_0:0:30370489><Blue>") (attacker_position "-5971 3830 32")
L 03/20/2014 - 20:19:19: "zikset f10d<5><STEAM_0:0:79938794><Blue>" changed role to "demoman"
L 03/20/2014 - 20:19:21: "DannelorG<4><STEAM_0:1:20046983><Red>" killed "Yes, this is spank bank<11><STEAM_0:0:30370489><Blue>" with "degreaser" (attacker_position "-5311 4291 -146") (victim_position "-5056 4324 -111")
L 03/20/2014 - 20:19:21: "Bilby<8><STEAM_0:0:12379989><Red>" triggered "kill assist" against "Yes, this is spank bank<11><STEAM_0:0:30370489><Blue>" (assister_position "-5102 4276 -87") (attacker_position "-5311 4291 -146") (victim_position "-5056 4324 -111")
L 03/20/2014 - 20:19:25: "dpporlando<7><STEAM_0:0:80187976><Blue>" changed role to "scout"
L 03/20/2014 - 20:19:30: World triggered "Round_Win" (winner "Red")
L 03/20/2014 - 20:19:30: World triggered "Round_Length" (seconds "435.02")
L 03/20/2014 - 20:19:30: Team "Red" current score "0" with "3" players
L 03/20/2014 - 20:19:30: Team "Blue" current score "0" with "4" players
L 03/20/2014 - 20:19:36: "Bilby<8><STEAM_0:0:12379989><Red>" committed suicide with "world" (attacker_position "-4619 4112 1143")
L 03/20/2014 - 20:19:38: "Marti<6><STEAM_0:1:25251709><Red>" killed "zikset f10d<5><STEAM_0:0:79938794><Blue>" with "sword" (attacker_position "-5941 6452 -49") (victim_position "-5992 6478 -95")
L 03/20/2014 - 20:19:43: "Marti<6><STEAM_0:1:25251709><Red>" killed "Yes, this is spank bank<11><STEAM_0:0:30370489><Blue>" with "sword" (attacker_position "-5524 7568 -148") (victim_position "-5447 7575 -191")
L 03/20/2014 - 20:19:45: World triggered "Round_Start"
L 03/20/2014 - 20:19:45: World triggered "Round_Setup_Begin"
L 03/20/2014 - 20:19:45: "DannelorG<4><STEAM_0:1:20046983><Red>" joined team "Blue"
L 03/20/2014 - 20:19:45: "zikset f10d<5><STEAM_0:0:79938794><Blue>" joined team "Red"
L 03/20/2014 - 20:19:45: "Marti<6><STEAM_0:1:25251709><Red>" joined team "Blue"
L 03/20/2014 - 20:19:45: "dpporlando<7><STEAM_0:0:80187976><Blue>" joined team "Red"
L 03/20/2014 - 20:19:45: "Bilby<8><STEAM_0:0:12379989><Red>" joined team "Blue"
L 03/20/2014 - 20:19:45: "Gord<10><STEAM_0:1:2327125><Blue>" joined team "Red"
L 03/20/2014 - 20:19:45: "Yes, this is spank bank<11><STEAM_0:0:30370489><Blue>" joined team "Red"
L 03/20/2014 - 20:19:51: "Yes, this is spank bank<11><STEAM_0:0:30370489><Blue>" changed role to "soldier"
L 03/20/2014 - 20:19:51: "Marti<6><STEAM_0:1:25251709><Blue>" changed role to "spy"
L 03/20/2014 - 20:19:52: "dpporlando<7><STEAM_0:0:80187976><Red>" changed role to "engineer"
L 03/20/2014 - 20:19:54: "Yes, this is spank bank<11><STEAM_0:0:30370489><Blue>" committed suicide with "world" (attacker_position "-5516 7663 -191")
L 03/20/2014 - 20:19:58: "Bilby<8><STEAM_0:0:12379989><Blue>" committed suicide with "world" (attacker_position "-5602 7632 -191")
L 03/20/2014 - 20:19:58: "Yes, this is spank bank<11><STEAM_0:0:30370489><Blue>" say "goddamnit"
L 03/20/2014 - 20:19:59: "DannelorG<4><STEAM_0:1:20046983><Red>" committed suicide with "world" (attacker_position "-6396 1815 96")
L 03/20/2014 - 20:20:05: "Yes, this is spank bank<11><STEAM_0:0:30370489><Blue>" say "rtf"
L 03/20/2014 - 20:20:07: "DannelorG<4><STEAM_0:1:20046983><Red>" changed role to "demoman"
L 03/20/2014 - 20:20:26: "dpporlando<7><STEAM_0:0:80187976><Red>" triggered "builtobject" (object "OBJ_SENTRYGUN") (position "-6043 3944 41")
L 03/20/2014 - 20:20:32: "dpporlando<7><STEAM_0:0:80187976><Red>" triggered "builtobject" (object "OBJ_DISPENSER") (position "-6109 3932 39")
L 03/20/2014 - 20:21:00: World triggered "Round_Setup_End"
L 03/20/2014 - 20:21:06: "Gord<10><STEAM_0:1:2327125><Red>" killed "zikset f10d<5><STEAM_0:0:79938794><Blue>" with "tf_projectile_rocket" (attacker_position "-6727 6703 -59") (victim_position "-6640 7076 -95")
L 03/20/2014 - 20:21:11: "zikset f10d<5><STEAM_0:0:79938794><Blue>" changed role to "medic"
L 03/20/2014 - 20:21:17: "Bilby<8><STEAM_0:0:12379989><Blue>" killed "dpporlando<7><STEAM_0:0:80187976><Red>" with "short_stop" (attacker_position "-6006 4072 48") (victim_position "-6122 3943 40")
L 03/20/2014 - 20:21:20: "Bilby<8><STEAM_0:0:12379989><Blue>" triggered "killedobject" (object "OBJ_SENTRYGUN") (weapon "sandman") (objectowner "dpporlando<7><STEAM_0:0:80187976><Red>") (attacker_position "-6004 3972 44")
L 03/20/2014 - 20:21:23: "Marti<6><STEAM_0:1:25251709><Blue>" triggered "builtobject" (object "OBJ_ATTACHMENT_SAPPER") (position "-6018 3926 38")
L 03/20/2014 - 20:21:23: "Marti<6><STEAM_0:1:25251709><Blue>" triggered "killedobject" (object "OBJ_DISPENSER") (weapon "psapper") (objectowner "dpporlando<7><STEAM_0:0:80187976><Red>") (attacker_position "-6096 3915 37")
L 03/20/2014 - 20:21:32: "Bilby<8><STEAM_0:0:12379989><Blue>" triggered "milk_attack" against "DannelorG<4><STEAM_0:1:20046983><Red>" with "tf_weapon_jar" (attacker_position "-6028 4339 55") (victim_position "-5906 4847 32")
L 03/20/2014 - 20:21:33: "zikset f10d<5><STEAM_0:0:79938794><Blue>" killed "Gord<10><STEAM_0:1:2327125><Red>" with "syringegun_medic" (attacker_position "-5713 5662 -95") (victim_position "-5965 5788 -95")
L 03/20/2014 - 20:21:35: "dpporlando<7><STEAM_0:0:80187976><Red>" triggered "builtobject" (object "OBJ_SENTRYGUN") (position "-5835 1927 -95")
L 03/20/2014 - 20:21:40: "DannelorG<4><STEAM_0:1:20046983><Red>" killed "Yes, this is spank bank<11><STEAM_0:0:30370489><Blue>" with "tf_projectile_pipe" (attacker_position "-6370 5260 -95") (victim_position "-5752 5470 -95")
L 03/20/2014 - 20:21:46: "DannelorG<4><STEAM_0:1:20046983><Red>" triggered "captureblocked" (cp "0") (cpname "Badwater_cap_1") (position "-6042 4551 48")
L 03/20/2014 - 20:21:46: "dpporlando<7><STEAM_0:0:80187976><Red>" triggered "builtobject" (object "OBJ_SENTRYGUN") (position "-5809 1927 -95")
L 03/20/2014 - 20:21:49: "Marti<6><STEAM_0:1:25251709><Blue>" killed "DannelorG<4><STEAM_0:1:20046983><Red>" with "kunai" (customkill "backstab") (attacker_position "-5978 3569 32") (victim_position "-5997 3626 32")
L 03/20/2014 - 20:21:54: "DannelorG<4><STEAM_0:1:20046983><Red>" changed role to "pyro"
L 03/20/2014 - 20:21:58: "dpporlando<7><STEAM_0:0:80187976><Red>" triggered "builtobject" (object "OBJ_SENTRYGUN") (position "-5797 1882 -95")
L 03/20/2014 - 20:22:03: "Gord<10><STEAM_0:1:2327125><Red>" triggered "captureblocked" (cp "0") (cpname "Badwater_cap_1") (position "-6082 4120 54")
L 03/20/2014 - 20:22:03: "Gord<10><STEAM_0:1:2327125><Red>" triggered "medic_death" against "zikset f10d<5><STEAM_0:0:79938794><Blue>" (healing "55") (ubercharge "0")
L 03/20/2014 - 20:22:03: "Gord<10><STEAM_0:1:2327125><Red>" killed "zikset f10d<5><STEAM_0:0:79938794><Blue>" with "tf_projectile_rocket" (attacker_position "-6081 4120 50") (victim_position "-6088 4440 51")
L 03/20/2014 - 20:22:04: "Gord<10><STEAM_0:1:2327125><Red>" killed "Bilby<8><STEAM_0:0:12379989><Blue>" with "tf_projectile_rocket" (attacker_position "-6076 4258 55") (victim_position "-6079 4423 103")
L 03/20/2014 - 20:22:05: "Marti<6><STEAM_0:1:25251709><Blue>" killed "Gord<10><STEAM_0:1:2327125><Red>" with "kunai" (customkill "backstab") (attacker_position "-6081 4170 48") (victim_position "-6013 4217 50")
L 03/20/2014 - 20:22:05: "Bilby<8><STEAM_0:0:12379989><Blue>" triggered "kill assist" against "Gord<10><STEAM_0:1:2327125><Red>" (assister_position "-6079 4423 117") (attacker_position "-6081 4170 48") (victim_position "-6013 4217 50")
L 03/20/2014 - 20:22:11: "zikset f10d<5><STEAM_0:0:79938794><Blue>" joined team "Red"
L 03/20/2014 - 20:22:11: "zikset f10d<5><STEAM_0:0:79938794><Red>" triggered "medic_death" against "zikset f10d<5><STEAM_0:0:79938794><Red>" (healing "0") (ubercharge "0")
L 03/20/2014 - 20:22:11: "zikset f10d<5><STEAM_0:0:79938794><Red>" committed suicide with "world" (attacker_position "-5115 8114 -191")
L 03/20/2014 - 20:22:12: Team "Blue" triggered "pointcaptured" (cp "0") (cpname "Badwater_cap_1") (numcappers "1") (player1 "Marti<6><STEAM_0:1:25251709><Blue>") (position1 "-5932 4350 55") 
L 03/20/2014 - 20:22:14: "zikset f10d<5><STEAM_0:0:79938794><Red>" changed role to "heavyweapons"
L 03/20/2014 - 20:22:21: "dpporlando<7><STEAM_0:0:80187976><Red>" triggered "builtobject" (object "OBJ_DISPENSER") (position "-5911 1887 -95")
L 03/20/2014 - 20:22:24: "DannelorG<4><STEAM_0:1:20046983><Red>" committed suicide with "world" (attacker_position "-6361 3641 32")
L 03/20/2014 - 20:22:32: "DannelorG<4><STEAM_0:1:20046983><Red>" changed role to "sniper"
L 03/20/2014 - 20:22:37: "Gord<10><STEAM_0:1:2327125><Red>" killed "Yes, this is spank bank<11><STEAM_0:0:30370489><Blue>" with "tf_projectile_rocket" (attacker_position "-6436 2519 96") (victim_position "-6674 2304 96")
L 03/20/2014 - 20:22:37: "zikset f10d<5><STEAM_0:0:79938794><Red>" triggered "kill assist" against "Yes, this is spank bank<11><STEAM_0:0:30370489><Blue>" (assister_position "-6301 2296 96") (attacker_position "-6436 2519 96") (victim_position "-6674 2304 96")
L 03/20/2014 - 20:22:40: "Marti<6><STEAM_0:1:25251709><Blue>" killed "Gord<10><STEAM_0:1:2327125><Red>" with "kunai" (customkill "backstab") (attacker_position "-6015 2485 96") (victim_position "-6084 2433 96")
L 03/20/2014 - 20:22:40: "Marti<6><STEAM_0:1:25251709><Blue>" triggered "domination" against "Gord<10><STEAM_0:1:2327125><Red>"
L 03/20/2014 - 20:22:40: "dpporlando<7><STEAM_0:0:80187976><Red>" killed "Bilby<8><STEAM_0:0:12379989><Blue>" with "obj_sentrygun3" (attacker_position "-5889 1912 -95") (victim_position "-5958 1106 -95")
L 03/20/2014 - 20:22:43: "Marti<6><STEAM_0:1:25251709><Blue>" killed "zikset f10d<5><STEAM_0:0:79938794><Red>" with "kunai" (customkill "backstab") (attacker_position "-6825 2601 96") (victim_position "-6805 2541 96")
L 03/20/2014 - 20:22:44: "Bilby<8><STEAM_0:0:12379989><Blue>" changed role to "demoman"
L 03/20/2014 - 20:22:54: "Marti<6><STEAM_0:1:25251709><Blue>" triggered "builtobject" (object "OBJ_ATTACHMENT_SAPPER") (position "-5955 1859 -95")
L 03/20/2014 - 20:22:56: "Marti<6><STEAM_0:1:25251709><Blue>" killed "dpporlando<7><STEAM_0:0:80187976><Red>" with "diamondback" (attacker_position "-5957 1923 -95") (victim_position "-5784 1894 -95")
L 03/20/2014 - 20:22:56: "dpporlando<7><STEAM_0:0:80187976><Red>" killed "Marti<6><STEAM_0:1:25251709><Blue>" with "obj_sentrygun3" (attacker_position "-5784 1894 -81") (victim_position "-5935 1926 -95")
L 03/20/2014 - 20:22:56: "dpporlando<7><STEAM_0:0:80187976><Red>" triggered "revenge" against "Marti<6><STEAM_0:1:25251709><Blue>"
L 03/20/2014 - 20:23:00: "Marti<6><STEAM_0:1:25251709><Blue>" triggered "killedobject" (object "OBJ_DISPENSER") (weapon "psapper") (objectowner "dpporlando<7><STEAM_0:0:80187976><Red>") (attacker_position "-5935 1926 -20")
L 03/20/2014 - 20:23:11: "dpporlando<7><STEAM_0:0:80187976><Red>" triggered "builtobject" (object "OBJ_DISPENSER") (position "-5928 1802 -95")
L 03/20/2014 - 20:23:16: "dpporlando<7><STEAM_0:0:80187976><Red>" killed "Yes, this is spank bank<11><STEAM_0:0:30370489><Blue>" with "obj_sentrygun3" (attacker_position "-5988 1893 -95") (victim_position "-5783 824 -95")
L 03/20/2014 - 20:23:23: "Yes, this is spank bank<11><STEAM_0:0:30370489><Blue>" changed role to "demoman"
L 03/20/2014 - 20:23:25: "Gord<10><STEAM_0:1:2327125><Red>" killed "Bilby<8><STEAM_0:0:12379989><Blue>" with "tf_projectile_rocket" (attacker_position "-5185 1982 354") (victim_position "-5284 1981 302")
L 03/20/2014 - 20:23:31: "Bilby<8><STEAM_0:0:12379989><Blue>" changed role to "soldier"
L 03/20/2014 - 20:23:38: "Marti<6><STEAM_0:1:25251709><Blue>" triggered "builtobject" (object "OBJ_ATTACHMENT_SAPPER") (position "-5805 1710 -95")
L 03/20/2014 - 20:23:38: "Marti<6><STEAM_0:1:25251709><Blue>" triggered "builtobject" (object "OBJ_ATTACHMENT_SAPPER") (position "-5837 1761 -95")
L 03/20/2014 - 20:23:43: "Marti<6><STEAM_0:1:25251709><Blue>" killed "dpporlando<7><STEAM_0:0:80187976><Red>" with "diamondback" (attacker_position "-5988 1869 -95") (victim_position "-5835 1901 -95")
L 03/20/2014 - 20:23:45: "Marti<6><STEAM_0:1:25251709><Blue>" triggered "killedobject" (object "OBJ_DISPENSER") (weapon "psapper") (objectowner "dpporlando<7><STEAM_0:0:80187976><Red>") (attacker_position "-6008 1926 -95")
L 03/20/2014 - 20:23:46: "Marti<6><STEAM_0:1:25251709><Blue>" triggered "killedobject" (object "OBJ_SENTRYGUN") (weapon "psapper") (objectowner "dpporlando<7><STEAM_0:0:80187976><Red>") (attacker_position "-6039 1857 -95")
L 03/20/2014 - 20:23:49: "Gord<10><STEAM_0:1:2327125><Red>" triggered "captureblocked" (cp "1") (cpname "Badwater_cap_4") (position "-5715 1528 86")
L 03/20/2014 - 20:23:49: "Gord<10><STEAM_0:1:2327125><Red>" killed "Marti<6><STEAM_0:1:25251709><Blue>" with "tf_projectile_rocket" (attacker_position "-5715 1528 86") (victim_position "-5948 1283 -88")
L 03/20/2014 - 20:23:49: "Gord<10><STEAM_0:1:2327125><Red>" triggered "revenge" against "Marti<6><STEAM_0:1:25251709><Blue>"
L 03/20/2014 - 20:23:55: "dpporlando<7><STEAM_0:0:80187976><Red>" triggered "builtobject" (object "OBJ_SENTRYGUN") (position "-6065 557 160")
L 03/20/2014 - 20:23:59: "Bilby<8><STEAM_0:0:12379989><Blue>" killed "Gord<10><STEAM_0:1:2327125><Red>" with "blackbox" (attacker_position "-5970 1418 -39") (victim_position "-5716 1399 -44")
L 03/20/2014 - 20:24:03: "Bilby<8><STEAM_0:0:12379989><Blue>" killed "DannelorG<4><STEAM_0:1:20046983><Red>" with "blackbox" (attacker_position "-5858 1471 -85") (victim_position "-5954 1389 -88")
L 03/20/2014 - 20:24:04: "zikset f10d<5><STEAM_0:0:79938794><Red>" triggered "captureblocked" (cp "1") (cpname "Badwater_cap_4") (position "-5219 1612 288")
L 03/20/2014 - 20:24:04: "zikset f10d<5><STEAM_0:0:79938794><Red>" killed "Bilby<8><STEAM_0:0:12379989><Blue>" with "minigun" (attacker_position "-5219 1612 288") (victim_position "-5967 1545 -95")
L 03/20/2014 - 20:24:10: "Persi, the Neko God<12><STEAM_0:1:30286598><>" connected, address "107.130.92.222:27005"
L 03/20/2014 - 20:24:10: "Persi, the Neko God<12><STEAM_0:1:30286598><>" STEAM USERID validated
L 03/20/2014 - 20:24:13: "Bilby<8><STEAM_0:0:12379989><Blue>" changed role to "scout"
L 03/20/2014 - 20:24:18: "dpporlando<7><STEAM_0:0:80187976><Red>" killed "Yes, this is spank bank<11><STEAM_0:0:30370489><Blue>" with "obj_sentrygun" (attacker_position "-6088 565 160") (victim_position "-5246 513 160")
L 03/20/2014 - 20:24:27: "Yes, this is spank bank<11><STEAM_0:0:30370489><Blue>" say "well that was effective"
L 03/20/2014 - 20:24:38: "Persi, the Neko God<12><STEAM_0:1:30286598><>" entered the game
L 03/20/2014 - 20:24:41: "Bilby<8><STEAM_0:0:12379989><Blue>" killed "dpporlando<7><STEAM_0:0:80187976><Red>" with "short_stop" (attacker_position "-6099 524 160") (victim_position "-6209 519 160")
L 03/20/2014 - 20:24:42: "Gord<10><STEAM_0:1:2327125><Red>" committed suicide with "world" (attacker_position "-6179 1332 -95")
L 03/20/2014 - 20:24:43: "Marti<6><STEAM_0:1:25251709><Blue>" triggered "builtobject" (object "OBJ_ATTACHMENT_SAPPER") (position "-6009 578 160")
L 03/20/2014 - 20:24:44: "Gord<10><STEAM_0:1:2327125><Red>" say "yeahhh"
L 03/20/2014 - 20:24:44: "{SCG} Uncle Doe<13><STEAM_0:1:31281166><>" connected, address "24.181.91.9:61036"
L 03/20/2014 - 20:24:44: "{SCG} Uncle Doe<13><STEAM_0:1:31281166><>" STEAM USERID validated
L 03/20/2014 - 20:24:44: "Persi, the Neko God<12><STEAM_0:1:30286598><Unassigned>" joined team "Blue"
L 03/20/2014 - 20:24:46: "Yes, this is spank bank<11><STEAM_0:0:30370489><Blue>" killed "zikset f10d<5><STEAM_0:0:79938794><Red>" with "tf_projectile_pipe" (attacker_position "-6341 1920 96") (victim_position "-6454 1577 96")
L 03/20/2014 - 20:24:49: "Persi, the Neko God<12><STEAM_0:1:30286598><Blue>" changed role to "scout"
L 03/20/2014 - 20:24:50: "Marti<6><STEAM_0:1:25251709><Blue>" triggered "killedobject" (object "OBJ_SENTRYGUN") (weapon "psapper") (objectowner "dpporlando<7><STEAM_0:0:80187976><Red>") (attacker_position "-5975 1373 -88")
L 03/20/2014 - 20:24:52: "DannelorG<4><STEAM_0:1:20046983><Red>" triggered "captureblocked" (cp "1") (cpname "Badwater_cap_4") (position "-5800 1519 -5")
L 03/20/2014 - 20:24:54: "zikset f10d<5><STEAM_0:0:79938794><Red>" changed role to "engineer"
L 03/20/2014 - 20:24:54: "Bilby<8><STEAM_0:0:12379989><Blue>" killed "DannelorG<4><STEAM_0:1:20046983><Red>" with "short_stop" (attacker_position "-5914 1441 -93") (victim_position "-5922 1376 -88")
L 03/20/2014 - 20:24:55: "Gord<10><STEAM_0:1:2327125><Red>" killed "Marti<6><STEAM_0:1:25251709><Blue>" with "tf_projectile_rocket" (attacker_position "-6397 1288 71") (victim_position "-6069 1351 -88")
L 03/20/2014 - 20:24:55: "Gord<10><STEAM_0:1:2327125><Red>" killed "Yes, this is spank bank<11><STEAM_0:0:30370489><Blue>" with "tf_projectile_rocket" (attacker_position "-6397 1288 71") (victim_position "-6008 1418 -88")
L 03/20/2014 - 20:24:55: "DannelorG<4><STEAM_0:1:20046983><Red>" triggered "kill assist" against "Yes, this is spank bank<11><STEAM_0:0:30370489><Blue>" (assister_position "-5922 1350 -13") (attacker_position "-6397 1288 71") (victim_position "-6008 1418 -88")
L 03/20/2014 - 20:24:55: Team "Blue" triggered "pointcaptured" (cp "1") (cpname "Badwater_cap_4") (numcappers "1") (player1 "Bilby<8><STEAM_0:0:12379989><Blue>") (position1 "-6192 1487 -95") 
L 03/20/2014 - 20:24:55: World triggered "Round_Win" (winner "Blue")
L 03/20/2014 - 20:24:55: World triggered "Round_Length" (seconds "310.10")
L 03/20/2014 - 20:24:55: Team "Red" current score "0" with "4" players
L 03/20/2014 - 20:24:55: Team "Blue" current score "2" with "4" players
L 03/20/2014 - 20:24:56: "Persi, the Neko God<12><STEAM_0:1:30286598><Blue>" say "Steam, you lied to me. ;n;"
L 03/20/2014 - 20:24:57: "Yes, this is spank bank<11><STEAM_0:0:30370489><Blue>" say "lol"
L 03/20/2014 - 20:25:08: "Bilby<8><STEAM_0:0:12379989><Blue>" killed "Gord<10><STEAM_0:1:2327125><Red>" with "sandman" (attacker_position "-6054 1800 -95") (victim_position "-6095 1792 -95")
L 03/20/2014 - 20:25:10: World triggered "Round_Start"
L 03/20/2014 - 20:25:10: World triggered "Round_Setup_Begin"
L 03/20/2014 - 20:25:10: "DannelorG<4><STEAM_0:1:20046983><Red>" joined team "Blue"
L 03/20/2014 - 20:25:10: "zikset f10d<5><STEAM_0:0:79938794><Red>" joined team "Blue"
L 03/20/2014 - 20:25:10: "Marti<6><STEAM_0:1:25251709><Blue>" joined team "Red"
L 03/20/2014 - 20:25:10: "dpporlando<7><STEAM_0:0:80187976><Red>" joined team "Blue"
L 03/20/2014 - 20:25:10: "Bilby<8><STEAM_0:0:12379989><Blue>" joined team "Red"
L 03/20/2014 - 20:25:10: "Gord<10><STEAM_0:1:2327125><Red>" joined team "Blue"
L 03/20/2014 - 20:25:10: "Yes, this is spank bank<11><STEAM_0:0:30370489><Blue>" joined team "Red"
L 03/20/2014 - 20:25:10: "Persi, the Neko God<12><STEAM_0:1:30286598><Blue>" joined team "Red"
L 03/20/2014 - 20:25:16: "Yes, this is spank bank<11><STEAM_0:0:30370489><Red>" changed role to "engineer"
L 03/20/2014 - 20:25:18: "Marti<6><STEAM_0:1:25251709><Red>" changed role to "demoman"
L 03/20/2014 - 20:25:21: "dpporlando<7><STEAM_0:0:80187976><Blue>" say_team "fuke you red"
L 03/20/2014 - 20:25:25: "zikset f10d<5><STEAM_0:0:79938794><Blue>" changed role to "sniper"
L 03/20/2014 - 20:25:29: "dpporlando<7><STEAM_0:0:80187976><Blue>" changed role to "soldier"
L 03/20/2014 - 20:25:49: "{SCG} Uncle Doe<13><STEAM_0:1:31281166><>" entered the game
L 03/20/2014 - 20:25:50: "Dragon Ninja<14><STEAM_0:1:21819987><>" connected, address "65.96.40.11:27005"
L 03/20/2014 - 20:25:50: "Dragon Ninja<14><STEAM_0:1:21819987><>" STEAM USERID validated
L 03/20/2014 - 20:25:50: "zikset f10d<5><STEAM_0:0:79938794><Blue>" changed role to "soldier"
L 03/20/2014 - 20:25:59: "Yes, this is spank bank<11><STEAM_0:0:30370489><Red>" triggered "builtobject" (object "OBJ_SENTRYGUN") (position "-5787 4650 -2")
L 03/20/2014 - 20:25:59: server_cvar: "mp_disable_respawn_times" "0"
L 03/20/2014 - 20:25:59: "{SCG} Uncle Doe<13><STEAM_0:1:31281166><Unassigned>" joined team "Red"
L 03/20/2014 - 20:26:01: "{SCG} Uncle Doe<13><STEAM_0:1:31281166><Red>" changed role to "pyro"
L 03/20/2014 - 20:26:05: "{SCG} Uncle Doe<13><STEAM_0:1:31281166><Red>" say "h"
L 03/20/2014 - 20:26:10: "zikset f10d<5><STEAM_0:0:79938794><Blue>" changed role to "demoman"
L 03/20/2014 - 20:26:12: "{SCG} Uncle Doe<13><STEAM_0:1:31281166><Red>" say " "
L 03/20/2014 - 20:26:15: "Yes, this is spank bank<11><STEAM_0:0:30370489><Red>" say "i cant dispenser"
L 03/20/2014 - 20:26:19: "{SCG} Uncle Doe<13><STEAM_0:1:31281166><Red>" say "i cant cant"
L 03/20/2014 - 20:26:25: World triggered "Round_Setup_End"
L 03/20/2014 - 20:26:27: "zikset f10d<5><STEAM_0:0:79938794><Blue>" changed role to "medic"
L 03/20/2014 - 20:26:27: "Yes, this is spank bank<11><STEAM_0:0:30370489><Red>" triggered "builtobject" (object "OBJ_SENTRYGUN") (position "-6672 6085 -69")
L 03/20/2014 - 20:26:28: "Persi, the Neko God<12><STEAM_0:1:30286598><Red>" say "Dispenser doesn't want you. >:C"
L 03/20/2014 - 20:26:28: "Bilby<8><STEAM_0:0:12379989><Red>" triggered "milk_attack" against "dpporlando<7><STEAM_0:0:80187976><Blue>" with "tf_weapon_jar" (attacker_position "-6157 7075 128") (victim_position "-6410 7076 -95")
L 03/20/2014 - 20:26:34: "{SCG} Uncle Doe<13><STEAM_0:1:31281166><Red>" say "yeeeeeeeeeeeeeeeeeeeeeeeeeeeeeeeeeeeeeeeeeeeeeeeeeeee"
L 03/20/2014 - 20:26:38: "Marti<6><STEAM_0:1:25251709><Red>" killed "DannelorG<4><STEAM_0:1:20046983><Blue>" with "sword" (attacker_position "-5782 5113 30") (victim_position "-5804 5161 32")
L 03/20/2014 - 20:26:38: "Gord<10><STEAM_0:1:2327125><Blue>" killed "Persi, the Neko God<12><STEAM_0:1:30286598><Red>" with "tf_projectile_rocket" (attacker_position "-6114 6626 -38") (victim_position "-5953 6441 -95")
L 03/20/2014 - 20:26:41: "{SCG} Uncle Doe<13><STEAM_0:1:31281166><Red>" killed "dpporlando<7><STEAM_0:0:80187976><Blue>" with "flaregun" (attacker_position "-6674 5589 -93") (victim_position "-6212 6615 -71")
L 03/20/2014 - 20:26:42: "Bilby<8><STEAM_0:0:12379989><Red>" killed "Gord<10><STEAM_0:1:2327125><Blue>" with "sandman" (attacker_position "-5572 6751 -95") (victim_position "-5596 6708 -76")
L 03/20/2014 - 20:26:45: "Gord<10><STEAM_0:1:2327125><Blue>" say "fuuuck comcast"
L 03/20/2014 - 20:26:46: "Bilby<8><STEAM_0:0:12379989><Red>" triggered "medic_death" against "zikset f10d<5><STEAM_0:0:79938794><Blue>" (healing "0") (ubercharge "0")
L 03/20/2014 - 20:26:46: "Bilby<8><STEAM_0:0:12379989><Red>" killed "zikset f10d<5><STEAM_0:0:79938794><Blue>" with "short_stop" (attacker_position "-6363 6260 -71") (victim_position "-6374 6176 -71")
L 03/20/2014 - 20:26:54: "Dragon Ninja<14><STEAM_0:1:21819987><>" entered the game
L 03/20/2014 - 20:26:57: "Marti<6><STEAM_0:1:25251709><Red>" killed "DannelorG<4><STEAM_0:1:20046983><Blue>" with "loch_n_load" (attacker_position "-5522 5794 -95") (victim_position "-5185 5873 -95")
L 03/20/2014 - 20:26:57: "{SCG} Uncle Doe<13><STEAM_0:1:31281166><Red>" triggered "kill assist" against "DannelorG<4><STEAM_0:1:20046983><Blue>" (assister_position "-5274 6183 -99") (attacker_position "-5522 5794 -95") (victim_position "-5185 5873 -95")
L 03/20/2014 - 20:27:02: "Bilby<8><STEAM_0:0:12379989><Red>" triggered "milk_attack" against "dpporlando<7><STEAM_0:0:80187976><Blue>" with "tf_weapon_jar" (attacker_position "-5869 6163 -95") (victim_position "-6441 6841 -95")
L 03/20/2014 - 20:27:04: "Dragon Ninja<14><STEAM_0:1:21819987><Unassigned>" joined team "Blue"
L 03/20/2014 - 20:27:04: "zikset f10d<5><STEAM_0:0:79938794><Blue>" changed role to "sniper"
L 03/20/2014 - 20:27:10: "Dragon Ninja<14><STEAM_0:1:21819987><Blue>" changed role to "scout"
L 03/20/2014 - 20:27:13: "Yes, this is spank bank<11><STEAM_0:0:30370489><Red>" killed "Gord<10><STEAM_0:1:2327125><Blue>" with "frontier_justice" (attacker_position "-6212 6188 -59") (victim_position "-5771 6931 51")
L 03/20/2014 - 20:27:13: "Bilby<8><STEAM_0:0:12379989><Red>" triggered "kill assist" against "Gord<10><STEAM_0:1:2327125><Blue>" (assister_position "-5712 6083 -95") (attacker_position "-6212 6188 -59") (victim_position "-5771 6931 51")
L 03/20/2014 - 20:27:13: "Bilby<8><STEAM_0:0:12379989><Red>" triggered "domination" against "Gord<10><STEAM_0:1:2327125><Blue>" (assist "1")
L 03/20/2014 - 20:27:18: "Marti<6><STEAM_0:1:25251709><Red>" killed "Dragon Ninja<14><STEAM_0:1:21819987><Blue>" with "loch_n_load" (attacker_position "-6279 6136 -71") (victim_position "-5716 6527 -95")
L 03/20/2014 - 20:27:18: "DannelorG<4><STEAM_0:1:20046983><Blue>" triggered "killedobject" (object "OBJ_SENTRYGUN") (weapon "huntsman") (objectowner "Yes, this is spank bank<11><STEAM_0:0:30370489><Red>") (attacker_position "-5699 5498 -95")
L 03/20/2014 - 20:27:22: "Dragon Ninja<14><STEAM_0:1:21819987><Blue>" changed role to "pyro"
L 03/20/2014 - 20:27:23: "Yes, this is spank bank<11><STEAM_0:0:30370489><Red>" triggered "builtobject" (object "OBJ_SENTRYGUN") (position "-5813 5517 -95")
L 03/20/2014 - 20:27:23: "Gord<10><STEAM_0:1:2327125><Blue>" changed role to "scout"
L 03/20/2014 - 20:27:24: "{SCG} Uncle Doe<13><STEAM_0:1:31281166><Red>" killed "zikset f10d<5><STEAM_0:0:79938794><Blue>" with "rainblower" (attacker_position "-5227 6590 -191") (victim_position "-5276 6581 -191")
L 03/20/2014 - 20:27:25: "Bilby<8><STEAM_0:0:12379989><Red>" triggered "captureblocked" (cp "0") (cpname "Badwater_cap_1") (position "-5969 4451 51")
L 03/20/2014 - 20:27:25: "Bilby<8><STEAM_0:0:12379989><Red>" killed "DannelorG<4><STEAM_0:1:20046983><Blue>" with "short_stop" (attacker_position "-5969 4451 51") (victim_position "-6008 4241 55")
L 03/20/2014 - 20:27:27: "Gord<10><STEAM_0:1:2327125><Blue>" say "lol 2v5"
L 03/20/2014 - 20:27:33: "zikset f10d<5><STEAM_0:0:79938794><Blue>" changed role to "pyro"
L 03/20/2014 - 20:27:39: "Gord<10><STEAM_0:1:2327125><Blue>" triggered "milk_attack" against "Yes, this is spank bank<11><STEAM_0:0:30370489><Red>" with "tf_weapon_jar" (attacker_position "-6673 5868 -75") (victim_position "-6851 5992 -49")
L 03/20/2014 - 20:27:43: "Yes, this is spank bank<11><STEAM_0:0:30370489><Red>" killed "Gord<10><STEAM_0:1:2327125><Blue>" with "frontier_justice" (attacker_position "-6321 5656 96") (victim_position "-6436 5704 17")
L 03/20/2014 - 20:27:43: "Persi, the Neko God<12><STEAM_0:1:30286598><Red>" triggered "kill assist" against "Gord<10><STEAM_0:1:2327125><Blue>" (assister_position "-6895 5472 48") (attacker_position "-6321 5656 96") (victim_position "-6436 5704 17")
L 03/20/2014 - 20:27:45: "Marti<6><STEAM_0:1:25251709><Red>" killed "Dragon Ninja<14><STEAM_0:1:21819987><Blue>" with "sword" (attacker_position "-6366 6164 -71") (victim_position "-6423 6160 -71")
L 03/20/2014 - 20:27:45: "Bilby<8><STEAM_0:0:12379989><Red>" triggered "kill assist" against "Dragon Ninja<14><STEAM_0:1:21819987><Blue>" (assister_position "-6496 5280 -95") (attacker_position "-6366 6164 -71") (victim_position "-6423 6160 -71")
L 03/20/2014 - 20:27:47: "DannelorG<4><STEAM_0:1:20046983><Blue>" triggered "killedobject" (object "OBJ_SENTRYGUN") (weapon "huntsman") (objectowner "Yes, this is spank bank<11><STEAM_0:0:30370489><Red>") (attacker_position "-5129 6044 -95")
L 03/20/2014 - 20:27:48: "Gord<10><STEAM_0:1:2327125><Blue>" changed role to "demoman"
L 03/20/2014 - 20:27:48: "Bilby<8><STEAM_0:0:12379989><Red>" triggered "milk_attack" against "DannelorG<4><STEAM_0:1:20046983><Blue>" with "tf_weapon_jar" (attacker_position "-5531 5463 -95") (victim_position "-5312 6088 -95")
L 03/20/2014 - 20:27:51: "{SCG} Uncle Doe<13><STEAM_0:1:31281166><Red>" killed "dpporlando<7><STEAM_0:0:80187976><Blue>" with "rainblower" (attacker_position "-5801 6384 -95") (victim_position "-5794 6556 -95")
L 03/20/2014 - 20:27:53: "{SCG} Uncle Doe<13><STEAM_0:1:31281166><Red>" killed "DannelorG<4><STEAM_0:1:20046983><Blue>" with "rainblower" (attacker_position "-5938 6517 -95") (victim_position "-5922 6401 -95")
L 03/20/2014 - 20:27:53: "Bilby<8><STEAM_0:0:12379989><Red>" triggered "kill assist" against "DannelorG<4><STEAM_0:1:20046983><Blue>" (assister_position "-4877 5737 80") (attacker_position "-5938 6517 -95") (victim_position "-5922 6401 -95")
L 03/20/2014 - 20:27:53: "Bilby<8><STEAM_0:0:12379989><Red>" triggered "domination" against "DannelorG<4><STEAM_0:1:20046983><Blue>" (assist "1")
L 03/20/2014 - 20:27:54: "Yes, this is spank bank<11><STEAM_0:0:30370489><Red>" triggered "builtobject" (object "OBJ_SENTRYGUN") (position "-6129 5729 96")
L 03/20/2014 - 20:28:00: "DannelorG<4><STEAM_0:1:20046983><Blue>" changed role to "scout"
L 03/20/2014 - 20:28:08: "{SCG} Uncle Doe<13><STEAM_0:1:31281166><Red>" killed "Dragon Ninja<14><STEAM_0:1:21819987><Blue>" with "rainblower" (attacker_position "-6097 6406 -94") (victim_position "-6135 6460 -71")
L 03/20/2014 - 20:28:08: "Yes, this is spank bank<11><STEAM_0:0:30370489><Red>" triggered "kill assist" against "Dragon Ninja<14><STEAM_0:1:21819987><Blue>" (assister_position "-5782 5847 96") (attacker_position "-6097 6406 -94") (victim_position "-6135 6460 -71")
L 03/20/2014 - 20:28:10: "Bilby<8><STEAM_0:0:12379989><Red>" triggered "milk_attack" against "DannelorG<4><STEAM_0:1:20046983><Blue>" with "tf_weapon_jar" (attacker_position "-5134 5811 96") (victim_position "-5452 5767 -95")
L 03/20/2014 - 20:28:12: "Gord<10><STEAM_0:1:2327125><Blue>" killed "Persi, the Neko God<12><STEAM_0:1:30286598><Red>" with "tf_projectile_pipe_remote" (attacker_position "-6288 7512 -24") (victim_position "-6283 7318 -95")
L 03/20/2014 - 20:28:12: "Persi, the Neko God<12><STEAM_0:1:30286598><Red>" killed "Gord<10><STEAM_0:1:2327125><Blue>" with "world" (attacker_position "-6283 7318 -95") (victim_position "-6288 7512 -24")
L 03/20/2014 - 20:28:14: "Yes, this is spank bank<11><STEAM_0:0:30370489><Red>" triggered "builtobject" (object "OBJ_SENTRYGUN") (position "-6203 5997 -91")
L 03/20/2014 - 20:28:22: "Yes, this is spank bank<11><STEAM_0:0:30370489><Red>" triggered "killedobject" (object "OBJ_SENTRYGUN") (weapon "pda_engineer") (objectowner "Yes, this is spank bank<11><STEAM_0:0:30370489><Red>") (attacker_position "-5643 5170 -95")
L 03/20/2014 - 20:28:23: "Yes, this is spank bank<11><STEAM_0:0:30370489><Red>" triggered "builtobject" (object "OBJ_SENTRYGUN") (position "-5950 4907 32")
L 03/20/2014 - 20:28:24: "Bilby<8><STEAM_0:0:12379989><Red>" committed suicide with "world" (attacker_position "-6007 3745 32")
L 03/20/2014 - 20:28:24: "Yes, this is spank bank<11><STEAM_0:0:30370489><Red>" killed "zikset f10d<5><STEAM_0:0:79938794><Blue>" with "frontier_justice" (attacker_position "-6006 4697 43") (victim_position "-6053 4117 48")
L 03/20/2014 - 20:28:36: "Dragon Ninja<14><STEAM_0:1:21819987><Blue>" killed "Yes, this is spank bank<11><STEAM_0:0:30370489><Red>" with "detonator" (attacker_position "-6195 5082 32") (victim_position "-5998 4961 32")
L 03/20/2014 - 20:28:38: "zikset f10d<5><STEAM_0:0:79938794><Blue>" changed role to "scout"
L 03/20/2014 - 20:28:42: "Gord<10><STEAM_0:1:2327125><Blue>" triggered "killedobject" (object "OBJ_SENTRYGUN") (weapon "tf_projectile_pipe_remote") (objectowner "Yes, this is spank bank<11><STEAM_0:0:30370489><Red>") (attacker_position "-5625 5078 -95")
L 03/20/2014 - 20:28:47: "Gord<10><STEAM_0:1:2327125><Blue>" killed "Marti<6><STEAM_0:1:25251709><Red>" with "tf_projectile_pipe_remote" (attacker_position "-6238 5380 -95") (victim_position "-5864 5081 32")
L 03/20/2014 - 20:28:47: "Dragon Ninja<14><STEAM_0:1:21819987><Blue>" triggered "kill assist" against "Marti<6><STEAM_0:1:25251709><Red>" (assister_position "-5734 5217 -32") (attacker_position "-6238 5380 -95") (victim_position "-5864 5081 32")
L 03/20/2014 - 20:28:49: "{SCG} Uncle Doe<13><STEAM_0:1:31281166><Red>" killed "Dragon Ninja<14><STEAM_0:1:21819987><Blue>" with "rainblower" (attacker_position "-5788 5496 -95") (victim_position "-5741 5700 -54")
L 03/20/2014 - 20:28:50: "DannelorG<4><STEAM_0:1:20046983><Blue>" killed "Bilby<8><STEAM_0:0:12379989><Red>" with "scattergun" (attacker_position "-6466 2490 96") (victim_position "-6512 2432 96")
L 03/20/2014 - 20:28:50: "DannelorG<4><STEAM_0:1:20046983><Blue>" triggered "revenge" against "Bilby<8><STEAM_0:0:12379989><Red>"
L 03/20/2014 - 20:28:52: "Gord<10><STEAM_0:1:2327125><Blue>" killed "{SCG} Uncle Doe<13><STEAM_0:1:31281166><Red>" with "tf_projectile_pipe_remote" (attacker_position "-6027 5113 -82") (victim_position "-5785 5226 -95")
L 03/20/2014 - 20:28:56: "Bilby<8><STEAM_0:0:12379989><Red>" changed role to "sniper"
L 03/20/2014 - 20:28:58: "Yes, this is spank bank<11><STEAM_0:0:30370489><Red>" triggered "builtobject" (object "OBJ_TELEPORTER") (position "-6743 649 160")
L 03/20/2014 - 20:29:09: "NikitaWolf<15><STEAM_0:0:55793028><>" connected, address "74.243.174.197:27008"
L 03/20/2014 - 20:29:09: "NikitaWolf<15><STEAM_0:0:55793028><>" STEAM USERID validated
L 03/20/2014 - 20:29:15: "{SCG} Metka Serket<16><STEAM_0:0:17889225><>" connected, address "90.223.155.227:27005"
L 03/20/2014 - 20:29:15: "{SCG} Metka Serket<16><STEAM_0:0:17889225><>" STEAM USERID validated
L 03/20/2014 - 20:29:20: "Yes, this is spank bank<11><STEAM_0:0:30370489><Red>" triggered "builtobject" (object "OBJ_SENTRYGUN") (position "-6271 3752 32")
L 03/20/2014 - 20:29:20: "Bilby<8><STEAM_0:0:12379989><Red>" killed "DannelorG<4><STEAM_0:1:20046983><Blue>" with "tf_projectile_arrow" (attacker_position "-6464 3589 49") (victim_position "-6054 4245 55")
L 03/20/2014 - 20:29:22: "Dragon Ninja<14><STEAM_0:1:21819987><Blue>" triggered "killedobject" (object "OBJ_SENTRYGUN") (weapon "degreaser") (objectowner "Yes, this is spank bank<11><STEAM_0:0:30370489><Red>") (attacker_position "-6281 3936 24")
L 03/20/2014 - 20:29:24: "Marti<6><STEAM_0:1:25251709><Red>" killed "Dragon Ninja<14><STEAM_0:1:21819987><Blue>" with "loch_n_load" (attacker_position "-5591 3590 32") (victim_position "-6045 3819 32")
L 03/20/2014 - 20:29:24: "Yes, this is spank bank<11><STEAM_0:0:30370489><Red>" triggered "kill assist" against "Dragon Ninja<14><STEAM_0:1:21819987><Blue>" (assister_position "-6185 3616 32") (attacker_position "-5591 3590 32") (victim_position "-6045 3819 32")
L 03/20/2014 - 20:29:25: "Yes, this is spank bank<11><STEAM_0:0:30370489><Red>" triggered "builtobject" (object "OBJ_SENTRYGUN") (position "-6267 3780 32")
L 03/20/2014 - 20:29:25: "DannelorG<4><STEAM_0:1:20046983><Blue>" changed role to "engineer"
L 03/20/2014 - 20:29:27: "Gord<10><STEAM_0:1:2327125><Blue>" triggered "killedobject" (object "OBJ_SENTRYGUN") (weapon "tf_projectile_pipe_remote") (objectowner "Yes, this is spank bank<11><STEAM_0:0:30370489><Red>") (attacker_position "-5920 4890 304")
L 03/20/2014 - 20:29:29: "Yes, this is spank bank<11><STEAM_0:0:30370489><Red>" triggered "builtobject" (object "OBJ_SENTRYGUN") (position "-5833 4364 -161")
L 03/20/2014 - 20:29:31: "zikset f10d<5><STEAM_0:0:79938794><Blue>" killed "Persi, the Neko God<12><STEAM_0:1:30286598><Red>" with "bat" (attacker_position "-5917 5415 -95") (victim_position "-5878 5455 -95")
L 03/20/2014 - 20:29:31: "dpporlando<7><STEAM_0:0:80187976><Blue>" triggered "kill assist" against "Persi, the Neko God<12><STEAM_0:1:30286598><Red>" (assister_position "-5814 5512 -46") (attacker_position "-5917 5415 -95") (victim_position "-5878 5455 -95")
L 03/20/2014 - 20:29:39: "Marti<6><STEAM_0:1:25251709><Red>" killed "Gord<10><STEAM_0:1:2327125><Blue>" with "loch_n_load" (attacker_position "-4863 4949 25") (victim_position "-5809 4862 304")
L 03/20/2014 - 20:29:41: "DannelorG<4><STEAM_0:1:20046983><Blue>" triggered "builtobject" (object "OBJ_SENTRYGUN") (position "-5594 5249 -95")
L 03/20/2014 - 20:29:41: "Marti<6><STEAM_0:1:25251709><Red>" killed "dpporlando<7><STEAM_0:0:80187976><Blue>" with "loch_n_load" (attacker_position "-5195 5227 -95") (victim_position "-5607 5123 -95")
L 03/20/2014 - 20:29:41: "Bilby<8><STEAM_0:0:12379989><Red>" triggered "kill assist" against "dpporlando<7><STEAM_0:0:80187976><Blue>" (assister_position "-6352 4744 20") (attacker_position "-5195 5227 -95") (victim_position "-5607 5123 -95")
L 03/20/2014 - 20:29:41: "Marti<6><STEAM_0:1:25251709><Red>" triggered "killedobject" (object "OBJ_SENTRYGUN") (weapon "loch_n_load") (objectowner "DannelorG<4><STEAM_0:1:20046983><Blue>") (attacker_position "-5195 5227 -95")
L 03/20/2014 - 20:29:43: "zikset f10d<5><STEAM_0:0:79938794><Blue>" killed "Bilby<8><STEAM_0:0:12379989><Red>" with "bat" (attacker_position "-6509 4788 -18") (victim_position "-6575 4761 -36")
L 03/20/2014 - 20:29:43: "Marti<6><STEAM_0:1:25251709><Red>" killed "DannelorG<4><STEAM_0:1:20046983><Blue>" with "sword" (attacker_position "-5880 5088 32") (victim_position "-5870 5036 32")
L 03/20/2014 - 20:29:43: "Marti<6><STEAM_0:1:25251709><Red>" triggered "domination" against "DannelorG<4><STEAM_0:1:20046983><Blue>"
L 03/20/2014 - 20:29:46: "DannelorG<4><STEAM_0:1:20046983><Blue>" changed role to "demoman"
L 03/20/2014 - 20:29:48: "dpporlando<7><STEAM_0:0:80187976><Blue>" disconnected (reason "Disconnect by user.")
L 03/20/2014 - 20:29:48: "Yes, this is spank bank<11><STEAM_0:0:30370489><Red>" triggered "builtobject" (object "OBJ_SENTRYGUN") (position "-5784 4644 -6")
L 03/20/2014 - 20:29:52: "{SCG} Metka Serket<16><STEAM_0:0:17889225><>" entered the game
L 03/20/2014 - 20:29:53: "Yes, this is spank bank<11><STEAM_0:0:30370489><Red>" killed "zikset f10d<5><STEAM_0:0:79938794><Blue>" with "obj_minisentry" (attacker_position "-6234 4693 24") (victim_position "-6121 4676 46")
L 03/20/2014 - 20:29:56: "Marti<6><STEAM_0:1:25251709><Red>" killed "Dragon Ninja<14><STEAM_0:1:21819987><Blue>" with "sword" (attacker_position "-5531 6693 -95") (victim_position "-5497 6642 -65")
L 03/20/2014 - 20:30:00: "{SCG} Metka Serket<16><STEAM_0:0:17889225><Unassigned>" joined team "Blue"
L 03/20/2014 - 20:30:02: "Gord<10><STEAM_0:1:2327125><Blue>" triggered "killedobject" (object "OBJ_SENTRYGUN") (weapon "tf_projectile_pipe_remote") (objectowner "Yes, this is spank bank<11><STEAM_0:0:30370489><Red>") (attacker_position "-5439 4902 32")
L 03/20/2014 - 20:30:04: "Yes, this is spank bank<11><STEAM_0:0:30370489><Red>" triggered "builtobject" (object "OBJ_SENTRYGUN") (position "-6001 4047 48")
L 03/20/2014 - 20:30:05: "{SCG} Uncle Doe<13><STEAM_0:1:31281166><Red>" say "hello metka"
L 03/20/2014 - 20:30:06: "Gord<10><STEAM_0:1:2327125><Blue>" triggered "killedobject" (object "OBJ_SENTRYGUN") (weapon "tf_projectile_pipe_remote") (objectowner "Yes, this is spank bank<11><STEAM_0:0:30370489><Red>") (attacker_position "-5552 4828 32")
L 03/20/2014 - 20:30:09: "Marti<6><STEAM_0:1:25251709><Red>" killed "Gord<10><STEAM_0:1:2327125><Blue>" with "sword" (attacker_position "-5463 4893 32") (victim_position "-5505 4922 81")
L 03/20/2014 - 20:30:15: "Yes, this is spank bank<11><STEAM_0:0:30370489><Red>" triggered "builtobject" (object "OBJ_SENTRYGUN") (position "-6138 4893 32")
L 03/20/2014 - 20:30:22: "Marti<6><STEAM_0:1:25251709><Red>" killed "Dragon Ninja<14><STEAM_0:1:21819987><Blue>" with "sword" (attacker_position "-4941 5264 -76") (victim_position "-4859 5234 -68")
L 03/20/2014 - 20:30:22: "Yes, this is spank bank<11><STEAM_0:0:30370489><Red>" triggered "kill assist" against "Dragon Ninja<14><STEAM_0:1:21819987><Blue>" (assister_position "-6048 4672 47") (attacker_position "-4941 5264 -76") (victim_position "-4859 5234 -68")
L 03/20/2014 - 20:30:26: "DannelorG<4><STEAM_0:1:20046983><Blue>" triggered "killedobject" (object "OBJ_SENTRYGUN") (weapon "tf_projectile_pipe") (objectowner "Yes, this is spank bank<11><STEAM_0:0:30370489><Red>") (attacker_position "-5305 4817 32")
L 03/20/2014 - 20:30:28: "{SCG} Uncle Doe<13><STEAM_0:1:31281166><Red>" triggered "player_extinguished" against "Persi, the Neko God<12><STEAM_0:1:30286598><Red>" with "tf_weapon_flamethrower" (attacker_position "-4676 5820 80") (victim_position "-4874 5793 80")
L 03/20/2014 - 20:30:31: "{SCG} Uncle Doe<13><STEAM_0:1:31281166><Red>" killed "Gord<10><STEAM_0:1:2327125><Blue>" with "rainblower" (attacker_position "-4616 5654 21") (victim_position "-4622 5482 -63")
L 03/20/2014 - 20:30:32: "Dragon Ninja<14><STEAM_0:1:21819987><Blue>" changed role to "soldier"
L 03/20/2014 - 20:30:36: "Dragon Ninja<14><STEAM_0:1:21819987><Blue>" changed role to "pyro"
L 03/20/2014 - 20:30:44: "{SCG} Metka Serket<16><STEAM_0:0:17889225><Blue>" changed role to "spy"
L 03/20/2014 - 20:30:50: "{SCG} Metka Serket<16><STEAM_0:0:17889225><Blue>" say "Hello"
L 03/20/2014 - 20:30:53: "Yes, this is spank bank<11><STEAM_0:0:30370489><Red>" triggered "builtobject" (object "OBJ_SENTRYGUN") (position "-5905 4678 46")
L 03/20/2014 - 20:30:55: "Persi, the Neko God<12><STEAM_0:1:30286598><Red>" killed "Dragon Ninja<14><STEAM_0:1:21819987><Blue>" with "scattergun" (attacker_position "-5443 5799 -95") (victim_position "-5585 5751 -95")
L 03/20/2014 - 20:31:03: "Gord<10><STEAM_0:1:2327125><Blue>" killed "Persi, the Neko God<12><STEAM_0:1:30286598><Red>" with "tf_projectile_pipe_remote" (attacker_position "-5690 5535 -95") (victim_position "-5918 4875 32")
L 03/20/2014 - 20:31:08: "NikitaWolf<15><STEAM_0:0:55793028><>" entered the game
L 03/20/2014 - 20:31:12: "Gord<10><STEAM_0:1:2327125><Blue>" triggered "killedobject" (object "OBJ_SENTRYGUN") (weapon "tf_projectile_pipe_remote") (objectowner "Yes, this is spank bank<11><STEAM_0:0:30370489><Red>") (attacker_position "-5729 4903 32")
L 03/20/2014 - 20:31:15: "Gord<10><STEAM_0:1:2327125><Blue>" killed "Bilby<8><STEAM_0:0:12379989><Red>" with "tf_projectile_pipe_remote" (attacker_position "-6427 4858 68") (victim_position "-5945 4790 32")
L 03/20/2014 - 20:31:15: "Gord<10><STEAM_0:1:2327125><Blue>" triggered "revenge" against "Bilby<8><STEAM_0:0:12379989><Red>"
L 03/20/2014 - 20:31:16: "Yes, this is spank bank<11><STEAM_0:0:30370489><Red>" triggered "builtobject" (object "OBJ_SENTRYGUN") (position "-6064 4376 55")
L 03/20/2014 - 20:31:17: "{SCG} Uncle Doe<13><STEAM_0:1:31281166><Red>" say "!store"
L 03/20/2014 - 20:31:19: "Gord<10><STEAM_0:1:2327125><Blue>" triggered "killedobject" (object "OBJ_SENTRYGUN") (weapon "tf_projectile_pipe_remote") (objectowner "Yes, this is spank bank<11><STEAM_0:0:30370489><Red>") (attacker_position "-6705 4388 -180")
L 03/20/2014 - 20:31:23: "Marti<6><STEAM_0:1:25251709><Red>" killed "Gord<10><STEAM_0:1:2327125><Blue>" with "sword" (attacker_position "-6753 4129 -131") (victim_position "-6724 4071 -112")
L 03/20/2014 - 20:31:23: "Yes, this is spank bank<11><STEAM_0:0:30370489><Red>" triggered "kill assist" against "Gord<10><STEAM_0:1:2327125><Blue>" (assister_position "-6273 4276 -151") (attacker_position "-6753 4129 -131") (victim_position "-6724 4071 -112")
L 03/20/2014 - 20:31:27: "Yes, this is spank bank<11><STEAM_0:0:30370489><Red>" triggered "builtobject" (object "OBJ_SENTRYGUN") (position "-6079 4074 48")
L 03/20/2014 - 20:31:29: "Persi, the Neko God<12><STEAM_0:1:30286598><Red>" killed "DannelorG<4><STEAM_0:1:20046983><Blue>" with "scattergun" (attacker_position "-6792 3290 96") (victim_position "-6785 3361 97")
L 03/20/2014 - 20:31:30: "zikset f10d<5><STEAM_0:0:79938794><Blue>" joined team "Spectator"
L 03/20/2014 - 20:31:36: "DannelorG<4><STEAM_0:1:20046983><Blue>" changed role to "soldier"
L 03/20/2014 - 20:31:36: "Persi, the Neko God<12><STEAM_0:1:30286598><Red>" killed "Dragon Ninja<14><STEAM_0:1:21819987><Blue>" with "scattergun" (attacker_position "-6373 5293 -95") (victim_position "-6491 5262 -95")
L 03/20/2014 - 20:31:42: "NikitaWolf<15><STEAM_0:0:55793028><Unassigned>" joined team "Blue"
L 03/20/2014 - 20:31:45: "NikitaWolf<15><STEAM_0:0:55793028><Blue>" changed role to "spy"
L 03/20/2014 - 20:31:56: "{SCG} Metka Serket<16><STEAM_0:0:17889225><Blue>" triggered "builtobject" (object "OBJ_ATTACHMENT_SAPPER") (position "-6115 3990 46")
L 03/20/2014 - 20:31:56: "Yes, this is spank bank<11><STEAM_0:0:30370489><Red>" killed "DannelorG<4><STEAM_0:1:20046983><Blue>" with "player" (attacker_position "-5640 5608 -95") (victim_position "-5648 5659 -95")
L 03/20/2014 - 20:31:57: "Gord<10><STEAM_0:1:2327125><Blue>" killed "Yes, this is spank bank<11><STEAM_0:0:30370489><Red>" with "tf_projectile_pipe_remote" (attacker_position "-5963 5276 -95") (victim_position "-5647 5609 -95")
L 03/20/2014 - 20:31:57: "Dragon Ninja<14><STEAM_0:1:21819987><Blue>" triggered "kill assist" against "Yes, this is spank bank<11><STEAM_0:0:30370489><Red>" (assister_position "-5289 5890 -95") (attacker_position "-5963 5276 -95") (victim_position "-5647 5609 -95")
L 03/20/2014 - 20:32:00: "Bilby<8><STEAM_0:0:12379989><Red>" triggered "jarate_attack" against "Gord<10><STEAM_0:1:2327125><Blue>" with "tf_weapon_jar" (attacker_position "-5751 5634 -95") (victim_position "-6562 5277 -95")
L 03/20/2014 - 20:32:03: "Dragon Ninja<14><STEAM_0:1:21819987><Blue>" killed "Bilby<8><STEAM_0:0:12379989><Red>" with "degreaser" (attacker_position "-6018 5827 -84") (victim_position "-6132 5754 -91")
L 03/20/2014 - 20:32:07: "{SCG} Metka Serket<16><STEAM_0:0:17889225><Blue>" triggered "killedobject" (object "OBJ_SENTRYGUN") (weapon "recorder") (objectowner "Yes, this is spank bank<11><STEAM_0:0:30370489><Red>") (attacker_position "-4442 4962 15")
L 03/20/2014 - 20:32:08: "Yes, this is spank bank<11><STEAM_0:0:30370489><Red>" changed role to "soldier"
L 03/20/2014 - 20:32:10: "{SCG} Uncle Doe<13><STEAM_0:1:31281166><Red>" say "h"
L 03/20/2014 - 20:32:11: "Gord<10><STEAM_0:1:2327125><Blue>" killed "Persi, the Neko God<12><STEAM_0:1:30286598><Red>" with "tf_projectile_pipe_remote" (attacker_position "-5301 5288 -34") (victim_position "-5843 5566 -95")
L 03/20/2014 - 20:32:15: "Marti<6><STEAM_0:1:25251709><Red>" killed "Gord<10><STEAM_0:1:2327125><Blue>" with "loch_n_load" (attacker_position "-4271 5140 23") (victim_position "-4471 5209 -13")
L 03/20/2014 - 20:32:15: "Marti<6><STEAM_0:1:25251709><Red>" triggered "domination" against "Gord<10><STEAM_0:1:2327125><Blue>"
L 03/20/2014 - 20:32:25: World triggered "Round_Overtime"
L 03/20/2014 - 20:32:32: "Persi, the Neko God<12><STEAM_0:1:30286598><Red>" killed "{SCG} Metka Serket<16><STEAM_0:0:17889225><Blue>" with "scattergun" (attacker_position "-6566 2402 96") (victim_position "-6772 2481 96")
L 03/20/2014 - 20:32:38: "Gord<10><STEAM_0:1:2327125><Blue>" committed suicide with "tf_projectile_pipe_remote" (attacker_position "-5408 7528 -191")
L 03/20/2014 - 20:32:45: "Marti<6><STEAM_0:1:25251709><Red>" triggered "captureblocked" (cp "0") (cpname "Badwater_cap_1") (position "-5952 3831 32")
L 03/20/2014 - 20:32:45: "Marti<6><STEAM_0:1:25251709><Red>" killed "DannelorG<4><STEAM_0:1:20046983><Blue>" with "loch_n_load" (attacker_position "-5952 3831 32") (victim_position "-5944 4399 55")
L 03/20/2014 - 20:32:45: "Persi, the Neko God<12><STEAM_0:1:30286598><Red>" triggered "kill assist" against "DannelorG<4><STEAM_0:1:20046983><Blue>" (assister_position "-6559 4756 -31") (attacker_position "-5952 3831 32") (victim_position "-5944 4399 55")
L 03/20/2014 - 20:32:49: "Marti<6><STEAM_0:1:25251709><Red>" triggered "captureblocked" (cp "0") (cpname "Badwater_cap_1") (position "-6084 3920 38")
L 03/20/2014 - 20:32:49: "Marti<6><STEAM_0:1:25251709><Red>" killed "Dragon Ninja<14><STEAM_0:1:21819987><Blue>" with "loch_n_load" (attacker_position "-6084 3920 38") (victim_position "-5981 4531 48")
L 03/20/2014 - 20:32:49: "Persi, the Neko God<12><STEAM_0:1:30286598><Red>" triggered "kill assist" against "Dragon Ninja<14><STEAM_0:1:21819987><Blue>" (assister_position "-6029 4433 55") (attacker_position "-6084 3920 38") (victim_position "-5981 4531 48")
L 03/20/2014 - 20:32:49: "Marti<6><STEAM_0:1:25251709><Red>" triggered "domination" against "Dragon Ninja<14><STEAM_0:1:21819987><Blue>"
L 03/20/2014 - 20:32:49: "Marti<6><STEAM_0:1:25251709><Red>" triggered "captureblocked" (cp "0") (cpname "Badwater_cap_1") (position "-6084 3920 38")
L 03/20/2014 - 20:32:49: "Marti<6><STEAM_0:1:25251709><Red>" killed "NikitaWolf<15><STEAM_0:0:55793028><Blue>" with "loch_n_load" (attacker_position "-6084 3920 38") (victim_position "-5944 4480 48")
L 03/20/2014 - 20:32:52: World triggered "Round_Win" (winner "Red")
L 03/20/2014 - 20:32:52: World triggered "Round_Length" (seconds "461.39")
L 03/20/2014 - 20:32:52: Team "Red" current score "2" with "5" players
L 03/20/2014 - 20:32:52: Team "Blue" current score "0" with "5" players
L 03/20/2014 - 20:32:59: "NikitaWolf<15><STEAM_0:0:55793028><Blue>" say "HUEHUAHEUAHE"
L 03/20/2014 - 20:33:00: "Persi, the Neko God<12><STEAM_0:1:30286598><Red>" killed "{SCG} Metka Serket<16><STEAM_0:0:17889225><Blue>" with "atomizer" (attacker_position "-6482 5893 -75") (victim_position "-6504 5900 -73")
L 03/20/2014 - 20:33:03: "Ctrl-Alt-Elite<17><STEAM_0:0:70544809><>" connected, address "99.22.28.77:27005"
L 03/20/2014 - 20:33:03: "Ctrl-Alt-Elite<17><STEAM_0:0:70544809><>" STEAM USERID validated
L 03/20/2014 - 20:33:04: "Bilby<8><STEAM_0:0:12379989><Red>" committed suicide with "world" (attacker_position "-6968 366 160")
L 03/20/2014 - 20:33:07: World triggered "Round_Start"
L 03/20/2014 - 20:33:07: World triggered "Round_Setup_Begin"
L 03/20/2014 - 20:33:07: "DannelorG<4><STEAM_0:1:20046983><Blue>" joined team "Red"
L 03/20/2014 - 20:33:07: "Marti<6><STEAM_0:1:25251709><Red>" joined team "Blue"
L 03/20/2014 - 20:33:07: "Bilby<8><STEAM_0:0:12379989><Red>" joined team "Blue"
L 03/20/2014 - 20:33:07: "Gord<10><STEAM_0:1:2327125><Blue>" joined team "Red"
L 03/20/2014 - 20:33:07: "Yes, this is spank bank<11><STEAM_0:0:30370489><Red>" joined team "Blue"
L 03/20/2014 - 20:33:07: "Persi, the Neko God<12><STEAM_0:1:30286598><Red>" joined team "Blue"
L 03/20/2014 - 20:33:07: "{SCG} Uncle Doe<13><STEAM_0:1:31281166><Red>" joined team "Blue"
L 03/20/2014 - 20:33:07: "Dragon Ninja<14><STEAM_0:1:21819987><Blue>" joined team "Red"
L 03/20/2014 - 20:33:07: "NikitaWolf<15><STEAM_0:0:55793028><Blue>" joined team "Red"
L 03/20/2014 - 20:33:07: "{SCG} Metka Serket<16><STEAM_0:0:17889225><Blue>" joined team "Red"
L 03/20/2014 - 20:33:14: "Yes, this is spank bank<11><STEAM_0:0:30370489><Red>" changed role to "medic"
L 03/20/2014 - 20:33:25: "{SCG} Uncle Doe<13><STEAM_0:1:31281166><Red>" say "end doge 2014"
L 03/20/2014 - 20:33:26: "{SCG} Uncle Doe<13><STEAM_0:1:31281166><Red>" say "pls"
L 03/20/2014 - 20:33:34: "zikset f10d<5><STEAM_0:0:79938794><Spectator>" joined team "Red"
L 03/20/2014 - 20:33:38: "Yes, this is spank bank<11><STEAM_0:0:30370489><Red>" say "thats a pre-doge picture"
L 03/20/2014 - 20:33:38: "DannelorG<4><STEAM_0:1:20046983><Blue>" say "I agree with this"
L 03/20/2014 - 20:33:45: "Ctrl-Alt-Elite<17><STEAM_0:0:70544809><>" disconnected (reason "Disconnect by user.")
L 03/20/2014 - 20:33:45: "retrokidX13<18><STEAM_0:0:74457953><>" connected, address "50.50.163.181:27005"
L 03/20/2014 - 20:33:46: "retrokidX13<18><STEAM_0:0:74457953><>" STEAM USERID validated
L 03/20/2014 - 20:33:49: "{SCG} Uncle Doe<13><STEAM_0:1:31281166><Red>" say "END DOGE 2014"
L 03/20/2014 - 20:33:50: "{SCG} Uncle Doe<13><STEAM_0:1:31281166><Red>" say "PLS"
L 03/20/2014 - 20:34:04: "{SCG} Uncle Doe<13><STEAM_0:1:31281166><Red>" say "pre doge or not jfc"
L 03/20/2014 - 20:34:07: "Bilby<8><STEAM_0:0:12379989><Red>" joined team "Spectator"
L 03/20/2014 - 20:34:19: "Bilby<8><STEAM_0:0:12379989><Spectator>" joined team "Blue"
L 03/20/2014 - 20:34:20: "Bilby<8><STEAM_0:0:12379989><Blue>" changed role to "scout"
L 03/20/2014 - 20:34:22: World triggered "Round_Setup_End"
L 03/20/2014 - 20:34:22: "Bilby<8><STEAM_0:0:12379989><Blue>" changed role to "sniper"
L 03/20/2014 - 20:34:23: "{SCG} Uncle Doe<13><STEAM_0:1:31281166><Red>" say "bill why"
L 03/20/2014 - 20:34:24: "NikitaWolf<15><STEAM_0:0:55793028><Blue>" say "danne waht hat is that"
L 03/20/2014 - 20:34:25: "{SCG} Uncle Doe<13><STEAM_0:1:31281166><Red>" say "you left me"
L 03/20/2014 - 20:34:27: "Persi, the Neko God<12><STEAM_0:1:30286598><Blue>" killed "zikset f10d<5><STEAM_0:0:79938794><Red>" with "scattergun" (attacker_position "-6375 7376 -49") (victim_position "-6617 7593 -95")
L 03/20/2014 - 20:34:27: "Gord<10><STEAM_0:1:2327125><Blue>" triggered "kill assist" against "zikset f10d<5><STEAM_0:0:79938794><Red>" (assister_position "-6112 7618 -95") (attacker_position "-6375 7376 -49") (victim_position "-6617 7593 -95")
L 03/20/2014 - 20:34:32: "Yes, this is spank bank<11><STEAM_0:0:30370489><Red>" triggered "player_extinguished" against "Marti<6><STEAM_0:1:25251709><Red>" with "tf_weapon_medigun" (attacker_position "-5791 5784 -95") (victim_position "-5553 5549 -95")
L 03/20/2014 - 20:34:33: "Yes, this is spank bank<11><STEAM_0:0:30370489><Red>" triggered "player_extinguished" against "Marti<6><STEAM_0:1:25251709><Red>" with "tf_weapon_medigun" (attacker_position "-5638 5608 -95") (victim_position "-5648 5406 -95")
L 03/20/2014 - 20:34:34: "Yes, this is spank bank<11><STEAM_0:0:30370489><Red>" triggered "player_extinguished" against "Marti<6><STEAM_0:1:25251709><Red>" with "tf_weapon_medigun" (attacker_position "-5586 5469 -73") (victim_position "-5771 5382 -95")
L 03/20/2014 - 20:34:34: "Yes, this is spank bank<11><STEAM_0:0:30370489><Red>" triggered "player_extinguished" against "Marti<6><STEAM_0:1:25251709><Red>" with "tf_weapon_medigun" (attacker_position "-5574 5408 -47") (victim_position "-5814 5343 -95")
L 03/20/2014 - 20:34:34: "Marti<6><STEAM_0:1:25251709><Red>" killed "Dragon Ninja<14><STEAM_0:1:21819987><Blue>" with "sword" (attacker_position "-5854 5301 -95") (victim_position "-5869 5220 -95")
L 03/20/2014 - 20:34:34: "Yes, this is spank bank<11><STEAM_0:0:30370489><Red>" triggered "kill assist" against "Dragon Ninja<14><STEAM_0:1:21819987><Blue>" (assister_position "-5559 5338 -55") (attacker_position "-5854 5301 -95") (victim_position "-5869 5220 -95")
L 03/20/2014 - 20:34:35: "{SCG} Uncle Doe<13><STEAM_0:1:31281166><Red>" triggered "player_extinguished" against "Yes, this is spank bank<11><STEAM_0:0:30370489><Red>" with "tf_weapon_flamethrower" (attacker_position "-5803 5047 32") (victim_position "-5617 5106 -95")
L 03/20/2014 - 20:34:37: "Marti<6><STEAM_0:1:25251709><Red>" killed "Persi, the Neko God<12><STEAM_0:1:30286598><Blue>" with "loch_n_load" (attacker_position "-6060 5116 -95") (victim_position "-5954 5405 -95")
L 03/20/2014 - 20:34:37: "Yes, this is spank bank<11><STEAM_0:0:30370489><Red>" triggered "kill assist" against "Persi, the Neko God<12><STEAM_0:1:30286598><Blue>" (assister_position "-6000 5007 -95") (attacker_position "-6060 5116 -95") (victim_position "-5954 5405 -95")
L 03/20/2014 - 20:34:40: "Gord<10><STEAM_0:1:2327125><Blue>" triggered "medic_death" against "Yes, this is spank bank<11><STEAM_0:0:30370489><Red>" (healing "233") (ubercharge "1")
L 03/20/2014 - 20:34:40: "Gord<10><STEAM_0:1:2327125><Blue>" killed "Yes, this is spank bank<11><STEAM_0:0:30370489><Red>" with "tf_projectile_pipe_remote" (attacker_position "-5435 5827 -95") (victim_position "-5738 5375 -95")
L 03/20/2014 - 20:34:43: "zikset f10d<5><STEAM_0:0:79938794><Red>" changed role to "spy"
L 03/20/2014 - 20:34:47: "Gord<10><STEAM_0:1:2327125><Blue>" killed "{SCG} Uncle Doe<13><STEAM_0:1:31281166><Red>" with "tf_projectile_pipe_remote" (attacker_position "-5696 5847 -46") (victim_position "-5471 5306 -53")
L 03/20/2014 - 20:34:55: "Yes, this is spank bank<11><STEAM_0:0:30370489><Red>" say_team "two spies"
L 03/20/2014 - 20:34:58: "NikitaWolf<15><STEAM_0:0:55793028><Blue>" say "dann what hat is that"
L 03/20/2014 - 20:35:05: "Marti<6><STEAM_0:1:25251709><Red>" committed suicide with "loch_n_load" (attacker_position "-6743 5269 -95")
L 03/20/2014 - 20:35:06: "{SCG} Uncle Doe<13><STEAM_0:1:31281166><Red>" disconnected (reason "Disconnect by user.")
L 03/20/2014 - 20:35:08: "DannelorG<4><STEAM_0:1:20046983><Blue>" say "Can you hear me?"
L 03/20/2014 - 20:35:17: "NikitaWolf<15><STEAM_0:0:55793028><Blue>" say "mhm"
L 03/20/2014 - 20:35:20: "Dragon Ninja<14><STEAM_0:1:21819987><Blue>" triggered "medic_death" against "Yes, this is spank bank<11><STEAM_0:0:30370489><Red>" (healing "54") (ubercharge "0")
L 03/20/2014 - 20:35:20: "Dragon Ninja<14><STEAM_0:1:21819987><Blue>" killed "Yes, this is spank bank<11><STEAM_0:0:30370489><Red>" with "degreaser" (attacker_position "-6696 3559 96") (victim_position "-6647 3525 96")
L 03/20/2014 - 20:35:20: "Gord<10><STEAM_0:1:2327125><Blue>" triggered "kill assist" against "Yes, this is spank bank<11><STEAM_0:0:30370489><Red>" (assister_position "-6141 3861 32") (attacker_position "-6696 3559 96") (victim_position "-6647 3525 96")
L 03/20/2014 - 20:35:36: "{SCG} Metka Serket<16><STEAM_0:0:17889225><Red>" changed role to "pyro"
L 03/20/2014 - 20:35:36: "{SCG} Metka Serket<16><STEAM_0:0:17889225><Red>" committed suicide with "world" (attacker_position "-6963 3703 96")
L 03/20/2014 - 20:35:37: "Persi, the Neko God<12><STEAM_0:1:30286598><Blue>" killed "zikset f10d<5><STEAM_0:0:79938794><Red>" with "scattergun" (attacker_position "-5900 4413 97") (victim_position "-5671 4008 -52")
L 03/20/2014 - 20:35:37: "Dragon Ninja<14><STEAM_0:1:21819987><Blue>" triggered "kill assist" against "zikset f10d<5><STEAM_0:0:79938794><Red>" (assister_position "-5805 4011 46") (attacker_position "-5900 4413 97") (victim_position "-5671 4008 -52")
L 03/20/2014 - 20:35:37: "Yes, this is spank bank<11><STEAM_0:0:30370489><Red>" changed role to "scout"
L 03/20/2014 - 20:35:48: "{SCG} Metka Serket<16><STEAM_0:0:17889225><Red>" changed role to "medic"
L 03/20/2014 - 20:35:49: Team "Blue" triggered "pointcaptured" (cp "0") (cpname "Badwater_cap_1") (numcappers "2") (player1 "Gord<10><STEAM_0:1:2327125><Blue>") (position1 "-6047 4251 55") (player2 "Persi, the Neko God<12><STEAM_0:1:30286598><Blue>") (position2 "-6071 4339 55") 
L 03/20/2014 - 20:35:54: "Marti<6><STEAM_0:1:25251709><Red>" disconnected (reason "Disconnect by user.")
L 03/20/2014 - 20:36:02: "Persi, the Neko God<12><STEAM_0:1:30286598><Blue>" killed "Yes, this is spank bank<11><STEAM_0:0:30370489><Red>" with "scattergun" (attacker_position "-5121 3067 75") (victim_position "-5193 2630 184")
L 03/20/2014 - 20:36:03: "DannelorG<4><STEAM_0:1:20046983><Blue>" say "Bioshock infinite DLC only hat, untradable"
L 03/20/2014 - 20:36:08: "{SCG} Metka Serket<16><STEAM_0:0:17889225><Red>" triggered "medic_death" against "{SCG} Metka Serket<16><STEAM_0:0:17889225><Red>" (healing "0") (ubercharge "0")
L 03/20/2014 - 20:36:08: "{SCG} Metka Serket<16><STEAM_0:0:17889225><Red>" committed suicide with "world" (attacker_position "-5981 619 160")
L 03/20/2014 - 20:36:10: Team "Blue" triggered "pointcaptured" (cp "1") (cpname "Badwater_cap_4") (numcappers "1") (player1 "Dragon Ninja<14><STEAM_0:1:21819987><Blue>") (position1 "-5879 1421 -42") 
L 03/20/2014 - 20:36:10: World triggered "Round_Win" (winner "Blue")
L 03/20/2014 - 20:36:10: World triggered "Round_Length" (seconds "182.96")
L 03/20/2014 - 20:36:10: Team "Red" current score "0" with "4" players
L 03/20/2014 - 20:36:10: Team "Blue" current score "4" with "5" players
L 03/20/2014 - 20:36:11: "Dragon Ninja<14><STEAM_0:1:21819987><Blue>" killed "NikitaWolf<15><STEAM_0:0:55793028><Red>" with "degreaser" (attacker_position "-6016 1440 -88") (victim_position "-5968 1392 -88")
L 03/20/2014 - 20:36:11: "Persi, the Neko God<12><STEAM_0:1:30286598><Blue>" triggered "kill assist" against "NikitaWolf<15><STEAM_0:0:55793028><Red>" (assister_position "-5942 1789 96") (attacker_position "-6016 1440 -88") (victim_position "-5968 1392 -88")
L 03/20/2014 - 20:36:14: "Dragon Ninja<14><STEAM_0:1:21819987><Blue>" killed "zikset f10d<5><STEAM_0:0:79938794><Red>" with "degreaser" (attacker_position "-5525 1442 96") (victim_position "-5467 1476 96")
L 03/20/2014 - 20:36:14: "Yes, this is spank bank<11><STEAM_0:0:30370489><Red>" changed role to "soldier"
L 03/20/2014 - 20:36:14: "Shiny mew<19><STEAM_0:0:43768850><>" connected, address "67.190.235.102:27005"
L 03/20/2014 - 20:36:15: "Shiny mew<19><STEAM_0:0:43768850><>" STEAM USERID validated
L 03/20/2014 - 20:36:21: "NikitaWolf<15><STEAM_0:0:55793028><Red>" say "oh"
L 03/20/2014 - 20:36:22: "zikset f10d<5><STEAM_0:0:79938794><Red>" changed role to "pyro"
L 03/20/2014 - 20:36:25: World triggered "Round_Start"
L 03/20/2014 - 20:36:25: World triggered "Round_Setup_Begin"
L 03/20/2014 - 20:36:25: "DannelorG<4><STEAM_0:1:20046983><Blue>" joined team "Red"
L 03/20/2014 - 20:36:25: "zikset f10d<5><STEAM_0:0:79938794><Red>" joined team "Blue"
L 03/20/2014 - 20:36:25: "Bilby<8><STEAM_0:0:12379989><Blue>" joined team "Red"
L 03/20/2014 - 20:36:25: "Gord<10><STEAM_0:1:2327125><Blue>" joined team "Red"
L 03/20/2014 - 20:36:25: "Yes, this is spank bank<11><STEAM_0:0:30370489><Red>" joined team "Blue"
L 03/20/2014 - 20:36:25: "Persi, the Neko God<12><STEAM_0:1:30286598><Blue>" joined team "Red"
L 03/20/2014 - 20:36:25: "Dragon Ninja<14><STEAM_0:1:21819987><Blue>" joined team "Red"
L 03/20/2014 - 20:36:25: "NikitaWolf<15><STEAM_0:0:55793028><Red>" joined team "Blue"
L 03/20/2014 - 20:36:25: "{SCG} Metka Serket<16><STEAM_0:0:17889225><Red>" joined team "Blue"
L 03/20/2014 - 20:36:26: "Bilby<8><STEAM_0:0:12379989><Red>" committed suicide with "world" (attacker_position "-6971 326 191")
L 03/20/2014 - 20:36:30: "retrokidX13<18><STEAM_0:0:74457953><>" disconnected (reason "Disconnect by user.")
L 03/20/2014 - 20:36:35: "Marti<20><STEAM_0:1:25251709><>" connected, address "74.124.133.42:27007"
L 03/20/2014 - 20:36:35: "Marti<20><STEAM_0:1:25251709><>" STEAM USERID validated
L 03/20/2014 - 20:36:43: "FarDiamond3049<21><STEAM_0:0:54908227><>" connected, address "50.159.136.171:27005"
L 03/20/2014 - 20:36:43: "FarDiamond3049<21><STEAM_0:0:54908227><>" STEAM USERID validated
L 03/20/2014 - 20:36:48: "Marti<20><STEAM_0:1:25251709><>" entered the game
L 03/20/2014 - 20:36:57: "Marti<20><STEAM_0:1:25251709><Unassigned>" joined team "Blue"
L 03/20/2014 - 20:36:57: "Shiny mew<19><STEAM_0:0:43768850><>" entered the game
L 03/20/2014 - 20:36:58: "Marti<20><STEAM_0:1:25251709><Blue>" changed role to "heavyweapons"
L 03/20/2014 - 20:37:05: "Yes, this is spank bank<11><STEAM_0:0:30370489><Blue>" say "lol"
L 03/20/2014 - 20:37:14: "Shiny mew<19><STEAM_0:0:43768850><Unassigned>" joined team "Blue"
L 03/20/2014 - 20:37:16: "Shiny mew<19><STEAM_0:0:43768850><Blue>" changed role to "soldier"
L 03/20/2014 - 20:37:30: "NikitaWolf<15><STEAM_0:0:55793028><Blue>" changed role to "soldier"
L 03/20/2014 - 20:37:34: "Marti<20><STEAM_0:1:25251709><Blue>" changed role to "demoman"
L 03/20/2014 - 20:37:38: "FarDiamond3049<21><STEAM_0:0:54908227><>" entered the game
L 03/20/2014 - 20:37:40: World triggered "Round_Setup_End"
L 03/20/2014 - 20:37:42: "Bilby<8><STEAM_0:0:12379989><Red>" triggered "jarate_attack" against "zikset f10d<5><STEAM_0:0:79938794><Blue>" with "tf_weapon_jar" (attacker_position "-6268 6407 131") (victim_position "-6484 7431 -95")
L 03/20/2014 - 20:37:42: "Bilby<8><STEAM_0:0:12379989><Red>" triggered "jarate_attack" against "{SCG} Metka Serket<16><STEAM_0:0:17889225><Blue>" with "tf_weapon_jar" (attacker_position "-6268 6407 131") (victim_position "-6481 7459 -95")
L 03/20/2014 - 20:37:44: "Gord<10><STEAM_0:1:2327125><Red>" say "nice day for a/white wedding"
L 03/20/2014 - 20:37:44: server_cvar: "sm_nextmap" "ph_cargo_b7"
L 03/20/2014 - 20:37:45: "Bilby<8><STEAM_0:0:12379989><Red>" killed "Yes, this is spank bank<11><STEAM_0:0:30370489><Blue>" with "tf_projectile_arrow" (customkill "headshot") (attacker_position "-6246 6512 180") (victim_position "-6250 7516 -92")
L 03/20/2014 - 20:37:49: "{SCG} Metka Serket<16><STEAM_0:0:17889225><Blue>" triggered "chargedeployed"
L 03/20/2014 - 20:37:51: "Persi, the Neko God<12><STEAM_0:1:30286598><Red>" killed "zikset f10d<5><STEAM_0:0:79938794><Blue>" with "scattergun" (attacker_position "-5931 6484 -95") (victim_position "-6238 6469 -71")
L 03/20/2014 - 20:37:53: "Gord<10><STEAM_0:1:2327125><Red>" say "billy idol reference"
L 03/20/2014 - 20:37:54: "Marti<20><STEAM_0:1:25251709><Blue>" killed "Persi, the Neko God<12><STEAM_0:1:30286598><Red>" with "loch_n_load" (attacker_position "-5254 6151 -95") (victim_position "-5389 5983 -95")
L 03/20/2014 - 20:37:54: "zikset f10d<5><STEAM_0:0:79938794><Blue>" triggered "kill assist" against "Persi, the Neko God<12><STEAM_0:1:30286598><Red>" (assister_position "-6214 6476 -57") (attacker_position "-5254 6151 -95") (victim_position "-5389 5983 -95")
L 03/20/2014 - 20:38:00: "Bilby<8><STEAM_0:0:12379989><Red>" killed "Marti<20><STEAM_0:1:25251709><Blue>" with "bushwacka" (attacker_position "-6466 7261 -95") (victim_position "-6394 7247 -95")
L 03/20/2014 - 20:38:03: "Yes, this is spank bank<11><STEAM_0:0:30370489><Blue>" killed "Bilby<8><STEAM_0:0:12379989><Red>" with "liberty_launcher" (attacker_position "-6246 7104 -95") (victim_position "-6313 7090 -95")
L 03/20/2014 - 20:38:03: "{SCG} Metka Serket<16><STEAM_0:0:17889225><Blue>" triggered "kill assist" against "Bilby<8><STEAM_0:0:12379989><Red>" (assister_position "-6298 7493 -95") (attacker_position "-6246 7104 -95") (victim_position "-6313 7090 -95")
L 03/20/2014 - 20:38:07: "Gord<10><STEAM_0:1:2327125><Red>" say "YOU SHOULD BE"
L 03/20/2014 - 20:38:10: "Dragon Ninja<14><STEAM_0:1:21819987><Red>" disconnected (reason "Disconnect by user.")
L 03/20/2014 - 20:38:11: "zikset f10d<5><STEAM_0:0:79938794><Blue>" disconnected (reason "Disconnect by user.")
L 03/20/2014 - 20:38:13: "Yes, this is spank bank<11><STEAM_0:0:30370489><Blue>" killed "DannelorG<4><STEAM_0:1:20046983><Red>" with "liberty_launcher" (attacker_position "-6270 6122 -71") (victim_position "-5953 5939 -95")
L 03/20/2014 - 20:38:13: "{SCG} Metka Serket<16><STEAM_0:0:17889225><Blue>" triggered "kill assist" against "DannelorG<4><STEAM_0:1:20046983><Red>" (assister_position "-6407 6235 -71") (attacker_position "-6270 6122 -71") (victim_position "-5953 5939 -95")
L 03/20/2014 - 20:38:25: "Gord<10><STEAM_0:1:2327125><Red>" killed "Yes, this is spank bank<11><STEAM_0:0:30370489><Blue>" with "tf_projectile_pipe_remote" (attacker_position "-5864 5015 32") (victim_position "-6059 5389 -95")
L 03/20/2014 - 20:38:25: "Persi, the Neko God<12><STEAM_0:1:30286598><Red>" triggered "kill assist" against "Yes, this is spank bank<11><STEAM_0:0:30370489><Blue>" (assister_position "-6085 5003 32") (attacker_position "-5864 5015 32") (victim_position "-6059 5389 -95")
L 03/20/2014 - 20:38:33: "Marti<20><STEAM_0:1:25251709><Blue>" killed "Gord<10><STEAM_0:1:2327125><Red>" with "sword" (attacker_position "-5972 4484 -134") (victim_position "-5924 4487 -126")
L 03/20/2014 - 20:38:35: "Gord<10><STEAM_0:1:2327125><Red>" say "bioshock 1 was a good game"
L 03/20/2014 - 20:38:38: "FarDiamond3049<21><STEAM_0:0:54908227><Unassigned>" joined team "Spectator"
L 03/20/2014 - 20:38:41: "Tenda in Love<22><STEAM_0:1:2469108><>" connected, address "192.225.180.152:27005"
L 03/20/2014 - 20:38:41: "Tenda in Love<22><STEAM_0:1:2469108><>" STEAM USERID validated
L 03/20/2014 - 20:38:43: "Marti<20><STEAM_0:1:25251709><Blue>" killed "Persi, the Neko God<12><STEAM_0:1:30286598><Red>" with "loch_n_load" (attacker_position "-5800 4840 32") (victim_position "-6132 4853 32")
L 03/20/2014 - 20:38:44: "NikitaWolf<15><STEAM_0:0:55793028><Blue>" killed "Bilby<8><STEAM_0:0:12379989><Red>" with "dumpster_device" (attacker_position "-6748 5337 -95") (victim_position "-6842 5069 -95")
L 03/20/2014 - 20:38:44: "{SCG} Metka Serket<16><STEAM_0:0:17889225><Blue>" triggered "kill assist" against "Bilby<8><STEAM_0:0:12379989><Red>" (assister_position "-6615 5304 -95") (attacker_position "-6748 5337 -95") (victim_position "-6842 5069 -95")
L 03/20/2014 - 20:38:55: "FarDiamond3049<21><STEAM_0:0:54908227><Spectator>" joined team "Red"
L 03/20/2014 - 20:39:07: "Yes, this is spank bank<11><STEAM_0:0:30370489><Blue>" killed "DannelorG<4><STEAM_0:1:20046983><Red>" with "goomba" (attacker_position "-6389 3877 116") (victim_position "-6345 3885 34")
L 03/20/2014 - 20:39:09: "FarDiamond3049<21><STEAM_0:0:54908227><Red>" changed role to "scout"
L 03/20/2014 - 20:39:09: "{SCG} Metka Serket<16><STEAM_0:0:17889225><Blue>" triggered "chargedeployed"
L 03/20/2014 - 20:39:11: "Yes, this is spank bank<11><STEAM_0:0:30370489><Blue>" say "whoops"
L 03/20/2014 - 20:39:11: "Gord<10><STEAM_0:1:2327125><Red>" killed "Marti<20><STEAM_0:1:25251709><Blue>" with "persian_persuader" (attacker_position "-5203 3461 32") (victim_position "-5280 3481 32")
L 03/20/2014 - 20:39:19: "Gord<10><STEAM_0:1:2327125><Red>" killed "Shiny mew<19><STEAM_0:0:43768850><Blue>" with "tf_projectile_pipe_remote" (attacker_position "-5027 3082 32") (victim_position "-5050 3160 51")
L 03/20/2014 - 20:39:19: "Bilby<8><STEAM_0:0:12379989><Red>" triggered "jarate_attack" against "NikitaWolf<15><STEAM_0:0:55793028><Blue>" with "tf_weapon_jar" (attacker_position "-6914 3255 96") (victim_position "-6776 3384 97")
L 03/20/2014 - 20:39:21: "Bilby<8><STEAM_0:0:12379989><Red>" killed "NikitaWolf<15><STEAM_0:0:55793028><Blue>" with "bushwacka" (attacker_position "-6790 3246 96") (victim_position "-6804 3201 96")
L 03/20/2014 - 20:39:21: "Persi, the Neko God<12><STEAM_0:1:30286598><Red>" triggered "kill assist" against "NikitaWolf<15><STEAM_0:0:55793028><Blue>" (assister_position "-6912 2801 168") (attacker_position "-6790 3246 96") (victim_position "-6804 3201 96")
L 03/20/2014 - 20:39:22: "Shiny mew<19><STEAM_0:0:43768850><Blue>" say ">.>"
L 03/20/2014 - 20:39:25: "Bilby<8><STEAM_0:0:12379989><Red>" killed "Yes, this is spank bank<11><STEAM_0:0:30370489><Blue>" with "tf_projectile_arrow" (customkill "headshot") (attacker_position "-6445 3621 44") (victim_position "-5978 4560 48")
L 03/20/2014 - 20:39:32: "Marti<20><STEAM_0:1:25251709><Blue>" killed "Gord<10><STEAM_0:1:2327125><Red>" with "loch_n_load" (attacker_position "-5554 5168 -95") (victim_position "-5979 5025 32")
L 03/20/2014 - 20:39:32: "{SCG} Metka Serket<16><STEAM_0:0:17889225><Blue>" triggered "kill assist" against "Gord<10><STEAM_0:1:2327125><Red>" (assister_position "-5298 5171 -53") (attacker_position "-5554 5168 -95") (victim_position "-5979 5025 32")
L 03/20/2014 - 20:39:33: "Yes, this is spank bank<11><STEAM_0:0:30370489><Blue>" changed role to "sniper"
L 03/20/2014 - 20:39:35: "Bilby<8><STEAM_0:0:12379989><Red>" triggered "captureblocked" (cp "0") (cpname "Badwater_cap_1") (position "-6073 4351 55")
L 03/20/2014 - 20:39:38: "Persi, the Neko God<12><STEAM_0:1:30286598><Red>" triggered "captureblocked" (cp "0") (cpname "Badwater_cap_1") (position "-6085 4550 48")
L 03/20/2014 - 20:39:42: "Marti<20><STEAM_0:1:25251709><Blue>" killed "Persi, the Neko God<12><STEAM_0:1:30286598><Red>" with "sword" (attacker_position "-6006 3895 35") (victim_position "-6017 3810 32")
L 03/20/2014 - 20:39:47: "DannelorG<4><STEAM_0:1:20046983><Red>" triggered "captureblocked" (cp "0") (cpname "Badwater_cap_1") (position "-6130 4120 84")
L 03/20/2014 - 20:39:51: "Gord<10><STEAM_0:1:2327125><Red>" say "i killed you simply because i've had terrible luck shiny hunting today"
L 03/20/2014 - 20:39:52: "Tenda in Love<22><STEAM_0:1:2469108><>" entered the game
L 03/20/2014 - 20:39:53: "Gord<10><STEAM_0:1:2327125><Red>" changed role to "pyro"
L 03/20/2014 - 20:39:54: "NikitaWolf<15><STEAM_0:0:55793028><Blue>" killed "FarDiamond3049<21><STEAM_0:0:54908227><Red>" with "dumpster_device" (attacker_position "-5673 5496 -95") (victim_position "-5671 5673 -95")
L 03/20/2014 - 20:39:54: "{SCG} Metka Serket<16><STEAM_0:0:17889225><Blue>" triggered "kill assist" against "FarDiamond3049<21><STEAM_0:0:54908227><Red>" (assister_position "-5586 5089 -95") (attacker_position "-5673 5496 -95") (victim_position "-5671 5673 -95")
L 03/20/2014 - 20:40:02: "Tenda in Love<22><STEAM_0:1:2469108><Unassigned>" joined team "Blue"
L 03/20/2014 - 20:40:04: "Tenda in Love<22><STEAM_0:1:2469108><Blue>" changed role to "scout"
L 03/20/2014 - 20:40:08: Team "Blue" triggered "pointcaptured" (cp "0") (cpname "Badwater_cap_1") (numcappers "1") (player1 "{SCG} Metka Serket<16><STEAM_0:0:17889225><Blue>") (position1 "-5945 4406 55") 
L 03/20/2014 - 20:40:08: "Shiny mew<19><STEAM_0:0:43768850><Blue>" say ":l"
L 03/20/2014 - 20:40:11: "Shiny mew<19><STEAM_0:0:43768850><Blue>" changed role to "scout"
L 03/20/2014 - 20:40:16: "{SCG} Metka Serket<16><STEAM_0:0:17889225><Blue>" triggered "chargedeployed"
L 03/20/2014 - 20:40:19: "Yes, this is spank bank<11><STEAM_0:0:30370489><Blue>" killed "DannelorG<4><STEAM_0:1:20046983><Red>" with "sniperrifle" (customkill "headshot") (attacker_position "-4711 3635 27") (victim_position "-6857 3838 32")
L 03/20/2014 - 20:40:23: "Marti<20><STEAM_0:1:25251709><Blue>" killed "Bilby<8><STEAM_0:0:12379989><Red>" with "sword" (attacker_position "-6336 3118 288") (victim_position "-6384 3158 288")
L 03/20/2014 - 20:40:27: "FarDiamond3049<21><STEAM_0:0:54908227><Red>" changed role to "spy"
L 03/20/2014 - 20:40:27: "FarDiamond3049<21><STEAM_0:0:54908227><Red>" committed suicide with "world" (attacker_position "-6002 217 160")
L 03/20/2014 - 20:40:34: "Gord<10><STEAM_0:1:2327125><Red>" triggered "medic_death" against "{SCG} Metka Serket<16><STEAM_0:0:17889225><Blue>" (healing "2635") (ubercharge "0")
L 03/20/2014 - 20:40:34: "Gord<10><STEAM_0:1:2327125><Red>" killed "{SCG} Metka Serket<16><STEAM_0:0:17889225><Blue>" with "annihilator" (attacker_position "-6472 4387 -104") (victim_position "-6556 4376 -118")
L 03/20/2014 - 20:40:34: "Yes, this is spank bank<11><STEAM_0:0:30370489><Blue>" triggered "player_extinguished" against "NikitaWolf<15><STEAM_0:0:55793028><Blue>" with "tf_weapon_jar" (attacker_position "-6311 4369 -160") (victim_position "-6503 4343 -176")
L 03/20/2014 - 20:40:34: "Yes, this is spank bank<11><STEAM_0:0:30370489><Blue>" triggered "jarate_attack" against "Gord<10><STEAM_0:1:2327125><Red>" with "tf_weapon_jar" (attacker_position "-6311 4369 -160") (victim_position "-6491 4354 -26")
L 03/20/2014 - 20:40:38: "Yes, this is spank bank<11><STEAM_0:0:30370489><Blue>" killed "Gord<10><STEAM_0:1:2327125><Red>" with "bushwacka" (attacker_position "-6523 4307 -174") (victim_position "-6511 4264 -158")
L 03/20/2014 - 20:40:43: "Gord<10><STEAM_0:1:2327125><Red>" say "god damn invincible doves"
L 03/20/2014 - 20:40:46: "Persi, the Neko God<12><STEAM_0:1:30286598><Red>" killed "NikitaWolf<15><STEAM_0:0:55793028><Blue>" with "scattergun" (attacker_position "-6873 3111 96") (victim_position "-6827 3360 97")
L 03/20/2014 - 20:40:54: "Bilby<8><STEAM_0:0:12379989><Red>" triggered "jarate_attack" against "Yes, this is spank bank<11><STEAM_0:0:30370489><Blue>" with "tf_weapon_jar" (attacker_position "-6765 2782 96") (victim_position "-6944 3409 96")
L 03/20/2014 - 20:40:56: "Marti<20><STEAM_0:1:25251709><Blue>" killed "Persi, the Neko God<12><STEAM_0:1:30286598><Red>" with "sword" (attacker_position "-5555 3118 288") (victim_position "-5564 3124 288")
L 03/20/2014 - 20:40:56: "Marti<20><STEAM_0:1:25251709><Blue>" triggered "domination" against "Persi, the Neko God<12><STEAM_0:1:30286598><Red>"
L 03/20/2014 - 20:40:58: "NikitaWolf<15><STEAM_0:0:55793028><Blue>" say "lol"
L 03/20/2014 - 20:40:58: "Yes, this is spank bank<11><STEAM_0:0:30370489><Blue>" triggered "jarate_attack" against "Bilby<8><STEAM_0:0:12379989><Red>" with "tf_weapon_jar" (attacker_position "-6730 3163 96") (victim_position "-6653 3205 96")
L 03/20/2014 - 20:40:59: "Bilby<8><STEAM_0:0:12379989><Red>" killed "Yes, this is spank bank<11><STEAM_0:0:30370489><Blue>" with "bushwacka" (attacker_position "-6777 3286 96") (victim_position "-6829 3288 129")
L 03/20/2014 - 20:41:09: "Bilby<8><STEAM_0:0:12379989><Red>" triggered "medic_death" against "{SCG} Metka Serket<16><STEAM_0:0:17889225><Blue>" (healing "171") (ubercharge "0")
L 03/20/2014 - 20:41:09: "Bilby<8><STEAM_0:0:12379989><Red>" killed "{SCG} Metka Serket<16><STEAM_0:0:17889225><Blue>" with "bushwacka" (attacker_position "-6814 4448 -176") (victim_position "-6862 4423 -183")
L 03/20/2014 - 20:41:16: "Gord<10><STEAM_0:1:2327125><Red>" killed "Shiny mew<19><STEAM_0:0:43768850><Blue>" with "annihilator" (attacker_position "-5922 1360 -88") (victim_position "-5926 1314 -88")
L 03/20/2014 - 20:41:17: "Bilby<8><STEAM_0:0:12379989><Red>" killed "NikitaWolf<15><STEAM_0:0:55793028><Blue>" with "tf_projectile_arrow" (customkill "headshot") (attacker_position "-5926 3764 32") (victim_position "-6003 4606 48")
L 03/20/2014 - 20:41:20: "Bilby<8><STEAM_0:0:12379989><Red>" killed "Yes, this is spank bank<11><STEAM_0:0:30370489><Blue>" with "bushwacka" (attacker_position "-5852 3684 32") (victim_position "-5931 3681 32")
L 03/20/2014 - 20:41:29: "Bilby<8><STEAM_0:0:12379989><Red>" killed "Tenda in Love<22><STEAM_0:1:2469108><Blue>" with "tf_projectile_arrow" (customkill "headshot") (attacker_position "-6818 2455 96") (victim_position "-6830 2795 96")
L 03/20/2014 - 20:41:50: "Marti<20><STEAM_0:1:25251709><Blue>" killed "Gord<10><STEAM_0:1:2327125><Red>" with "sword" (attacker_position "-6622 2636 288") (victim_position "-6617 2596 288")
L 03/20/2014 - 20:41:50: "{SCG} Metka Serket<16><STEAM_0:0:17889225><Blue>" triggered "kill assist" against "Gord<10><STEAM_0:1:2327125><Red>" (assister_position "-6560 3124 288") (attacker_position "-6622 2636 288") (victim_position "-6617 2596 288")
L 03/20/2014 - 20:41:52: "Bilby<8><STEAM_0:0:12379989><Red>" triggered "jarate_attack" against "Tenda in Love<22><STEAM_0:1:2469108><Blue>" with "tf_weapon_jar" (attacker_position "-6316 3765 32") (victim_position "-6309 3813 32")
L 03/20/2014 - 20:41:56: "Marti<20><STEAM_0:1:25251709><Blue>" killed "Persi, the Neko God<12><STEAM_0:1:30286598><Red>" with "loch_n_load" (attacker_position "-5882 3178 288") (victim_position "-6690 3041 288")
L 03/20/2014 - 20:41:56: "{SCG} Metka Serket<16><STEAM_0:0:17889225><Blue>" triggered "kill assist" against "Persi, the Neko God<12><STEAM_0:1:30286598><Red>" (assister_position "-6056 3118 288") (attacker_position "-5882 3178 288") (victim_position "-6690 3041 288")
L 03/20/2014 - 20:41:58: "Bilby<8><STEAM_0:0:12379989><Red>" killed "Tenda in Love<22><STEAM_0:1:2469108><Blue>" with "bushwacka" (attacker_position "-6020 3648 32") (victim_position "-6013 3702 32")
L 03/20/2014 - 20:42:04: Team "Blue" triggered "pointcaptured" (cp "1") (cpname "Badwater_cap_4") (numcappers "1") (player1 "Shiny mew<19><STEAM_0:0:43768850><Blue>") (position1 "-6010 1353 -88") 
L 03/20/2014 - 20:42:04: World triggered "Round_Win" (winner "Blue")
L 03/20/2014 - 20:42:04: World triggered "Round_Length" (seconds "339.14")
L 03/20/2014 - 20:42:04: Team "Red" current score "4" with "5" players
L 03/20/2014 - 20:42:04: Team "Blue" current score "2" with "6" players
L 03/20/2014 - 20:42:06: "Marti<20><STEAM_0:1:25251709><Blue>" killed "Bilby<8><STEAM_0:0:12379989><Red>" with "sword" (attacker_position "-7012 2252 283") (victim_position "-6964 2270 265")
L 03/20/2014 - 20:42:07: "NikitaWolf<15><STEAM_0:0:55793028><Blue>" killed "FarDiamond3049<21><STEAM_0:0:54908227><Red>" with "fryingpan" (attacker_position "-4840 5824 80") (victim_position "-4825 5735 80")
L 03/20/2014 - 20:42:13: "Tenda in Love<22><STEAM_0:1:2469108><Blue>" say "nextmap"
L 03/20/2014 - 20:42:15: "NikitaWolf<15><STEAM_0:0:55793028><Blue>" killed "DannelorG<4><STEAM_0:1:20046983><Red>" with "fryingpan" (attacker_position "-4714 5959 80") (victim_position "-4753 6005 80")
L 03/20/2014 - 20:42:19: World triggered "Game_Over" reason "Reached Time Limit"
L 03/20/2014 - 20:42:19: Team "Red" final score "4" with "5" players
L 03/20/2014 - 20:42:19: Team "Blue" final score "2" with "6" players
L 03/20/2014 - 20:42:23: "{SCG} Metka Serket<16><STEAM_0:0:17889225><Blue>" disconnected (reason "Disconnect by user.")
L 03/20/2014 - 20:42:23: "NikitaWolf<15><STEAM_0:0:55793028><Blue>" say "lol"
L 03/20/2014 - 20:42:26: "NikitaWolf<15><STEAM_0:0:55793028><Blue>" disconnected (reason "Disconnect by user.")
L 03/20/2014 - 20:42:29: [META] Loaded 0 plugins (4 already loaded)
L 03/20/2014 - 20:42:29: [META] Loaded 0 plugins (4 already loaded)
L 03/20/2014 - 20:42:29: Loading map "ph_cargo_b7"
L 03/20/2014 - 20:42:29: server cvars start
L 03/20/2014 - 20:42:29: "sm_uberspawn" = "1.0"
L 03/20/2014 - 20:42:29: "ufov_version" = "1.2.0"
L 03/20/2014 - 20:42:29: "scp_version" = "1.1.5"
L 03/20/2014 - 20:42:29: "rainbowize_version" = "1.6.2"
L 03/20/2014 - 20:42:29: "improved_map_randomizer_version" = "3.4.5"
L 03/20/2014 - 20:42:29: "sm_executeconfigs_version" = "1.2.2"
L 03/20/2014 - 20:42:29: "sm_mapcron_version" = "1.2 RC"
L 03/20/2014 - 20:42:29: "sm_buildrestrict_version" = "0.5.5"
L 03/20/2014 - 20:42:29: "sm_namechangeinfo_version" = "13.0918.1"
L 03/20/2014 - 20:42:29: "sm_tf2ii_version" = "1.8.17.4-20130729"
L 03/20/2014 - 20:42:29: "nativevotes_version" = "0.8.1"
L 03/20/2014 - 20:42:29: "sm_commandcooldowns_version" = "14.0222.0"
L 03/20/2014 - 20:42:29: "sm_tnounlockspls_version" = "0.4.8"
L 03/20/2014 - 20:42:29: "sm_srvcln_version" = "1.2.2"
L 03/20/2014 - 20:42:29: "swapteam_version" = "1.2.5"
L 03/20/2014 - 20:42:29: "scme_version" = "1.0.0"
L 03/20/2014 - 20:42:29: "sm_tnounlockspls_noext_version" = "0.4.0"
L 03/20/2014 - 20:42:29: "sm_fakeandforce_version" = "2.0"
L 03/20/2014 - 20:42:29: "sourcecomms_version" = "0.8.253"
L 03/20/2014 - 20:42:29: "nativevotes_basevotes_version" = "1.5.2"
L 03/20/2014 - 20:42:29: "sb_version" = "1.4.8"
L 03/20/2014 - 20:42:29: "basicdonator_recog_v" = "0.5"
L 03/20/2014 - 20:42:29: "fw_money_balance" = "1000"
L 03/20/2014 - 20:42:29: "fw_money_destroy_sentry" = "75"
L 03/20/2014 - 20:42:29: "fw_money_destroy_dispenser" = "75"
L 03/20/2014 - 20:42:29: "fw_money_backstab" = "50"
L 03/20/2014 - 20:42:29: "fw_money_headshot" = "50"
L 03/20/2014 - 20:42:29: "fw_money_domination" = "300"
L 03/20/2014 - 20:42:29: "fw_money_kill" = "100"
L 03/20/2014 - 20:42:29: "fw_money_win" = "1000"
L 03/20/2014 - 20:42:29: "fw_money_start" = "1000"
L 03/20/2014 - 20:42:29: "fw_unlock_menu_style" = "1"
L 03/20/2014 - 20:42:29: "fw_lulz" = "0"
L 03/20/2014 - 20:42:29: "fw_no_limit_time" = "60"
L 03/20/2014 - 20:42:29: "fw_setup_time" = "-1"
L 03/20/2014 - 20:42:29: "fw_prop_shadows" = "1"
L 03/20/2014 - 20:42:29: "fw_prop_health_multipler" = "1"
L 03/20/2014 - 20:42:29: "fw_stuck_protection" = "1"
L 03/20/2014 - 20:42:29: "fw_custom_spawn" = "0"
L 03/20/2014 - 20:42:29: "fw_spawn_protection" = "2.5"
L 03/20/2014 - 20:42:29: "fw_props_per_player_admin" = "70"
L 03/20/2014 - 20:42:29: "fw_props_per_player" = "70"
L 03/20/2014 - 20:42:29: "fw_props_per_team" = "250"
L 03/20/2014 - 20:42:29: "fw_maps" = "1"
L 03/20/2014 - 20:42:29: "fw_sql" = "1"
L 03/20/2014 - 20:42:29: "fw_version" = "6.52"
L 03/20/2014 - 20:42:29: "sm_testingtime_version" = "1.2"
L 03/20/2014 - 20:42:29: "stockmodels_version" = "1.0"
L 03/20/2014 - 20:42:29: "tf_models_list" = "tf2_modellist"
L 03/20/2014 - 20:42:29: "tf_models_blocktriggers" = "1"
L 03/20/2014 - 20:42:29: "tf_models_delayonspawn" = "0.1"
L 03/20/2014 - 20:42:29: "tf_models_force_admins" = "0"
L 03/20/2014 - 20:42:29: "tf_models_force_users" = "0"
L 03/20/2014 - 20:42:29: "tf_models_announce_plugin" = "1"
L 03/20/2014 - 20:42:29: "tf_models_announce" = "1"
L 03/20/2014 - 20:42:29: "tf_models_admin_override" = "0"
L 03/20/2014 - 20:42:29: "tf_models_admin_flags" = "b"
L 03/20/2014 - 20:42:29: "tf_models_version" = "1.0.3"
L 03/20/2014 - 20:42:29: "adsql_serverid" = "tf2rainbow"
L 03/20/2014 - 20:42:29: "adsql_version" = "2.4.0"
L 03/20/2014 - 20:42:29: "sm_redirect_version" = "1.2"
L 03/20/2014 - 20:42:29: "sm_snake_version" = "1.0"
L 03/20/2014 - 20:42:29: "webshortcutsredux_version" = "1.1"
L 03/20/2014 - 20:42:29: "sm_speechfun_version" = "1.0.2"
L 03/20/2014 - 20:42:29: "sm_hatremoval_version" = "1.1a"
L 03/20/2014 - 20:42:29: "sm_helpmenu_version" = "0.3"
L 03/20/2014 - 20:42:29: "sm_tnounlockspls_announce_version" = "0.4.0"
L 03/20/2014 - 20:42:29: "dts_version" = "1.1"
L 03/20/2014 - 20:42:29: "sm_cannounce_version" = "1.2"
L 03/20/2014 - 20:42:29: "fcg_version" = "1.1"
L 03/20/2014 - 20:42:29: "tf2attributes_version" = "1.1.1"
L 03/20/2014 - 20:42:29: "sm_resize_version" = "1.4.0"
L 03/20/2014 - 20:42:29: "sm_evilrocket_version" = "1.0.110"
L 03/20/2014 - 20:42:29: "sentryfun_version" = "1.3"
L 03/20/2014 - 20:42:29: "sentryfun_enabled" = "1"
L 03/20/2014 - 20:42:29: "sm_tf_maxclass" = "99999"
L 03/20/2014 - 20:42:29: "sm_textreplacer_version" = "0.2"
L 03/20/2014 - 20:42:29: "sm_gscramble_version" = "3.0.13"
L 03/20/2014 - 20:42:29: "gs_enabled" = "1"
L 03/20/2014 - 20:42:29: "sm_rtrigs" = "1"
L 03/20/2014 - 20:42:29: "sm_rtrigs_version" = "1.10"
L 03/20/2014 - 20:42:29: "tf2_decap_ver" = "1.0"
L 03/20/2014 - 20:42:29: "highfiveenemy_version" = "1.0"
L 03/20/2014 - 20:42:29: "sm_tnounlockspls_tf2items_version" = "0.4.0"
L 03/20/2014 - 20:42:29: "tfh_valentines" = "0"
L 03/20/2014 - 20:42:29: "tfh_meetthepyro" = "0"
L 03/20/2014 - 20:42:29: "tfh_winter" = "1"
L 03/20/2014 - 20:42:29: "tfh_birthday" = "0"
L 03/20/2014 - 20:42:29: "tfh_fullmoon" = "1"
L 03/20/2014 - 20:42:29: "tfh_halloween" = "-1"
L 03/20/2014 - 20:42:29: "tfh_use_overrides" = "1"
L 03/20/2014 - 20:42:29: "tfh_enabled" = "1"
L 03/20/2014 - 20:42:29: "tfh_version" = "1.8.1"
L 03/20/2014 - 20:42:29: "sm_customvotes_version" = "1.0"
L 03/20/2014 - 20:42:29: "sm_rtd_version" = "0.4.3.2"
L 03/20/2014 - 20:42:29: "sm_tnounlockspls_menu_version" = "0.4.0"
L 03/20/2014 - 20:42:29: "lights_version" = "0.6"
L 03/20/2014 - 20:42:29: "sm_downloader_version" = "1.4"
L 03/20/2014 - 20:42:29: "sm_spec_players" = "1"
L 03/20/2014 - 20:42:29: "sm_funcommandsx_version" = "2.3"
L 03/20/2014 - 20:42:29: "sm_adminlistmenu_version" = "1.0"
L 03/20/2014 - 20:42:29: "tf2items_manager" = "1"
L 03/20/2014 - 20:42:29: "tf2items_manager_version" = "1.4.1"
L 03/20/2014 - 20:42:29: "sm_respawn_override_version" = "1.0.1-20131019"
L 03/20/2014 - 20:42:29: "sm_setspeed_log" = "1"
L 03/20/2014 - 20:42:29: "sm_setspeed_chat" = "1"
L 03/20/2014 - 20:42:29: "sm_setspeed_version" = "1.3.1"
L 03/20/2014 - 20:42:29: "sm_spray_version" = "5.8a"
L 03/20/2014 - 20:42:29: "goomba_version" = "2.0.2"
L 03/20/2014 - 20:42:29: "sm_adminsmite_version" = "2.1"
L 03/20/2014 - 20:42:29: "mc_version" = "1.1.1"
L 03/20/2014 - 20:42:29: "sm_setplayerclass_version" = "1.0.1"
L 03/20/2014 - 20:42:29: "sm_tetris_version" = "1.0"
L 03/20/2014 - 20:42:29: "sm_hdmgtracker_version" = "1.2.2"
L 03/20/2014 - 20:42:29: "cid_mintime" = "10.0"
L 03/20/2014 - 20:42:29: "cid_maxdist" = "10000.0"
L 03/20/2014 - 20:42:29: "cid_enabled" = "1"
L 03/20/2014 - 20:42:29: "cid_version" = "1.1"
L 03/20/2014 - 20:42:29: "basicdonator_version" = "0.8"
L 03/20/2014 - 20:42:29: "sm_afkm_version" = "3.5.2"
L 03/20/2014 - 20:42:29: "sgadmins_version" = "1.2.0"
L 03/20/2014 - 20:42:29: "melee_version" = "0.4.1"
L 03/20/2014 - 20:42:29: "sm_pregame_slaughter_version" = "1.0.5.1"
L 03/20/2014 - 20:42:29: "fc_version" = "2.0"
L 03/20/2014 - 20:42:29: "jinglenotify_version" = "1.0.0"
L 03/20/2014 - 20:42:29: "sm_tf_captoggle" = "0.0.3"
L 03/20/2014 - 20:42:29: "sm_ignorelist_version" = "0x02"
L 03/20/2014 - 20:42:29: "tf2items_giveweapon_version" = "3.14159"
L 03/20/2014 - 20:42:29: "sm_bsd_version" = "2.0.0"
L 03/20/2014 - 20:42:29: "sm_rweapons_version" = "1.3"
L 03/20/2014 - 20:42:29: "sm_commanddump_version" = "1.1.0"
L 03/20/2014 - 20:42:29: "store_version" = "1.1-alpha"
L 03/20/2014 - 20:42:29: "sm_allchat_version" = "1.1.1"
L 03/20/2014 - 20:42:29: "sm_classrestrict_version" = "0.6"
L 03/20/2014 - 20:42:29: "sm_playersvotes_redux_version" = "1.3"
L 03/20/2014 - 20:42:29: "steamtools_version" = "0.8.3"
L 03/20/2014 - 20:42:29: "tf2items_version" = "1.6.0"
L 03/20/2014 - 20:42:29: "stripper_version" = "1.2.2"
L 03/20/2014 - 20:42:29: "sm_nextmap" = "ph_cargo_b7"
L 03/20/2014 - 20:42:29: "sourcemod_version" = "1.5.3-dev+4004"
L 03/20/2014 - 20:42:29: "metamod_version" = "1.10.1-devV"
L 03/20/2014 - 20:42:29: "tf_playergib" = "1"
L 03/20/2014 - 20:42:29: "tf_allow_player_use" = "0"
L 03/20/2014 - 20:42:29: "tf_mvm_death_penalty" = "0"
L 03/20/2014 - 20:42:29: "sv_maxusrcmdprocessticks" = "24"
L 03/20/2014 - 20:42:29: "mp_teamplay" = "0"
L 03/20/2014 - 20:42:29: "mp_falldamage" = "0"
L 03/20/2014 - 20:42:29: "mp_weaponstay" = "0"
L 03/20/2014 - 20:42:29: "mp_forcerespawn" = "1"
L 03/20/2014 - 20:42:29: "mp_footsteps" = "1"
L 03/20/2014 - 20:42:29: "mp_flashlight" = "1"
L 03/20/2014 - 20:42:29: "mp_autocrosshair" = "1"
L 03/20/2014 - 20:42:29: "decalfrequency" = "10"
L 03/20/2014 - 20:42:29: "mp_teamlist" = "hgrunt;scientist"
L 03/20/2014 - 20:42:29: "mp_allowNPCs" = "1"
L 03/20/2014 - 20:42:29: "sv_alltalk" = "1"
L 03/20/2014 - 20:42:29: "tf_weapon_criticals" = "1"
L 03/20/2014 - 20:42:29: "tf_damage_disablespread" = "1"
L 03/20/2014 - 20:42:29: "tf_player_name_change_time" = "60"
L 03/20/2014 - 20:42:29: "tf_force_holidays_off" = "0"
L 03/20/2014 - 20:42:29: "tf_birthday" = "0"
L 03/20/2014 - 20:42:29: "mp_tournament_stopwatch" = "1"
L 03/20/2014 - 20:42:29: "mp_windifference" = "0"
L 03/20/2014 - 20:42:29: "mp_windifference_min" = "0"
L 03/20/2014 - 20:42:29: "tf_medieval" = "0"
L 03/20/2014 - 20:42:29: "tf_medieval_autorp" = "1"
L 03/20/2014 - 20:42:29: "tf_arena_force_class" = "0"
L 03/20/2014 - 20:42:29: "tf_arena_change_limit" = "1"
L 03/20/2014 - 20:42:29: "tf_arena_override_cap_enable_time" = "-1"
L 03/20/2014 - 20:42:29: "tf_arena_first_blood" = "1"
L 03/20/2014 - 20:42:29: "tf_mvm_min_players_to_start" = "3"
L 03/20/2014 - 20:42:29: "tf_gamemode_arena" = "0"
L 03/20/2014 - 20:42:29: "tf_gamemode_cp" = "1"
L 03/20/2014 - 20:42:29: "tf_gamemode_ctf" = "0"
L 03/20/2014 - 20:42:29: "tf_gamemode_sd" = "0"
L 03/20/2014 - 20:42:29: "tf_gamemode_payload" = "0"
L 03/20/2014 - 20:42:29: "tf_gamemode_mvm" = "0"
L 03/20/2014 - 20:42:29: "tf_bot_count" = "0"
L 03/20/2014 - 20:42:29: "tf_teamtalk" = "0"
L 03/20/2014 - 20:42:29: "tf_ctf_bonus_time" = "10"
L 03/20/2014 - 20:42:29: "tf_maxspeed" = "400"
L 03/20/2014 - 20:42:29: "tf_max_charge_speed" = "750"
L 03/20/2014 - 20:42:29: "tf_use_fixed_weaponspreads" = "0"
L 03/20/2014 - 20:42:29: "tf_overtime_nag" = "0"
L 03/20/2014 - 20:42:29: "mp_tournament" = "0"
L 03/20/2014 - 20:42:29: "mp_highlander" = "0"
L 03/20/2014 - 20:42:29: "tf_arena_preround_time" = "10"
L 03/20/2014 - 20:42:29: "tf_arena_round_time" = "0"
L 03/20/2014 - 20:42:29: "tf_arena_max_streak" = "0"
L 03/20/2014 - 20:42:29: "tf_arena_use_queue" = "0"
L 03/20/2014 - 20:42:29: "mp_teams_unbalance_limit" = "1"
L 03/20/2014 - 20:42:29: "mp_maxrounds" = "0"
L 03/20/2014 - 20:42:29: "mp_winlimit" = "0"
L 03/20/2014 - 20:42:29: "mp_disable_respawn_times" = "0"
L 03/20/2014 - 20:42:29: "mp_stalemate_meleeonly" = "0"
L 03/20/2014 - 20:42:29: "mp_forceautoteam" = "0"
L 03/20/2014 - 20:42:29: "mp_autoteambalance" = "0"
L 03/20/2014 - 20:42:29: "mp_stalemate_enable" = "1"
L 03/20/2014 - 20:42:29: "mp_match_end_at_timelimit" = "0"
L 03/20/2014 - 20:42:29: "mp_holiday_nogifts" = "0"
L 03/20/2014 - 20:42:29: "mp_scrambleteams_auto" = "0"
L 03/20/2014 - 20:42:29: "mp_scrambleteams_auto_windifference" = "2"
L 03/20/2014 - 20:42:29: "mp_timelimit" = "30"
L 03/20/2014 - 20:42:29: "mp_fraglimit" = "0"
L 03/20/2014 - 20:42:29: "nextlevel" = ""
L 03/20/2014 - 20:42:29: "sv_gravity" = "800"
L 03/20/2014 - 20:42:29: "sv_stopspeed" = "100"
L 03/20/2014 - 20:42:29: "sv_noclipaccelerate" = "5"
L 03/20/2014 - 20:42:29: "sv_noclipspeed" = "5"
L 03/20/2014 - 20:42:29: "sv_specaccelerate" = "5"
L 03/20/2014 - 20:42:29: "sv_specspeed" = "3"
L 03/20/2014 - 20:42:29: "sv_specnoclip" = "1"
L 03/20/2014 - 20:42:29: "sv_maxspeed" = "320"
L 03/20/2014 - 20:42:29: "sv_accelerate" = "10"
L 03/20/2014 - 20:42:29: "sv_airaccelerate" = "10"
L 03/20/2014 - 20:42:29: "sv_wateraccelerate" = "10"
L 03/20/2014 - 20:42:29: "sv_waterfriction" = "1"
L 03/20/2014 - 20:42:29: "sv_footsteps" = "1"
L 03/20/2014 - 20:42:29: "sv_rollspeed" = "200"
L 03/20/2014 - 20:42:29: "sv_rollangle" = "0"
L 03/20/2014 - 20:42:29: "sv_friction" = "4"
L 03/20/2014 - 20:42:29: "sv_bounce" = "0"
L 03/20/2014 - 20:42:29: "sv_stepsize" = "18"
L 03/20/2014 - 20:42:29: "r_VehicleViewDampen" = "1"
L 03/20/2014 - 20:42:29: "r_JeepViewDampenFreq" = "7.0"
L 03/20/2014 - 20:42:29: "r_JeepViewDampenDamp" = "1.0"
L 03/20/2014 - 20:42:29: "r_JeepViewZHeight" = "10.0"
L 03/20/2014 - 20:42:29: "r_AirboatViewDampenFreq" = "7.0"
L 03/20/2014 - 20:42:29: "r_AirboatViewDampenDamp" = "1.0"
L 03/20/2014 - 20:42:29: "r_AirboatViewZHeight" = "0.0"
L 03/20/2014 - 20:42:29: "mp_fadetoblack" = "0"
L 03/20/2014 - 20:42:29: "tf_mm_servermode" = "0"
L 03/20/2014 - 20:42:29: "tf_mm_strict" = "0"
L 03/20/2014 - 20:42:29: "tf_mm_trusted" = "0"
L 03/20/2014 - 20:42:29: "tf_server_identity_disable_quickplay" = "0"
L 03/20/2014 - 20:42:29: "sv_registration_successful" = "1"
L 03/20/2014 - 20:42:29: "sv_registration_message" = ""
L 03/20/2014 - 20:42:29: "sv_steamgroup" = ""
L 03/20/2014 - 20:42:29: "sv_cheats" = "0"
L 03/20/2014 - 20:42:29: "sv_pausable" = "0"
L 03/20/2014 - 20:42:29: "sv_contact" = "theoneandonly@rowedahelicon.com"
L 03/20/2014 - 20:42:29: "sv_voiceenable" = "1"
L 03/20/2014 - 20:42:29: "tv_enable" = "0"
L 03/20/2014 - 20:42:29: "deathmatch" = "1"
L 03/20/2014 - 20:42:29: "coop" = "0"
L 03/20/2014 - 20:42:29: "tv_password" = ""
L 03/20/2014 - 20:42:29: "tv_relaypassword" = ""
L 03/20/2014 - 20:42:29: "sv_password" = ""
L 03/20/2014 - 20:42:29: server cvars end
L 03/20/2014 - 20:42:30: Started map "ph_cargo_b7" (CRC "36c445b532c4f7fa8ca08c5e7215a6b1")
L 03/20/2014 - 20:42:30: Executing dedicated server config file server.cfg
L 03/20/2014 - 20:42:35: server_cvar: "tf_gamemode_cp" "0"
L 03/20/2014 - 20:42:35: server_cvar: "tf_gamemode_arena" "1"
L 03/20/2014 - 20:42:36: WARNING: ClientActive, but we don't know his SteamID?
L 03/20/2014 - 20:42:36: "Replay 2: The Replayening<2><BOT><>" entered the game
L 03/20/2014 - 20:42:36: "Replay 2: The Replayening<2><BOT><Unassigned>" joined team "Spectator"
L 03/20/2014 - 20:42:36: server_cvar: "tf_models_list" "TF2_ItemList"
L 03/20/2014 - 20:42:36: server_cvar: "mp_autoteambalance" "1"
L 03/20/2014 - 20:42:36: server_cvar: "tf_models_list" "tf2_modellist"
L 03/20/2014 - 20:42:36: STEAMAUTH: Client Yes, this is spank bank received failure code 6
L 03/20/2014 - 20:42:36: "Yes, this is spank bank<11><STEAM_0:0:30370489><>" disconnected (reason "Client left game (Steam auth ticket has been canceled)
")
L 03/20/2014 - 20:42:36: server_cvar: "mp_timelimit" "18"
L 03/20/2014 - 20:42:36: server_cvar: "sm_rtrigs" "0"
L 03/20/2014 - 20:42:36: server_cvar: "sm_nextmap" "cp_boulder_v5"
L 03/20/2014 - 20:42:42: server_cvar: "sv_gravity" "500"
L 03/20/2014 - 20:42:42: server_cvar: "tf_arena_override_cap_enable_time" "3600"
L 03/20/2014 - 20:42:42: "Tenda in Love<22><STEAM_0:1:2469108><>" disconnected (reason "Disconnect by user.")
L 03/20/2014 - 20:42:50: "Persi, the Neko God<12><STEAM_0:1:30286598><>" entered the game
L 03/20/2014 - 20:42:51: "Gord<10><STEAM_0:1:2327125><>" entered the game
L 03/20/2014 - 20:42:52: server_cvar: "mp_disable_respawn_times" "1"
L 03/20/2014 - 20:42:58: "Persi, the Neko God<12><STEAM_0:1:30286598><Unassigned>" joined team "Blue"
L 03/20/2014 - 20:42:59: "Persi, the Neko God<12><STEAM_0:1:30286598><Blue>" changed role to "demoman"
L 03/20/2014 - 20:43:01: "Gord<10><STEAM_0:1:2327125><Unassigned>" joined team "Red"
L 03/20/2014 - 20:43:02: "Persi, the Neko God<12><STEAM_0:1:30286598><Blue>" changed role to "pyro"
L 03/20/2014 - 20:43:02: World triggered "Round_Win" (winner "Blue")
L 03/20/2014 - 20:43:02: World triggered "Round_Length" (seconds "20.01")
L 03/20/2014 - 20:43:02: Team "Red" current score "0" with "1" players
L 03/20/2014 - 20:43:02: Team "Blue" current score "1" with "1" players
L 03/20/2014 - 20:43:03: "Gord<10><STEAM_0:1:2327125><Red>" changed role to "scout"
L 03/20/2014 - 20:43:14: "FarDiamond3049<21><STEAM_0:0:54908227><>" entered the game
L 03/20/2014 - 20:43:15: "Gord<10><STEAM_0:1:2327125><Red>" say "gord damn this level is impossible for hunters"
L 03/20/2014 - 20:43:17: "Gord<10><STEAM_0:1:2327125><Red>" joined team "Blue"
L 03/20/2014 - 20:43:17: "Persi, the Neko God<12><STEAM_0:1:30286598><Blue>" joined team "Red"
L 03/20/2014 - 20:43:17: World triggered "Round_Start"
L 03/20/2014 - 20:43:19: "{SCG} Metka Serket<23><STEAM_0:0:17889225><>" connected, address "90.223.155.227:27005"
L 03/20/2014 - 20:43:19: "{SCG} Metka Serket<23><STEAM_0:0:17889225><>" STEAM USERID validated
L 03/20/2014 - 20:43:26: "Persi, the Neko God<12><STEAM_0:1:30286598><Red>" say "Want a free strange part? :v"
L 03/20/2014 - 20:43:27: "Shiny mew<19><STEAM_0:0:43768850><>" entered the game
L 03/20/2014 - 20:43:31: "FarDiamond3049<21><STEAM_0:0:54908227><Unassigned>" joined team "Blue"
L 03/20/2014 - 20:43:31: "Gord<10><STEAM_0:1:2327125><Blue>" say "always"
L 03/20/2014 - 20:43:33: "FarDiamond3049<21><STEAM_0:0:54908227><Blue>" changed role to "soldier"
L 03/20/2014 - 20:43:36: "Persi, the Neko God<12><STEAM_0:1:30286598><Red>" say "That key was a waste of money"
L 03/20/2014 - 20:43:38: "Bilby<8><STEAM_0:0:12379989><>" entered the game
L 03/20/2014 - 20:43:40: "DannelorG<4><STEAM_0:1:20046983><>" entered the game
L 03/20/2014 - 20:43:44: "DannelorG<4><STEAM_0:1:20046983><Unassigned>" joined team "Red"
L 03/20/2014 - 20:43:46: "DannelorG<4><STEAM_0:1:20046983><Red>" changed role to "scout"
L 03/20/2014 - 20:43:47: "Shiny mew<19><STEAM_0:0:43768850><Unassigned>" joined team "Blue"
L 03/20/2014 - 20:43:49: "Shiny mew<19><STEAM_0:0:43768850><Blue>" changed role to "pyro"
L 03/20/2014 - 20:43:52: "killingkevin<24><STEAM_0:1:51407965><>" connected, address "99.28.140.167:27005"
L 03/20/2014 - 20:43:53: "killingkevin<24><STEAM_0:1:51407965><>" STEAM USERID validated
L 03/20/2014 - 20:43:53: "Bilby<8><STEAM_0:0:12379989><Unassigned>" joined team "Red"
L 03/20/2014 - 20:43:56: "Bilby<8><STEAM_0:0:12379989><Red>" changed role to "spy"
L 03/20/2014 - 20:44:05: "{SCG} Metka Serket<23><STEAM_0:0:17889225><>" entered the game
L 03/20/2014 - 20:44:07: World triggered "Round_Setup_End"
L 03/20/2014 - 20:44:24: "FarDiamond3049<21><STEAM_0:0:54908227><Blue>" committed suicide with "world" (attacker_position "4361 -141 -1151")
L 03/20/2014 - 20:44:26: "{SCG} Metka Serket<23><STEAM_0:0:17889225><Unassigned>" joined team "Blue"
L 03/20/2014 - 20:44:27: "Persi, the Neko God<12><STEAM_0:1:30286598><Red>" committed suicide with "world" (attacker_position "-725 -2317 -1151")
L 03/20/2014 - 20:44:27: World triggered "Round_Win" (winner "Blue")
L 03/20/2014 - 20:44:27: World triggered "Round_Length" (seconds "70.32")
L 03/20/2014 - 20:44:27: Team "Red" current score "0" with "3" players
L 03/20/2014 - 20:44:27: Team "Blue" current score "2" with "4" players
L 03/20/2014 - 20:44:28: "{SCG} Metka Serket<23><STEAM_0:0:17889225><Blue>" changed role to "scout"
L 03/20/2014 - 20:44:30: "Gord<10><STEAM_0:1:2327125><Blue>" say "thanks sweetie but i have no idea how this will be useful in the slightest"
L 03/20/2014 - 20:44:39: "Persi, the Neko God<12><STEAM_0:1:30286598><Red>" say "Me neither!"
L 03/20/2014 - 20:44:42: "DannelorG<4><STEAM_0:1:20046983><Red>" joined team "Blue"
L 03/20/2014 - 20:44:42: "{SCG} Metka Serket<23><STEAM_0:0:17889225><Blue>" joined team "Red"
L 03/20/2014 - 20:44:42: "Shiny mew<19><STEAM_0:0:43768850><Blue>" joined team "Red"
L 03/20/2014 - 20:44:42: "Bilby<8><STEAM_0:0:12379989><Red>" joined team "Blue"
L 03/20/2014 - 20:44:42: "Gord<10><STEAM_0:1:2327125><Blue>" joined team "Red"
L 03/20/2014 - 20:44:42: "Persi, the Neko God<12><STEAM_0:1:30286598><Red>" joined team "Blue"
L 03/20/2014 - 20:44:42: "FarDiamond3049<21><STEAM_0:0:54908227><Blue>" joined team "Red"
L 03/20/2014 - 20:44:43: World triggered "Round_Start"
L 03/20/2014 - 20:44:43: "Marti<20><STEAM_0:1:25251709><>" entered the game
L 03/20/2014 - 20:44:43: "FarDiamond3049<21><STEAM_0:0:54908227><Red>" changed role to "pyro"
L 03/20/2014 - 20:44:44: "Persi, the Neko God<12><STEAM_0:1:30286598><Blue>" say "I said that key was a waste of money"
L 03/20/2014 - 20:44:47: "Marti<20><STEAM_0:1:25251709><Unassigned>" joined team "Blue"
L 03/20/2014 - 20:44:47: "Gord<10><STEAM_0:1:2327125><Red>" say "i'll put it on my heavy i guess"
L 03/20/2014 - 20:44:48: "{SCG} Metka Serket<23><STEAM_0:0:17889225><Red>" say "!propmenu"
L 03/20/2014 - 20:44:48: "Marti<20><STEAM_0:1:25251709><Blue>" changed role to "pyro"
L 03/20/2014 - 20:44:51: "Gord<10><STEAM_0:1:2327125><Red>" say "!promenu"
L 03/20/2014 - 20:44:53: "DannelorG<4><STEAM_0:1:20046983><Blue>" changed role to "sniper"
L 03/20/2014 - 20:44:55: "Gord<10><STEAM_0:1:2327125><Red>" say "!propmenu"
L 03/20/2014 - 20:44:56: "Marti<20><STEAM_0:1:25251709><Blue>" committed suicide with "world" (attacker_position "2688 -192 65")
L 03/20/2014 - 20:44:57: "Bilby<8><STEAM_0:0:12379989><Blue>" committed suicide with "world" (attacker_position "2688 0 64")
L 03/20/2014 - 20:44:59: "FarDiamond3049<21><STEAM_0:0:54908227><Red>" say "!propmenu"
L 03/20/2014 - 20:45:03: "Gord<10><STEAM_0:1:2327125><Red>" say "!gordmenu"
L 03/20/2014 - 20:45:08: "Persi, the Neko God<12><STEAM_0:1:30286598><Blue>" say "I was hoping for new stranges"
L 03/20/2014 - 20:45:15: "Persi, the Neko God<12><STEAM_0:1:30286598><Blue>" say "ANd all I got were strange parts. </3"
L 03/20/2014 - 20:45:23: "Bilby<8><STEAM_0:0:12379989><Blue>" say "i am inside u mart"
L 03/20/2014 - 20:45:31: "Bilby<8><STEAM_0:0:12379989><Blue>" say "( Í¡Â° ÍœÊ– Í¡Â°)"
L 03/20/2014 - 20:45:33: World triggered "Round_Setup_End"
L 03/20/2014 - 20:45:41: "Persi, the Neko God<12><STEAM_0:1:30286598><Blue>" say "Made me so mad, I spent $8 on a scattergun. :v"
L 03/20/2014 - 20:45:46: "Gord<10><STEAM_0:1:2327125><Red>" say "some time next month i'm going to eat everybody's keys and unbox like 50-100$ worth of crates"
L 03/20/2014 - 20:45:51: "Gord<10><STEAM_0:1:2327125><Red>" say "then give everything away"
L 03/20/2014 - 20:46:28: "Gord<10><STEAM_0:1:2327125><Red>" say "better than buying map packs for carradroody or whatever"
L 03/20/2014 - 20:46:58: "Gord<10><STEAM_0:1:2327125><Red>" say "i am investing in tf2's economy"
L 03/20/2014 - 20:47:00: "Gord<10><STEAM_0:1:2327125><Red>" say "this is fantastic"
L 03/20/2014 - 20:47:05: "Bilby<8><STEAM_0:0:12379989><Blue>" killed "Shiny mew<19><STEAM_0:0:43768850><Red>" with "flamethrower" (attacker_position "2437 763 -447") (victim_position "2414 689 -447")
L 03/20/2014 - 20:47:25: "Gord<10><STEAM_0:1:2327125><Red>" say "more stable than bitcoin"
L 03/20/2014 - 20:47:40: "Bilby<8><STEAM_0:0:12379989><Blue>" killed "FarDiamond3049<21><STEAM_0:0:54908227><Red>" with "flamethrower" (attacker_position "-818 624 -511") (victim_position "-815 476 -511")
L 03/20/2014 - 20:47:46: "Gord<10><STEAM_0:1:2327125><Red>" say "i always feel bad using this spot :["
L 03/20/2014 - 20:47:52: "Marti<20><STEAM_0:1:25251709><Blue>" killed "{SCG} Metka Serket<23><STEAM_0:0:17889225><Red>" with "powerjack" (attacker_position "1584 894 -511") (victim_position "1591 871 -511")
L 03/20/2014 - 20:47:54: "Gord<10><STEAM_0:1:2327125><Red>" say "fuck no"
L 03/20/2014 - 20:47:54: "Bilby<8><STEAM_0:0:12379989><Blue>" killed "Gord<10><STEAM_0:1:2327125><Red>" with "flamethrower" (attacker_position "580 581 -66") (victim_position "426 631 -66")
L 03/20/2014 - 20:47:54: World triggered "Round_Win" (winner "Blue")
L 03/20/2014 - 20:47:54: World triggered "Round_Length" (seconds "191.80")
L 03/20/2014 - 20:47:54: Team "Red" current score "0" with "4" players
L 03/20/2014 - 20:47:54: Team "Blue" current score "3" with "4" players
L 03/20/2014 - 20:47:58: "Gord<10><STEAM_0:1:2327125><Red>" say "WOAH WHY DID MY PROP CHANGE"
L 03/20/2014 - 20:48:08: "Gord<10><STEAM_0:1:2327125><Red>" say "fuck i didn't want to be a scout"
L 03/20/2014 - 20:48:09: "DannelorG<4><STEAM_0:1:20046983><Blue>" joined team "Red"
L 03/20/2014 - 20:48:09: "{SCG} Metka Serket<23><STEAM_0:0:17889225><Red>" joined team "Blue"
L 03/20/2014 - 20:48:09: "Shiny mew<19><STEAM_0:0:43768850><Red>" joined team "Blue"
L 03/20/2014 - 20:48:09: "Marti<20><STEAM_0:1:25251709><Blue>" joined team "Red"
L 03/20/2014 - 20:48:09: "Bilby<8><STEAM_0:0:12379989><Blue>" joined team "Red"
L 03/20/2014 - 20:48:09: "Gord<10><STEAM_0:1:2327125><Red>" joined team "Blue"
L 03/20/2014 - 20:48:09: "Persi, the Neko God<12><STEAM_0:1:30286598><Blue>" joined team "Red"
L 03/20/2014 - 20:48:09: "FarDiamond3049<21><STEAM_0:0:54908227><Red>" joined team "Blue"
L 03/20/2014 - 20:48:09: World triggered "Round_Start"
L 03/20/2014 - 20:48:11: "Gord<10><STEAM_0:1:2327125><Blue>" say "garbage, yo"
L 03/20/2014 - 20:48:14: "Marti<20><STEAM_0:1:25251709><Red>" say "!propmenu"
L 03/20/2014 - 20:48:14: "DannelorG<4><STEAM_0:1:20046983><Red>" say "!propmenu"
L 03/20/2014 - 20:48:19: "Bilby<8><STEAM_0:0:12379989><Red>" say "!propmenu"
L 03/20/2014 - 20:48:21: "Persi, the Neko God<12><STEAM_0:1:30286598><Red>" say_team "!propmenu"
L 03/20/2014 - 20:48:59: World triggered "Round_Setup_End"
L 03/20/2014 - 20:49:25: "(Alpha) Bolt Blitz<25><STEAM_0:0:66003353><>" connected, address "189.217.118.79:14641"
L 03/20/2014 - 20:49:26: "(Alpha) Bolt Blitz<25><STEAM_0:0:66003353><>" STEAM USERID validated
L 03/20/2014 - 20:49:35: "Leaflet<26><STEAM_0:0:26450086><>" connected, address "68.40.171.53:27005"
L 03/20/2014 - 20:49:36: "Leaflet<26><STEAM_0:0:26450086><>" STEAM USERID validated
L 03/20/2014 - 20:49:55: "Bilby<8><STEAM_0:0:12379989><Red>" committed suicide with "world" (attacker_position "2413 15 -223")
L 03/20/2014 - 20:50:15: "{SCG} Metka Serket<23><STEAM_0:0:17889225><Blue>" killed "DannelorG<4><STEAM_0:1:20046983><Red>" with "rainblower" (attacker_position "2319 -15 -223") (victim_position "2367 11 -223")
L 03/20/2014 - 20:50:41: "DannelorG<4><STEAM_0:1:20046983><Red>" say "We were having a frog orgy, but you ruined it metka!"
L 03/20/2014 - 20:50:52: "{SCG} Metka Serket<23><STEAM_0:0:17889225><Blue>" killed "Marti<20><STEAM_0:1:25251709><Red>" with "shotgun_pyro" (attacker_position "754 650 -511") (victim_position "990 646 -511")
L 03/20/2014 - 20:51:17: "Persi, the Neko God<12><STEAM_0:1:30286598><Red>" killed "{SCG} Metka Serket<23><STEAM_0:0:17889225><Blue>" with "scattergun" (attacker_position "1727 476 -350") (victim_position "1615 547 -350")
L 03/20/2014 - 20:51:28: "Persi, the Neko God<12><STEAM_0:1:30286598><Red>" killed "Gord<10><STEAM_0:1:2327125><Blue>" with "scattergun" (attacker_position "88 266 -511") (victim_position "160 274 -511")
L 03/20/2014 - 20:51:34: "Blizzard (Sean)áƒ¦<27><STEAM_0:1:47938377><>" connected, address "98.234.113.98:27005"
L 03/20/2014 - 20:51:34: "Blizzard (Sean)áƒ¦<27><STEAM_0:1:47938377><>" STEAM USERID validated
L 03/20/2014 - 20:51:34: "Persi, the Neko God<12><STEAM_0:1:30286598><Red>" killed "Shiny mew<19><STEAM_0:0:43768850><Blue>" with "scattergun" (attacker_position "584 103 -511") (victim_position "639 -32 -511")
L 03/20/2014 - 20:51:49: "Gord<10><STEAM_0:1:2327125><Blue>" say "i agree"
L 03/20/2014 - 20:51:49: World triggered "Round_Win" (winner "Red")
L 03/20/2014 - 20:51:49: World triggered "Round_Length" (seconds "220.04")
L 03/20/2014 - 20:51:49: Team "Red" current score "1" with "4" players
L 03/20/2014 - 20:51:49: Team "Blue" current score "3" with "4" players
L 03/20/2014 - 20:51:58: "Leaflet<26><STEAM_0:0:26450086><>" entered the game
L 03/20/2014 - 20:51:58: "Persi, the Neko God<12><STEAM_0:1:30286598><Red>" killed "FarDiamond3049<21><STEAM_0:0:54908227><Blue>" with "scattergun" (attacker_position "624 77 -215") (victim_position "640 644 -66")
L 03/20/2014 - 20:52:04: "DannelorG<4><STEAM_0:1:20046983><Red>" joined team "Blue"
L 03/20/2014 - 20:52:04: "{SCG} Metka Serket<23><STEAM_0:0:17889225><Blue>" joined team "Red"
L 03/20/2014 - 20:52:04: "Shiny mew<19><STEAM_0:0:43768850><Blue>" joined team "Red"
L 03/20/2014 - 20:52:04: "Marti<20><STEAM_0:1:25251709><Red>" joined team "Blue"
L 03/20/2014 - 20:52:04: "Bilby<8><STEAM_0:0:12379989><Red>" joined team "Blue"
L 03/20/2014 - 20:52:04: "Gord<10><STEAM_0:1:2327125><Blue>" joined team "Red"
L 03/20/2014 - 20:52:04: "Persi, the Neko God<12><STEAM_0:1:30286598><Red>" joined team "Blue"
L 03/20/2014 - 20:52:04: "FarDiamond3049<21><STEAM_0:0:54908227><Blue>" joined team "Red"
L 03/20/2014 - 20:52:04: World triggered "Round_Start"
L 03/20/2014 - 20:52:08: server_cvar: "mp_disable_respawn_times" "0"
L 03/20/2014 - 20:52:10: "{SCG} Metka Serket<23><STEAM_0:0:17889225><Red>" say "!propmenu"
L 03/20/2014 - 20:52:12: "Gord<10><STEAM_0:1:2327125><Red>" say "!propmenu"
L 03/20/2014 - 20:52:15: "Bilby<8><STEAM_0:0:12379989><Blue>" committed suicide with "world" (attacker_position "2688 -128 64")
L 03/20/2014 - 20:52:17: "FarDiamond3049<21><STEAM_0:0:54908227><Red>" say "!propmenu"
L 03/20/2014 - 20:52:19: "killingkevin<24><STEAM_0:1:51407965><>" disconnected (reason "killingkevin timed out")
L 03/20/2014 - 20:52:20: "Bilby<8><STEAM_0:0:12379989><Blue>" committed suicide with "world" (attacker_position "2560 128 65")
L 03/20/2014 - 20:52:24: "Leaflet<26><STEAM_0:0:26450086><Unassigned>" joined team "Red"
L 03/20/2014 - 20:52:26: "heyyastefan<28><STEAM_0:0:72639879><>" connected, address "75.115.215.202:27005"
L 03/20/2014 - 20:52:26: "heyyastefan<28><STEAM_0:0:72639879><>" STEAM USERID validated
L 03/20/2014 - 20:52:34: "Blizzard (Sean)áƒ¦<27><STEAM_0:1:47938377><>" entered the game
L 03/20/2014 - 20:52:35: "Leaflet<26><STEAM_0:0:26450086><Red>" changed role to "scout"
L 03/20/2014 - 20:52:45: "Gord<10><STEAM_0:1:2327125><Red>" say "!propmenu"
L 03/20/2014 - 20:52:48: "Blizzard (Sean)áƒ¦<27><STEAM_0:1:47938377><Unassigned>" joined team "Blue"
L 03/20/2014 - 20:52:49: "FarDiamond3049<21><STEAM_0:0:54908227><Red>" say "!propmenu"
L 03/20/2014 - 20:52:52: "Blizzard (Sean)áƒ¦<27><STEAM_0:1:47938377><Blue>" changed role to "pyro"
L 03/20/2014 - 20:52:54: World triggered "Round_Setup_End"
L 03/20/2014 - 20:53:03: "Blizzard (Sean)áƒ¦<27><STEAM_0:1:47938377><Blue>" say "hai pplz"
L 03/20/2014 - 20:53:11: "Leaflet<26><STEAM_0:0:26450086><Red>" disconnected (reason "Disconnect by user.")
L 03/20/2014 - 20:53:25: "Bilby<8><STEAM_0:0:12379989><Blue>" killed "Shiny mew<19><STEAM_0:0:43768850><Red>" with "flamethrower" (attacker_position "1508 -612 -498") (victim_position "1413 -643 -487")
L 03/20/2014 - 20:53:57: "Gord<10><STEAM_0:1:2327125><Red>" say "lol."
L 03/20/2014 - 20:54:07: "Bilby<8><STEAM_0:0:12379989><Blue>" killed "FarDiamond3049<21><STEAM_0:0:54908227><Red>" with "flamethrower" (attacker_position "-193 -100 -498") (victim_position "-149 -163 -498")
L 03/20/2014 - 20:54:07: "Marti<20><STEAM_0:1:25251709><Blue>" triggered "kill assist" against "FarDiamond3049<21><STEAM_0:0:54908227><Red>" (assister_position "-914 -714 -501") (attacker_position "-193 -100 -498") (victim_position "-149 -163 -498")
L 03/20/2014 - 20:54:11: "heyyastefan<28><STEAM_0:0:72639879><>" entered the game
L 03/20/2014 - 20:54:21: "killingkevin<29><STEAM_0:1:51407965><>" connected, address "99.28.140.167:27005"
L 03/20/2014 - 20:54:21: "killingkevin<29><STEAM_0:1:51407965><>" STEAM USERID validated
L 03/20/2014 - 20:54:25: "(Alpha) Bolt Blitz<25><STEAM_0:0:66003353><>" entered the game
L 03/20/2014 - 20:54:27: "heyyastefan<28><STEAM_0:0:72639879><Unassigned>" joined team "Red"
L 03/20/2014 - 20:54:31: "heyyastefan<28><STEAM_0:0:72639879><Red>" changed role to "scout"
L 03/20/2014 - 20:54:44: "(Alpha) Bolt Blitz<25><STEAM_0:0:66003353><Unassigned>" joined team "Blue"
L 03/20/2014 - 20:54:51: "(Alpha) Bolt Blitz<25><STEAM_0:0:66003353><Blue>" changed role to "engineer"
L 03/20/2014 - 20:55:26: "killingkevin<29><STEAM_0:1:51407965><>" entered the game
L 03/20/2014 - 20:55:30: "Gord<10><STEAM_0:1:2327125><Red>" say "snnrrrkk"
L 03/20/2014 - 20:55:42: "Gord<10><STEAM_0:1:2327125><Red>" say "i love this spot."
L 03/20/2014 - 20:55:44: World triggered "Round_Win" (winner "Red")
L 03/20/2014 - 20:55:44: World triggered "Round_Length" (seconds "220.03")
L 03/20/2014 - 20:55:44: Team "Red" current score "2" with "5" players
L 03/20/2014 - 20:55:44: Team "Blue" current score "3" with "6" players
L 03/20/2014 - 20:55:51: "Bilby<8><STEAM_0:0:12379989><Blue>" committed suicide with "world" (attacker_position "-1362 -404 781")
L 03/20/2014 - 20:55:59: "DannelorG<4><STEAM_0:1:20046983><Blue>" joined team "Red"
L 03/20/2014 - 20:55:59: "{SCG} Metka Serket<23><STEAM_0:0:17889225><Red>" joined team "Blue"
L 03/20/2014 - 20:55:59: "Shiny mew<19><STEAM_0:0:43768850><Red>" joined team "Blue"
L 03/20/2014 - 20:55:59: "Marti<20><STEAM_0:1:25251709><Blue>" joined team "Red"
L 03/20/2014 - 20:55:59: "Bilby<8><STEAM_0:0:12379989><Blue>" joined team "Red"
L 03/20/2014 - 20:55:59: "Gord<10><STEAM_0:1:2327125><Red>" joined team "Blue"
L 03/20/2014 - 20:55:59: "heyyastefan<28><STEAM_0:0:72639879><Red>" joined team "Blue"
L 03/20/2014 - 20:55:59: "Persi, the Neko God<12><STEAM_0:1:30286598><Blue>" joined team "Red"
L 03/20/2014 - 20:55:59: "FarDiamond3049<21><STEAM_0:0:54908227><Red>" joined team "Blue"
L 03/20/2014 - 20:55:59: "(Alpha) Bolt Blitz<25><STEAM_0:0:66003353><Blue>" joined team "Red"
L 03/20/2014 - 20:55:59: "Blizzard (Sean)áƒ¦<27><STEAM_0:1:47938377><Blue>" joined team "Red"
L 03/20/2014 - 20:56:00: World triggered "Round_Start"
L 03/20/2014 - 20:56:03: "DannelorG<4><STEAM_0:1:20046983><Red>" say "!propmenu"
L 03/20/2014 - 20:56:07: "Blizzard (Sean)áƒ¦<27><STEAM_0:1:47938377><Red>" say "!propmenu"
L 03/20/2014 - 20:56:11: "Gord<10><STEAM_0:1:2327125><Blue>" say "be crafty like gord :J"
L 03/20/2014 - 20:56:20: "Marti<20><STEAM_0:1:25251709><Red>" say "!propmenu"
L 03/20/2014 - 20:56:24: server_cvar: "sm_nextmap" "dr_horrors_prefinal"
L 03/20/2014 - 20:56:47: "killingkevin<29><STEAM_0:1:51407965><Unassigned>" joined team "Blue"
L 03/20/2014 - 20:56:50: World triggered "Round_Setup_End"
L 03/20/2014 - 20:56:54: "Gord<10><STEAM_0:1:2327125><Blue>" killed "DannelorG<4><STEAM_0:1:20046983><Red>" with "goomba" (attacker_position "3171 493 -173") (victim_position "3178 509 -255")
L 03/20/2014 - 20:56:59: "killingkevin<29><STEAM_0:1:51407965><Blue>" changed role to "pyro"
L 03/20/2014 - 20:57:01: "Gord<10><STEAM_0:1:2327125><Blue>" say "no mercy"
L 03/20/2014 - 20:57:30: "killingkevin<29><STEAM_0:1:51407965><Blue>" joined team "Spectator"
L 03/20/2014 - 20:58:13: "Blizzard (Sean)áƒ¦<27><STEAM_0:1:47938377><Red>" say "(Â´ï½¥Ï‰ï½¥`) Happy days!"
L 03/20/2014 - 20:58:26: "{SCG} Metka Serket<23><STEAM_0:0:17889225><Blue>" killed "(Alpha) Bolt Blitz<25><STEAM_0:0:66003353><Red>" with "powerjack" (attacker_position "639 -861 -511") (victim_position "639 -909 -511")
L 03/20/2014 - 20:58:29: "Persi, the Neko God<12><STEAM_0:1:30286598><Red>" say "So fucking happy"
L 03/20/2014 - 20:59:03: "(Alpha) Bolt Blitz<25><STEAM_0:0:66003353><Red>" disconnected (reason "Disconnect by user.")
L 03/20/2014 - 20:59:16: "Gord<10><STEAM_0:1:2327125><Blue>" killed "Blizzard (Sean)áƒ¦<27><STEAM_0:1:47938377><Red>" with "flamethrower" (attacker_position "3147 -135 -69") (victim_position "3101 -21 -69")
L 03/20/2014 - 20:59:40: World triggered "Round_Win" (winner "Red")
L 03/20/2014 - 20:59:40: World triggered "Round_Length" (seconds "220.03")
L 03/20/2014 - 20:59:40: Team "Red" current score "3" with "5" players
L 03/20/2014 - 20:59:40: Team "Blue" current score "3" with "5" players
L 03/20/2014 - 20:59:41: "Gord<10><STEAM_0:1:2327125><Blue>" committed suicide with "world" (attacker_position "1841 1767 -1026")
L 03/20/2014 - 20:59:43: "Bilby<8><STEAM_0:0:12379989><Red>" say "almost metka"
L 03/20/2014 - 20:59:46: "FarDiamond3049<21><STEAM_0:0:54908227><Blue>" committed suicide with "world" (attacker_position "715 1691 -1054")
L 03/20/2014 - 20:59:49: "Persi, the Neko God<12><STEAM_0:1:30286598><Red>" committed suicide with "world" (attacker_position "-1015 1532 -1138")
L 03/20/2014 - 20:59:49: "Shiny mew<19><STEAM_0:0:43768850><Blue>" committed suicide with "world" (attacker_position "4474 164 -1124")
L 03/20/2014 - 20:59:55: "DannelorG<4><STEAM_0:1:20046983><Red>" joined team "Blue"
L 03/20/2014 - 20:59:55: "{SCG} Metka Serket<23><STEAM_0:0:17889225><Blue>" joined team "Red"
L 03/20/2014 - 20:59:55: "Shiny mew<19><STEAM_0:0:43768850><Blue>" joined team "Red"
L 03/20/2014 - 20:59:55: "Marti<20><STEAM_0:1:25251709><Red>" joined team "Blue"
L 03/20/2014 - 20:59:55: "Bilby<8><STEAM_0:0:12379989><Red>" joined team "Blue"
L 03/20/2014 - 20:59:55: "Gord<10><STEAM_0:1:2327125><Blue>" joined team "Red"
L 03/20/2014 - 20:59:55: "heyyastefan<28><STEAM_0:0:72639879><Blue>" joined team "Red"
L 03/20/2014 - 20:59:55: "Persi, the Neko God<12><STEAM_0:1:30286598><Red>" joined team "Blue"
L 03/20/2014 - 20:59:55: "FarDiamond3049<21><STEAM_0:0:54908227><Blue>" joined team "Red"
L 03/20/2014 - 20:59:55: "Blizzard (Sean)áƒ¦<27><STEAM_0:1:47938377><Red>" joined team "Blue"
L 03/20/2014 - 20:59:55: World triggered "Round_Start"
L 03/20/2014 - 20:59:56: "Bilby<8><STEAM_0:0:12379989><Blue>" committed suicide with "world" (attacker_position "2680 -117 64")
L 03/20/2014 - 20:59:59: "Gord<10><STEAM_0:1:2327125><Red>" say "!propmenu"
L 03/20/2014 - 21:00:02: "{SCG} Metka Serket<23><STEAM_0:0:17889225><Red>" say "!propmenu"
L 03/20/2014 - 21:00:03: "killingkevin<29><STEAM_0:1:51407965><Spectator>" joined team "Blue"
L 03/20/2014 - 21:00:04: "FarDiamond3049<21><STEAM_0:0:54908227><Red>" say "!propmenu"
L 03/20/2014 - 21:00:20: "Shiny mew<19><STEAM_0:0:43768850><Red>" say "!propmenu"
L 03/20/2014 - 21:00:23: "Persi, the Neko God<12><STEAM_0:1:30286598><Blue>" committed suicide with "world" (attacker_position "2560 192 64")
L 03/20/2014 - 21:00:24: "heyyastefan<28><STEAM_0:0:72639879><Red>" committed suicide with "world" (attacker_position "121 1321 -1151")
L 03/20/2014 - 21:00:37: "FarDiamond3049<21><STEAM_0:0:54908227><Red>" say "!propmenu"
L 03/20/2014 - 21:00:45: World triggered "Round_Setup_End"
L 03/20/2014 - 21:00:55: "FarDiamond3049<21><STEAM_0:0:54908227><Red>" say "!propmenu"
L 03/20/2014 - 21:01:08: "Gord<10><STEAM_0:1:2327125><Red>" say "!propmenu"
L 03/20/2014 - 21:01:09: "Marti<20><STEAM_0:1:25251709><Blue>" killed "{SCG} Metka Serket<23><STEAM_0:0:17889225><Red>" with "powerjack" (attacker_position "2401 5 -223") (victim_position "2449 0 -223")
L 03/20/2014 - 21:01:36: "hagfors95<30><STEAM_0:0:50228824><>" connected, address "213.89.72.68:27005"
L 03/20/2014 - 21:01:36: "hagfors95<30><STEAM_0:0:50228824><>" STEAM USERID validated
L 03/20/2014 - 21:01:40: "FarDiamond3049<21><STEAM_0:0:54908227><Red>" say "i am thinking very crafty like Gord i hope"
L 03/20/2014 - 21:01:51: "Gord<10><STEAM_0:1:2327125><Red>" say "if you survive, you are gord-tier"
L 03/20/2014 - 21:01:52: "Shiny mew<19><STEAM_0:0:43768850><Red>" say "I am as well"
L 03/20/2014 - 21:02:10: "FarDiamond3049<21><STEAM_0:0:54908227><Red>" say "so its just me Gord and Shiny"
L 03/20/2014 - 21:02:22: "hagfors95<30><STEAM_0:0:50228824><>" disconnected (reason "Disconnect by user.")
L 03/20/2014 - 21:02:26: "Shiny mew<19><STEAM_0:0:43768850><Red>" say "I think so"
L 03/20/2014 - 21:02:32: "Gord<10><STEAM_0:1:2327125><Red>" say "gord has 24 ranks in hide"
L 03/20/2014 - 21:02:36: "Shiny mew<19><STEAM_0:0:43768850><Red>" say "Oh wow"
L 03/20/2014 - 21:02:55: "heyyastefan<28><STEAM_0:0:72639879><Red>" say "never going to find them"
L 03/20/2014 - 21:03:04: "Shiny mew<19><STEAM_0:0:43768850><Red>" say "X3"
L 03/20/2014 - 21:03:06: "FarDiamond3049<21><STEAM_0:0:54908227><Red>" say "very crafty"
L 03/20/2014 - 21:03:14: "Blizzard (Sean)áƒ¦<27><STEAM_0:1:47938377><Blue>" committed suicide with "world" (attacker_position "1792 11 -502")
L 03/20/2014 - 21:03:16: "Blizzard (Sean)áƒ¦<27><STEAM_0:1:47938377><Blue>" say "gg"
L 03/20/2014 - 21:03:16: "Gord<10><STEAM_0:1:2327125><Red>" say "this map is hard as fuck for the hunters tho"
L 03/20/2014 - 21:03:20: "DannelorG<4><STEAM_0:1:20046983><Blue>" killed "FarDiamond3049<21><STEAM_0:0:54908227><Red>" with "world" (attacker_position "950 -2405 -986") (victim_position "1061 -2503 -1014")
L 03/20/2014 - 21:03:22: "Shiny mew<19><STEAM_0:0:43768850><Red>" say "Mhm"
L 03/20/2014 - 21:03:24: "FarDiamond3049<21><STEAM_0:0:54908227><Red>" say "aw amn"
L 03/20/2014 - 21:03:29: "DannelorG<4><STEAM_0:1:20046983><Blue>" committed suicide with "world" (attacker_position "-90 -655 320")
L 03/20/2014 - 21:03:33: "Bilby<8><STEAM_0:0:12379989><Blue>" committed suicide with "world" (attacker_position "2704 1020 258")
L 03/20/2014 - 21:03:34: "Marti<20><STEAM_0:1:25251709><Blue>" committed suicide with "world" (attacker_position "255 25 -359")
L 03/20/2014 - 21:03:35: World triggered "Round_Win" (winner "Red")
L 03/20/2014 - 21:03:35: World triggered "Round_Length" (seconds "220.04")
L 03/20/2014 - 21:03:35: Team "Red" current score "4" with "5" players
L 03/20/2014 - 21:03:35: Team "Blue" current score "3" with "6" players
L 03/20/2014 - 21:03:39: "Gord<10><STEAM_0:1:2327125><Red>" say "looool"
L 03/20/2014 - 21:03:46: "FarDiamond3049<21><STEAM_0:0:54908227><Red>" say "none every goes to the island"
L 03/20/2014 - 21:03:50: "DannelorG<4><STEAM_0:1:20046983><Blue>" joined team "Red"
L 03/20/2014 - 21:03:50: "{SCG} Metka Serket<23><STEAM_0:0:17889225><Red>" joined team "Blue"
L 03/20/2014 - 21:03:50: "Shiny mew<19><STEAM_0:0:43768850><Red>" joined team "Blue"
L 03/20/2014 - 21:03:50: "Marti<20><STEAM_0:1:25251709><Blue>" joined team "Red"
L 03/20/2014 - 21:03:50: "Bilby<8><STEAM_0:0:12379989><Blue>" joined team "Red"
L 03/20/2014 - 21:03:50: "Gord<10><STEAM_0:1:2327125><Red>" joined team "Blue"
L 03/20/2014 - 21:03:50: "heyyastefan<28><STEAM_0:0:72639879><Red>" joined team "Blue"
L 03/20/2014 - 21:03:50: "Persi, the Neko God<12><STEAM_0:1:30286598><Blue>" joined team "Red"
L 03/20/2014 - 21:03:50: "FarDiamond3049<21><STEAM_0:0:54908227><Red>" joined team "Blue"
L 03/20/2014 - 21:03:50: "killingkevin<29><STEAM_0:1:51407965><Blue>" joined team "Red"
L 03/20/2014 - 21:03:50: "Blizzard (Sean)áƒ¦<27><STEAM_0:1:47938377><Blue>" joined team "Red"
L 03/20/2014 - 21:03:50: World triggered "Game_Over" reason "Reached Time Limit"
L 03/20/2014 - 21:03:50: Team "Red" final score "4" with "6" players
L 03/20/2014 - 21:03:50: Team "Blue" final score "3" with "5" players
L 03/20/2014 - 21:03:53: "killingkevin<29><STEAM_0:1:51407965><Red>" killed "Gord<10><STEAM_0:1:2327125><Blue>" with "taunt_pyro" (attacker_position "-836 -739 -511") (victim_position "-834 -648 -511")
L 03/20/2014 - 21:03:56: "Shiny mew<19><STEAM_0:0:43768850><Blue>" committed suicide with "world" (attacker_position "-947 -755 -492")
L 03/20/2014 - 21:03:56: "killingkevin<29><STEAM_0:1:51407965><Red>" committed suicide with "world" (attacker_position "-836 -739 -511")
L 03/20/2014 - 21:03:58: "madgod zhar<31><STEAM_0:0:28814709><>" connected, address "129.123.227.198:27005"
L 03/20/2014 - 21:03:58: "killingkevin<29><STEAM_0:1:51407965><Red>" say "lel"
L 03/20/2014 - 21:03:58: "madgod zhar<31><STEAM_0:0:28814709><>" STEAM USERID validated
L 03/20/2014 - 21:04:00: server_cvar: "sv_gravity" "800"
L 03/20/2014 - 21:04:00: server_cvar: "tf_arena_override_cap_enable_time" "-1"
L 03/20/2014 - 21:04:00: [META] Loaded 1 plugin (3 already loaded)
L 03/20/2014 - 21:04:00: [META] Loaded 0 plugins (4 already loaded)
L 03/20/2014 - 21:04:00: Loading map "dr_horrors_prefinal"
L 03/20/2014 - 21:04:00: server cvars start
L 03/20/2014 - 21:04:00: "stripper_version" = "1.2.2"
L 03/20/2014 - 21:04:00: "prophunt_redux_version" = "3.0.2"
L 03/20/2014 - 21:04:00: "sm_uberspawn" = "1.0"
L 03/20/2014 - 21:04:00: "ufov_version" = "1.2.0"
L 03/20/2014 - 21:04:00: "scp_version" = "1.1.5"
L 03/20/2014 - 21:04:00: "rainbowize_version" = "1.6.2"
L 03/20/2014 - 21:04:00: "improved_map_randomizer_version" = "3.4.5"
L 03/20/2014 - 21:04:00: "sm_executeconfigs_version" = "1.2.2"
L 03/20/2014 - 21:04:00: "sm_mapcron_version" = "1.2 RC"
L 03/20/2014 - 21:04:00: "sm_buildrestrict_version" = "0.5.5"
L 03/20/2014 - 21:04:00: "sm_namechangeinfo_version" = "13.0918.1"
L 03/20/2014 - 21:04:00: "sm_tf2ii_version" = "1.8.17.4-20130729"
L 03/20/2014 - 21:04:00: "nativevotes_version" = "0.8.1"
L 03/20/2014 - 21:04:00: "sm_commandcooldowns_version" = "14.0222.0"
L 03/20/2014 - 21:04:00: "sm_tnounlockspls_version" = "0.4.8"
L 03/20/2014 - 21:04:00: "sm_srvcln_version" = "1.2.2"
L 03/20/2014 - 21:04:00: "swapteam_version" = "1.2.5"
L 03/20/2014 - 21:04:00: "scme_version" = "1.0.0"
L 03/20/2014 - 21:04:00: "sm_tnounlockspls_noext_version" = "0.4.0"
L 03/20/2014 - 21:04:00: "sm_fakeandforce_version" = "2.0"
L 03/20/2014 - 21:04:00: "sourcecomms_version" = "0.8.253"
L 03/20/2014 - 21:04:00: "nativevotes_basevotes_version" = "1.5.2"
L 03/20/2014 - 21:04:00: "sb_version" = "1.4.8"
L 03/20/2014 - 21:04:00: "basicdonator_recog_v" = "0.5"
L 03/20/2014 - 21:04:00: "fw_money_balance" = "1000"
L 03/20/2014 - 21:04:00: "fw_money_destroy_sentry" = "75"
L 03/20/2014 - 21:04:00: "fw_money_destroy_dispenser" = "75"
L 03/20/2014 - 21:04:00: "fw_money_backstab" = "50"
L 03/20/2014 - 21:04:00: "fw_money_headshot" = "50"
L 03/20/2014 - 21:04:00: "fw_money_domination" = "300"
L 03/20/2014 - 21:04:00: "fw_money_kill" = "100"
L 03/20/2014 - 21:04:00: "fw_money_win" = "1000"
L 03/20/2014 - 21:04:00: "fw_money_start" = "1000"
L 03/20/2014 - 21:04:00: "fw_unlock_menu_style" = "1"
L 03/20/2014 - 21:04:00: "fw_lulz" = "0"
L 03/20/2014 - 21:04:00: "fw_no_limit_time" = "60"
L 03/20/2014 - 21:04:00: "fw_setup_time" = "-1"
L 03/20/2014 - 21:04:00: "fw_prop_shadows" = "1"
L 03/20/2014 - 21:04:00: "fw_prop_health_multipler" = "1"
L 03/20/2014 - 21:04:00: "fw_stuck_protection" = "1"
L 03/20/2014 - 21:04:00: "fw_custom_spawn" = "0"
L 03/20/2014 - 21:04:00: "fw_spawn_protection" = "2.5"
L 03/20/2014 - 21:04:00: "fw_props_per_player_admin" = "70"
L 03/20/2014 - 21:04:00: "fw_props_per_player" = "70"
L 03/20/2014 - 21:04:00: "fw_props_per_team" = "250"
L 03/20/2014 - 21:04:00: "fw_maps" = "1"
L 03/20/2014 - 21:04:00: "fw_sql" = "1"
L 03/20/2014 - 21:04:00: "fw_version" = "6.52"
L 03/20/2014 - 21:04:00: "sm_testingtime_version" = "1.2"
L 03/20/2014 - 21:04:00: "stockmodels_version" = "1.0"
L 03/20/2014 - 21:04:00: "tf_models_list" = "tf2_modellist"
L 03/20/2014 - 21:04:00: "tf_models_blocktriggers" = "1"
L 03/20/2014 - 21:04:00: "tf_models_delayonspawn" = "0.1"
L 03/20/2014 - 21:04:00: "tf_models_force_admins" = "0"
L 03/20/2014 - 21:04:00: "tf_models_force_users" = "0"
L 03/20/2014 - 21:04:00: "tf_models_announce_plugin" = "1"
L 03/20/2014 - 21:04:00: "tf_models_announce" = "1"
L 03/20/2014 - 21:04:00: "tf_models_admin_override" = "0"
L 03/20/2014 - 21:04:00: "tf_models_admin_flags" = "b"
L 03/20/2014 - 21:04:00: "tf_models_version" = "1.0.3"
L 03/20/2014 - 21:04:00: "adsql_serverid" = "tf2rainbow"
L 03/20/2014 - 21:04:00: "adsql_version" = "2.4.0"
L 03/20/2014 - 21:04:00: "sm_redirect_version" = "1.2"
L 03/20/2014 - 21:04:00: "sm_snake_version" = "1.0"
L 03/20/2014 - 21:04:00: "webshortcutsredux_version" = "1.1"
L 03/20/2014 - 21:04:00: "sm_speechfun_version" = "1.0.2"
L 03/20/2014 - 21:04:00: "sm_hatremoval_version" = "1.1a"
L 03/20/2014 - 21:04:00: "sm_helpmenu_version" = "0.3"
L 03/20/2014 - 21:04:00: "sm_tnounlockspls_announce_version" = "0.4.0"
L 03/20/2014 - 21:04:00: "dts_version" = "1.1"
L 03/20/2014 - 21:04:00: "sm_cannounce_version" = "1.2"
L 03/20/2014 - 21:04:00: "fcg_version" = "1.1"
L 03/20/2014 - 21:04:00: "tf2attributes_version" = "1.1.1"
L 03/20/2014 - 21:04:00: "sm_resize_version" = "1.4.0"
L 03/20/2014 - 21:04:00: "sm_evilrocket_version" = "1.0.110"
L 03/20/2014 - 21:04:00: "sentryfun_version" = "1.3"
L 03/20/2014 - 21:04:00: "sentryfun_enabled" = "1"
L 03/20/2014 - 21:04:00: "sm_tf_maxclass" = "99999"
L 03/20/2014 - 21:04:00: "sm_textreplacer_version" = "0.2"
L 03/20/2014 - 21:04:00: "sm_gscramble_version" = "3.0.13"
L 03/20/2014 - 21:04:00: "gs_enabled" = "1"
L 03/20/2014 - 21:04:00: "sm_rtrigs" = "0"
L 03/20/2014 - 21:04:00: "sm_rtrigs_version" = "1.10"
L 03/20/2014 - 21:04:00: "tf2_decap_ver" = "1.0"
L 03/20/2014 - 21:04:00: "highfiveenemy_version" = "1.0"
L 03/20/2014 - 21:04:00: "sm_tnounlockspls_tf2items_version" = "0.4.0"
L 03/20/2014 - 21:04:00: "tfh_valentines" = "0"
L 03/20/2014 - 21:04:00: "tfh_meetthepyro" = "0"
L 03/20/2014 - 21:04:00: "tfh_winter" = "1"
L 03/20/2014 - 21:04:00: "tfh_birthday" = "0"
L 03/20/2014 - 21:04:00: "tfh_fullmoon" = "1"
L 03/20/2014 - 21:04:00: "tfh_halloween" = "-1"
L 03/20/2014 - 21:04:00: "tfh_use_overrides" = "1"
L 03/20/2014 - 21:04:00: "tfh_enabled" = "1"
L 03/20/2014 - 21:04:00: "tfh_version" = "1.8.1"
L 03/20/2014 - 21:04:00: "sm_customvotes_version" = "1.0"
L 03/20/2014 - 21:04:00: "sm_rtd_version" = "0.4.3.2"
L 03/20/2014 - 21:04:00: "sm_tnounlockspls_menu_version" = "0.4.0"
L 03/20/2014 - 21:04:00: "lights_version" = "0.6"
L 03/20/2014 - 21:04:00: "sm_downloader_version" = "1.4"
L 03/20/2014 - 21:04:00: "sm_spec_players" = "1"
L 03/20/2014 - 21:04:00: "sm_funcommandsx_version" = "2.3"
L 03/20/2014 - 21:04:00: "sm_adminlistmenu_version" = "1.0"
L 03/20/2014 - 21:04:00: "tf2items_manager" = "1"
L 03/20/2014 - 21:04:00: "tf2items_manager_version" = "1.4.1"
L 03/20/2014 - 21:04:00: "sm_respawn_override_version" = "1.0.1-20131019"
L 03/20/2014 - 21:04:00: "sm_setspeed_log" = "1"
L 03/20/2014 - 21:04:00: "sm_setspeed_chat" = "1"
L 03/20/2014 - 21:04:00: "sm_setspeed_version" = "1.3.1"
L 03/20/2014 - 21:04:00: "sm_spray_version" = "5.8a"
L 03/20/2014 - 21:04:00: "goomba_version" = "2.0.2"
L 03/20/2014 - 21:04:00: "sm_adminsmite_version" = "2.1"
L 03/20/2014 - 21:04:00: "mc_version" = "1.1.1"
L 03/20/2014 - 21:04:00: "sm_setplayerclass_version" = "1.0.1"
L 03/20/2014 - 21:04:00: "sm_tetris_version" = "1.0"
L 03/20/2014 - 21:04:00: "sm_hdmgtracker_version" = "1.2.2"
L 03/20/2014 - 21:04:00: "cid_mintime" = "10.0"
L 03/20/2014 - 21:04:00: "cid_maxdist" = "10000.0"
L 03/20/2014 - 21:04:00: "cid_enabled" = "1"
L 03/20/2014 - 21:04:00: "cid_version" = "1.1"
L 03/20/2014 - 21:04:00: "basicdonator_version" = "0.8"
L 03/20/2014 - 21:04:00: "sm_afkm_version" = "3.5.2"
L 03/20/2014 - 21:04:00: "sgadmins_version" = "1.2.0"
L 03/20/2014 - 21:04:00: "melee_version" = "0.4.1"
L 03/20/2014 - 21:04:00: "sm_pregame_slaughter_version" = "1.0.5.1"
L 03/20/2014 - 21:04:00: "fc_version" = "2.0"
L 03/20/2014 - 21:04:00: "jinglenotify_version" = "1.0.0"
L 03/20/2014 - 21:04:00: "sm_tf_captoggle" = "0.0.3"
L 03/20/2014 - 21:04:00: "sm_ignorelist_version" = "0x02"
L 03/20/2014 - 21:04:00: "tf2items_giveweapon_version" = "3.14159"
L 03/20/2014 - 21:04:00: "sm_bsd_version" = "2.0.0"
L 03/20/2014 - 21:04:00: "sm_rweapons_version" = "1.3"
L 03/20/2014 - 21:04:00: "sm_commanddump_version" = "1.1.0"
L 03/20/2014 - 21:04:00: "store_version" = "1.1-alpha"
L 03/20/2014 - 21:04:00: "sm_allchat_version" = "1.1.1"
L 03/20/2014 - 21:04:00: "sm_classrestrict_version" = "0.6"
L 03/20/2014 - 21:04:00: "sm_playersvotes_redux_version" = "1.3"
L 03/20/2014 - 21:04:00: "steamtools_version" = "0.8.3"
L 03/20/2014 - 21:04:00: "tf2items_version" = "1.6.0"
L 03/20/2014 - 21:04:00: "sm_nextmap" = "dr_horrors_prefinal"
L 03/20/2014 - 21:04:00: "sourcemod_version" = "1.5.3-dev+4004"
L 03/20/2014 - 21:04:00: "metamod_version" = "1.10.1-devV"
L 03/20/2014 - 21:04:00: "tf_playergib" = "1"
L 03/20/2014 - 21:04:00: "tf_allow_player_use" = "0"
L 03/20/2014 - 21:04:00: "tf_mvm_death_penalty" = "0"
L 03/20/2014 - 21:04:00: "sv_maxusrcmdprocessticks" = "24"
L 03/20/2014 - 21:04:00: "mp_teamplay" = "0"
L 03/20/2014 - 21:04:00: "mp_falldamage" = "0"
L 03/20/2014 - 21:04:00: "mp_weaponstay" = "0"
L 03/20/2014 - 21:04:00: "mp_forcerespawn" = "1"
L 03/20/2014 - 21:04:00: "mp_footsteps" = "1"
L 03/20/2014 - 21:04:00: "mp_flashlight" = "1"
L 03/20/2014 - 21:04:00: "mp_autocrosshair" = "1"
L 03/20/2014 - 21:04:00: "decalfrequency" = "10"
L 03/20/2014 - 21:04:00: "mp_teamlist" = "hgrunt;scientist"
L 03/20/2014 - 21:04:00: "mp_allowNPCs" = "1"
L 03/20/2014 - 21:04:00: "sv_alltalk" = "1"
L 03/20/2014 - 21:04:00: "tf_weapon_criticals" = "1"
L 03/20/2014 - 21:04:00: "tf_damage_disablespread" = "1"
L 03/20/2014 - 21:04:00: "tf_player_name_change_time" = "60"
L 03/20/2014 - 21:04:00: "tf_force_holidays_off" = "0"
L 03/20/2014 - 21:04:00: "tf_birthday" = "0"
L 03/20/2014 - 21:04:00: "mp_windifference" = "0"
L 03/20/2014 - 21:04:00: "mp_windifference_min" = "0"
L 03/20/2014 - 21:04:00: "tf_medieval" = "0"
L 03/20/2014 - 21:04:00: "tf_medieval_autorp" = "1"
L 03/20/2014 - 21:04:00: "tf_arena_force_class" = "0"
L 03/20/2014 - 21:04:00: "tf_arena_change_limit" = "1"
L 03/20/2014 - 21:04:00: "tf_arena_override_cap_enable_time" = "-1"
L 03/20/2014 - 21:04:00: "tf_arena_first_blood" = "1"
L 03/20/2014 - 21:04:00: "tf_mvm_min_players_to_start" = "3"
L 03/20/2014 - 21:04:00: "tf_gamemode_arena" = "1"
L 03/20/2014 - 21:04:00: "tf_gamemode_cp" = "0"
L 03/20/2014 - 21:04:00: "tf_gamemode_ctf" = "0"
L 03/20/2014 - 21:04:00: "tf_gamemode_sd" = "0"
L 03/20/2014 - 21:04:00: "tf_gamemode_payload" = "0"
L 03/20/2014 - 21:04:00: "tf_gamemode_mvm" = "0"
L 03/20/2014 - 21:04:00: "tf_bot_count" = "0"
L 03/20/2014 - 21:04:00: "tf_teamtalk" = "0"
L 03/20/2014 - 21:04:00: "tf_ctf_bonus_time" = "10"
L 03/20/2014 - 21:04:00: "tf_maxspeed" = "400"
L 03/20/2014 - 21:04:00: "tf_max_charge_speed" = "750"
L 03/20/2014 - 21:04:00: "tf_use_fixed_weaponspreads" = "0"
L 03/20/2014 - 21:04:00: "tf_overtime_nag" = "0"
L 03/20/2014 - 21:04:00: "mp_tournament" = "0"
L 03/20/2014 - 21:04:00: "mp_highlander" = "0"
L 03/20/2014 - 21:04:00: "mp_maxrounds" = "0"
L 03/20/2014 - 21:04:00: "mp_winlimit" = "0"
L 03/20/2014 - 21:04:00: "mp_disable_respawn_times" = "0"
L 03/20/2014 - 21:04:00: "mp_stalemate_meleeonly" = "0"
L 03/20/2014 - 21:04:00: "mp_forceautoteam" = "0"
L 03/20/2014 - 21:04:00: "mp_autoteambalance" = "1"
L 03/20/2014 - 21:04:00: "mp_stalemate_enable" = "1"
L 03/20/2014 - 21:04:00: "mp_match_end_at_timelimit" = "0"
L 03/20/2014 - 21:04:00: "mp_holiday_nogifts" = "0"
L 03/20/2014 - 21:04:00: "mp_scrambleteams_auto" = "0"
L 03/20/2014 - 21:04:00: "mp_scrambleteams_auto_windifference" = "2"
L 03/20/2014 - 21:04:00: "mp_timelimit" = "18"
L 03/20/2014 - 21:04:00: "mp_fraglimit" = "0"
L 03/20/2014 - 21:04:00: "nextlevel" = ""
L 03/20/2014 - 21:04:00: "sv_gravity" = "800"
L 03/20/2014 - 21:04:00: "sv_stopspeed" = "100"
L 03/20/2014 - 21:04:00: "sv_noclipaccelerate" = "5"
L 03/20/2014 - 21:04:00: "sv_noclipspeed" = "5"
L 03/20/2014 - 21:04:00: "sv_specaccelerate" = "5"
L 03/20/2014 - 21:04:00: "sv_specspeed" = "3"
L 03/20/2014 - 21:04:00: "sv_specnoclip" = "1"
L 03/20/2014 - 21:04:00: "sv_maxspeed" = "320"
L 03/20/2014 - 21:04:00: "sv_accelerate" = "10"
L 03/20/2014 - 21:04:00: "sv_airaccelerate" = "10"
L 03/20/2014 - 21:04:00: "sv_wateraccelerate" = "10"
L 03/20/2014 - 21:04:00: "sv_waterfriction" = "1"
L 03/20/2014 - 21:04:00: "sv_footsteps" = "1"
L 03/20/2014 - 21:04:00: "sv_rollspeed" = "200"
L 03/20/2014 - 21:04:00: "sv_rollangle" = "0"
L 03/20/2014 - 21:04:00: "sv_friction" = "4"
L 03/20/2014 - 21:04:00: "sv_bounce" = "0"
L 03/20/2014 - 21:04:00: "sv_stepsize" = "18"
L 03/20/2014 - 21:04:00: "r_VehicleViewDampen" = "1"
L 03/20/2014 - 21:04:00: "r_JeepViewDampenFreq" = "7.0"
L 03/20/2014 - 21:04:00: "r_JeepViewDampenDamp" = "1.0"
L 03/20/2014 - 21:04:00: "r_JeepViewZHeight" = "10.0"
L 03/20/2014 - 21:04:00: "r_AirboatViewDampenFreq" = "7.0"
L 03/20/2014 - 21:04:00: "r_AirboatViewDampenDamp" = "1.0"
L 03/20/2014 - 21:04:00: "r_AirboatViewZHeight" = "0.0"
L 03/20/2014 - 21:04:00: "mp_fadetoblack" = "0"
L 03/20/2014 - 21:04:00: "tf_mm_servermode" = "0"
L 03/20/2014 - 21:04:00: "tf_mm_strict" = "0"
L 03/20/2014 - 21:04:00: "tf_mm_trusted" = "0"
L 03/20/2014 - 21:04:00: "tf_server_identity_disable_quickplay" = "0"
L 03/20/2014 - 21:04:00: "sv_registration_successful" = "1"
L 03/20/2014 - 21:04:00: "sv_registration_message" = ""
L 03/20/2014 - 21:04:00: "sv_steamgroup" = ""
L 03/20/2014 - 21:04:00: "sv_cheats" = "0"
L 03/20/2014 - 21:04:00: "sv_pausable" = "0"
L 03/20/2014 - 21:04:00: "sv_contact" = "theoneandonly@rowedahelicon.com"
L 03/20/2014 - 21:04:00: "sv_voiceenable" = "1"
L 03/20/2014 - 21:04:00: "tv_enable" = "0"
L 03/20/2014 - 21:04:00: "deathmatch" = "1"
L 03/20/2014 - 21:04:00: "coop" = "0"
L 03/20/2014 - 21:04:00: "tv_password" = ""
L 03/20/2014 - 21:04:00: "tv_relaypassword" = ""
L 03/20/2014 - 21:04:00: "sv_password" = ""
L 03/20/2014 - 21:04:00: server cvars end
L 03/20/2014 - 21:04:03: Started map "dr_horrors_prefinal" (CRC "05a975696f054f85b64866f51a35a34f")
L 03/20/2014 - 21:04:03: Executing dedicated server config file server.cfg
L 03/20/2014 - 21:04:08: server_cvar: "tf_gamemode_arena" "0"
L 03/20/2014 - 21:04:08: server_cvar: "tf_gamemode_arena" "1"
L 03/20/2014 - 21:04:09: WARNING: ClientActive, but we don't know his SteamID?
L 03/20/2014 - 21:04:09: "Replay 2: The Replayening<2><BOT><>" entered the game
L 03/20/2014 - 21:04:09: "Replay 2: The Replayening<2><BOT><Unassigned>" joined team "Spectator"
L 03/20/2014 - 21:04:09: server_cvar: "tf_models_list" "TF2_ItemList"
L 03/20/2014 - 21:04:09: server_cvar: "mp_timelimit" "30"
L 03/20/2014 - 21:04:09: server_cvar: "sm_rtrigs" "1"
L 03/20/2014 - 21:04:09: server_cvar: "tf_models_list" "tf2_modellist"
L 03/20/2014 - 21:04:09: server_cvar: "mp_timelimit" "25"
L 03/20/2014 - 21:04:09: server_cvar: "gs_enabled" "0"
L 03/20/2014 - 21:04:09: server_cvar: "mp_autoteambalance" "0"
L 03/20/2014 - 21:04:09: server_cvar: "tf_arena_first_blood" "0"
L 03/20/2014 - 21:04:09: server_cvar: "sm_nextmap" "cp_crossroads_b5"
L 03/20/2014 - 21:04:25: "Persi, the Neko God<12><STEAM_0:1:30286598><>" entered the game
L 03/20/2014 - 21:04:25: World triggered "Round_Stalemate"
L 03/20/2014 - 21:04:25: Team "Red" current score "0" with "0" players
L 03/20/2014 - 21:04:25: Team "Blue" current score "0" with "0" players
L 03/20/2014 - 21:04:25: server_cvar: "mp_disable_respawn_times" "1"
L 03/20/2014 - 21:04:28: "Gord<10><STEAM_0:1:2327125><>" entered the game
L 03/20/2014 - 21:04:30: "DannelorG<4><STEAM_0:1:20046983><>" entered the game
L 03/20/2014 - 21:04:32: "Blizzard (Sean)áƒ¦<27><STEAM_0:1:47938377><>" entered the game
L 03/20/2014 - 21:04:33: "Gord<10><STEAM_0:1:2327125><Unassigned>" joined team "Blue"
L 03/20/2014 - 21:04:34: "DannelorG<4><STEAM_0:1:20046983><Unassigned>" joined team "Red"
L 03/20/2014 - 21:04:35: "DannelorG<4><STEAM_0:1:20046983><Red>" changed role to "medic"
L 03/20/2014 - 21:04:35: "Gord<10><STEAM_0:1:2327125><Blue>" changed role to "scout"
L 03/20/2014 - 21:04:36: "Gord<10><STEAM_0:1:2327125><Blue>" changed role to "medic"
L 03/20/2014 - 21:04:40: World triggered "Round_Start"
L 03/20/2014 - 21:04:40: World triggered "Round_Setup_Begin"
L 03/20/2014 - 21:04:41: "Gord<10><STEAM_0:1:2327125><Blue>" joined team "Red"
L 03/20/2014 - 21:04:41: "Gord<10><STEAM_0:1:2327125><Red>" triggered "medic_death" against "Gord<10><STEAM_0:1:2327125><Red>" (healing "0") (ubercharge "0")
L 03/20/2014 - 21:04:41: "Gord<10><STEAM_0:1:2327125><Red>" committed suicide with "world" (attacker_position "146 -893 64")
L 03/20/2014 - 21:04:41: "Persi, the Neko God<12><STEAM_0:1:30286598><Unassigned>" joined team "Red"
L 03/20/2014 - 21:04:41: "Blizzard (Sean)áƒ¦<27><STEAM_0:1:47938377><Unassigned>" joined team "Red"
L 03/20/2014 - 21:04:42: "Persi, the Neko God<12><STEAM_0:1:30286598><Red>" joined team "Blue"
L 03/20/2014 - 21:04:43: "vexumnation<32><STEAM_0:0:63220632><>" connected, address "68.114.217.45:27005"
L 03/20/2014 - 21:04:43: "vexumnation<32><STEAM_0:0:63220632><>" STEAM USERID validated
L 03/20/2014 - 21:04:48: "Gord<10><STEAM_0:1:2327125><Red>" say "we got this"
L 03/20/2014 - 21:04:50: World triggered "Round_Win" (winner "Red")
L 03/20/2014 - 21:04:50: World triggered "Round_Length" (seconds "10.00")
L 03/20/2014 - 21:04:50: Team "Red" current score "1" with "3" players
L 03/20/2014 - 21:04:50: Team "Blue" current score "0" with "1" players
L 03/20/2014 - 21:04:52: "Gord<10><STEAM_0:1:2327125><Red>" say "see "
L 03/20/2014 - 21:05:02: "DannelorG<0><STEAM_0:1:20046983><Red>" triggered "medic_death" against "DannelorG<4><STEAM_0:1:20046983><Red>" (healing "0") (ubercharge "0")
L 03/20/2014 - 21:05:02: "DannelorG<4><STEAM_0:1:20046983><Red>" committed suicide with "world" (attacker_position "-266 -581 -2031")
L 03/20/2014 - 21:05:05: World triggered "Round_Start"
L 03/20/2014 - 21:05:05: World triggered "Round_Setup_Begin"
L 03/20/2014 - 21:05:06: "Persi, the Neko God<12><STEAM_0:1:30286598><Blue>" joined team "Red"
L 03/20/2014 - 21:05:07: "Gord<10><STEAM_0:1:2327125><Red>" joined team "Blue"
L 03/20/2014 - 21:05:07: "Gord<10><STEAM_0:1:2327125><Blue>" triggered "medic_death" against "Gord<10><STEAM_0:1:2327125><Blue>" (healing "0") (ubercharge "0")
L 03/20/2014 - 21:05:07: "Gord<10><STEAM_0:1:2327125><Blue>" committed suicide with "world" (attacker_position "-1600 -912 0")
L 03/20/2014 - 21:05:12: "Gord<10><STEAM_0:1:2327125><Blue>" say "ahahahaha hoooo boy"
L 03/20/2014 - 21:05:19: "Persi, the Neko God<12><STEAM_0:1:30286598><Red>" changed role to "medic"
L 03/20/2014 - 21:05:20: "Gord<10><STEAM_0:1:2327125><Blue>" say "select medic J"
L 03/20/2014 - 21:05:27: "heyyastefan<28><STEAM_0:0:72639879><>" entered the game
L 03/20/2014 - 21:05:36: "madgod zhar<31><STEAM_0:0:28814709><>" disconnected (reason "Disconnect by user.")
L 03/20/2014 - 21:05:39: "DannelorG<0><STEAM_0:1:20046983><Red>" triggered "medic_death" against "DannelorG<4><STEAM_0:1:20046983><Red>" (healing "0") (ubercharge "0")
L 03/20/2014 - 21:05:39: "DannelorG<4><STEAM_0:1:20046983><Red>" committed suicide with "world" (attacker_position "-174 -522 -1877")
L 03/20/2014 - 21:05:39: World triggered "Round_Win" (winner "Blue")
L 03/20/2014 - 21:05:39: World triggered "Round_Length" (seconds "34.05")
L 03/20/2014 - 21:05:39: Team "Red" current score "1" with "3" players
L 03/20/2014 - 21:05:39: Team "Blue" current score "1" with "1" players
L 03/20/2014 - 21:05:43: "heyyastefan<28><STEAM_0:0:72639879><Unassigned>" joined team "Blue"
L 03/20/2014 - 21:05:50: "heyyastefan<28><STEAM_0:0:72639879><Blue>" changed role to "pyro"
L 03/20/2014 - 21:05:52: "FarDiamond3049<21><STEAM_0:0:54908227><>" entered the game
L 03/20/2014 - 21:05:54: World triggered "Round_Start"
L 03/20/2014 - 21:05:54: World triggered "Round_Setup_Begin"
L 03/20/2014 - 21:05:55: "Gord<10><STEAM_0:1:2327125><Blue>" joined team "Red"
L 03/20/2014 - 21:05:55: "Gord<10><STEAM_0:1:2327125><Red>" triggered "medic_death" against "Gord<10><STEAM_0:1:2327125><Red>" (healing "0") (ubercharge "0")
L 03/20/2014 - 21:05:55: "Gord<10><STEAM_0:1:2327125><Red>" committed suicide with "world" (attacker_position "146 -893 64")
L 03/20/2014 - 21:05:55: "heyyastefan<28><STEAM_0:0:72639879><Blue>" joined team "Red"
L 03/20/2014 - 21:05:55: "FarDiamond3049<21><STEAM_0:0:54908227><Unassigned>" joined team "Red"
L 03/20/2014 - 21:05:56: "heyyastefan<28><STEAM_0:0:72639879><Red>" changed role to "pyro"
L 03/20/2014 - 21:05:56: "Blizzard (Sean)áƒ¦<27><STEAM_0:1:47938377><Red>" joined team "Blue"
L 03/20/2014 - 21:06:00: "Bilby<8><STEAM_0:0:12379989><>" entered the game
L 03/20/2014 - 21:06:01: "heyyastefan<28><STEAM_0:0:72639879><Red>" changed role to "pyro"
L 03/20/2014 - 21:06:02: "Gord<10><STEAM_0:1:2327125><Red>" say "select medic"
L 03/20/2014 - 21:06:03: "heyyastefan<28><STEAM_0:0:72639879><Red>" changed role to "pyro"
L 03/20/2014 - 21:06:04: World triggered "Round_Win" (winner "Red")
L 03/20/2014 - 21:06:04: World triggered "Round_Length" (seconds "10.00")
L 03/20/2014 - 21:06:04: Team "Red" current score "2" with "5" players
L 03/20/2014 - 21:06:04: Team "Blue" current score "1" with "1" players
L 03/20/2014 - 21:06:07: "heyyastefan<28><STEAM_0:0:72639879><Red>" changed role to "scout"
L 03/20/2014 - 21:06:09: "heyyastefan<28><STEAM_0:0:72639879><Red>" changed role to "scout"
L 03/20/2014 - 21:06:15: "FarDiamond3049<21><STEAM_0:0:54908227><Red>" changed role to "medic"
L 03/20/2014 - 21:06:15: "DannelorG<0><STEAM_0:1:20046983><Red>" triggered "medic_death" against "DannelorG<4><STEAM_0:1:20046983><Red>" (healing "0") (ubercharge "0")
L 03/20/2014 - 21:06:15: "DannelorG<4><STEAM_0:1:20046983><Red>" committed suicide with "world" (attacker_position "-330 395 0")
L 03/20/2014 - 21:06:18: "heyyastefan<28><STEAM_0:0:72639879><Red>" disconnected (reason "Disconnect by user.")
L 03/20/2014 - 21:06:19: World triggered "Round_Start"
L 03/20/2014 - 21:06:19: World triggered "Round_Setup_Begin"
L 03/20/2014 - 21:06:20: "Bilby<8><STEAM_0:0:12379989><Unassigned>" joined team "Red"
L 03/20/2014 - 21:06:20: "Blizzard (Sean)áƒ¦<27><STEAM_0:1:47938377><Blue>" joined team "Red"
L 03/20/2014 - 21:06:22: "Bilby<8><STEAM_0:0:12379989><Red>" joined team "Blue"
L 03/20/2014 - 21:06:29: World triggered "Round_Win" (winner "Red")
L 03/20/2014 - 21:06:29: World triggered "Round_Length" (seconds "10.00")
L 03/20/2014 - 21:06:29: Team "Red" current score "3" with "5" players
L 03/20/2014 - 21:06:29: Team "Blue" current score "1" with "1" players
L 03/20/2014 - 21:06:33: "Gord<10><STEAM_0:1:2327125><Red>" say "e-z"
L 03/20/2014 - 21:06:41: "DannelorG<0><STEAM_0:1:20046983><Red>" triggered "medic_death" against "DannelorG<4><STEAM_0:1:20046983><Red>" (healing "0") (ubercharge "0")
L 03/20/2014 - 21:06:41: "DannelorG<4><STEAM_0:1:20046983><Red>" committed suicide with "world" (attacker_position "-335 358 0")
L 03/20/2014 - 21:06:43: "Gord<0><STEAM_0:1:2327125><Red>" triggered "medic_death" against "Gord<10><STEAM_0:1:2327125><Red>" (healing "0") (ubercharge "0")
L 03/20/2014 - 21:06:43: "Gord<10><STEAM_0:1:2327125><Red>" committed suicide with "world" (attacker_position "-295 -503 -1917")
L 03/20/2014 - 21:06:44: "FarDiamond3049<0><STEAM_0:0:54908227><Red>" triggered "medic_death" against "FarDiamond3049<21><STEAM_0:0:54908227><Red>" (healing "74") (ubercharge "0")
L 03/20/2014 - 21:06:44: "FarDiamond3049<21><STEAM_0:0:54908227><Red>" committed suicide with "world" (attacker_position "-357 -530 -1891")
L 03/20/2014 - 21:06:45: World triggered "Round_Start"
L 03/20/2014 - 21:06:45: World triggered "Round_Setup_Begin"
L 03/20/2014 - 21:06:45: "Bilby<8><STEAM_0:0:12379989><Blue>" joined team "Red"
L 03/20/2014 - 21:06:46: "Bilby<8><STEAM_0:0:12379989><Red>" joined team "Blue"
L 03/20/2014 - 21:06:50: "Bilby<8><STEAM_0:0:12379989><Blue>" changed role to "medic"
L 03/20/2014 - 21:07:25: "heyyastefan<33><STEAM_0:0:72639879><>" connected, address "75.115.215.202:27005"
L 03/20/2014 - 21:07:26: "heyyastefan<33><STEAM_0:0:72639879><>" STEAM USERID validated
L 03/20/2014 - 21:07:30: "FarDiamond3049<0><STEAM_0:0:54908227><Red>" triggered "medic_death" against "FarDiamond3049<21><STEAM_0:0:54908227><Red>" (healing "0") (ubercharge "0")
L 03/20/2014 - 21:07:30: "FarDiamond3049<21><STEAM_0:0:54908227><Red>" committed suicide with "world" (attacker_position "-324 354 0")
L 03/20/2014 - 21:07:34: "heyyastefan<33><STEAM_0:0:72639879><>" entered the game
L 03/20/2014 - 21:07:36: "FarDiamond3049<21><STEAM_0:0:54908227><Red>" say "wonderful"
L 03/20/2014 - 21:07:39: "Gord<0><STEAM_0:1:2327125><Red>" triggered "medic_death" against "Gord<10><STEAM_0:1:2327125><Red>" (healing "0") (ubercharge "0")
L 03/20/2014 - 21:07:39: "Gord<10><STEAM_0:1:2327125><Red>" committed suicide with "world" (attacker_position "-184 647 -78")
L 03/20/2014 - 21:07:39: "vexumnation<32><STEAM_0:0:63220632><>" entered the game
L 03/20/2014 - 21:07:39: "killingkevin<29><STEAM_0:1:51407965><>" entered the game
L 03/20/2014 - 21:07:43: "heyyastefan<33><STEAM_0:0:72639879><Unassigned>" joined team "Blue"
L 03/20/2014 - 21:07:44: "heyyastefan<33><STEAM_0:0:72639879><Blue>" changed role to "scout"
L 03/20/2014 - 21:07:46: "heyyastefan<33><STEAM_0:0:72639879><Blue>" changed role to "scout"
L 03/20/2014 - 21:07:48: "Blizzard (Sean)áƒ¦<27><STEAM_0:1:47938377><Red>" changed role to "medic"
L 03/20/2014 - 21:07:50: server_cvar: "mp_disable_respawn_times" "0"
L 03/20/2014 - 21:07:53: "heyyastefan<33><STEAM_0:0:72639879><Blue>" disconnected (reason "Disconnect by user.")
L 03/20/2014 - 21:07:55: "vexumnation<32><STEAM_0:0:63220632><Unassigned>" joined team "Blue"
L 03/20/2014 - 21:08:01: "vexumnation<32><STEAM_0:0:63220632><Blue>" changed role to "pyro"
L 03/20/2014 - 21:08:03: "vexumnation<32><STEAM_0:0:63220632><Blue>" changed role to "pyro"
L 03/20/2014 - 21:08:04: server_cvar: "mp_disable_respawn_times" "1"
L 03/20/2014 - 21:08:05: "vexumnation<32><STEAM_0:0:63220632><Blue>" changed role to "pyro"
L 03/20/2014 - 21:08:07: "vexumnation<32><STEAM_0:0:63220632><Blue>" changed role to "pyro"
L 03/20/2014 - 21:08:08: "vexumnation<32><STEAM_0:0:63220632><Blue>" changed role to "heavyweapons"
L 03/20/2014 - 21:08:09: "Punished Scratch<34><STEAM_0:1:20646419><>" connected, address "24.52.226.21:27005"
L 03/20/2014 - 21:08:09: "Punished Scratch<34><STEAM_0:1:20646419><>" STEAM USERID validated
L 03/20/2014 - 21:08:12: "vexumnation<32><STEAM_0:0:63220632><Blue>" changed role to "medic"
L 03/20/2014 - 21:08:17: "Maxconi<35><STEAM_0:1:43316771><>" connected, address "76.64.68.29:27005"
L 03/20/2014 - 21:08:17: "Maxconi<35><STEAM_0:1:43316771><>" STEAM USERID validated
L 03/20/2014 - 21:08:18: "DannelorG<0><STEAM_0:1:20046983><Red>" triggered "medic_death" against "DannelorG<4><STEAM_0:1:20046983><Red>" (healing "0") (ubercharge "0")
L 03/20/2014 - 21:08:18: "DannelorG<4><STEAM_0:1:20046983><Red>" committed suicide with "world" (attacker_position "692 2368 0")
L 03/20/2014 - 21:08:27: "{SCG} Metka Serket<23><STEAM_0:0:17889225><>" entered the game
L 03/20/2014 - 21:08:29: "killingkevin<29><STEAM_0:1:51407965><Unassigned>" joined team "Red"
L 03/20/2014 - 21:08:30: "Persi, the Neko God<0><STEAM_0:1:30286598><Red>" triggered "medic_death" against "Persi, the Neko God<12><STEAM_0:1:30286598><Red>" (healing "0") (ubercharge "0")
L 03/20/2014 - 21:08:30: "Persi, the Neko God<12><STEAM_0:1:30286598><Red>" committed suicide with "world" (attacker_position "1747 1752 -38")
L 03/20/2014 - 21:08:30: World triggered "Round_Win" (winner "Blue")
L 03/20/2014 - 21:08:30: World triggered "Round_Length" (seconds "105.40")
L 03/20/2014 - 21:08:30: Team "Red" current score "3" with "6" players
L 03/20/2014 - 21:08:30: Team "Blue" current score "2" with "2" players
L 03/20/2014 - 21:08:33: "{SCG} Metka Serket<23><STEAM_0:0:17889225><Unassigned>" joined team "Red"
L 03/20/2014 - 21:08:34: "{SCG} Metka Serket<23><STEAM_0:0:17889225><Red>" changed role to "pyro"
L 03/20/2014 - 21:08:36: "{SCG} Metka Serket<23><STEAM_0:0:17889225><Red>" changed role to "medic"
L 03/20/2014 - 21:08:38: server_cvar: "mp_disable_respawn_times" "0"
L 03/20/2014 - 21:08:42: "killingkevin<29><STEAM_0:1:51407965><Red>" changed role to "medic"
L 03/20/2014 - 21:08:44: "Marti<20><STEAM_0:1:25251709><>" entered the game
L 03/20/2014 - 21:08:45: World triggered "Round_Start"
L 03/20/2014 - 21:08:45: World triggered "Round_Setup_Begin"
L 03/20/2014 - 21:08:46: "Marti<20><STEAM_0:1:25251709><Unassigned>" joined team "Red"
L 03/20/2014 - 21:08:46: "Bilby<8><STEAM_0:0:12379989><Blue>" joined team "Red"
L 03/20/2014 - 21:08:46: "Bilby<8><STEAM_0:0:12379989><Red>" triggered "medic_death" against "Bilby<8><STEAM_0:0:12379989><Red>" (healing "0") (ubercharge "0")
L 03/20/2014 - 21:08:46: "Bilby<8><STEAM_0:0:12379989><Red>" committed suicide with "world" (attacker_position "146 -893 64")
L 03/20/2014 - 21:08:46: "vexumnation<32><STEAM_0:0:63220632><Blue>" joined team "Red"
L 03/20/2014 - 21:08:46: "vexumnation<32><STEAM_0:0:63220632><Red>" triggered "medic_death" against "vexumnation<32><STEAM_0:0:63220632><Red>" (healing "0") (ubercharge "0")
L 03/20/2014 - 21:08:46: "vexumnation<32><STEAM_0:0:63220632><Red>" committed suicide with "world" (attacker_position "146 -893 64")
L 03/20/2014 - 21:08:47: "FarDiamond3049<21><STEAM_0:0:54908227><Red>" joined team "Blue"
L 03/20/2014 - 21:08:47: "FarDiamond3049<21><STEAM_0:0:54908227><Blue>" triggered "medic_death" against "FarDiamond3049<21><STEAM_0:0:54908227><Blue>" (healing "0") (ubercharge "0")
L 03/20/2014 - 21:08:47: "FarDiamond3049<21><STEAM_0:0:54908227><Blue>" committed suicide with "world" (attacker_position "-1536 -912 0")
L 03/20/2014 - 21:09:00: "Punished Scratch<34><STEAM_0:1:20646419><>" entered the game
L 03/20/2014 - 21:09:06: "Punished Scratch<34><STEAM_0:1:20646419><Unassigned>" joined team "Red"
L 03/20/2014 - 21:09:07: "Punished Scratch<34><STEAM_0:1:20646419><Red>" changed role to "medic"
L 03/20/2014 - 21:09:07: "vexumnation<0><STEAM_0:0:63220632><Red>" triggered "medic_death" against "vexumnation<32><STEAM_0:0:63220632><Red>" (healing "0") (ubercharge "0")
L 03/20/2014 - 21:09:07: "vexumnation<32><STEAM_0:0:63220632><Red>" committed suicide with "world" (attacker_position "-309 -593 -1844")
L 03/20/2014 - 21:09:20: "Shiny mew<19><STEAM_0:0:43768850><>" disconnected (reason "Shiny mew timed out")
L 03/20/2014 - 21:09:25: "Mewgia<36><STEAM_0:1:27130334><>" connected, address "64.237.239.51:63006"
L 03/20/2014 - 21:09:25: "Mewgia<36><STEAM_0:1:27130334><>" STEAM USERID validated
L 03/20/2014 - 21:09:27: "Maxconi<35><STEAM_0:1:43316771><>" entered the game
L 03/20/2014 - 21:09:30: "DannelorG<0><STEAM_0:1:20046983><Red>" triggered "medic_death" against "DannelorG<4><STEAM_0:1:20046983><Red>" (healing "0") (ubercharge "0")
L 03/20/2014 - 21:09:30: "DannelorG<4><STEAM_0:1:20046983><Red>" committed suicide with "world" (attacker_position "1677 1944 -20")
L 03/20/2014 - 21:09:35: "Maxconi<35><STEAM_0:1:43316771><Unassigned>" joined team "Red"
L 03/20/2014 - 21:09:39: "Maxconi<35><STEAM_0:1:43316771><Red>" changed role to "medic"
L 03/20/2014 - 21:09:43: "Gord<0><STEAM_0:1:2327125><Red>" triggered "medic_death" against "Gord<10><STEAM_0:1:2327125><Red>" (healing "0") (ubercharge "0")
L 03/20/2014 - 21:09:43: "Gord<10><STEAM_0:1:2327125><Red>" committed suicide with "world" (attacker_position "1724 1928 0")
L 03/20/2014 - 21:09:46: "Gord<10><STEAM_0:1:2327125><Red>" say "wa"
L 03/20/2014 - 21:09:54: "killingkevin<0><STEAM_0:1:51407965><Red>" triggered "medic_death" against "killingkevin<29><STEAM_0:1:51407965><Red>" (healing "0") (ubercharge "0")
L 03/20/2014 - 21:09:54: "killingkevin<29><STEAM_0:1:51407965><Red>" committed suicide with "world" (attacker_position "-181 1777 -2")
L 03/20/2014 - 21:09:56: "{SCG} Metka Serket<0><STEAM_0:0:17889225><Red>" triggered "medic_death" against "{SCG} Metka Serket<23><STEAM_0:0:17889225><Red>" (healing "0") (ubercharge "0")
L 03/20/2014 - 21:09:56: "{SCG} Metka Serket<23><STEAM_0:0:17889225><Red>" committed suicide with "world" (attacker_position "1683 2280 0")
L 03/20/2014 - 21:09:57: "Gord<10><STEAM_0:1:2327125><Red>" say "waaaaaaa"
L 03/20/2014 - 21:10:01: "Blizzard (Sean)áƒ¦<27><STEAM_0:1:47938377><Red>" say ";-;"
L 03/20/2014 - 21:10:02: "Persi, the Neko God<0><STEAM_0:1:30286598><Red>" triggered "medic_death" against "Persi, the Neko God<12><STEAM_0:1:30286598><Red>" (healing "0") (ubercharge "0")
L 03/20/2014 - 21:10:02: "Persi, the Neko God<12><STEAM_0:1:30286598><Red>" committed suicide with "world" (attacker_position "235 2343 0")
L 03/20/2014 - 21:10:35: "Gord<10><STEAM_0:1:2327125><Red>" say "these traps are so finicky"
L 03/20/2014 - 21:10:42: "Andy<37><STEAM_0:0:42727213><>" connected, address "75.142.173.73:27005"
L 03/20/2014 - 21:10:42: "Andy<37><STEAM_0:0:42727213><>" STEAM USERID validated
L 03/20/2014 - 21:11:02: "Shiny mew<38><STEAM_0:0:43768850><>" connected, address "67.190.235.102:27005"
L 03/20/2014 - 21:11:03: "Shiny mew<38><STEAM_0:0:43768850><>" STEAM USERID validated
L 03/20/2014 - 21:11:36: "Andy<37><STEAM_0:0:42727213><>" disconnected (reason "Disconnect by user.")
L 03/20/2014 - 21:11:36: "Blizzard (Sean)áƒ¦<0><STEAM_0:1:47938377><Red>" triggered "medic_death" against "Blizzard (Sean)áƒ¦<27><STEAM_0:1:47938377><Red>" (healing "0") (ubercharge "0")
L 03/20/2014 - 21:11:36: "Blizzard (Sean)áƒ¦<27><STEAM_0:1:47938377><Red>" committed suicide with "world" (attacker_position "3669 -1301 484")
L 03/20/2014 - 21:11:41: "Gord<10><STEAM_0:1:2327125><Red>" say "<3"
L 03/20/2014 - 21:11:47: "Blizzard (Sean)áƒ¦<27><STEAM_0:1:47938377><Red>" say "<3"
L 03/20/2014 - 21:11:48: "Bilby<0><STEAM_0:0:12379989><Red>" triggered "medic_death" against "Bilby<8><STEAM_0:0:12379989><Red>" (healing "0") (ubercharge "0")
L 03/20/2014 - 21:11:48: "Bilby<8><STEAM_0:0:12379989><Red>" committed suicide with "world" (attacker_position "3930 -1799 375")
L 03/20/2014 - 21:11:48: World triggered "Round_Win" (winner "Blue")
L 03/20/2014 - 21:11:48: World triggered "Round_Length" (seconds "182.88")
L 03/20/2014 - 21:11:48: Team "Red" current score "3" with "11" players
L 03/20/2014 - 21:11:48: Team "Blue" current score "3" with "1" players
L 03/20/2014 - 21:11:59: "Gord<10><STEAM_0:1:2327125><Red>" say "not turkey enough for me"
L 03/20/2014 - 21:12:00: "FarDiamond3049<21><STEAM_0:0:54908227><Blue>" say "lol i didn't even know the map"
L 03/20/2014 - 21:12:03: World triggered "Round_Start"
L 03/20/2014 - 21:12:03: World triggered "Round_Setup_Begin"
L 03/20/2014 - 21:12:04: "FarDiamond3049<21><STEAM_0:0:54908227><Blue>" joined team "Red"
L 03/20/2014 - 21:12:04: "FarDiamond3049<21><STEAM_0:0:54908227><Red>" triggered "medic_death" against "FarDiamond3049<21><STEAM_0:0:54908227><Red>" (healing "0") (ubercharge "0")
L 03/20/2014 - 21:12:04: "FarDiamond3049<21><STEAM_0:0:54908227><Red>" committed suicide with "world" (attacker_position "146 -893 64")
L 03/20/2014 - 21:12:05: "Blizzard (Sean)áƒ¦<27><STEAM_0:1:47938377><Red>" joined team "Blue"
L 03/20/2014 - 21:12:05: "Blizzard (Sean)áƒ¦<27><STEAM_0:1:47938377><Blue>" triggered "medic_death" against "Blizzard (Sean)áƒ¦<27><STEAM_0:1:47938377><Blue>" (healing "0") (ubercharge "0")
L 03/20/2014 - 21:12:05: "Blizzard (Sean)áƒ¦<27><STEAM_0:1:47938377><Blue>" committed suicide with "world" (attacker_position "-1471 -976 19")
L 03/20/2014 - 21:12:06: "Marti<20><STEAM_0:1:25251709><Red>" changed role to "heavyweapons"
L 03/20/2014 - 21:12:07: "Marti<20><STEAM_0:1:25251709><Red>" changed role to "medic"
L 03/20/2014 - 21:12:25: "Gord<10><STEAM_0:1:2327125><Red>" say "HAWW HAWWWWW HAWWWWWWWWWWW"
L 03/20/2014 - 21:12:36: "Marti<0><STEAM_0:1:25251709><Red>" triggered "medic_death" against "Marti<20><STEAM_0:1:25251709><Red>" (healing "0") (ubercharge "0")
L 03/20/2014 - 21:12:36: "Marti<20><STEAM_0:1:25251709><Red>" committed suicide with "world" (attacker_position "-636 -967 6")
L 03/20/2014 - 21:12:36: "DannelorG<0><STEAM_0:1:20046983><Red>" triggered "medic_death" against "DannelorG<4><STEAM_0:1:20046983><Red>" (healing "0") (ubercharge "0")
L 03/20/2014 - 21:12:36: "DannelorG<4><STEAM_0:1:20046983><Red>" committed suicide with "world" (attacker_position "-522 -857 73")
L 03/20/2014 - 21:12:36: "vexumnation<0><STEAM_0:0:63220632><Red>" triggered "medic_death" against "vexumnation<32><STEAM_0:0:63220632><Red>" (healing "0") (ubercharge "0")
L 03/20/2014 - 21:12:36: "vexumnation<32><STEAM_0:0:63220632><Red>" committed suicide with "world" (attacker_position "-639 -862 4")
L 03/20/2014 - 21:12:46: "Bilby<0><STEAM_0:0:12379989><Red>" triggered "medic_death" against "Bilby<8><STEAM_0:0:12379989><Red>" (healing "0") (ubercharge "0")
L 03/20/2014 - 21:12:46: "Bilby<8><STEAM_0:0:12379989><Red>" committed suicide with "world" (attacker_position "-303 -609 -1839")
L 03/20/2014 - 21:12:48: "Gord<10><STEAM_0:1:2327125><Red>" say "rip bilby"
L 03/20/2014 - 21:12:52: "vexumnation<32><STEAM_0:0:63220632><Red>" disconnected (reason "Disconnect by user.")
L 03/20/2014 - 21:13:01: "Gord<0><STEAM_0:1:2327125><Red>" triggered "medic_death" against "Gord<10><STEAM_0:1:2327125><Red>" (healing "0") (ubercharge "0")
L 03/20/2014 - 21:13:01: "Gord<10><STEAM_0:1:2327125><Red>" committed suicide with "world" (attacker_position "-421 382 0")
L 03/20/2014 - 21:13:01: "FarDiamond3049<0><STEAM_0:0:54908227><Red>" triggered "medic_death" against "FarDiamond3049<21><STEAM_0:0:54908227><Red>" (healing "0") (ubercharge "0")
L 03/20/2014 - 21:13:01: "FarDiamond3049<21><STEAM_0:0:54908227><Red>" committed suicide with "world" (attacker_position "-365 405 0")
L 03/20/2014 - 21:13:05: "killingkevin<0><STEAM_0:1:51407965><Red>" triggered "medic_death" against "killingkevin<29><STEAM_0:1:51407965><Red>" (healing "0") (ubercharge "0")
L 03/20/2014 - 21:13:05: "killingkevin<29><STEAM_0:1:51407965><Red>" committed suicide with "world" (attacker_position "-348 387 0")
L 03/20/2014 - 21:13:08: "Punished Scratch<0><STEAM_0:1:20646419><Red>" triggered "medic_death" against "Punished Scratch<34><STEAM_0:1:20646419><Red>" (healing "0") (ubercharge "0")
L 03/20/2014 - 21:13:08: "Punished Scratch<34><STEAM_0:1:20646419><Red>" committed suicide with "world" (attacker_position "-330 378 0")
L 03/20/2014 - 21:13:10: "Gord<10><STEAM_0:1:2327125><Red>" say "ahahahaha"
L 03/20/2014 - 21:13:35: "Punished Scratch<34><STEAM_0:1:20646419><Red>" say "hell yes he did"
L 03/20/2014 - 21:13:42: "Gord<10><STEAM_0:1:2327125><Red>" say "metka clutching"
L 03/20/2014 - 21:13:46: "Maxconi<0><STEAM_0:1:43316771><Red>" triggered "medic_death" against "Maxconi<35><STEAM_0:1:43316771><Red>" (healing "0") (ubercharge "0")
L 03/20/2014 - 21:13:46: "Maxconi<35><STEAM_0:1:43316771><Red>" committed suicide with "world" (attacker_position "-155 1508 35")
L 03/20/2014 - 21:14:07: "Mewgia<36><STEAM_0:1:27130334><>" entered the game
L 03/20/2014 - 21:14:47: "Mewgia<36><STEAM_0:1:27130334><Unassigned>" joined team "Red"
L 03/20/2014 - 21:14:54: "Mewgia<36><STEAM_0:1:27130334><Red>" changed role to "medic"
L 03/20/2014 - 21:14:57: "Gord<10><STEAM_0:1:2327125><Red>" say "i vote persi goes first"
L 03/20/2014 - 21:15:04: "Gord<10><STEAM_0:1:2327125><Red>" say "cuz"
L 03/20/2014 - 21:15:07: "DannelorG<4><STEAM_0:1:20046983><Red>" say "Second it"
L 03/20/2014 - 21:15:13: "Gord<10><STEAM_0:1:2327125><Red>" say "gord hath decreed it"
L 03/20/2014 - 21:15:24: "Punished Scratch<34><STEAM_0:1:20646419><Red>" say "nice"
L 03/20/2014 - 21:15:26: "Gord<10><STEAM_0:1:2327125><Red>" say "great blessings upon ye persi"
L 03/20/2014 - 21:15:31: "Gord<10><STEAM_0:1:2327125><Red>" say "for the gord hath blessed you"
L 03/20/2014 - 21:15:55: "{SCG} Metka Serket<0><STEAM_0:0:17889225><Red>" triggered "medic_death" against "{SCG} Metka Serket<23><STEAM_0:0:17889225><Red>" (healing "0") (ubercharge "0")
L 03/20/2014 - 21:15:55: "{SCG} Metka Serket<23><STEAM_0:0:17889225><Red>" committed suicide with "world" (attacker_position "3758 -1247 419")
L 03/20/2014 - 21:16:01: "Gord<10><STEAM_0:1:2327125><Red>" say "jump on the overhang"
L 03/20/2014 - 21:16:07: "Gord<10><STEAM_0:1:2327125><Red>" say "you're good"
L 03/20/2014 - 21:16:08: "Persi, the Neko God<0><STEAM_0:1:30286598><Red>" triggered "medic_death" against "Persi, the Neko God<12><STEAM_0:1:30286598><Red>" (healing "0") (ubercharge "0")
L 03/20/2014 - 21:16:08: "Persi, the Neko God<12><STEAM_0:1:30286598><Red>" committed suicide with "world" (attacker_position "3939 -1831 440")
L 03/20/2014 - 21:16:08: World triggered "Round_Win" (winner "Blue")
L 03/20/2014 - 21:16:08: World triggered "Round_Length" (seconds "245.61")
L 03/20/2014 - 21:16:08: Team "Red" current score "3" with "11" players
L 03/20/2014 - 21:16:08: Team "Blue" current score "4" with "1" players
L 03/20/2014 - 21:16:10: "Gord<10><STEAM_0:1:2327125><Red>" say "nvm"
L 03/20/2014 - 21:16:15: "Shiny mew<38><STEAM_0:0:43768850><>" disconnected (reason "Shiny mew timed out")
L 03/20/2014 - 21:16:17: "Gord<10><STEAM_0:1:2327125><Red>" say "good try though :>"
L 03/20/2014 - 21:16:24: World triggered "Round_Start"
L 03/20/2014 - 21:16:24: World triggered "Round_Setup_Begin"
L 03/20/2014 - 21:16:25: "Blizzard (Sean)áƒ¦<27><STEAM_0:1:47938377><Blue>" joined team "Red"
L 03/20/2014 - 21:16:25: "Blizzard (Sean)áƒ¦<27><STEAM_0:1:47938377><Red>" triggered "medic_death" against "Blizzard (Sean)áƒ¦<27><STEAM_0:1:47938377><Red>" (healing "0") (ubercharge "0")
L 03/20/2014 - 21:16:25: "Blizzard (Sean)áƒ¦<27><STEAM_0:1:47938377><Red>" committed suicide with "world" (attacker_position "146 -893 64")
L 03/20/2014 - 21:16:26: "Maxconi<35><STEAM_0:1:43316771><Red>" joined team "Blue"
L 03/20/2014 - 21:16:26: "Maxconi<35><STEAM_0:1:43316771><Blue>" triggered "medic_death" against "Maxconi<35><STEAM_0:1:43316771><Blue>" (healing "0") (ubercharge "0")
L 03/20/2014 - 21:16:26: "Maxconi<35><STEAM_0:1:43316771><Blue>" committed suicide with "world" (attacker_position "-1408 -848 34")
L 03/20/2014 - 21:16:27: "Marti<20><STEAM_0:1:25251709><Red>" changed role to "engineer"
L 03/20/2014 - 21:16:31: "{SCG} Metka Serket<23><STEAM_0:0:17889225><Red>" say "Those last two traps are whores."
L 03/20/2014 - 21:16:38: "Gord<10><STEAM_0:1:2327125><Red>" say "never had trouble with the stairs"
L 03/20/2014 - 21:16:45: "Gord<10><STEAM_0:1:2327125><Red>" say "almost always die in that bullshit shining hallway"
L 03/20/2014 - 21:16:56: "{SCG} Metka Serket<0><STEAM_0:0:17889225><Red>" triggered "medic_death" against "{SCG} Metka Serket<23><STEAM_0:0:17889225><Red>" (healing "0") (ubercharge "0")
L 03/20/2014 - 21:16:56: "{SCG} Metka Serket<23><STEAM_0:0:17889225><Red>" committed suicide with "world" (attacker_position "-186 1778 21")
L 03/20/2014 - 21:17:11: "Punished Scratch<0><STEAM_0:1:20646419><Red>" triggered "medic_death" against "Punished Scratch<34><STEAM_0:1:20646419><Red>" (healing "0") (ubercharge "0")
L 03/20/2014 - 21:17:11: "Punished Scratch<34><STEAM_0:1:20646419><Red>" committed suicide with "world" (attacker_position "-189 -460 -2047")
L 03/20/2014 - 21:17:11: "Mewgia<0><STEAM_0:1:27130334><Red>" triggered "medic_death" against "Mewgia<36><STEAM_0:1:27130334><Red>" (healing "0") (ubercharge "0")
L 03/20/2014 - 21:17:11: "Mewgia<36><STEAM_0:1:27130334><Red>" committed suicide with "world" (attacker_position "-255 -426 -2047")
L 03/20/2014 - 21:17:11: "Gord<0><STEAM_0:1:2327125><Red>" triggered "medic_death" against "Gord<10><STEAM_0:1:2327125><Red>" (healing "0") (ubercharge "0")
L 03/20/2014 - 21:17:11: "Gord<10><STEAM_0:1:2327125><Red>" committed suicide with "world" (attacker_position "-255 -426 -2047")
L 03/20/2014 - 21:17:12: "Blizzard (Sean)áƒ¦<0><STEAM_0:1:47938377><Red>" triggered "medic_death" against "Blizzard (Sean)áƒ¦<27><STEAM_0:1:47938377><Red>" (healing "0") (ubercharge "0")
L 03/20/2014 - 21:17:12: "Blizzard (Sean)áƒ¦<27><STEAM_0:1:47938377><Red>" committed suicide with "world" (attacker_position "-231 -433 -1838")
L 03/20/2014 - 21:17:16: "Gord<10><STEAM_0:1:2327125><Red>" say "we die together "
L 03/20/2014 - 21:17:16: "Marti<0><STEAM_0:1:25251709><Red>" triggered "medic_death" against "Marti<20><STEAM_0:1:25251709><Red>" (healing "0") (ubercharge "0")
L 03/20/2014 - 21:17:16: "Marti<20><STEAM_0:1:25251709><Red>" committed suicide with "world" (attacker_position "-183 -468 -1834")
L 03/20/2014 - 21:17:19: "Bilby<0><STEAM_0:0:12379989><Red>" triggered "medic_death" against "Bilby<8><STEAM_0:0:12379989><Red>" (healing "0") (ubercharge "0")
L 03/20/2014 - 21:17:19: "Bilby<8><STEAM_0:0:12379989><Red>" committed suicide with "world" (attacker_position "-337 419 0")
L 03/20/2014 - 21:17:20: "Blizzard (Sean)áƒ¦<27><STEAM_0:1:47938377><Red>" say ":D"
L 03/20/2014 - 21:17:26: "DannelorG<0><STEAM_0:1:20046983><Red>" triggered "medic_death" against "DannelorG<4><STEAM_0:1:20046983><Red>" (healing "0") (ubercharge "0")
L 03/20/2014 - 21:17:26: "DannelorG<4><STEAM_0:1:20046983><Red>" committed suicide with "world" (attacker_position "1692 2023 -40")
L 03/20/2014 - 21:17:26: "FarDiamond3049<21><STEAM_0:0:54908227><Red>" say "oh no"
L 03/20/2014 - 21:17:40: "killingkevin<0><STEAM_0:1:51407965><Red>" triggered "medic_death" against "killingkevin<29><STEAM_0:1:51407965><Red>" (healing "0") (ubercharge "0")
L 03/20/2014 - 21:17:40: "killingkevin<29><STEAM_0:1:51407965><Red>" committed suicide with "world" (attacker_position "-184 645 -86")
L 03/20/2014 - 21:17:43: "FarDiamond3049<0><STEAM_0:0:54908227><Red>" triggered "medic_death" against "FarDiamond3049<21><STEAM_0:0:54908227><Red>" (healing "0") (ubercharge "0")
L 03/20/2014 - 21:17:43: "FarDiamond3049<21><STEAM_0:0:54908227><Red>" committed suicide with "world" (customkill "train") (attacker_position "-152 1067 -74")
L 03/20/2014 - 21:17:50: "Blizzard (Sean)áƒ¦<27><STEAM_0:1:47938377><Red>" say "TRY LEFT"
L 03/20/2014 - 21:17:56: "Blizzard (Sean)áƒ¦<27><STEAM_0:1:47938377><Red>" say "OLOY"
L 03/20/2014 - 21:18:01: "Gord<10><STEAM_0:1:2327125><Red>" say "middle"
L 03/20/2014 - 21:18:13: "Blizzard (Sean)áƒ¦<27><STEAM_0:1:47938377><Red>" say "gord is great"
L 03/20/2014 - 21:18:26: "Gord<10><STEAM_0:1:2327125><Red>" say "going in my profile"
L 03/20/2014 - 21:19:01: "Gord<10><STEAM_0:1:2327125><Red>" say "gord will always be with you :>"
L 03/20/2014 - 21:19:24: "heyyastefan<39><STEAM_0:0:72639879><>" connected, address "75.115.215.202:27005"
L 03/20/2014 - 21:19:24: "heyyastefan<39><STEAM_0:0:72639879><>" STEAM USERID validated
L 03/20/2014 - 21:19:27: "Gord<10><STEAM_0:1:2327125><Red>" say "try crouching and hitting it"
L 03/20/2014 - 21:19:37: "heyyastefan<39><STEAM_0:0:72639879><>" entered the game
L 03/20/2014 - 21:19:44: "heyyastefan<39><STEAM_0:0:72639879><Unassigned>" joined team "Blue"
L 03/20/2014 - 21:19:46: "heyyastefan<39><STEAM_0:0:72639879><Blue>" changed role to "scout"
L 03/20/2014 - 21:20:02: "Gord<10><STEAM_0:1:2327125><Red>" say "gg no re can't get past the sewer"
L 03/20/2014 - 21:20:02: "heyyastefan<39><STEAM_0:0:72639879><Blue>" changed role to "pyro"
L 03/20/2014 - 21:20:04: "heyyastefan<39><STEAM_0:0:72639879><Blue>" changed role to "heavyweapons"
L 03/20/2014 - 21:20:07: "heyyastefan<39><STEAM_0:0:72639879><Blue>" changed role to "heavyweapons"
L 03/20/2014 - 21:20:13: "Shiny mew<40><STEAM_0:0:43768850><>" connected, address "67.190.235.102:27005"
L 03/20/2014 - 21:20:13: "Shiny mew<40><STEAM_0:0:43768850><>" STEAM USERID validated
L 03/20/2014 - 21:20:15: "Gord<10><STEAM_0:1:2327125><Red>" say "woah."
L 03/20/2014 - 21:20:17: "Blizzard (Sean)áƒ¦<27><STEAM_0:1:47938377><Red>" say "lol"
L 03/20/2014 - 21:20:31: "heyyastefan<39><STEAM_0:0:72639879><Blue>" disconnected (reason "Disconnect by user.")
L 03/20/2014 - 21:20:51: "ninjagirl123<41><STEAM_0:1:55160236><>" connected, address "70.75.76.216:27005"
L 03/20/2014 - 21:20:51: "ninjagirl123<41><STEAM_0:1:55160236><>" STEAM USERID validated
L 03/20/2014 - 21:21:05: "Blizzard (Sean)áƒ¦<27><STEAM_0:1:47938377><Red>" say "YEEEEEEEEE"
L 03/20/2014 - 21:21:09: World triggered "Round_Win" (winner "Red")
L 03/20/2014 - 21:21:09: World triggered "Round_Length" (seconds "285.03")
L 03/20/2014 - 21:21:09: Team "Red" current score "4" with "11" players
L 03/20/2014 - 21:21:09: Team "Blue" current score "4" with "1" players
L 03/20/2014 - 21:21:09: "ninjagirl123<41><STEAM_0:1:55160236><>" disconnected (reason "ninjagirl123 timed out")
L 03/20/2014 - 21:21:13: "Persi, the Neko God<12><STEAM_0:1:30286598><Red>" triggered "medic_death" against "Maxconi<35><STEAM_0:1:43316771><Blue>" (healing "0") (ubercharge "0")
L 03/20/2014 - 21:21:13: "Persi, the Neko God<12><STEAM_0:1:30286598><Red>" killed "Maxconi<35><STEAM_0:1:43316771><Blue>" with "saxxy" (attacker_position "3409 -1504 448") (victim_position "3361 -1511 448")
L 03/20/2014 - 21:21:14: "Gord<10><STEAM_0:1:2327125><Red>" say "persi, the neko gord"
L 03/20/2014 - 21:21:19: "Blizzard (Sean)áƒ¦<27><STEAM_0:1:47938377><Red>" say "lol"
L 03/20/2014 - 21:21:19: "Persi, the Neko God<12><STEAM_0:1:30286598><Red>" say "\o/"
L 03/20/2014 - 21:21:24: World triggered "Round_Start"
L 03/20/2014 - 21:21:24: World triggered "Round_Setup_Begin"
L 03/20/2014 - 21:21:25: "Maxconi<35><STEAM_0:1:43316771><Blue>" joined team "Red"
L 03/20/2014 - 21:21:25: "Maxconi<35><STEAM_0:1:43316771><Red>" triggered "medic_death" against "Maxconi<35><STEAM_0:1:43316771><Red>" (healing "0") (ubercharge "0")
L 03/20/2014 - 21:21:25: "Maxconi<35><STEAM_0:1:43316771><Red>" committed suicide with "world" (attacker_position "146 -893 64")
L 03/20/2014 - 21:21:26: "Persi, the Neko God<12><STEAM_0:1:30286598><Red>" joined team "Blue"
L 03/20/2014 - 21:21:26: "Persi, the Neko God<12><STEAM_0:1:30286598><Blue>" triggered "medic_death" against "Persi, the Neko God<12><STEAM_0:1:30286598><Blue>" (healing "0") (ubercharge "0")
L 03/20/2014 - 21:21:26: "Persi, the Neko God<12><STEAM_0:1:30286598><Blue>" committed suicide with "world" (attacker_position "-1471 -911 4")
L 03/20/2014 - 21:21:28: "Marti<20><STEAM_0:1:25251709><Red>" changed role to "engineer"
L 03/20/2014 - 21:21:43: "Punished Scratch<34><STEAM_0:1:20646419><Red>" say "RUN"
L 03/20/2014 - 21:21:44: "Punished Scratch<34><STEAM_0:1:20646419><Red>" say "RUN"
L 03/20/2014 - 21:21:44: "Gord<10><STEAM_0:1:2327125><Red>" say "JUMP OUT METKA"
L 03/20/2014 - 21:21:46: "Gord<10><STEAM_0:1:2327125><Red>" say "JUMP"
L 03/20/2014 - 21:21:47: "Gord<10><STEAM_0:1:2327125><Red>" say "NOOOOO"
L 03/20/2014 - 21:21:50: "Punished Scratch<34><STEAM_0:1:20646419><Red>" say "metka"
L 03/20/2014 - 21:21:54: "Punished Scratch<34><STEAM_0:1:20646419><Red>" say "you could have lived"
L 03/20/2014 - 21:21:56: "{SCG} Metka Serket<0><STEAM_0:0:17889225><Red>" triggered "medic_death" against "{SCG} Metka Serket<23><STEAM_0:0:17889225><Red>" (healing "0") (ubercharge "0")
L 03/20/2014 - 21:21:56: "{SCG} Metka Serket<23><STEAM_0:0:17889225><Red>" committed suicide with "world" (attacker_position "-596 -943 3")
L 03/20/2014 - 21:21:56: "Punished Scratch<34><STEAM_0:1:20646419><Red>" say "but you didnt"
L 03/20/2014 - 21:21:59: "Mewgia<36><STEAM_0:1:27130334><Red>" say "METKAAAA"
L 03/20/2014 - 21:22:05: "Mewgia<36><STEAM_0:1:27130334><Red>" say "BRAVEST OF US ALL"
L 03/20/2014 - 21:22:06: "DannelorG<0><STEAM_0:1:20046983><Red>" triggered "medic_death" against "DannelorG<4><STEAM_0:1:20046983><Red>" (healing "0") (ubercharge "0")
L 03/20/2014 - 21:22:06: "DannelorG<4><STEAM_0:1:20046983><Red>" committed suicide with "world" (attacker_position "-256 -629 -2047")
L 03/20/2014 - 21:22:13: "{SCG} Metka Serket<23><STEAM_0:0:17889225><Red>" say "Stupidest*"
L 03/20/2014 - 21:22:14: "Mewgia<36><STEAM_0:1:27130334><Red>" say "HIs DONG WAS SUPER EXPANDED"
L 03/20/2014 - 21:22:23: "Gord<10><STEAM_0:1:2327125><Red>" say "how many times have you died to that dannelor"
L 03/20/2014 - 21:22:34: "Mewgia<0><STEAM_0:1:27130334><Red>" triggered "medic_death" against "Mewgia<36><STEAM_0:1:27130334><Red>" (healing "0") (ubercharge "0")
L 03/20/2014 - 21:22:34: "Mewgia<36><STEAM_0:1:27130334><Red>" committed suicide with "world" (attacker_position "-367 648 -77")
L 03/20/2014 - 21:22:35: "Bilby<0><STEAM_0:0:12379989><Red>" triggered "medic_death" against "Bilby<8><STEAM_0:0:12379989><Red>" (healing "0") (ubercharge "0")
L 03/20/2014 - 21:22:35: "Bilby<8><STEAM_0:0:12379989><Red>" committed suicide with "world" (attacker_position "-184 718 -87")
L 03/20/2014 - 21:22:41: "Marti<0><STEAM_0:1:25251709><Red>" triggered "medic_death" against "Marti<20><STEAM_0:1:25251709><Red>" (healing "0") (ubercharge "0")
L 03/20/2014 - 21:22:41: "Marti<20><STEAM_0:1:25251709><Red>" committed suicide with "world" (attacker_position "-367 696 -77")
L 03/20/2014 - 21:22:50: "Blizzard (Sean)áƒ¦<0><STEAM_0:1:47938377><Red>" triggered "medic_death" against "Blizzard (Sean)áƒ¦<27><STEAM_0:1:47938377><Red>" (healing "0") (ubercharge "0")
L 03/20/2014 - 21:22:50: "Blizzard (Sean)áƒ¦<27><STEAM_0:1:47938377><Red>" committed suicide with "world" (attacker_position "-176 1519 79")
L 03/20/2014 - 21:22:54: "Gord<0><STEAM_0:1:2327125><Red>" triggered "medic_death" against "Gord<10><STEAM_0:1:2327125><Red>" (healing "0") (ubercharge "0")
L 03/20/2014 - 21:22:54: "Gord<10><STEAM_0:1:2327125><Red>" committed suicide with "world" (attacker_position "-161 1766 48")
L 03/20/2014 - 21:22:58: "Gord<10><STEAM_0:1:2327125><Red>" say "middle"
L 03/20/2014 - 21:23:10: "killingkevin<0><STEAM_0:1:51407965><Red>" triggered "medic_death" against "killingkevin<29><STEAM_0:1:51407965><Red>" (healing "0") (ubercharge "0")
L 03/20/2014 - 21:23:10: "killingkevin<29><STEAM_0:1:51407965><Red>" committed suicide with "world" (attacker_position "14 2377 0")
L 03/20/2014 - 21:23:29: "Gord<10><STEAM_0:1:2327125><Red>" say "go go turkey dinner"
L 03/20/2014 - 21:24:03: server_cvar: "sm_nextmap" "arena_namicott_rc4"
L 03/20/2014 - 21:24:17: "FarDiamond3049<0><STEAM_0:0:54908227><Red>" triggered "medic_death" against "FarDiamond3049<21><STEAM_0:0:54908227><Red>" (healing "0") (ubercharge "0")
L 03/20/2014 - 21:24:17: "FarDiamond3049<21><STEAM_0:0:54908227><Red>" committed suicide with "world" (attacker_position "1716 1970 -23")
L 03/20/2014 - 21:24:21: "Maxconi<0><STEAM_0:1:43316771><Red>" triggered "medic_death" against "Maxconi<35><STEAM_0:1:43316771><Red>" (healing "0") (ubercharge "0")
L 03/20/2014 - 21:24:21: "Maxconi<35><STEAM_0:1:43316771><Red>" committed suicide with "world" (attacker_position "1734 1857 -24")
L 03/20/2014 - 21:24:21: "FarDiamond3049<21><STEAM_0:0:54908227><Red>" say "and i am"
L 03/20/2014 - 21:24:26: "Blizzard (Sean)áƒ¦<27><STEAM_0:1:47938377><Red>" say "G fucking G"
L 03/20/2014 - 21:24:43: "Blizzard (Sean)áƒ¦<27><STEAM_0:1:47938377><Red>" say "niiiiiiiiiiiiiice"
L 03/20/2014 - 21:24:46: "Gord<10><STEAM_0:1:2327125><Red>" say "scratch can carry"
L 03/20/2014 - 21:25:12: "FarDiamond3049<21><STEAM_0:0:54908227><Red>" say "you should be able to kill with the sewers"
L 03/20/2014 - 21:25:21: "Shiny mew<40><STEAM_0:0:43768850><>" disconnected (reason "Shiny mew timed out")
L 03/20/2014 - 21:25:49: "Punished Scratch<34><STEAM_0:1:20646419><Red>" say "gg"
L 03/20/2014 - 21:25:50: "Gord<10><STEAM_0:1:2327125><Red>" say "told y'all"
L 03/20/2014 - 21:25:52: World triggered "Round_Win" (winner "Red")
L 03/20/2014 - 21:25:52: World triggered "Round_Length" (seconds "268.17")
L 03/20/2014 - 21:25:52: Team "Red" current score "5" with "11" players
L 03/20/2014 - 21:25:52: Team "Blue" current score "4" with "1" players
L 03/20/2014 - 21:25:52: "FarDiamond3049<21><STEAM_0:0:54908227><Red>" say "and he win"
L 03/20/2014 - 21:25:55: "Punished Scratch<34><STEAM_0:1:20646419><Red>" triggered "medic_death" against "Persi, the Neko God<12><STEAM_0:1:30286598><Blue>" (healing "0") (ubercharge "0")
L 03/20/2014 - 21:25:55: "Punished Scratch<34><STEAM_0:1:20646419><Red>" killed "Persi, the Neko God<12><STEAM_0:1:30286598><Blue>" with "saxxy" (attacker_position "3485 -1481 448") (victim_position "3437 -1440 448")
L 03/20/2014 - 21:26:07: World triggered "Round_Start"
L 03/20/2014 - 21:26:07: World triggered "Round_Setup_Begin"
L 03/20/2014 - 21:26:08: "Persi, the Neko God<12><STEAM_0:1:30286598><Blue>" joined team "Red"
L 03/20/2014 - 21:26:08: "Persi, the Neko God<12><STEAM_0:1:30286598><Red>" triggered "medic_death" against "Persi, the Neko God<12><STEAM_0:1:30286598><Red>" (healing "0") (ubercharge "0")
L 03/20/2014 - 21:26:08: "Persi, the Neko God<12><STEAM_0:1:30286598><Red>" committed suicide with "world" (attacker_position "146 -893 64")
L 03/20/2014 - 21:26:08: "Blizzard (Sean)áƒ¦<27><STEAM_0:1:47938377><Red>" say "Gooooooooooooooord"
L 03/20/2014 - 21:26:09: "Maxconi<35><STEAM_0:1:43316771><Red>" joined team "Blue"
L 03/20/2014 - 21:26:09: "Maxconi<35><STEAM_0:1:43316771><Blue>" triggered "medic_death" against "Maxconi<35><STEAM_0:1:43316771><Blue>" (healing "0") (ubercharge "0")
L 03/20/2014 - 21:26:09: "Maxconi<35><STEAM_0:1:43316771><Blue>" committed suicide with "world" (attacker_position "-1472 -976 0")
L 03/20/2014 - 21:26:11: "Marti<20><STEAM_0:1:25251709><Red>" changed role to "heavyweapons"
L 03/20/2014 - 21:26:12: "Gord<10><STEAM_0:1:2327125><Red>" say ":>"
L 03/20/2014 - 21:26:12: "{BFG} Nikdragon<42><STEAM_0:0:78154965><>" connected, address "68.228.219.104:27005"
L 03/20/2014 - 21:26:13: "{BFG} Nikdragon<42><STEAM_0:0:78154965><>" STEAM USERID validated
L 03/20/2014 - 21:26:28: "{SCG} Metka Serket<0><STEAM_0:0:17889225><Red>" triggered "medic_death" against "{SCG} Metka Serket<23><STEAM_0:0:17889225><Red>" (healing "0") (ubercharge "0")
L 03/20/2014 - 21:26:28: "{SCG} Metka Serket<23><STEAM_0:0:17889225><Red>" committed suicide with "world" (attacker_position "-343 368 0")
L 03/20/2014 - 21:26:37: "PhD Corvo Charizard<43><STEAM_0:0:33167288><>" connected, address "98.233.44.21:27005"
L 03/20/2014 - 21:26:40: "PhD Corvo Charizard<43><STEAM_0:0:33167288><>" STEAM USERID validated
L 03/20/2014 - 21:26:57: "Gord<10><STEAM_0:1:2327125><Red>" say "i see your shadow"
L 03/20/2014 - 21:27:02: "Gord<10><STEAM_0:1:2327125><Red>" say "he's over here in teh shining hallway"
L 03/20/2014 - 21:27:04: "Gord<10><STEAM_0:1:2327125><Red>" say "catch up"
L 03/20/2014 - 21:27:06: "Persi, the Neko God<0><STEAM_0:1:30286598><Red>" triggered "medic_death" against "Persi, the Neko God<12><STEAM_0:1:30286598><Red>" (healing "0") (ubercharge "0")
L 03/20/2014 - 21:27:06: "Persi, the Neko God<12><STEAM_0:1:30286598><Red>" committed suicide with "world" (attacker_position "-222 680 -106")
L 03/20/2014 - 21:27:10: "Punished Scratch<0><STEAM_0:1:20646419><Red>" triggered "medic_death" against "Punished Scratch<34><STEAM_0:1:20646419><Red>" (healing "0") (ubercharge "0")
L 03/20/2014 - 21:27:10: "Punished Scratch<34><STEAM_0:1:20646419><Red>" committed suicide with "world" (attacker_position "-287 791 -80")
L 03/20/2014 - 21:27:16: "Marti<0><STEAM_0:1:25251709><Red>" triggered "medic_death" against "Marti<20><STEAM_0:1:25251709><Red>" (healing "0") (ubercharge "0")
L 03/20/2014 - 21:27:16: "Marti<20><STEAM_0:1:25251709><Red>" committed suicide with "world" (attacker_position "-287 638 -91")
L 03/20/2014 - 21:27:22: "Mewgia<0><STEAM_0:1:27130334><Red>" triggered "medic_death" against "Mewgia<36><STEAM_0:1:27130334><Red>" (healing "0") (ubercharge "0")
L 03/20/2014 - 21:27:22: "Mewgia<36><STEAM_0:1:27130334><Red>" committed suicide with "world" (attacker_position "-312 791 -96")
L 03/20/2014 - 21:27:54: "FarDiamond3049<0><STEAM_0:0:54908227><Red>" triggered "medic_death" against "FarDiamond3049<21><STEAM_0:0:54908227><Red>" (healing "0") (ubercharge "0")
L 03/20/2014 - 21:27:54: "FarDiamond3049<21><STEAM_0:0:54908227><Red>" committed suicide with "world" (attacker_position "1713 2010 -24")
L 03/20/2014 - 21:27:58: "Gord<0><STEAM_0:1:2327125><Red>" triggered "medic_death" against "Gord<10><STEAM_0:1:2327125><Red>" (healing "0") (ubercharge "0")
L 03/20/2014 - 21:27:58: "Gord<10><STEAM_0:1:2327125><Red>" committed suicide with "world" (attacker_position "2052 -829 16")
L 03/20/2014 - 21:28:01: "Gord<10><STEAM_0:1:2327125><Red>" say "fucking light yo"
L 03/20/2014 - 21:28:12: "Gord<10><STEAM_0:1:2327125><Red>" say "i made you use like half your traps to catch me :>"
L 03/20/2014 - 21:28:14: "FarDiamond3049<21><STEAM_0:0:54908227><Red>" say "i don't like presice landing in this game"
L 03/20/2014 - 21:28:23: "Punished Scratch<34><STEAM_0:1:20646419><Red>" say "the door"
L 03/20/2014 - 21:28:46: World triggered "Round_Win" (winner "Red")
L 03/20/2014 - 21:28:46: World triggered "Round_Length" (seconds "159.73")
L 03/20/2014 - 21:28:46: Team "Red" current score "6" with "11" players
L 03/20/2014 - 21:28:46: Team "Blue" current score "4" with "1" players
L 03/20/2014 - 21:28:49: "DannelorG<4><STEAM_0:1:20046983><Red>" triggered "medic_death" against "Maxconi<35><STEAM_0:1:43316771><Blue>" (healing "0") (ubercharge "0")
L 03/20/2014 - 21:28:49: "DannelorG<4><STEAM_0:1:20046983><Red>" killed "Maxconi<35><STEAM_0:1:43316771><Blue>" with "saxxy" (attacker_position "3655 -1503 448") (victim_position "3569 -1511 448")
L 03/20/2014 - 21:29:02: World triggered "Round_Start"
L 03/20/2014 - 21:29:02: World triggered "Round_Setup_Begin"
L 03/20/2014 - 21:29:03: "Maxconi<35><STEAM_0:1:43316771><Blue>" joined team "Red"
L 03/20/2014 - 21:29:03: "Maxconi<35><STEAM_0:1:43316771><Red>" triggered "medic_death" against "Maxconi<35><STEAM_0:1:43316771><Red>" (healing "0") (ubercharge "0")
L 03/20/2014 - 21:29:03: "Maxconi<35><STEAM_0:1:43316771><Red>" committed suicide with "world" (attacker_position "146 -893 64")
L 03/20/2014 - 21:29:04: "Punished Scratch<34><STEAM_0:1:20646419><Red>" joined team "Blue"
L 03/20/2014 - 21:29:04: "Punished Scratch<34><STEAM_0:1:20646419><Blue>" triggered "medic_death" against "Punished Scratch<34><STEAM_0:1:20646419><Blue>" (healing "0") (ubercharge "0")
L 03/20/2014 - 21:29:04: "Punished Scratch<34><STEAM_0:1:20646419><Blue>" committed suicide with "world" (attacker_position "-1472 -848 0")
L 03/20/2014 - 21:29:06: "Marti<20><STEAM_0:1:25251709><Red>" changed role to "heavyweapons"
L 03/20/2014 - 21:29:20: "FarDiamond3049<21><STEAM_0:0:54908227><Red>" say "aw"
L 03/20/2014 - 21:29:33: "Mewgia<36><STEAM_0:1:27130334><Red>" say "You served the Dong army well"
L 03/20/2014 - 21:29:34: "{SCG} Metka Serket<0><STEAM_0:0:17889225><Red>" triggered "medic_death" against "{SCG} Metka Serket<23><STEAM_0:0:17889225><Red>" (healing "0") (ubercharge "0")
L 03/20/2014 - 21:29:34: "{SCG} Metka Serket<23><STEAM_0:0:17889225><Red>" committed suicide with "world" (attacker_position "-603 -930 2")
L 03/20/2014 - 21:29:34: "FarDiamond3049<0><STEAM_0:0:54908227><Red>" triggered "medic_death" against "FarDiamond3049<21><STEAM_0:0:54908227><Red>" (healing "0") (ubercharge "0")
L 03/20/2014 - 21:29:34: "FarDiamond3049<21><STEAM_0:0:54908227><Red>" committed suicide with "world" (attacker_position "-637 -954 4")
L 03/20/2014 - 21:29:37: "{BFG} Nikdragon<42><STEAM_0:0:78154965><>" entered the game
L 03/20/2014 - 21:29:44: "Gord<0><STEAM_0:1:2327125><Red>" triggered "medic_death" against "Gord<10><STEAM_0:1:2327125><Red>" (healing "0") (ubercharge "0")
L 03/20/2014 - 21:29:44: "Gord<10><STEAM_0:1:2327125><Red>" committed suicide with "world" (attacker_position "-257 -629 -1844")
L 03/20/2014 - 21:29:46: "Bilby<0><STEAM_0:0:12379989><Red>" triggered "medic_death" against "Bilby<8><STEAM_0:0:12379989><Red>" (healing "0") (ubercharge "0")
L 03/20/2014 - 21:29:46: "Bilby<8><STEAM_0:0:12379989><Red>" committed suicide with "world" (attacker_position "-333 -526 -1844")
L 03/20/2014 - 21:29:52: "Persi, the Neko God<0><STEAM_0:1:30286598><Red>" triggered "medic_death" against "Persi, the Neko God<12><STEAM_0:1:30286598><Red>" (healing "0") (ubercharge "0")
L 03/20/2014 - 21:29:52: "Persi, the Neko God<12><STEAM_0:1:30286598><Red>" committed suicide with "world" (attacker_position "-1472 -912 0")
L 03/20/2014 - 21:29:54: "Gord<10><STEAM_0:1:2327125><Red>" say "gord game no re"
L 03/20/2014 - 21:30:10: "{BFG} Nikdragon<42><STEAM_0:0:78154965><Unassigned>" joined team "Red"
L 03/20/2014 - 21:30:11: "Blizzard (Sean)áƒ¦<0><STEAM_0:1:47938377><Red>" triggered "medic_death" against "Blizzard (Sean)áƒ¦<27><STEAM_0:1:47938377><Red>" (healing "0") (ubercharge "0")
L 03/20/2014 - 21:30:11: "Blizzard (Sean)áƒ¦<27><STEAM_0:1:47938377><Red>" committed suicide with "world" (attacker_position "-32 1271 0")
L 03/20/2014 - 21:30:13: "{BFG} Nikdragon<42><STEAM_0:0:78154965><Red>" changed role to "medic"
L 03/20/2014 - 21:30:28: "Gord<10><STEAM_0:1:2327125><Red>" say "gord says middle"
L 03/20/2014 - 21:30:45: "Blizzard (Sean)áƒ¦<27><STEAM_0:1:47938377><Red>" say "BASED GORD"
L 03/20/2014 - 21:30:48: "Mewgia<0><STEAM_0:1:27130334><Red>" triggered "medic_death" against "Mewgia<36><STEAM_0:1:27130334><Red>" (healing "0") (ubercharge "0")
L 03/20/2014 - 21:30:48: "Mewgia<36><STEAM_0:1:27130334><Red>" committed suicide with "world" (attacker_position "-11 2369 0")
L 03/20/2014 - 21:31:01: "DannelorG<0><STEAM_0:1:20046983><Red>" triggered "medic_death" against "DannelorG<4><STEAM_0:1:20046983><Red>" (healing "0") (ubercharge "0")
L 03/20/2014 - 21:31:01: "DannelorG<4><STEAM_0:1:20046983><Red>" committed suicide with "world" (attacker_position "1507 2360 0")
L 03/20/2014 - 21:31:10: "DannelorG<4><STEAM_0:1:20046983><Red>" disconnected (reason "Disconnect by user.")
L 03/20/2014 - 21:31:17: "Marti<0><STEAM_0:1:25251709><Red>" triggered "medic_death" against "Marti<20><STEAM_0:1:25251709><Red>" (healing "0") (ubercharge "0")
L 03/20/2014 - 21:31:17: "Marti<20><STEAM_0:1:25251709><Red>" committed suicide with "world" (attacker_position "1743 2023 -14")
L 03/20/2014 - 21:31:21: "Blizzard (Sean)áƒ¦<27><STEAM_0:1:47938377><Red>" say "GG"
L 03/20/2014 - 21:31:22: "killingkevin<0><STEAM_0:1:51407965><Red>" triggered "medic_death" against "killingkevin<29><STEAM_0:1:51407965><Red>" (healing "0") (ubercharge "0")
L 03/20/2014 - 21:31:22: "killingkevin<29><STEAM_0:1:51407965><Red>" committed suicide with "world" (attacker_position "1726 1860 -21")
L 03/20/2014 - 21:31:31: "Blizzard (Sean)áƒ¦<27><STEAM_0:1:47938377><Red>" say "Maybe re"
L 03/20/2014 - 21:32:17: "Gord<10><STEAM_0:1:2327125><Red>" say "1"
L 03/20/2014 - 21:32:19: "Tiera Foxglove<44><STEAM_0:1:42733307><>" connected, address "24.183.54.121:27005"
L 03/20/2014 - 21:32:19: "Tiera Foxglove<44><STEAM_0:1:42733307><>" STEAM USERID validated
L 03/20/2014 - 21:32:23: "Gord<10><STEAM_0:1:2327125><Red>" say "turkey dinner is gonna die"
L 03/20/2014 - 21:32:28: "{BFG} Nikdragon<42><STEAM_0:0:78154965><Red>" say "good luck final guy :3"
L 03/20/2014 - 21:32:33: "Persi, the Neko God<12><STEAM_0:1:30286598><Red>" say "I'm back"
L 03/20/2014 - 21:32:59: "Tiera Foxglove<44><STEAM_0:1:42733307><>" entered the game
L 03/20/2014 - 21:32:59: "PhD Corvo Charizard<43><STEAM_0:0:33167288><>" disconnected (reason "PhD Corvo Charizard timed out")
L 03/20/2014 - 21:33:04: "madgod zhar<45><STEAM_0:0:28814709><>" connected, address "129.123.227.198:27005"
L 03/20/2014 - 21:33:05: "madgod zhar<45><STEAM_0:0:28814709><>" STEAM USERID validated
L 03/20/2014 - 21:33:11: "Tiera Foxglove<44><STEAM_0:1:42733307><Unassigned>" joined team "Red"
L 03/20/2014 - 21:33:12: "Tiera Foxglove<44><STEAM_0:1:42733307><Red>" changed role to "medic"
L 03/20/2014 - 21:33:34: "Tiera Foxglove<44><STEAM_0:1:42733307><Red>" say "!nextmap"
L 03/20/2014 - 21:33:39: "Bilby<8><STEAM_0:0:12379989><Red>" disconnected (reason "Disconnect by user.")
L 03/20/2014 - 21:33:40: "{BFG} Nikdragon<42><STEAM_0:0:78154965><Red>" say "!nextmap"
L 03/20/2014 - 21:33:59: "Gord<10><STEAM_0:1:2327125><Red>" say "don't be a pussy max"
L 03/20/2014 - 21:34:05: "Maxconi<0><STEAM_0:1:43316771><Red>" triggered "medic_death" against "Maxconi<35><STEAM_0:1:43316771><Red>" (healing "0") (ubercharge "0")
L 03/20/2014 - 21:34:05: "Maxconi<35><STEAM_0:1:43316771><Red>" committed suicide with "world" (attacker_position "2051 -991 16")
L 03/20/2014 - 21:34:05: World triggered "Round_Win" (winner "Blue")
L 03/20/2014 - 21:34:05: World triggered "Round_Length" (seconds "303.87")
L 03/20/2014 - 21:34:05: Team "Red" current score "6" with "11" players
L 03/20/2014 - 21:34:05: Team "Blue" current score "5" with "1" players
L 03/20/2014 - 21:34:09: "Gord<10><STEAM_0:1:2327125><Red>" say "see :J"
L 03/20/2014 - 21:34:16: "Marti<20><STEAM_0:1:25251709><Red>" disconnected (reason "Disconnect by user.")
L 03/20/2014 - 21:34:20: World triggered "Game_Over" reason "Reached Time Limit"
L 03/20/2014 - 21:34:20: Team "Red" final score "6" with "10" players
L 03/20/2014 - 21:34:20: Team "Blue" final score "5" with "1" players
L 03/20/2014 - 21:34:23: "Punished Scratch<34><STEAM_0:1:20646419><Blue>" triggered "medic_death" against "Punished Scratch<34><STEAM_0:1:20646419><Blue>" (healing "0") (ubercharge "0")
L 03/20/2014 - 21:34:23: "Punished Scratch<34><STEAM_0:1:20646419><Blue>" committed suicide with "world" (attacker_position "3806 -1961 320")
L 03/20/2014 - 21:34:30: [META] Loaded 0 plugins (4 already loaded)
L 03/20/2014 - 21:34:31: [META] Loaded 0 plugins (4 already loaded)
L 03/20/2014 - 21:34:31: Loading map "arena_namicott_rc4"
L 03/20/2014 - 21:34:31: server cvars start
L 03/20/2014 - 21:34:31: "stripper_version" = "1.2.2"
L 03/20/2014 - 21:34:31: "prophunt_redux_version" = "3.0.2"
L 03/20/2014 - 21:34:31: "sm_uberspawn" = "1.0"
L 03/20/2014 - 21:34:31: "ufov_version" = "1.2.0"
L 03/20/2014 - 21:34:31: "scp_version" = "1.1.5"
L 03/20/2014 - 21:34:31: "rainbowize_version" = "1.6.2"
L 03/20/2014 - 21:34:31: "improved_map_randomizer_version" = "3.4.5"
L 03/20/2014 - 21:34:31: "sm_executeconfigs_version" = "1.2.2"
L 03/20/2014 - 21:34:31: "sm_mapcron_version" = "1.2 RC"
L 03/20/2014 - 21:34:31: "sm_buildrestrict_version" = "0.5.5"
L 03/20/2014 - 21:34:31: "sm_namechangeinfo_version" = "13.0918.1"
L 03/20/2014 - 21:34:31: "sm_tf2ii_version" = "1.8.17.4-20130729"
L 03/20/2014 - 21:34:31: "nativevotes_version" = "0.8.1"
L 03/20/2014 - 21:34:31: "sm_commandcooldowns_version" = "14.0222.0"
L 03/20/2014 - 21:34:31: "sm_tnounlockspls_version" = "0.4.8"
L 03/20/2014 - 21:34:31: "sm_srvcln_version" = "1.2.2"
L 03/20/2014 - 21:34:31: "swapteam_version" = "1.2.5"
L 03/20/2014 - 21:34:31: "scme_version" = "1.0.0"
L 03/20/2014 - 21:34:31: "sm_tnounlockspls_noext_version" = "0.4.0"
L 03/20/2014 - 21:34:31: "sm_fakeandforce_version" = "2.0"
L 03/20/2014 - 21:34:31: "sourcecomms_version" = "0.8.253"
L 03/20/2014 - 21:34:31: "nativevotes_basevotes_version" = "1.5.2"
L 03/20/2014 - 21:34:31: "sb_version" = "1.4.8"
L 03/20/2014 - 21:34:31: "basicdonator_recog_v" = "0.5"
L 03/20/2014 - 21:34:31: "fw_money_balance" = "1000"
L 03/20/2014 - 21:34:31: "fw_money_destroy_sentry" = "75"
L 03/20/2014 - 21:34:31: "fw_money_destroy_dispenser" = "75"
L 03/20/2014 - 21:34:31: "fw_money_backstab" = "50"
L 03/20/2014 - 21:34:31: "fw_money_headshot" = "50"
L 03/20/2014 - 21:34:31: "fw_money_domination" = "300"
L 03/20/2014 - 21:34:31: "fw_money_kill" = "100"
L 03/20/2014 - 21:34:31: "fw_money_win" = "1000"
L 03/20/2014 - 21:34:31: "fw_money_start" = "1000"
L 03/20/2014 - 21:34:31: "fw_unlock_menu_style" = "1"
L 03/20/2014 - 21:34:31: "fw_lulz" = "0"
L 03/20/2014 - 21:34:31: "fw_no_limit_time" = "60"
L 03/20/2014 - 21:34:31: "fw_setup_time" = "-1"
L 03/20/2014 - 21:34:31: "fw_prop_shadows" = "1"
L 03/20/2014 - 21:34:31: "fw_prop_health_multipler" = "1"
L 03/20/2014 - 21:34:31: "fw_stuck_protection" = "1"
L 03/20/2014 - 21:34:31: "fw_custom_spawn" = "0"
L 03/20/2014 - 21:34:31: "fw_spawn_protection" = "2.5"
L 03/20/2014 - 21:34:31: "fw_props_per_player_admin" = "70"
L 03/20/2014 - 21:34:31: "fw_props_per_player" = "70"
L 03/20/2014 - 21:34:31: "fw_props_per_team" = "250"
L 03/20/2014 - 21:34:31: "fw_maps" = "1"
L 03/20/2014 - 21:34:31: "fw_sql" = "1"
L 03/20/2014 - 21:34:31: "fw_version" = "6.52"
L 03/20/2014 - 21:34:31: "sm_testingtime_version" = "1.2"
L 03/20/2014 - 21:34:31: "stockmodels_version" = "1.0"
L 03/20/2014 - 21:34:31: "tf_models_list" = "tf2_modellist"
L 03/20/2014 - 21:34:31: "tf_models_blocktriggers" = "1"
L 03/20/2014 - 21:34:31: "tf_models_delayonspawn" = "0.1"
L 03/20/2014 - 21:34:31: "tf_models_force_admins" = "0"
L 03/20/2014 - 21:34:31: "tf_models_force_users" = "0"
L 03/20/2014 - 21:34:31: "tf_models_announce_plugin" = "1"
L 03/20/2014 - 21:34:31: "tf_models_announce" = "1"
L 03/20/2014 - 21:34:31: "tf_models_admin_override" = "0"
L 03/20/2014 - 21:34:31: "tf_models_admin_flags" = "b"
L 03/20/2014 - 21:34:31: "tf_models_version" = "1.0.3"
L 03/20/2014 - 21:34:31: "adsql_serverid" = "tf2rainbow"
L 03/20/2014 - 21:34:31: "adsql_version" = "2.4.0"
L 03/20/2014 - 21:34:31: "sm_redirect_version" = "1.2"
L 03/20/2014 - 21:34:31: "sm_snake_version" = "1.0"
L 03/20/2014 - 21:34:31: "webshortcutsredux_version" = "1.1"
L 03/20/2014 - 21:34:31: "sm_speechfun_version" = "1.0.2"
L 03/20/2014 - 21:34:31: "sm_hatremoval_version" = "1.1a"
L 03/20/2014 - 21:34:31: "sm_helpmenu_version" = "0.3"
L 03/20/2014 - 21:34:31: "sm_tnounlockspls_announce_version" = "0.4.0"
L 03/20/2014 - 21:34:31: "dts_version" = "1.1"
L 03/20/2014 - 21:34:31: "sm_cannounce_version" = "1.2"
L 03/20/2014 - 21:34:31: "fcg_version" = "1.1"
L 03/20/2014 - 21:34:31: "tf2attributes_version" = "1.1.1"
L 03/20/2014 - 21:34:31: "sm_resize_version" = "1.4.0"
L 03/20/2014 - 21:34:31: "sm_evilrocket_version" = "1.0.110"
L 03/20/2014 - 21:34:31: "sentryfun_version" = "1.3"
L 03/20/2014 - 21:34:31: "sentryfun_enabled" = "1"
L 03/20/2014 - 21:34:31: "sm_tf_maxclass" = "99999"
L 03/20/2014 - 21:34:31: "sm_textreplacer_version" = "0.2"
L 03/20/2014 - 21:34:31: "sm_gscramble_version" = "3.0.13"
L 03/20/2014 - 21:34:31: "gs_enabled" = "0"
L 03/20/2014 - 21:34:31: "sm_rtrigs" = "1"
L 03/20/2014 - 21:34:31: "sm_rtrigs_version" = "1.10"
L 03/20/2014 - 21:34:31: "tf2_decap_ver" = "1.0"
L 03/20/2014 - 21:34:31: "highfiveenemy_version" = "1.0"
L 03/20/2014 - 21:34:31: "sm_tnounlockspls_tf2items_version" = "0.4.0"
L 03/20/2014 - 21:34:31: "tfh_valentines" = "0"
L 03/20/2014 - 21:34:31: "tfh_meetthepyro" = "0"
L 03/20/2014 - 21:34:31: "tfh_winter" = "1"
L 03/20/2014 - 21:34:31: "tfh_birthday" = "0"
L 03/20/2014 - 21:34:31: "tfh_fullmoon" = "1"
L 03/20/2014 - 21:34:31: "tfh_halloween" = "-1"
L 03/20/2014 - 21:34:31: "tfh_use_overrides" = "1"
L 03/20/2014 - 21:34:31: "tfh_enabled" = "1"
L 03/20/2014 - 21:34:31: "tfh_version" = "1.8.1"
L 03/20/2014 - 21:34:31: "sm_customvotes_version" = "1.0"
L 03/20/2014 - 21:34:31: "sm_rtd_version" = "0.4.3.2"
L 03/20/2014 - 21:34:31: "sm_tnounlockspls_menu_version" = "0.4.0"
L 03/20/2014 - 21:34:31: "lights_version" = "0.6"
L 03/20/2014 - 21:34:31: "sm_downloader_version" = "1.4"
L 03/20/2014 - 21:34:31: "sm_spec_players" = "1"
L 03/20/2014 - 21:34:31: "sm_funcommandsx_version" = "2.3"
L 03/20/2014 - 21:34:31: "sm_adminlistmenu_version" = "1.0"
L 03/20/2014 - 21:34:31: "tf2items_manager" = "1"
L 03/20/2014 - 21:34:31: "tf2items_manager_version" = "1.4.1"
L 03/20/2014 - 21:34:31: "sm_respawn_override_version" = "1.0.1-20131019"
L 03/20/2014 - 21:34:31: "sm_setspeed_log" = "1"
L 03/20/2014 - 21:34:31: "sm_setspeed_chat" = "1"
L 03/20/2014 - 21:34:31: "sm_setspeed_version" = "1.3.1"
L 03/20/2014 - 21:34:31: "sm_spray_version" = "5.8a"
L 03/20/2014 - 21:34:31: "goomba_version" = "2.0.2"
L 03/20/2014 - 21:34:31: "sm_adminsmite_version" = "2.1"
L 03/20/2014 - 21:34:31: "mc_version" = "1.1.1"
L 03/20/2014 - 21:34:31: "sm_setplayerclass_version" = "1.0.1"
L 03/20/2014 - 21:34:31: "sm_tetris_version" = "1.0"
L 03/20/2014 - 21:34:31: "sm_hdmgtracker_version" = "1.2.2"
L 03/20/2014 - 21:34:31: "cid_mintime" = "10.0"
L 03/20/2014 - 21:34:31: "cid_maxdist" = "10000.0"
L 03/20/2014 - 21:34:31: "cid_enabled" = "1"
L 03/20/2014 - 21:34:31: "cid_version" = "1.1"
L 03/20/2014 - 21:34:31: "basicdonator_version" = "0.8"
L 03/20/2014 - 21:34:31: "sm_afkm_version" = "3.5.2"
L 03/20/2014 - 21:34:31: "sgadmins_version" = "1.2.0"
L 03/20/2014 - 21:34:31: "melee_version" = "0.4.1"
L 03/20/2014 - 21:34:31: "sm_pregame_slaughter_version" = "1.0.5.1"
L 03/20/2014 - 21:34:31: "fc_version" = "2.0"
L 03/20/2014 - 21:34:31: "jinglenotify_version" = "1.0.0"
L 03/20/2014 - 21:34:31: "sm_tf_captoggle" = "0.0.3"
L 03/20/2014 - 21:34:31: "sm_ignorelist_version" = "0x02"
L 03/20/2014 - 21:34:31: "tf2items_giveweapon_version" = "3.14159"
L 03/20/2014 - 21:34:31: "sm_bsd_version" = "2.0.0"
L 03/20/2014 - 21:34:31: "sm_rweapons_version" = "1.3"
L 03/20/2014 - 21:34:31: "sm_commanddump_version" = "1.1.0"
L 03/20/2014 - 21:34:31: "store_version" = "1.1-alpha"
L 03/20/2014 - 21:34:31: "sm_allchat_version" = "1.1.1"
L 03/20/2014 - 21:34:31: "sm_classrestrict_version" = "0.6"
L 03/20/2014 - 21:34:31: "sm_playersvotes_redux_version" = "1.3"
L 03/20/2014 - 21:34:31: "steamtools_version" = "0.8.3"
L 03/20/2014 - 21:34:31: "tf2items_version" = "1.6.0"
L 03/20/2014 - 21:34:31: "sm_nextmap" = "arena_namicott_rc4"
L 03/20/2014 - 21:34:31: "sourcemod_version" = "1.5.3-dev+4004"
L 03/20/2014 - 21:34:31: "metamod_version" = "1.10.1-devV"
L 03/20/2014 - 21:34:31: "tf_playergib" = "1"
L 03/20/2014 - 21:34:31: "tf_allow_player_use" = "0"
L 03/20/2014 - 21:34:31: "tf_mvm_death_penalty" = "0"
L 03/20/2014 - 21:34:31: "sv_maxusrcmdprocessticks" = "24"
L 03/20/2014 - 21:34:31: "mp_teamplay" = "0"
L 03/20/2014 - 21:34:31: "mp_falldamage" = "0"
L 03/20/2014 - 21:34:31: "mp_weaponstay" = "0"
L 03/20/2014 - 21:34:31: "mp_forcerespawn" = "1"
L 03/20/2014 - 21:34:31: "mp_footsteps" = "1"
L 03/20/2014 - 21:34:31: "mp_flashlight" = "1"
L 03/20/2014 - 21:34:31: "mp_autocrosshair" = "1"
L 03/20/2014 - 21:34:31: "decalfrequency" = "10"
L 03/20/2014 - 21:34:31: "mp_teamlist" = "hgrunt;scientist"
L 03/20/2014 - 21:34:31: "mp_allowNPCs" = "1"
L 03/20/2014 - 21:34:31: "sv_alltalk" = "1"
L 03/20/2014 - 21:34:31: "tf_weapon_criticals" = "1"
L 03/20/2014 - 21:34:31: "tf_damage_disablespread" = "1"
L 03/20/2014 - 21:34:31: "tf_player_name_change_time" = "60"
L 03/20/2014 - 21:34:31: "tf_force_holidays_off" = "0"
L 03/20/2014 - 21:34:31: "tf_birthday" = "0"
L 03/20/2014 - 21:34:31: "mp_windifference" = "0"
L 03/20/2014 - 21:34:31: "mp_windifference_min" = "0"
L 03/20/2014 - 21:34:31: "tf_medieval" = "0"
L 03/20/2014 - 21:34:31: "tf_medieval_autorp" = "1"
L 03/20/2014 - 21:34:31: "tf_arena_force_class" = "0"
L 03/20/2014 - 21:34:31: "tf_arena_change_limit" = "1"
L 03/20/2014 - 21:34:31: "tf_arena_override_cap_enable_time" = "-1"
L 03/20/2014 - 21:34:31: "tf_arena_first_blood" = "0"
L 03/20/2014 - 21:34:31: "tf_mvm_min_players_to_start" = "3"
L 03/20/2014 - 21:34:31: "tf_gamemode_arena" = "1"
L 03/20/2014 - 21:34:31: "tf_gamemode_cp" = "0"
L 03/20/2014 - 21:34:31: "tf_gamemode_ctf" = "0"
L 03/20/2014 - 21:34:31: "tf_gamemode_sd" = "0"
L 03/20/2014 - 21:34:31: "tf_gamemode_payload" = "0"
L 03/20/2014 - 21:34:31: "tf_gamemode_mvm" = "0"
L 03/20/2014 - 21:34:31: "tf_bot_count" = "0"
L 03/20/2014 - 21:34:31: "tf_teamtalk" = "0"
L 03/20/2014 - 21:34:31: "tf_ctf_bonus_time" = "10"
L 03/20/2014 - 21:34:31: "tf_maxspeed" = "400"
L 03/20/2014 - 21:34:31: "tf_max_charge_speed" = "750"
L 03/20/2014 - 21:34:31: "tf_use_fixed_weaponspreads" = "0"
L 03/20/2014 - 21:34:31: "tf_overtime_nag" = "0"
L 03/20/2014 - 21:34:31: "mp_tournament" = "0"
L 03/20/2014 - 21:34:31: "mp_highlander" = "0"
L 03/20/2014 - 21:34:31: "mp_maxrounds" = "0"
L 03/20/2014 - 21:34:31: "mp_winlimit" = "0"
L 03/20/2014 - 21:34:31: "mp_disable_respawn_times" = "0"
L 03/20/2014 - 21:34:31: "mp_stalemate_meleeonly" = "0"
L 03/20/2014 - 21:34:31: "mp_forceautoteam" = "0"
L 03/20/2014 - 21:34:31: "mp_autoteambalance" = "0"
L 03/20/2014 - 21:34:31: "mp_stalemate_enable" = "1"
L 03/20/2014 - 21:34:31: "mp_match_end_at_timelimit" = "0"
L 03/20/2014 - 21:34:31: "mp_holiday_nogifts" = "0"
L 03/20/2014 - 21:34:31: "mp_scrambleteams_auto" = "0"
L 03/20/2014 - 21:34:31: "mp_scrambleteams_auto_windifference" = "2"
L 03/20/2014 - 21:34:31: "mp_timelimit" = "25"
L 03/20/2014 - 21:34:31: "mp_fraglimit" = "0"
L 03/20/2014 - 21:34:31: "nextlevel" = ""
L 03/20/2014 - 21:34:31: "sv_gravity" = "800"
L 03/20/2014 - 21:34:31: "sv_stopspeed" = "100"
L 03/20/2014 - 21:34:31: "sv_noclipaccelerate" = "5"
L 03/20/2014 - 21:34:31: "sv_noclipspeed" = "5"
L 03/20/2014 - 21:34:31: "sv_specaccelerate" = "5"
L 03/20/2014 - 21:34:31: "sv_specspeed" = "3"
L 03/20/2014 - 21:34:31: "sv_specnoclip" = "1"
L 03/20/2014 - 21:34:31: "sv_maxspeed" = "320"
L 03/20/2014 - 21:34:31: "sv_accelerate" = "10"
L 03/20/2014 - 21:34:31: "sv_airaccelerate" = "10"
L 03/20/2014 - 21:34:31: "sv_wateraccelerate" = "10"
L 03/20/2014 - 21:34:31: "sv_waterfriction" = "1"
L 03/20/2014 - 21:34:31: "sv_footsteps" = "1"
L 03/20/2014 - 21:34:31: "sv_rollspeed" = "200"
L 03/20/2014 - 21:34:31: "sv_rollangle" = "0"
L 03/20/2014 - 21:34:31: "sv_friction" = "4"
L 03/20/2014 - 21:34:31: "sv_bounce" = "0"
L 03/20/2014 - 21:34:31: "sv_stepsize" = "18"
L 03/20/2014 - 21:34:31: "r_VehicleViewDampen" = "1"
L 03/20/2014 - 21:34:31: "r_JeepViewDampenFreq" = "7.0"
L 03/20/2014 - 21:34:31: "r_JeepViewDampenDamp" = "1.0"
L 03/20/2014 - 21:34:31: "r_JeepViewZHeight" = "10.0"
L 03/20/2014 - 21:34:31: "r_AirboatViewDampenFreq" = "7.0"
L 03/20/2014 - 21:34:31: "r_AirboatViewDampenDamp" = "1.0"
L 03/20/2014 - 21:34:31: "r_AirboatViewZHeight" = "0.0"
L 03/20/2014 - 21:34:31: "mp_fadetoblack" = "0"
L 03/20/2014 - 21:34:31: "tf_mm_servermode" = "0"
L 03/20/2014 - 21:34:31: "tf_mm_strict" = "0"
L 03/20/2014 - 21:34:31: "tf_mm_trusted" = "0"
L 03/20/2014 - 21:34:31: "tf_server_identity_disable_quickplay" = "0"
L 03/20/2014 - 21:34:31: "sv_registration_successful" = "1"
L 03/20/2014 - 21:34:31: "sv_registration_message" = ""
L 03/20/2014 - 21:34:31: "sv_steamgroup" = ""
L 03/20/2014 - 21:34:31: "sv_cheats" = "0"
L 03/20/2014 - 21:34:31: "sv_pausable" = "0"
L 03/20/2014 - 21:34:31: "sv_contact" = "theoneandonly@rowedahelicon.com"
L 03/20/2014 - 21:34:31: "sv_voiceenable" = "1"
L 03/20/2014 - 21:34:31: "tv_enable" = "0"
L 03/20/2014 - 21:34:31: "deathmatch" = "1"
L 03/20/2014 - 21:34:31: "coop" = "0"
L 03/20/2014 - 21:34:31: "tv_password" = ""
L 03/20/2014 - 21:34:31: "tv_relaypassword" = ""
L 03/20/2014 - 21:34:31: "sv_password" = ""
L 03/20/2014 - 21:34:31: server cvars end
L 03/20/2014 - 21:34:33: Started map "arena_namicott_rc4" (CRC "3f354f013b37c66ef03ac8e02c5a6b3b")
L 03/20/2014 - 21:34:33: Executing dedicated server config file server.cfg
L 03/20/2014 - 21:34:38: server_cvar: "tf_gamemode_arena" "0"
L 03/20/2014 - 21:34:38: server_cvar: "tf_gamemode_arena" "1"
L 03/20/2014 - 21:34:39: server_cvar: "mp_autoteambalance" "1"
L 03/20/2014 - 21:34:39: server_cvar: "tf_arena_first_blood" "1"
L 03/20/2014 - 21:34:39: server_cvar: "mp_scrambleteams_auto" "1"
L 03/20/2014 - 21:34:39: WARNING: ClientActive, but we don't know his SteamID?
L 03/20/2014 - 21:34:39: "Replay 2: The Replayening<2><BOT><>" entered the game
L 03/20/2014 - 21:34:39: "Replay 2: The Replayening<2><BOT><Unassigned>" joined team "Spectator"
L 03/20/2014 - 21:34:39: server_cvar: "tf_models_list" "TF2_ItemList"
L 03/20/2014 - 21:34:39: server_cvar: "mp_timelimit" "30"
L 03/20/2014 - 21:34:39: server_cvar: "tf_models_list" "tf2_modellist"
L 03/20/2014 - 21:34:39: server_cvar: "mp_autoteambalance" "0"
L 03/20/2014 - 21:34:39: server_cvar: "gs_enabled" "1"
L 03/20/2014 - 21:34:39: server_cvar: "mp_timelimit" "24"
L 03/20/2014 - 21:34:39: server_cvar: "sm_rtrigs" "0"
L 03/20/2014 - 21:34:39: server_cvar: "sm_nextmap" "cp_croissant_rc6"
L 03/20/2014 - 21:34:45: server_cvar: "mp_scrambleteams_auto" "0"
L 03/20/2014 - 21:34:45: server_cvar: "tf2items_rnd_enabled" "1"
L 03/20/2014 - 21:34:55: server_cvar: "mp_disable_respawn_times" "1"
L 03/20/2014 - 21:34:55: World triggered "Round_Stalemate"
L 03/20/2014 - 21:34:55: Team "Red" current score "0" with "0" players
L 03/20/2014 - 21:34:55: Team "Blue" current score "0" with "0" players
L 03/20/2014 - 21:34:56: "Persi, the Neko God<12><STEAM_0:1:30286598><>" entered the game
L 03/20/2014 - 21:34:58: "Gord<10><STEAM_0:1:2327125><>" entered the game
L 03/20/2014 - 21:35:00: "Persi, the Neko God<12><STEAM_0:1:30286598><Unassigned>" joined team "Blue"
L 03/20/2014 - 21:35:00: "Maxconi<35><STEAM_0:1:43316771><>" entered the game
L 03/20/2014 - 21:35:01: "Tiera Foxglove<44><STEAM_0:1:42733307><>" entered the game
L 03/20/2014 - 21:35:02: "Persi, the Neko God<12><STEAM_0:1:30286598><Blue>" changed role to "scout"
L 03/20/2014 - 21:35:02: "Mewgia<36><STEAM_0:1:27130334><>" entered the game
L 03/20/2014 - 21:35:03: "Punished Scratch<34><STEAM_0:1:20646419><>" entered the game
L 03/20/2014 - 21:35:03: "Gord<10><STEAM_0:1:2327125><Unassigned>" joined team "Red"
L 03/20/2014 - 21:35:05: "Gord<10><STEAM_0:1:2327125><Red>" changed role to "heavyweapons"
L 03/20/2014 - 21:35:07: "Punished Scratch<34><STEAM_0:1:20646419><Unassigned>" joined team "Blue"
L 03/20/2014 - 21:35:08: "Tiera Foxglove<44><STEAM_0:1:42733307><Unassigned>" joined team "Red"
L 03/20/2014 - 21:35:08: "Punished Scratch<34><STEAM_0:1:20646419><Blue>" changed role to "scout"
L 03/20/2014 - 21:35:09: "Blizzard (Sean)áƒ¦<27><STEAM_0:1:47938377><>" entered the game
L 03/20/2014 - 21:35:10: World triggered "Round_Start"
L 03/20/2014 - 21:35:11: "Mewgia<36><STEAM_0:1:27130334><Unassigned>" joined team "Blue"
L 03/20/2014 - 21:35:12: "Setsuna Carter<46><STEAM_0:0:20016330><>" connected, address "108.221.34.58:27005"
L 03/20/2014 - 21:35:12: "Setsuna Carter<46><STEAM_0:0:20016330><>" STEAM USERID validated
L 03/20/2014 - 21:35:14: "Mewgia<36><STEAM_0:1:27130334><Blue>" changed role to "medic"
L 03/20/2014 - 21:35:16: "Persi, the Neko God<12><STEAM_0:1:30286598><Blue>" say "!myweps"
L 03/20/2014 - 21:35:21: "Gord<10><STEAM_0:1:2327125><Red>" say "i hope you have something good"
L 03/20/2014 - 21:35:23: "FarDiamond3049<21><STEAM_0:0:54908227><>" entered the game
L 03/20/2014 - 21:35:24: "Shiny mew<47><STEAM_0:0:43768850><>" connected, address "67.190.235.102:27005"
L 03/20/2014 - 21:35:24: "Shiny mew<47><STEAM_0:0:43768850><>" STEAM USERID validated
L 03/20/2014 - 21:35:29: "{BFG} Nikdragon<42><STEAM_0:0:78154965><>" entered the game
L 03/20/2014 - 21:35:31: "Punished Scratch<34><STEAM_0:1:20646419><Blue>" triggered "chargedeployed"
L 03/20/2014 - 21:35:36: "madgod zhar<45><STEAM_0:0:28814709><>" entered the game
L 03/20/2014 - 21:35:39: server_cvar: "mp_disable_respawn_times" "0"
L 03/20/2014 - 21:35:44: "madgod zhar<45><STEAM_0:0:28814709><Unassigned>" joined team "Red"
L 03/20/2014 - 21:35:44: "FarDiamond3049<21><STEAM_0:0:54908227><Unassigned>" joined team "Red"
L 03/20/2014 - 21:35:47: "{BFG} Nikdragon<42><STEAM_0:0:78154965><Unassigned>" joined team "Blue"
L 03/20/2014 - 21:35:51: "madgod zhar<45><STEAM_0:0:28814709><Red>" disconnected (reason "Disconnect by user.")
L 03/20/2014 - 21:35:51: "{BFG} Nikdragon<42><STEAM_0:0:78154965><Blue>" changed role to "scout"
L 03/20/2014 - 21:35:56: "FarDiamond3049<21><STEAM_0:0:54908227><Red>" changed role to "scout"
L 03/20/2014 - 21:35:57: "Shiny mew<47><STEAM_0:0:43768850><>" entered the game
L 03/20/2014 - 21:36:00: "Tiera Foxglove<44><STEAM_0:1:42733307><Red>" killed "Mewgia<36><STEAM_0:1:27130334><Blue>" with "dumpster_device" (attacker_position "-487 -492 610") (victim_position "-588 -547 612")
L 03/20/2014 - 21:36:00: "Gord<10><STEAM_0:1:2327125><Red>" triggered "kill assist" against "Mewgia<36><STEAM_0:1:27130334><Blue>" (assister_position "-365 -311 647") (attacker_position "-487 -492 610") (victim_position "-588 -547 612")
L 03/20/2014 - 21:36:03: "Gord<10><STEAM_0:1:2327125><Red>" triggered "chargedeployed"
L 03/20/2014 - 21:36:05: "Punished Scratch<34><STEAM_0:1:20646419><Blue>" triggered "chargedeployed"
L 03/20/2014 - 21:36:08: "{SCG} Metka Serket<23><STEAM_0:0:17889225><>" entered the game
L 03/20/2014 - 21:36:08: "Punished Scratch<34><STEAM_0:1:20646419><Blue>" triggered "player_extinguished" against "Persi, the Neko God<12><STEAM_0:1:30286598><Blue>" with "tf_weapon_medigun" (attacker_position "-94 -789 611") (victim_position "91 -661 612")
L 03/20/2014 - 21:36:11: "Gord<10><STEAM_0:1:2327125><Red>" triggered "chargedeployed"
L 03/20/2014 - 21:36:13: "Shiny mew<47><STEAM_0:0:43768850><Unassigned>" joined team "Red"
L 03/20/2014 - 21:36:15: "Shiny mew<47><STEAM_0:0:43768850><Red>" changed role to "scout"
L 03/20/2014 - 21:36:19: "{SCG} Metka Serket<23><STEAM_0:0:17889225><Unassigned>" joined team "Red"
L 03/20/2014 - 21:36:20: "{SCG} Metka Serket<23><STEAM_0:0:17889225><Red>" changed role to "heavyweapons"
L 03/20/2014 - 21:36:22: "Gord<10><STEAM_0:1:2327125><Red>" triggered "chargedeployed"
L 03/20/2014 - 21:36:29: "Punished Scratch<34><STEAM_0:1:20646419><Blue>" triggered "chargedeployed"
L 03/20/2014 - 21:36:30: "{BFG} Nikdragon<42><STEAM_0:0:78154965><Blue>" say "!nominate"
L 03/20/2014 - 21:36:30: "Gord<10><STEAM_0:1:2327125><Red>" triggered "chargedeployed"
L 03/20/2014 - 21:36:33: "Gord<10><STEAM_0:1:2327125><Red>" triggered "chargedeployed"
L 03/20/2014 - 21:36:38: "{SCG} Metka Serket<23><STEAM_0:0:17889225><Red>" say "Oh god who let this back into the map rotation"
L 03/20/2014 - 21:36:43: "Setsuna Carter<46><STEAM_0:0:20016330><>" entered the game
L 03/20/2014 - 21:36:45: "{SCG} Metka Serket<23><STEAM_0:0:17889225><Red>" say "list"
L 03/20/2014 - 21:36:47: "{SCG} Metka Serket<23><STEAM_0:0:17889225><Red>" say "thing"
L 03/20/2014 - 21:36:52: "Tiera Foxglove<44><STEAM_0:1:42733307><Red>" killed "Punished Scratch<34><STEAM_0:1:20646419><Blue>" with "dumpster_device" (attacker_position "-432 -1016 608") (victim_position "-237 -1262 608")
L 03/20/2014 - 21:37:01: "Gord<10><STEAM_0:1:2327125><Red>" killed "Persi, the Neko God<12><STEAM_0:1:30286598><Blue>" with "sandman" (attacker_position "-590 -1151 757") (victim_position "-580 -1102 776")
L 03/20/2014 - 21:37:01: World triggered "Round_Win" (winner "Red")
L 03/20/2014 - 21:37:01: World triggered "Round_Length" (seconds "111.50")
L 03/20/2014 - 21:37:01: Team "Red" current score "1" with "5" players
L 03/20/2014 - 21:37:01: Team "Blue" current score "0" with "4" players
L 03/20/2014 - 21:37:04: "Gord<10><STEAM_0:1:2327125><Red>" say "based tiera"
L 03/20/2014 - 21:37:12: "Setsuna Carter<46><STEAM_0:0:20016330><Unassigned>" joined team "Blue"
L 03/20/2014 - 21:37:14: "Setsuna Carter<46><STEAM_0:0:20016330><Blue>" changed role to "scout"
L 03/20/2014 - 21:37:16: World triggered "Round_Start"
L 03/20/2014 - 21:37:25: "Persi, the Neko God<12><STEAM_0:1:30286598><Blue>" say_team "!myweps"
L 03/20/2014 - 21:37:31: "{SCG} Metka Serket<23><STEAM_0:0:17889225><Red>" triggered "builtobject" (object "OBJ_DISPENSER") (position "-123 -1041 608")
L 03/20/2014 - 21:37:32: "Gord<10><STEAM_0:1:2327125><Red>" say "mew you are officially gord-tier"
L 03/20/2014 - 21:37:34: "Gord<10><STEAM_0:1:2327125><Red>" say "for that prophunt"
L 03/20/2014 - 21:37:38: "Tiera Foxglove<44><STEAM_0:1:42733307><Red>" triggered "builtobject" (object "OBJ_SENTRYGUN") (position "-923 -1537 517")
L 03/20/2014 - 21:37:41: "Punished Scratch<34><STEAM_0:1:20646419><Blue>" killed "FarDiamond3049<21><STEAM_0:0:54908227><Red>" with "bazaar_bargain" (customkill "headshot") (attacker_position "149 949 630") (victim_position "25 -771 612")
L 03/20/2014 - 21:37:48: "Mewgia<36><STEAM_0:1:27130334><Blue>" killed "{SCG} Metka Serket<23><STEAM_0:0:17889225><Red>" with "brass_beast" (attacker_position "-214 -863 620") (victim_position "-190 -749 620")
L 03/20/2014 - 21:37:48: "Setsuna Carter<46><STEAM_0:0:20016330><Blue>" triggered "kill assist" against "{SCG} Metka Serket<23><STEAM_0:0:17889225><Red>" (assister_position "-58 -648 609") (attacker_position "-214 -863 620") (victim_position "-190 -749 620")
L 03/20/2014 - 21:37:54: "Mewgia<36><STEAM_0:1:27130334><Blue>" triggered "killedobject" (object "OBJ_DISPENSER") (weapon "brass_beast") (objectowner "{SCG} Metka Serket<23><STEAM_0:0:17889225><Red>") (attacker_position "-441 -966 620")
L 03/20/2014 - 21:38:05: "Punished Scratch<34><STEAM_0:1:20646419><Blue>" killed "Gord<10><STEAM_0:1:2327125><Red>" with "bazaar_bargain" (customkill "headshot") (attacker_position "375 1 711") (victim_position "-1132 183 521")
L 03/20/2014 - 21:38:09: "Punished Scratch<34><STEAM_0:1:20646419><Blue>" killed "Tiera Foxglove<44><STEAM_0:1:42733307><Red>" with "bazaar_bargain" (attacker_position "550 -7 711") (victim_position "-100 -220 517")
L 03/20/2014 - 21:38:24: "Tiera Foxglove<44><STEAM_0:1:42733307><Red>" killed "Setsuna Carter<46><STEAM_0:0:20016330><Blue>" with "obj_sentrygun" (attacker_position "-350 855 608") (victim_position "-252 -2087 704")
L 03/20/2014 - 21:38:27: "Mewgia<36><STEAM_0:1:27130334><Blue>" triggered "killedobject" (object "OBJ_SENTRYGUN") (weapon "brass_beast") (objectowner "Tiera Foxglove<44><STEAM_0:1:42733307><Red>") (attacker_position "-846 -1647 534")
L 03/20/2014 - 21:38:33: "Punished Scratch<34><STEAM_0:1:20646419><Blue>" killed "Shiny mew<47><STEAM_0:0:43768850><Red>" with "club" (attacker_position "-416 -50 518") (victim_position "-433 -99 582")
L 03/20/2014 - 21:38:33: World triggered "Round_Win" (winner "Blue")
L 03/20/2014 - 21:38:33: World triggered "Round_Length" (seconds "76.29")
L 03/20/2014 - 21:38:33: Team "Red" current score "1" with "5" players
L 03/20/2014 - 21:38:33: Team "Blue" current score "1" with "5" players
L 03/20/2014 - 21:38:39: "Punished Scratch<34><STEAM_0:1:20646419><Blue>" say "2pro"
L 03/20/2014 - 21:38:48: World triggered "Round_Start"
L 03/20/2014 - 21:38:59: "{BFG} Nikdragon<42><STEAM_0:0:78154965><Blue>" say "!myweps"
L 03/20/2014 - 21:39:20: "Tiera Foxglove<44><STEAM_0:1:42733307><Blue>" killed "Shiny mew<47><STEAM_0:0:43768850><Red>" with "blackbox" (attacker_position "-987 173 514") (victim_position "-1319 -368 564")
L 03/20/2014 - 21:39:20: "Setsuna Carter<46><STEAM_0:0:20016330><Blue>" triggered "kill assist" against "Shiny mew<47><STEAM_0:0:43768850><Red>" (assister_position "-672 -53 567") (attacker_position "-987 173 514") (victim_position "-1319 -368 564")
L 03/20/2014 - 21:39:21: "Punished Scratch<34><STEAM_0:1:20646419><Red>" killed "{BFG} Nikdragon<42><STEAM_0:0:78154965><Blue>" with "brass_beast" (attacker_position "-586 1580 641") (victim_position "-583 1770 549")
L 03/20/2014 - 21:39:25: "Setsuna Carter<46><STEAM_0:0:20016330><Blue>" killed "FarDiamond3049<21><STEAM_0:0:54908227><Red>" with "tomislav" (attacker_position "-747 58 567") (victim_position "-1146 213 525")
L 03/20/2014 - 21:39:27: "Gord<10><STEAM_0:1:2327125><Red>" triggered "medic_death" against "Tiera Foxglove<44><STEAM_0:1:42733307><Blue>" (healing "0") (ubercharge "0")
L 03/20/2014 - 21:39:27: "Gord<10><STEAM_0:1:2327125><Red>" killed "Tiera Foxglove<44><STEAM_0:1:42733307><Blue>" with "phlogistinator" (attacker_position "9 895 616") (victim_position "32 773 614")
L 03/20/2014 - 21:39:31: "killingkevin<29><STEAM_0:1:51407965><>" entered the game
L 03/20/2014 - 21:39:32: "Persi, the Neko God<12><STEAM_0:1:30286598><Blue>" killed "Punished Scratch<34><STEAM_0:1:20646419><Red>" with "tf_projectile_arrow" (attacker_position "-15 -41 711") (victim_position "-48 6 724")
L 03/20/2014 - 21:39:39: "FarDiamond3049<21><STEAM_0:0:54908227><Red>" say "aw i used my only amme at the beginning"
L 03/20/2014 - 21:39:45: "Gord<10><STEAM_0:1:2327125><Red>" killed "Mewgia<36><STEAM_0:1:27130334><Blue>" with "phlogistinator" (attacker_position "-1072 465 592") (victim_position "-1191 601 592")
L 03/20/2014 - 21:39:48: "FarDiamond3049<21><STEAM_0:0:54908227><Red>" say "i onl had boxxing gloves lol"
L 03/20/2014 - 21:39:49: "{BFG} Nikdragon<42><STEAM_0:0:78154965><Blue>" say "would anyone give me warriors spirit?"
L 03/20/2014 - 21:39:51: "ZtripleZz<48><STEAM_0:1:43338132><>" connected, address "173.206.3.155:51892"
L 03/20/2014 - 21:39:52: "ZtripleZz<48><STEAM_0:1:43338132><>" STEAM USERID validated
L 03/20/2014 - 21:39:55: "{SCG} Metka Serket<23><STEAM_0:0:17889225><Red>" killed "Setsuna Carter<46><STEAM_0:0:20016330><Blue>" with "rocketlauncher_directhit" (attacker_position "-2166 430 704") (victim_position "-1924 156 520")
L 03/20/2014 - 21:39:55: "Gord<10><STEAM_0:1:2327125><Red>" triggered "kill assist" against "Setsuna Carter<46><STEAM_0:0:20016330><Blue>" (assister_position "-2177 43 520") (attacker_position "-2166 430 704") (victim_position "-1924 156 520")
L 03/20/2014 - 21:39:56: "Punished Scratch<34><STEAM_0:1:20646419><Red>" say "metka, nice cosmetics"
L 03/20/2014 - 21:40:02: "{SCG} Metka Serket<23><STEAM_0:0:17889225><Red>" say "thank you"
L 03/20/2014 - 21:40:25: "Blizzard (Sean)áƒ¦<27><STEAM_0:1:47938377><Unassigned>" joined team "Red"
L 03/20/2014 - 21:40:27: "Blizzard (Sean)áƒ¦<27><STEAM_0:1:47938377><Red>" changed role to "spy"
L 03/20/2014 - 21:40:43: "ZtripleZz<48><STEAM_0:1:43338132><>" entered the game
L 03/20/2014 - 21:40:52: "ZtripleZz<48><STEAM_0:1:43338132><Unassigned>" joined team "Blue"
L 03/20/2014 - 21:40:58: "Maxconi<35><STEAM_0:1:43316771><Unassigned>" joined team "Blue"
L 03/20/2014 - 21:41:00: "Persi, the Neko God<12><STEAM_0:1:30286598><Blue>" killed "Gord<10><STEAM_0:1:2327125><Red>" with "tf_projectile_arrow" (attacker_position "1130 -108 512") (victim_position "1850 -161 558")
L 03/20/2014 - 21:41:00: "Maxconi<35><STEAM_0:1:43316771><Blue>" changed role to "soldier"
L 03/20/2014 - 21:41:00: "{SCG} Metka Serket<23><STEAM_0:0:17889225><Red>" triggered "medic_death" against "Persi, the Neko God<12><STEAM_0:1:30286598><Blue>" (healing "0") (ubercharge "0")
L 03/20/2014 - 21:41:00: "{SCG} Metka Serket<23><STEAM_0:0:17889225><Red>" killed "Persi, the Neko God<12><STEAM_0:1:30286598><Blue>" with "rocketlauncher_directhit" (attacker_position "1944 -114 520") (victim_position "1104 -106 512")
L 03/20/2014 - 21:41:00: "Gord<10><STEAM_0:1:2327125><Red>" triggered "kill assist" against "Persi, the Neko God<12><STEAM_0:1:30286598><Blue>" (assister_position "1850 -161 626") (attacker_position "1944 -114 520") (victim_position "1104 -106 512")
L 03/20/2014 - 21:41:00: World triggered "Round_Win" (winner "Red")
L 03/20/2014 - 21:41:00: World triggered "Round_Length" (seconds "132.03")
L 03/20/2014 - 21:41:00: Team "Red" current score "2" with "6" players
L 03/20/2014 - 21:41:00: Team "Blue" current score "1" with "7" players
L 03/20/2014 - 21:41:07: "Gord<10><STEAM_0:1:2327125><Red>" say "there we go"
L 03/20/2014 - 21:41:09: "{SCG} Metka Serket<23><STEAM_0:0:17889225><Red>" committed suicide with "rocketlauncher_directhit" (attacker_position "1301 -307 390")
L 03/20/2014 - 21:41:15: World triggered "Round_Start"
L 03/20/2014 - 21:41:24: "PhD Corvo Charizard<49><STEAM_0:0:33167288><>" connected, address "98.233.44.21:27005"
L 03/20/2014 - 21:41:25: "PhD Corvo Charizard<49><STEAM_0:0:33167288><>" STEAM USERID validated
L 03/20/2014 - 21:41:27: "Gord<10><STEAM_0:1:2327125><Red>" triggered "builtobject" (object "OBJ_SENTRYGUN") (position "-396 -840 620")
L 03/20/2014 - 21:41:35: "Punished Scratch<34><STEAM_0:1:20646419><Red>" triggered "builtobject" (object "OBJ_DISPENSER") (position "-290 -832 620")
L 03/20/2014 - 21:41:41: "Setsuna Carter<46><STEAM_0:0:20016330><Blue>" triggered "killedobject" (object "OBJ_DISPENSER") (weapon "dumpster_device") (objectowner "Punished Scratch<34><STEAM_0:1:20646419><Red>") (attacker_position "44 -871 631")
L 03/20/2014 - 21:41:41: "Punished Scratch<34><STEAM_0:1:20646419><Red>" triggered "builtobject" (object "OBJ_SENTRYGUN") (position "-354 -947 620")
L 03/20/2014 - 21:41:41: "Setsuna Carter<46><STEAM_0:0:20016330><Blue>" triggered "killedobject" (object "OBJ_SENTRYGUN") (weapon "dumpster_device") (objectowner "Punished Scratch<34><STEAM_0:1:20646419><Red>") (attacker_position "-20 -789 612")
L 03/20/2014 - 21:41:41: "Setsuna Carter<46><STEAM_0:0:20016330><Blue>" triggered "killedobject" (object "OBJ_SENTRYGUN") (weapon "dumpster_device") (objectowner "Gord<10><STEAM_0:1:2327125><Red>") (attacker_position "-20 -789 612")
L 03/20/2014 - 21:41:44: "Punished Scratch<34><STEAM_0:1:20646419><Red>" triggered "milk_attack" against "Maxconi<35><STEAM_0:1:43316771><Blue>" with "tf_weapon_jar" (attacker_position "-325 -1106 608") (victim_position "-258 -826 620")
L 03/20/2014 - 21:41:44: "Punished Scratch<34><STEAM_0:1:20646419><Red>" triggered "milk_attack" against "Tiera Foxglove<44><STEAM_0:1:42733307><Blue>" with "tf_weapon_jar" (attacker_position "-325 -1106 608") (victim_position "-124 -784 620")
L 03/20/2014 - 21:41:49: "Persi, the Neko God<12><STEAM_0:1:30286598><Blue>" killed "Punished Scratch<34><STEAM_0:1:20646419><Red>" with "flamethrower" (attacker_position "-287 -1072 608") (victim_position "-538 -1652 574")
L 03/20/2014 - 21:41:51: "Gord<10><STEAM_0:1:2327125><Red>" triggered "builtobject" (object "OBJ_SENTRYGUN") (position "-60 -727 610")
L 03/20/2014 - 21:41:52: "Shiny mew<47><STEAM_0:0:43768850><Red>" killed "Setsuna Carter<46><STEAM_0:0:20016330><Blue>" with "blackbox" (attacker_position "-97 -1593 612") (victim_position "-299 -965 620")
L 03/20/2014 - 21:41:52: "Shiny mew<47><STEAM_0:0:43768850><Red>" killed "Maxconi<35><STEAM_0:1:43316771><Blue>" with "blackbox" (attacker_position "-97 -1593 612") (victim_position "-342 -818 620")
L 03/20/2014 - 21:41:52: "Punished Scratch<34><STEAM_0:1:20646419><Red>" triggered "kill assist" against "Maxconi<35><STEAM_0:1:43316771><Blue>" (assister_position "-538 -1652 588") (attacker_position "-97 -1593 612") (victim_position "-342 -818 620")
L 03/20/2014 - 21:41:54: "Persi, the Neko God<12><STEAM_0:1:30286598><Blue>" triggered "medic_death" against "Shiny mew<47><STEAM_0:0:43768850><Red>" (healing "0") (ubercharge "0")
L 03/20/2014 - 21:41:54: "Persi, the Neko God<12><STEAM_0:1:30286598><Blue>" killed "Shiny mew<47><STEAM_0:0:43768850><Red>" with "flamethrower" (attacker_position "174 -1527 596") (victim_position "380 -1608 531")
L 03/20/2014 - 21:41:57: "{BFG} Nikdragon<42><STEAM_0:0:78154965><Blue>" killed "Gord<10><STEAM_0:1:2327125><Red>" with "minigun" (attacker_position "-183 219 693") (victim_position "-730 -540 624")
L 03/20/2014 - 21:41:57: "ZtripleZz<48><STEAM_0:1:43338132><Blue>" triggered "kill assist" against "Gord<10><STEAM_0:1:2327125><Red>" (assister_position "-859 -640 651") (attacker_position "-183 219 693") (victim_position "-730 -540 624")
L 03/20/2014 - 21:41:59: "Gord<10><STEAM_0:1:2327125><Red>" killed "ZtripleZz<48><STEAM_0:1:43338132><Blue>" with "obj_minisentry" (attacker_position "-767 -569 650") (victim_position "-721 -916 626")
L 03/20/2014 - 21:42:00: "Persi, the Neko God<12><STEAM_0:1:30286598><Blue>" triggered "medic_death" against "FarDiamond3049<21><STEAM_0:0:54908227><Red>" (healing "0") (ubercharge "0")
L 03/20/2014 - 21:42:00: "Persi, the Neko God<12><STEAM_0:1:30286598><Blue>" killed "FarDiamond3049<21><STEAM_0:0:54908227><Red>" with "flamethrower" (attacker_position "713 -734 704") (victim_position "706 -649 704")
L 03/20/2014 - 21:42:00: "Mewgia<36><STEAM_0:1:27130334><Blue>" triggered "kill assist" against "FarDiamond3049<21><STEAM_0:0:54908227><Red>" (assister_position "1246 -717 653") (attacker_position "713 -734 704") (victim_position "706 -649 704")
L 03/20/2014 - 21:42:04: "{BFG} Nikdragon<42><STEAM_0:0:78154965><Blue>" triggered "killedobject" (object "OBJ_SENTRYGUN") (weapon "minigun") (objectowner "Gord<10><STEAM_0:1:2327125><Red>") (attacker_position "-5 -374 521")
L 03/20/2014 - 21:42:04: "ZtripleZz<48><STEAM_0:1:43338132><Blue>" disconnected (reason "Disconnect by user.")
L 03/20/2014 - 21:42:10: "Mewgia<36><STEAM_0:1:27130334><Blue>" killed "Blizzard (Sean)áƒ¦<27><STEAM_0:1:47938377><Red>" with "blutsauger" (attacker_position "-192 -1761 559") (victim_position "-415 -1997 704")
L 03/20/2014 - 21:42:10: "{BFG} Nikdragon<42><STEAM_0:0:78154965><Blue>" triggered "kill assist" against "Blizzard (Sean)áƒ¦<27><STEAM_0:1:47938377><Red>" (assister_position "-294 -887 620") (attacker_position "-192 -1761 559") (victim_position "-415 -1997 704")
L 03/20/2014 - 21:42:12: "Persi, the Neko God<12><STEAM_0:1:30286598><Blue>" killed "{SCG} Metka Serket<23><STEAM_0:0:17889225><Red>" with "flamethrower" (attacker_position "-12 -1675 600") (victim_position "35 -1650 609")
L 03/20/2014 - 21:42:12: World triggered "Round_Win" (winner "Blue")
L 03/20/2014 - 21:42:12: World triggered "Round_Length" (seconds "57.17")
L 03/20/2014 - 21:42:12: Team "Red" current score "2" with "6" players
L 03/20/2014 - 21:42:12: Team "Blue" current score "2" with "6" players
L 03/20/2014 - 21:42:13: "{SCG} Metka Serket<23><STEAM_0:0:17889225><Red>" killed "Mewgia<36><STEAM_0:1:27130334><Blue>" with "world" (attacker_position "35 -1650 677") (victim_position "240 -2097 582")
L 03/20/2014 - 21:42:19: "FarDiamond3049<21><STEAM_0:0:54908227><Red>" say "i was a medic with a diamondback and a knife"
L 03/20/2014 - 21:42:24: "PhD Corvo Charizard<49><STEAM_0:0:33167288><>" entered the game
L 03/20/2014 - 21:42:27: World triggered "Round_Start"
L 03/20/2014 - 21:42:44: "PhD Corvo Charizard<49><STEAM_0:0:33167288><Unassigned>" joined team "Blue"
L 03/20/2014 - 21:42:44: "Gord<10><STEAM_0:1:2327125><Red>" say "no friends in the server :["
L 03/20/2014 - 21:42:47: "PhD Corvo Charizard<49><STEAM_0:0:33167288><Blue>" changed role to "scout"
L 03/20/2014 - 21:42:48: "{SCG} Metka Serket<23><STEAM_0:0:17889225><Blue>" killed "Mewgia<36><STEAM_0:1:27130334><Red>" with "widowmaker" (attacker_position "-33 -676 610") (victim_position "-290 -877 652")
L 03/20/2014 - 21:42:51: "{SCG} Metka Serket<23><STEAM_0:0:17889225><Blue>" killed "{BFG} Nikdragon<42><STEAM_0:0:78154965><Red>" with "widowmaker" (attacker_position "-292 -807 620") (victim_position "-694 -769 614")
L 03/20/2014 - 21:42:53: "{SCG} Metka Serket<23><STEAM_0:0:17889225><Blue>" killed "Tiera Foxglove<44><STEAM_0:1:42733307><Red>" with "widowmaker" (attacker_position "-761 -590 635") (victim_position "-738 -380 609")
L 03/20/2014 - 21:42:53: "Punished Scratch<34><STEAM_0:1:20646419><Blue>" triggered "kill assist" against "Tiera Foxglove<44><STEAM_0:1:42733307><Red>" (assister_position "-11 -352 519") (attacker_position "-761 -590 635") (victim_position "-738 -380 609")
L 03/20/2014 - 21:42:54: "FarDiamond3049<21><STEAM_0:0:54908227><Red>" committed suicide with "world" (attacker_position "1611 -542 -510")
L 03/20/2014 - 21:42:59: "Punished Scratch<34><STEAM_0:1:20646419><Blue>" killed "Blizzard (Sean)áƒ¦<27><STEAM_0:1:47938377><Red>" with "syringegun_medic" (attacker_position "-331 -1496 604") (victim_position "-419 -2091 704")
L 03/20/2014 - 21:42:59: "{SCG} Metka Serket<23><STEAM_0:0:17889225><Blue>" triggered "kill assist" against "Blizzard (Sean)áƒ¦<27><STEAM_0:1:47938377><Red>" (assister_position "-485 -1333 608") (attacker_position "-331 -1496 604") (victim_position "-419 -2091 704")
L 03/20/2014 - 21:42:59: "killingkevin<29><STEAM_0:1:51407965><Unassigned>" disconnected (reason "killingkevin timed out")
L 03/20/2014 - 21:43:06: "Mewgia<36><STEAM_0:1:27130334><Red>" disconnected (reason "Disconnect by user.")
L 03/20/2014 - 21:43:07: "FarDiamond3049<21><STEAM_0:0:54908227><Red>" say "ouch falling down cliffs are not fun"
L 03/20/2014 - 21:43:08: "Gord<10><STEAM_0:1:2327125><Red>" killed "Setsuna Carter<46><STEAM_0:0:20016330><Blue>" with "back_scratcher" (attacker_position "-296 -1063 608") (victim_position "-319 -1035 608")
L 03/20/2014 - 21:43:09: "{BFG} Nikdragon<42><STEAM_0:0:78154965><Red>" say "for the turkey dinner!"
L 03/20/2014 - 21:43:12: "Shiny mew<47><STEAM_0:0:43768850><Blue>" killed "Gord<10><STEAM_0:1:2327125><Red>" with "blackbox" (attacker_position "-733 -387 608") (victim_position "-600 -499 647")
L 03/20/2014 - 21:43:12: World triggered "Round_Win" (winner "Blue")
L 03/20/2014 - 21:43:12: World triggered "Round_Length" (seconds "44.94")
L 03/20/2014 - 21:43:12: Team "Red" current score "2" with "5" players
L 03/20/2014 - 21:43:12: Team "Blue" current score "3" with "7" players
L 03/20/2014 - 21:43:16: "Gord<10><STEAM_0:1:2327125><Red>" say "ffff army of one lol"
L 03/20/2014 - 21:43:24: "{SCG} Metka Serket<23><STEAM_0:0:17889225><Blue>" committed suicide with "world" (attacker_position "1557 -364 -510")
L 03/20/2014 - 21:43:27: World triggered "Round_Start"
L 03/20/2014 - 21:43:33: "RadioactiveSpaceRooster<50><STEAM_0:1:31547919><>" connected, address "162.205.57.47:27005"
L 03/20/2014 - 21:43:33: "RadioactiveSpaceRooster<50><STEAM_0:1:31547919><>" STEAM USERID validated
L 03/20/2014 - 21:43:34: "Gord<10><STEAM_0:1:2327125><Blue>" say "can't out-gord a gord-tier i guess"
L 03/20/2014 - 21:43:54: "Setsuna Carter<46><STEAM_0:0:20016330><Blue>" killed "Punished Scratch<34><STEAM_0:1:20646419><Red>" with "rainblower" (attacker_position "-471 -464 615") (victim_position "-423 -472 612")
L 03/20/2014 - 21:43:54: "PhD Corvo Charizard<49><STEAM_0:0:33167288><Blue>" triggered "kill assist" against "Punished Scratch<34><STEAM_0:1:20646419><Red>" (assister_position "-678 831 618") (attacker_position "-471 -464 615") (victim_position "-423 -472 612")
L 03/20/2014 - 21:43:59: "Setsuna Carter<46><STEAM_0:0:20016330><Blue>" killed "FarDiamond3049<21><STEAM_0:0:54908227><Red>" with "rainblower" (attacker_position "245 -126 514") (victim_position "380 -73 521")
L 03/20/2014 - 21:43:59: "Tiera Foxglove<44><STEAM_0:1:42733307><Blue>" triggered "kill assist" against "FarDiamond3049<21><STEAM_0:0:54908227><Red>" (assister_position "152 -107 513") (attacker_position "245 -126 514") (victim_position "380 -73 521")
L 03/20/2014 - 21:44:01: "{BFG} Nikdragon<42><STEAM_0:0:78154965><Red>" killed "Gord<10><STEAM_0:1:2327125><Blue>" with "iron_curtain" (attacker_position "784 28 513") (victim_position "960 -197 486")
L 03/20/2014 - 21:44:02: "Setsuna Carter<46><STEAM_0:0:20016330><Blue>" triggered "medic_death" against "{BFG} Nikdragon<42><STEAM_0:0:78154965><Red>" (healing "0") (ubercharge "0")
L 03/20/2014 - 21:44:02: "Setsuna Carter<46><STEAM_0:0:20016330><Blue>" killed "{BFG} Nikdragon<42><STEAM_0:0:78154965><Red>" with "rainblower" (attacker_position "665 -74 515") (victim_position "814 35 513")
L 03/20/2014 - 21:44:02: "Tiera Foxglove<44><STEAM_0:1:42733307><Blue>" triggered "kill assist" against "{BFG} Nikdragon<42><STEAM_0:0:78154965><Red>" (assister_position "766 26 513") (attacker_position "665 -74 515") (victim_position "814 35 513")
L 03/20/2014 - 21:44:09: "Setsuna Carter<46><STEAM_0:0:20016330><Blue>" killed "Shiny mew<47><STEAM_0:0:43768850><Red>" with "rainblower" (attacker_position "413 -1531 530") (victim_position "335 -1430 546")
L 03/20/2014 - 21:44:10: "{BFG} Nikdragon<42><STEAM_0:0:78154965><Red>" say "i took down the gord"
L 03/20/2014 - 21:44:12: "Persi, the Neko God<12><STEAM_0:1:30286598><Blue>" killed "{SCG} Metka Serket<23><STEAM_0:0:17889225><Red>" with "lollichop" (attacker_position "-429 -1838 541") (victim_position "-457 -1881 545")
L 03/20/2014 - 21:44:12: "{SCG} Metka Serket<23><STEAM_0:0:17889225><Red>" killed "Persi, the Neko God<12><STEAM_0:1:30286598><Blue>" with "rainblower" (attacker_position "-444 -1927 558") (victim_position "-439 -1839 541")
L 03/20/2014 - 21:44:16: "Gord<10><STEAM_0:1:2327125><Blue>" say "gord had a pistol :["
L 03/20/2014 - 21:44:24: "FarDiamond3049<21><STEAM_0:0:54908227><Red>" say "demoman with Ambassador doesn't work i have it in my face :("
L 03/20/2014 - 21:44:24: "Tiera Foxglove<44><STEAM_0:1:42733307><Blue>" killed "Blizzard (Sean)áƒ¦<27><STEAM_0:1:47938377><Red>" with "unique_pickaxe" (attacker_position "1140 -1253 448") (victim_position "1212 -1257 496")
L 03/20/2014 - 21:44:24: "PhD Corvo Charizard<49><STEAM_0:0:33167288><Blue>" triggered "kill assist" against "Blizzard (Sean)áƒ¦<27><STEAM_0:1:47938377><Red>" (assister_position "1074 -1116 448") (attacker_position "1140 -1253 448") (victim_position "1212 -1257 496")
L 03/20/2014 - 21:44:24: World triggered "Round_Win" (winner "Blue")
L 03/20/2014 - 21:44:24: World triggered "Round_Length" (seconds "56.72")
L 03/20/2014 - 21:44:24: Team "Red" current score "2" with "6" players
L 03/20/2014 - 21:44:24: Team "Blue" current score "4" with "6" players
L 03/20/2014 - 21:44:31: "Andy<51><STEAM_0:0:42727213><>" connected, address "75.142.173.73:27005"
L 03/20/2014 - 21:44:32: "Andy<51><STEAM_0:0:42727213><>" STEAM USERID validated
L 03/20/2014 - 21:44:34: "Tiera Foxglove<44><STEAM_0:1:42733307><Blue>" committed suicide with "world" (attacker_position "1606 -656 -511")
L 03/20/2014 - 21:44:39: World triggered "Round_Start"
L 03/20/2014 - 21:45:05: "Setsuna Carter<46><STEAM_0:0:20016330><Blue>" killed "{BFG} Nikdragon<42><STEAM_0:0:78154965><Red>" with "brass_beast" (attacker_position "-88 560 606") (victim_position "-639 531 613")
L 03/20/2014 - 21:45:08: "Setsuna Carter<46><STEAM_0:0:20016330><Blue>" killed "Shiny mew<47><STEAM_0:0:43768850><Red>" with "brass_beast" (attacker_position "-116 540 607") (victim_position "-71 -648 609")
L 03/20/2014 - 21:45:09: "RadioactiveSpaceRooster<50><STEAM_0:1:31547919><>" entered the game
L 03/20/2014 - 21:45:10: "Setsuna Carter<46><STEAM_0:0:20016330><Blue>" killed "Tiera Foxglove<44><STEAM_0:1:42733307><Red>" with "brass_beast" (attacker_position "-127 477 610") (victim_position "-478 541 609")
L 03/20/2014 - 21:45:19: "Persi, the Neko God<12><STEAM_0:1:30286598><Blue>" killed "Gord<10><STEAM_0:1:2327125><Red>" with "the_winger" (attacker_position "-2092 -208 558") (victim_position "-2537 100 513")
L 03/20/2014 - 21:45:19: "PhD Corvo Charizard<49><STEAM_0:0:33167288><Blue>" triggered "kill assist" against "Gord<10><STEAM_0:1:2327125><Red>" (assister_position "-2464 -491 704") (attacker_position "-2092 -208 558") (victim_position "-2537 100 513")
L 03/20/2014 - 21:45:28: "FarDiamond3049<21><STEAM_0:0:54908227><Red>" committed suicide with "world" (attacker_position "1563 -324 -510")
L 03/20/2014 - 21:45:35: "Maxconi<35><STEAM_0:1:43316771><Blue>" disconnected (reason "Disconnect by user.")
L 03/20/2014 - 21:45:36: "FarDiamond3049<21><STEAM_0:0:54908227><Red>" say "ouch "
L 03/20/2014 - 21:45:39: "Punished Scratch<34><STEAM_0:1:20646419><Blue>" triggered "medic_death" against "Blizzard (Sean)áƒ¦<27><STEAM_0:1:47938377><Red>" (healing "0") (ubercharge "0")
L 03/20/2014 - 21:45:39: "Punished Scratch<34><STEAM_0:1:20646419><Blue>" killed "Blizzard (Sean)áƒ¦<27><STEAM_0:1:47938377><Red>" with "loose_cannon_impact" (attacker_position "82 -607 635") (victim_position "139 -935 660")
L 03/20/2014 - 21:45:39: "{SCG} Metka Serket<23><STEAM_0:0:17889225><Blue>" triggered "kill assist" against "Blizzard (Sean)áƒ¦<27><STEAM_0:1:47938377><Red>" (assister_position "-343 -860 620") (attacker_position "82 -607 635") (victim_position "139 -935 660")
L 03/20/2014 - 21:45:39: World triggered "Round_Win" (winner "Blue")
L 03/20/2014 - 21:45:39: World triggered "Round_Length" (seconds "59.49")
L 03/20/2014 - 21:45:39: Team "Red" current score "2" with "6" players
L 03/20/2014 - 21:45:39: Team "Blue" current score "5" with "5" players
L 03/20/2014 - 21:45:42: "{SCG} Metka Serket<23><STEAM_0:0:17889225><Blue>" committed suicide with "world" (attacker_position "-3 -491 566")
L 03/20/2014 - 21:45:45: "{BFG} Nikdragon<42><STEAM_0:0:78154965><Red>" say "hey rooster"
L 03/20/2014 - 21:45:47: "Punished Scratch<34><STEAM_0:1:20646419><Blue>" disconnected (reason "Disconnect by user.")
L 03/20/2014 - 21:45:54: World triggered "Round_Start"
L 03/20/2014 - 21:45:56: "{SCG}Ezerva<52><STEAM_0:1:65442681><>" connected, address "189.203.69.96:560"
L 03/20/2014 - 21:45:56: "{SCG}Ezerva<52><STEAM_0:1:65442681><>" STEAM USERID validated
L 03/20/2014 - 21:46:04: "FarDiamond3049<21><STEAM_0:0:54908227><Red>" say "scout with mini?"
L 03/20/2014 - 21:46:09: "Andy<51><STEAM_0:0:42727213><>" entered the game
L 03/20/2014 - 21:46:12: "{SCG} Metka Serket<23><STEAM_0:0:17889225><Blue>" triggered "builtobject" (object "OBJ_DISPENSER") (position "-410 821 608")
L 03/20/2014 - 21:46:16: "Gord<10><STEAM_0:1:2327125><Red>" triggered "builtobject" (object "OBJ_SENTRYGUN") (position "321 -360 544")
L 03/20/2014 - 21:46:26: "Persi, the Neko God<12><STEAM_0:1:30286598><Blue>" killed "PhD Corvo Charizard<49><STEAM_0:0:33167288><Red>" with "apocofists" (attacker_position "-1702 -690 576") (victim_position "-1728 -691 581")
L 03/20/2014 - 21:46:35: "Andy<51><STEAM_0:0:42727213><Unassigned>" joined team "Blue"
L 03/20/2014 - 21:46:36: "Andy<51><STEAM_0:0:42727213><Blue>" changed role to "medic"
L 03/20/2014 - 21:46:38: "Gord<10><STEAM_0:1:2327125><Red>" killed "Setsuna Carter<46><STEAM_0:0:20016330><Blue>" with "degreaser" (attacker_position "-90 -270 515") (victim_position "107 -389 546")
L 03/20/2014 - 21:46:42: "Gord<10><STEAM_0:1:2327125><Red>" killed "Persi, the Neko God<12><STEAM_0:1:30286598><Blue>" with "degreaser" (attacker_position "115 -830 614") (victim_position "36 -794 612")
L 03/20/2014 - 21:46:44: "RadioactiveSpaceRooster<50><STEAM_0:1:31547919><Unassigned>" joined team "Red"
L 03/20/2014 - 21:46:46: "{BFG} Nikdragon<42><STEAM_0:0:78154965><Blue>" say "\"
L 03/20/2014 - 21:46:47: "Herrocopter<53><STEAM_0:0:50403197><>" connected, address "75.133.216.236:27005"
L 03/20/2014 - 21:46:47: "Tiera Foxglove<44><STEAM_0:1:42733307><Red>" killed "{BFG} Nikdragon<42><STEAM_0:0:78154965><Blue>" with "degreaser" (attacker_position "-526 -806 620") (victim_position "-619 -776 620")
L 03/20/2014 - 21:46:47: "Gord<10><STEAM_0:1:2327125><Red>" killed "{SCG} Metka Serket<23><STEAM_0:0:17889225><Blue>" with "degreaser" (attacker_position "-598 -141 516") (victim_position "-587 -93 513")
L 03/20/2014 - 21:46:47: "Herrocopter<53><STEAM_0:0:50403197><>" STEAM USERID validated
L 03/20/2014 - 21:46:52: "Andy<51><STEAM_0:0:42727213><Blue>" say "Yay Train PoV"
L 03/20/2014 - 21:47:03: "Ozzzy<54><STEAM_0:0:33986421><>" connected, address "201.124.84.191:57870"
L 03/20/2014 - 21:47:03: "Ozzzy<54><STEAM_0:0:33986421><>" STEAM USERID validated
L 03/20/2014 - 21:47:03: "{BFG} Nikdragon<42><STEAM_0:0:78154965><Blue>" say "!nominate"
L 03/20/2014 - 21:47:04: "FarDiamond3049<21><STEAM_0:0:54908227><Red>" killed "Blizzard (Sean)áƒ¦<27><STEAM_0:1:47938377><Blue>" with "minigun" (attacker_position "-358 1578 594") (victim_position "-282 2151 704")
L 03/20/2014 - 21:47:04: World triggered "Round_Win" (winner "Red")
L 03/20/2014 - 21:47:04: World triggered "Round_Length" (seconds "70.46")
L 03/20/2014 - 21:47:04: Team "Red" current score "3" with "6" players
L 03/20/2014 - 21:47:04: Team "Blue" current score "5" with "6" players
L 03/20/2014 - 21:47:09: "Gord<10><STEAM_0:1:2327125><Red>" say "best medic combo"
L 03/20/2014 - 21:47:09: "{BFG} Nikdragon<42><STEAM_0:0:78154965><Blue>" say "!nominat"
L 03/20/2014 - 21:47:12: "Shiny mew<47><STEAM_0:0:43768850><Red>" committed suicide with "quake_rl" (attacker_position "-1413 -336 704")
L 03/20/2014 - 21:47:13: "Herrocopter<53><STEAM_0:0:50403197><>" entered the game
L 03/20/2014 - 21:47:14: "{BFG} Nikdragon<42><STEAM_0:0:78154965><Blue>" say "!nominate"
L 03/20/2014 - 21:47:14: "FarDiamond3049<21><STEAM_0:0:54908227><Red>" say "scout with mini for the win"
L 03/20/2014 - 21:47:19: "Herrocopter<53><STEAM_0:0:50403197><Unassigned>" joined team "Red"
L 03/20/2014 - 21:47:19: World triggered "Round_Start"
L 03/20/2014 - 21:47:21: "Herrocopter<53><STEAM_0:0:50403197><Red>" changed role to "heavyweapons"
L 03/20/2014 - 21:47:37: "Blizzard (Sean)áƒ¦<27><STEAM_0:1:47938377><Red>" say "!myweps"
L 03/20/2014 - 21:47:40: "PhD Corvo Charizard<49><STEAM_0:0:33167288><Red>" committed suicide with "world" (attacker_position "1595 -795 -510")
L 03/20/2014 - 21:47:50: "Setsuna Carter<46><STEAM_0:0:20016330><Blue>" triggered "builtobject" (object "OBJ_SENTRYGUN") (position "-398 -2023 704")
L 03/20/2014 - 21:47:55: "FarDiamond3049<21><STEAM_0:0:54908227><Blue>" committed suicide with "world" (attacker_position "1421 785 -188")
L 03/20/2014 - 21:47:56: "{SCG} Metka Serket<23><STEAM_0:0:17889225><Red>" killed "{BFG} Nikdragon<42><STEAM_0:0:78154965><Blue>" with "tf_projectile_arrow" (attacker_position "31 633 607") (victim_position "131 573 601")
L 03/20/2014 - 21:47:56: "Tiera Foxglove<44><STEAM_0:1:42733307><Red>" triggered "kill assist" against "{BFG} Nikdragon<42><STEAM_0:0:78154965><Blue>" (assister_position "179 590 608") (attacker_position "31 633 607") (victim_position "131 573 601")
L 03/20/2014 - 21:47:58: "FarDiamond3049<21><STEAM_0:0:54908227><Blue>" say "oh no"
L 03/20/2014 - 21:48:04: "{SCG}Ezerva<52><STEAM_0:1:65442681><>" entered the game
L 03/20/2014 - 21:48:04: "{BFG} Nikdragon<42><STEAM_0:0:78154965><Blue>" say "had bad guns"
L 03/20/2014 - 21:48:05: "Blizzard (Sean)áƒ¦<27><STEAM_0:1:47938377><Red>" killed "RadioactiveSpaceRooster<50><STEAM_0:1:31547919><Blue>" with "samrevolver" (attacker_position "-416 1077 608") (victim_position "-121 1043 608")
L 03/20/2014 - 21:48:11: "FarDiamond3049<21><STEAM_0:0:54908227><Blue>" say "i don't like that canyon"
L 03/20/2014 - 21:48:13: "Andy<51><STEAM_0:0:42727213><Blue>" triggered "chargedeployed"
L 03/20/2014 - 21:48:16: "Andy<51><STEAM_0:0:42727213><Blue>" triggered "player_extinguished" against "Andy<51><STEAM_0:0:42727213><Blue>" with "tf_weapon_medigun" (attacker_position "-1878 32 559") (victim_position "-1878 32 559")
L 03/20/2014 - 21:48:16: "Gord<10><STEAM_0:1:2327125><Blue>" killed "Herrocopter<53><STEAM_0:0:50403197><Red>" with "blutsauger" (attacker_position "-1750 -80 520") (victim_position "-1630 -398 704")
L 03/20/2014 - 21:48:16: "Persi, the Neko God<12><STEAM_0:1:30286598><Blue>" triggered "kill assist" against "Herrocopter<53><STEAM_0:0:50403197><Red>" (assister_position "-1628 447 704") (attacker_position "-1750 -80 520") (victim_position "-1630 -398 704")
L 03/20/2014 - 21:48:16: "Shiny mew<47><STEAM_0:0:43768850><Red>" killed "Gord<10><STEAM_0:1:2327125><Blue>" with "blackbox" (attacker_position "-2131 -363 704") (victim_position "-1725 -80 520")
L 03/20/2014 - 21:48:16: "Herrocopter<53><STEAM_0:0:50403197><Red>" triggered "kill assist" against "Gord<10><STEAM_0:1:2327125><Blue>" (assister_position "-1630 -398 718") (attacker_position "-2131 -363 704") (victim_position "-1725 -80 520")
L 03/20/2014 - 21:48:17: "Andy<51><STEAM_0:0:42727213><Blue>" triggered "player_extinguished" against "Persi, the Neko God<12><STEAM_0:1:30286598><Blue>" with "tf_weapon_medigun" (attacker_position "-1800 107 520") (victim_position "-1683 463 704")
L 03/20/2014 - 21:48:21: "Setsuna Carter<46><STEAM_0:0:20016330><Blue>" triggered "builtobject" (object "OBJ_DISPENSER") (position "59 -2496 704")
L 03/20/2014 - 21:48:23: "Ozzzy<54><STEAM_0:0:33986421><>" entered the game
L 03/20/2014 - 21:48:26: "{SCG}Ezerva<52><STEAM_0:1:65442681><Unassigned>" joined team "Red"
L 03/20/2014 - 21:48:29: "PhD Corvo Charizard<49><STEAM_0:0:33167288><Red>" disconnected (reason "Disconnect by user.")
L 03/20/2014 - 21:48:38: "Andy<51><STEAM_0:0:42727213><Blue>" killed "Shiny mew<47><STEAM_0:0:43768850><Red>" with "big_earner" (customkill "backstab") (attacker_position "-2486 -781 688") (victim_position "-2421 -838 734")
L 03/20/2014 - 21:48:39: "{SCG}Ezerva<52><STEAM_0:1:65442681><Red>" changed role to "soldier"
L 03/20/2014 - 21:48:40: "FarDiamond3049<21><STEAM_0:0:54908227><Blue>" say "i even has a shiv as a sly"
L 03/20/2014 - 21:48:41: "Ozzzy<54><STEAM_0:0:33986421><Unassigned>" joined team "Red"
L 03/20/2014 - 21:48:41: "Gord<10><STEAM_0:1:2327125><Blue>" say "never pocket gord"
L 03/20/2014 - 21:48:42: "{SCG}Ezerva<52><STEAM_0:1:65442681><Red>" say "HELLO!"
L 03/20/2014 - 21:48:48: "Ozzzy<54><STEAM_0:0:33986421><Red>" say "haelo peepl"
L 03/20/2014 - 21:48:50: "FarDiamond3049<21><STEAM_0:0:54908227><Blue>" say "*had *spy"
L 03/20/2014 - 21:48:51: "Setsuna Carter<46><STEAM_0:0:20016330><Blue>" killed "Tiera Foxglove<44><STEAM_0:1:42733307><Red>" with "cow_mangler" (attacker_position "-929 -2339 704") (victim_position "-834 -2501 704")
L 03/20/2014 - 21:48:52: "Ozzzy<54><STEAM_0:0:33986421><Red>" say "M A G I C A L"
L 03/20/2014 - 21:48:53: "Persi, the Neko God<12><STEAM_0:1:30286598><Blue>" killed "{SCG} Metka Serket<23><STEAM_0:0:17889225><Red>" with "samrevolver" (attacker_position "-1456 -546 559") (victim_position "-1828 -861 608")
L 03/20/2014 - 21:48:53: "Andy<51><STEAM_0:0:42727213><Blue>" triggered "kill assist" against "{SCG} Metka Serket<23><STEAM_0:0:17889225><Red>" (assister_position "-1147 -639 592") (attacker_position "-1456 -546 559") (victim_position "-1828 -861 608")
L 03/20/2014 - 21:48:56: "Setsuna Carter<46><STEAM_0:0:20016330><Blue>" triggered "medic_death" against "Blizzard (Sean)áƒ¦<27><STEAM_0:1:47938377><Red>" (healing "0") (ubercharge "0")
L 03/20/2014 - 21:48:56: "Setsuna Carter<46><STEAM_0:0:20016330><Blue>" killed "Blizzard (Sean)áƒ¦<27><STEAM_0:1:47938377><Red>" with "obj_sentrygun" (attacker_position "-112 -2010 704") (victim_position "459 -1356 526")
L 03/20/2014 - 21:48:56: World triggered "Round_Win" (winner "Blue")
L 03/20/2014 - 21:48:56: World triggered "Round_Length" (seconds "96.48")
L 03/20/2014 - 21:48:56: Team "Red" current score "3" with "7" players
L 03/20/2014 - 21:48:56: Team "Blue" current score "6" with "7" players
L 03/20/2014 - 21:48:57: "Andy<51><STEAM_0:0:42727213><Blue>" triggered "chargedeployed"
L 03/20/2014 - 21:48:57: "{SCG} Metka Serket<23><STEAM_0:0:17889225><Red>" killed "Setsuna Carter<46><STEAM_0:0:20016330><Blue>" with "obj_sentrygun" (attacker_position "-1864 -880 683") (victim_position "-171 -2035 704")
L 03/20/2014 - 21:48:59: "Gord<10><STEAM_0:1:2327125><Blue>" say "no more magic plz"
L 03/20/2014 - 21:49:04: "Persi, the Neko God<12><STEAM_0:1:30286598><Blue>" triggered "killedobject" (object "OBJ_ATTACHMENT_SAPPER") (weapon "samrevolver") (objectowner "{SCG} Metka Serket<23><STEAM_0:0:17889225><Red>") (attacker_position "-363 -835 620")
L 03/20/2014 - 21:49:08: "Ozzzy<54><STEAM_0:0:33986421><Red>" say "M A G I C A L"
L 03/20/2014 - 21:49:10: "Ozzzy<54><STEAM_0:0:33986421><Red>" say ">:3"
L 03/20/2014 - 21:49:11: World triggered "Round_Start"
L 03/20/2014 - 21:49:22: "FarDiamond3049<21><STEAM_0:0:54908227><Red>" say "i got a set as pyro"
L 03/20/2014 - 21:49:26: "FarDiamond3049<21><STEAM_0:0:54908227><Red>" say "*det"
L 03/20/2014 - 21:49:33: "Andy<51><STEAM_0:0:42727213><Red>" say "!cantsee"
L 03/20/2014 - 21:49:36: "Tiera Foxglove<44><STEAM_0:1:42733307><Blue>" killed "Andy<51><STEAM_0:0:42727213><Red>" with "rocketlauncher_directhit" (attacker_position "45 -564 594") (victim_position "-183 -795 620")
L 03/20/2014 - 21:49:38: "{BFG} Nikdragon<42><STEAM_0:0:78154965><Red>" say "!myweps"
L 03/20/2014 - 21:49:43: "Ozzzy<54><STEAM_0:0:33986421><Blue>" triggered "player_extinguished" against "Tiera Foxglove<44><STEAM_0:1:42733307><Blue>" with "tf_weapon_medigun" (attacker_position "-20 -312 564") (victim_position "53 97 512")
L 03/20/2014 - 21:49:50: "Setsuna Carter<46><STEAM_0:0:20016330><Blue>" killed "RadioactiveSpaceRooster<50><STEAM_0:1:31547919><Red>" with "tomislav" (attacker_position "267 -1916 524") (victim_position "48 -1774 575")
L 03/20/2014 - 21:49:51: "Setsuna Carter<46><STEAM_0:0:20016330><Blue>" killed "{BFG} Nikdragon<42><STEAM_0:0:78154965><Red>" with "tomislav" (attacker_position "314 -1837 528") (victim_position "-263 -1783 556")
L 03/20/2014 - 21:49:53: "Tiera Foxglove<44><STEAM_0:1:42733307><Blue>" triggered "medic_death" against "Tiera Foxglove<44><STEAM_0:1:42733307><Blue>" (healing "0") (ubercharge "0")
L 03/20/2014 - 21:49:53: "Gord<10><STEAM_0:1:2327125><Red>" killed "Tiera Foxglove<44><STEAM_0:1:42733307><Blue>" with "world" (attacker_position "-101 -314 515") (victim_position "-119 -192 518")
L 03/20/2014 - 21:49:57: "Blizzard (Sean)áƒ¦<27><STEAM_0:1:47938377><Blue>" killed "Gord<10><STEAM_0:1:2327125><Red>" with "blackbox" (attacker_position "-214 -92 519") (victim_position "-917 -139 514")
L 03/20/2014 - 21:50:04: "{SCG} Metka Serket<23><STEAM_0:0:17889225><Blue>" killed "FarDiamond3049<21><STEAM_0:0:54908227><Red>" with "syringegun_medic" (attacker_position "1095 -1106 448") (victim_position "838 -788 498")
L 03/20/2014 - 21:50:05: "Gord<10><STEAM_0:1:2327125><Red>" say "candy cane'd"
L 03/20/2014 - 21:50:07: "Shiny mew<47><STEAM_0:0:43768850><Blue>" killed "Herrocopter<53><STEAM_0:0:50403197><Red>" with "quake_rl" (attacker_position "-346 -1416 608") (victim_position "-699 -1361 608")
L 03/20/2014 - 21:50:07: "{SCG}Ezerva<52><STEAM_0:1:65442681><Blue>" triggered "kill assist" against "Herrocopter<53><STEAM_0:0:50403197><Red>" (assister_position "-688 -1206 608") (attacker_position "-346 -1416 608") (victim_position "-699 -1361 608")
L 03/20/2014 - 21:50:09: "Andy<51><STEAM_0:0:42727213><Red>" say "Dead"
L 03/20/2014 - 21:50:15: "FarDiamond3049<21><STEAM_0:0:54908227><Red>" say "i had nothing but a det :P"
L 03/20/2014 - 21:50:18: "Persi, the Neko God<12><STEAM_0:1:30286598><Red>" triggered "medic_death" against "Blizzard (Sean)áƒ¦<27><STEAM_0:1:47938377><Blue>" (healing "30") (ubercharge "0")
L 03/20/2014 - 21:50:18: "Persi, the Neko God<12><STEAM_0:1:30286598><Red>" killed "Blizzard (Sean)áƒ¦<27><STEAM_0:1:47938377><Blue>" with "tf_projectile_rocket" (attacker_position "-2447 -852 688") (victim_position "-1785 -593 704")
L 03/20/2014 - 21:50:23: "PhD Corvo Charizard<55><STEAM_0:0:33167288><>" connected, address "98.233.44.21:27005"
L 03/20/2014 - 21:50:23: "PhD Corvo Charizard<55><STEAM_0:0:33167288><>" STEAM USERID validated
L 03/20/2014 - 21:50:28: "Andy<51><STEAM_0:0:42727213><Red>" say "Yes"
L 03/20/2014 - 21:50:52: "{SCG} Metka Serket<23><STEAM_0:0:17889225><Blue>" killed "Persi, the Neko God<12><STEAM_0:1:30286598><Red>" with "eternal_reward" (customkill "backstab") (attacker_position "-344 1356 608") (victim_position "-340 1303 657")
L 03/20/2014 - 21:50:52: World triggered "Round_Win" (winner "Blue")
L 03/20/2014 - 21:50:52: World triggered "Round_Length" (seconds "100.62")
L 03/20/2014 - 21:50:52: Team "Red" current score "3" with "7" players
L 03/20/2014 - 21:50:52: Team "Blue" current score "7" with "7" players
L 03/20/2014 - 21:50:55: "PhD Corvo Charizard<55><STEAM_0:0:33167288><>" entered the game
L 03/20/2014 - 21:50:58: "Shiny mew<47><STEAM_0:0:43768850><Blue>" committed suicide with "quake_rl" (attacker_position "-356 -804 620")
L 03/20/2014 - 21:50:58: "Tiera Foxglove<44><STEAM_0:1:42733307><Blue>" say "!nextmap"
L 03/20/2014 - 21:51:07: World triggered "Round_Start"
L 03/20/2014 - 21:51:07: "PhD Corvo Charizard<55><STEAM_0:0:33167288><Unassigned>" joined team "Red"
L 03/20/2014 - 21:51:19: "FarDiamond3049<21><STEAM_0:0:54908227><Blue>" say "scout with diamondback"
L 03/20/2014 - 21:51:33: "Setsuna Carter<46><STEAM_0:0:20016330><Red>" killed "{SCG} Metka Serket<23><STEAM_0:0:17889225><Blue>" with "dumpster_device" (attacker_position "-758 605 631") (victim_position "-681 374 603")
L 03/20/2014 - 21:51:35: "Ozzzy<54><STEAM_0:0:33986421><Red>" killed "Andy<51><STEAM_0:0:42727213><Blue>" with "cow_mangler" (customkill "feign_death") (attacker_position "255 -581 657") (victim_position "208 -533 608")
L 03/20/2014 - 21:51:40: "Gord<10><STEAM_0:1:2327125><Red>" triggered "jarate_attack" against "FarDiamond3049<21><STEAM_0:0:54908227><Blue>" with "tf_weapon_jar" (attacker_position "-3 645 610") (victim_position "105 383 551")
L 03/20/2014 - 21:51:42: "Gord<10><STEAM_0:1:2327125><Red>" killed "FarDiamond3049<21><STEAM_0:0:54908227><Blue>" with "scattergun" (attacker_position "54 288 525") (victim_position "-7 202 515")
L 03/20/2014 - 21:51:42: "Tiera Foxglove<44><STEAM_0:1:42733307><Red>" triggered "kill assist" against "FarDiamond3049<21><STEAM_0:0:54908227><Blue>" (assister_position "555 -117 516") (attacker_position "54 288 525") (victim_position "-7 202 515")
L 03/20/2014 - 21:51:44: "Setsuna Carter<46><STEAM_0:0:20016330><Red>" committed suicide with "dumpster_device" (attacker_position "287 -360 544")
L 03/20/2014 - 21:51:48: "Ozzzy<54><STEAM_0:0:33986421><Red>" killed "Andy<51><STEAM_0:0:42727213><Blue>" with "cow_mangler" (attacker_position "-341 -1138 608") (victim_position "-389 -1115 657")
L 03/20/2014 - 21:51:48: "RadioactiveSpaceRooster<50><STEAM_0:1:31547919><Red>" triggered "kill assist" against "Andy<51><STEAM_0:0:42727213><Blue>" (assister_position "-448 -1466 608") (attacker_position "-341 -1138 608") (victim_position "-389 -1115 657")
L 03/20/2014 - 21:51:49: "Gord<10><STEAM_0:1:2327125><Red>" killed "{SCG}Ezerva<52><STEAM_0:1:65442681><Blue>" with "scattergun" (attacker_position "101 -261 515") (victim_position "12 -366 521")
L 03/20/2014 - 21:52:05: "PhD Corvo Charizard<55><STEAM_0:0:33167288><Red>" killed "{BFG} Nikdragon<42><STEAM_0:0:78154965><Blue>" with "quake_rl" (attacker_position "-2291 1225 673") (victim_position "-2535 1113 682")
L 03/20/2014 - 21:52:07: "Gord<10><STEAM_0:1:2327125><Red>" triggered "medic_death" against "Persi, the Neko God<12><STEAM_0:1:30286598><Blue>" (healing "0") (ubercharge "0")
L 03/20/2014 - 21:52:07: "Gord<10><STEAM_0:1:2327125><Red>" killed "Persi, the Neko God<12><STEAM_0:1:30286598><Blue>" with "scattergun" (attacker_position "-1668 -1221 575") (victim_position "-2142 -1123 678")
L 03/20/2014 - 21:52:07: "Shiny mew<47><STEAM_0:0:43768850><Red>" triggered "kill assist" against "Persi, the Neko God<12><STEAM_0:1:30286598><Blue>" (assister_position "-1180 -1327 519") (attacker_position "-1668 -1221 575") (victim_position "-2142 -1123 678")
L 03/20/2014 - 21:52:09: "Gord<10><STEAM_0:1:2327125><Red>" killed "Herrocopter<53><STEAM_0:0:50403197><Blue>" with "scattergun" (attacker_position "-1552 -1275 556") (victim_position "-1775 -1132 593")
L 03/20/2014 - 21:52:09: "Shiny mew<47><STEAM_0:0:43768850><Red>" triggered "kill assist" against "Herrocopter<53><STEAM_0:0:50403197><Blue>" (assister_position "-1252 -1375 528") (attacker_position "-1552 -1275 556") (victim_position "-1775 -1132 593")
L 03/20/2014 - 21:52:09: World triggered "Round_Win" (winner "Red")
L 03/20/2014 - 21:52:09: World triggered "Round_Length" (seconds "62.07")
L 03/20/2014 - 21:52:09: Team "Red" current score "4" with "8" players
L 03/20/2014 - 21:52:09: Team "Blue" current score "7" with "7" players
L 03/20/2014 - 21:52:09: "Andy<51><STEAM_0:0:42727213><Blue>" say "You do damage, you gain speed"
L 03/20/2014 - 21:52:13: "Herrocopter<53><STEAM_0:0:50403197><Blue>" killed "Gord<10><STEAM_0:1:2327125><Red>" with "flamethrower" (customkill "feign_death") (attacker_position "1493 96 864") (victim_position "-2331 -623 704")
L 03/20/2014 - 21:52:14: "Ozzzy<54><STEAM_0:0:33986421><Red>" committed suicide with "cow_mangler" (attacker_position "-2195 -1130 721")
L 03/20/2014 - 21:52:23: "Tiera Foxglove<44><STEAM_0:1:42733307><Red>" committed suicide with "world" (attacker_position "-1946 1053 612")
L 03/20/2014 - 21:52:23: "RadioactiveSpaceRooster<50><STEAM_0:1:31547919><Red>" triggered "medic_death" against "RadioactiveSpaceRooster<50><STEAM_0:1:31547919><Red>" (healing "0") (ubercharge "0")
L 03/20/2014 - 21:52:23: "RadioactiveSpaceRooster<50><STEAM_0:1:31547919><Red>" committed suicide with "world" (attacker_position "-1934 -838 629")
L 03/20/2014 - 21:52:23: "Shiny mew<47><STEAM_0:0:43768850><Red>" committed suicide with "world" (attacker_position "-1813 -1121 601")
L 03/20/2014 - 21:52:23: "Herrocopter<53><STEAM_0:0:50403197><Blue>" killed "Gord<10><STEAM_0:1:2327125><Red>" with "player" (attacker_position "1993 96 864") (victim_position "-1865 -927 615")
L 03/20/2014 - 21:52:23: "Blizzard (Sean)áƒ¦<27><STEAM_0:1:47938377><Red>" committed suicide with "world" (attacker_position "-234 -1964 704")
L 03/20/2014 - 21:52:23: "PhD Corvo Charizard<55><STEAM_0:0:33167288><Red>" committed suicide with "world" (attacker_position "-2316 -564 704")
L 03/20/2014 - 21:52:24: World triggered "Round_Start"
L 03/20/2014 - 21:52:24: "{SCG}Ezerva<52><STEAM_0:1:65442681><Blue>" say "GIFF ME COOKIE OZZZY"
L 03/20/2014 - 21:52:27: "Gord<10><STEAM_0:1:2327125><Red>" say "ow :["
L 03/20/2014 - 21:52:36: "PhD Corvo Charizard<55><STEAM_0:0:33167288><Red>" say "!nextmap"
L 03/20/2014 - 21:52:36: "Andy<51><STEAM_0:0:42727213><Blue>" say "For someone who doesn't use scout on a regular basis, they may not know what an item does."
L 03/20/2014 - 21:52:40: "Gord<10><STEAM_0:1:2327125><Red>" say "!cantsee"
L 03/20/2014 - 21:52:44: "toomoos<56><STEAM_0:1:33386821><>" connected, address "24.6.48.141:27005"
L 03/20/2014 - 21:52:44: "toomoos<56><STEAM_0:1:33386821><>" STEAM USERID validated
L 03/20/2014 - 21:52:46: "FarDiamond3049<21><STEAM_0:0:54908227><Blue>" killed "Blizzard (Sean)áƒ¦<27><STEAM_0:1:47938377><Red>" with "blackbox" (attacker_position "-550 856 608") (victim_position "-734 -583 625")
L 03/20/2014 - 21:52:46: "{SCG} Metka Serket<23><STEAM_0:0:17889225><Blue>" triggered "kill assist" against "Blizzard (Sean)áƒ¦<27><STEAM_0:1:47938377><Red>" (assister_position "-609 889 608") (attacker_position "-550 856 608") (victim_position "-734 -583 625")
L 03/20/2014 - 21:52:47: "Setsuna Carter<46><STEAM_0:0:20016330><Blue>" killed "Ozzzy<54><STEAM_0:0:33986421><Red>" with "long_heatmaker" (attacker_position "-168 786 608") (victim_position "39 587 598")
L 03/20/2014 - 21:52:52: "Setsuna Carter<46><STEAM_0:0:20016330><Blue>" killed "{SCG}Ezerva<52><STEAM_0:1:65442681><Red>" with "long_heatmaker" (attacker_position "61 695 611") (victim_position "73 115 513")
L 03/20/2014 - 21:52:52: "FarDiamond3049<21><STEAM_0:0:54908227><Blue>" triggered "kill assist" against "{SCG}Ezerva<52><STEAM_0:1:65442681><Red>" (assister_position "-566 588 609") (attacker_position "61 695 611") (victim_position "73 115 513")
L 03/20/2014 - 21:52:54: "RadioactiveSpaceRooster<50><STEAM_0:1:31547919><Blue>" killed "Tiera Foxglove<44><STEAM_0:1:42733307><Red>" with "frontier_justice" (attacker_position "-707 667 622") (victim_position "-584 110 515")
L 03/20/2014 - 21:52:54: "Setsuna Carter<46><STEAM_0:0:20016330><Blue>" triggered "kill assist" against "Tiera Foxglove<44><STEAM_0:1:42733307><Red>" (assister_position "72 482 573") (attacker_position "-707 667 622") (victim_position "-584 110 515")
L 03/20/2014 - 21:52:56: "Setsuna Carter<46><STEAM_0:0:20016330><Blue>" killed "Gord<10><STEAM_0:1:2327125><Red>" with "long_heatmaker" (attacker_position "8 353 525") (victim_position "-827 118 512")
L 03/20/2014 - 21:52:56: "{SCG} Metka Serket<23><STEAM_0:0:17889225><Blue>" triggered "kill assist" against "Gord<10><STEAM_0:1:2327125><Red>" (assister_position "86 539 589") (attacker_position "8 353 525") (victim_position "-827 118 512")
L 03/20/2014 - 21:53:00: "PhD Corvo Charizard<55><STEAM_0:0:33167288><Red>" killed "Andy<51><STEAM_0:0:42727213><Blue>" with "soda_popper" (attacker_position "1074 8 513") (victim_position "1349 -38 512")
L 03/20/2014 - 21:53:02: "Gord<10><STEAM_0:1:2327125><Red>" say "no critz please :[[[[[["
L 03/20/2014 - 21:53:05: "Setsuna Carter<46><STEAM_0:0:20016330><Blue>" triggered "medic_death" against "PhD Corvo Charizard<55><STEAM_0:0:33167288><Red>" (healing "0") (ubercharge "0")
L 03/20/2014 - 21:53:05: "Setsuna Carter<46><STEAM_0:0:20016330><Blue>" killed "PhD Corvo Charizard<55><STEAM_0:0:33167288><Red>" with "long_heatmaker" (attacker_position "932 102 513") (victim_position "1277 51 512")
L 03/20/2014 - 21:53:05: "{SCG} Metka Serket<23><STEAM_0:0:17889225><Blue>" triggered "kill assist" against "PhD Corvo Charizard<55><STEAM_0:0:33167288><Red>" (assister_position "840 237 485") (attacker_position "932 102 513") (victim_position "1277 51 512")
L 03/20/2014 - 21:53:18: "Herrocopter<53><STEAM_0:0:50403197><Blue>" triggered "chargedeployed"
L 03/20/2014 - 21:53:19: "RadioactiveSpaceRooster<50><STEAM_0:1:31547919><Blue>" killed "Shiny mew<47><STEAM_0:0:43768850><Red>" with "frontier_justice" (attacker_position "-753 -722 623") (victim_position "-741 -563 628")
L 03/20/2014 - 21:53:19: "FarDiamond3049<21><STEAM_0:0:54908227><Blue>" triggered "kill assist" against "Shiny mew<47><STEAM_0:0:43768850><Red>" (assister_position "-479 -808 620") (attacker_position "-753 -722 623") (victim_position "-741 -563 628")
L 03/20/2014 - 21:53:19: World triggered "Round_Win" (winner "Blue")
L 03/20/2014 - 21:53:19: World triggered "Round_Length" (seconds "55.26")
L 03/20/2014 - 21:53:19: Team "Red" current score "4" with "7" players
L 03/20/2014 - 21:53:19: Team "Blue" current score "8" with "8" players
L 03/20/2014 - 21:53:29: "{SCG} Metka Serket<23><STEAM_0:0:17889225><Blue>" triggered "medic_death" against "{SCG} Metka Serket<23><STEAM_0:0:17889225><Blue>" (healing "812") (ubercharge "0")
L 03/20/2014 - 21:53:29: "{SCG} Metka Serket<23><STEAM_0:0:17889225><Blue>" committed suicide with "world" (attacker_position "-695 -564 616")
L 03/20/2014 - 21:53:31: "Ozzzy<54><STEAM_0:0:33986421><Red>" say "so!"
L 03/20/2014 - 21:53:34: World triggered "Round_Start"
L 03/20/2014 - 21:53:35: "{BFG} Nikdragon<42><STEAM_0:0:78154965><Blue>" say "!rocketme"
L 03/20/2014 - 21:53:39: "{BFG} Nikdragon<42><STEAM_0:0:78154965><Blue>" committed suicide with "world" (attacker_position "-480 2112 1709")
L 03/20/2014 - 21:53:41: "Ozzzy<54><STEAM_0:0:33986421><Blue>" say "how is everyone doing this fine night?"
L 03/20/2014 - 21:53:44: "Gord<10><STEAM_0:1:2327125><Blue>" say "doublejump heavy :<"
L 03/20/2014 - 21:53:47: "toomoos<56><STEAM_0:1:33386821><>" entered the game
L 03/20/2014 - 21:53:48: "Herrocopter<53><STEAM_0:0:50403197><Blue>" triggered "builtobject" (object "OBJ_DISPENSER") (position "-258 1147 608")
L 03/20/2014 - 21:53:48: "Setsuna Carter<46><STEAM_0:0:20016330><Red>" triggered "builtobject" (object "OBJ_DISPENSER") (position "-13 -2451 704")
L 03/20/2014 - 21:53:49: "Andy<51><STEAM_0:0:42727213><Red>" say "Too many shotguns with a lot of ammo."
L 03/20/2014 - 21:53:49: server_cvar: "sm_nextmap" "zf_expedition_c3"
L 03/20/2014 - 21:53:50: "{SCG} Metka Serket<23><STEAM_0:0:17889225><Red>" say "Oh hey Ozzzy is alive."
L 03/20/2014 - 21:53:54: "Herrocopter<53><STEAM_0:0:50403197><Blue>" triggered "builtobject" (object "OBJ_SENTRYGUN") (position "-417 911 608")
L 03/20/2014 - 21:53:55: "Andy<51><STEAM_0:0:42727213><Red>" say "texas ten shot, and the family business"
L 03/20/2014 - 21:53:55: "toomoos<56><STEAM_0:1:33386821><Unassigned>" joined team "Blue"
L 03/20/2014 - 21:53:57: "toomoos<56><STEAM_0:1:33386821><Blue>" changed role to "scout"
L 03/20/2014 - 21:53:59: "Ozzzy<54><STEAM_0:0:33986421><Blue>" triggered "jarate_attack" against "FarDiamond3049<21><STEAM_0:0:54908227><Red>" with "tf_weapon_jar" (attacker_position "-513 -780 620") (victim_position "-378 -822 620")
L 03/20/2014 - 21:54:00: "Blizzard (Sean)áƒ¦<27><STEAM_0:1:47938377><Blue>" triggered "builtobject" (object "OBJ_SENTRYGUN") (position "662 613 448")
L 03/20/2014 - 21:54:01: "Ozzzy<54><STEAM_0:0:33986421><Blue>" killed "{SCG} Metka Serket<23><STEAM_0:0:17889225><Red>" with "backburner" (attacker_position "-335 -934 620") (victim_position "-399 -845 620")
L 03/20/2014 - 21:54:01: "Persi, the Neko God<12><STEAM_0:1:30286598><Blue>" triggered "kill assist" against "{SCG} Metka Serket<23><STEAM_0:0:17889225><Red>" (assister_position "-733 -760 619") (attacker_position "-335 -934 620") (victim_position "-399 -845 620")
L 03/20/2014 - 21:54:03: "Gord<10><STEAM_0:1:2327125><Blue>" killed "PhD Corvo Charizard<55><STEAM_0:0:33167288><Red>" with "tf_projectile_pipe" (attacker_position "1434 1040 448") (victim_position "1354 1068 448")
L 03/20/2014 - 21:54:03: "{SCG}Ezerva<52><STEAM_0:1:65442681><Red>" triggered "killedobject" (object "OBJ_SENTRYGUN") (weapon "tomislav") (objectowner "Blizzard (Sean)áƒ¦<27><STEAM_0:1:47938377><Blue>") (attacker_position "698 331 453")
L 03/20/2014 - 21:54:03: "Andy<51><STEAM_0:0:42727213><Red>" triggered "builtobject" (object "OBJ_SENTRYGUN") (position "872 -1031 704")
L 03/20/2014 - 21:54:06: "{SCG}Ezerva<52><STEAM_0:1:65442681><Red>" killed "Blizzard (Sean)áƒ¦<27><STEAM_0:1:47938377><Blue>" with "tomislav" (attacker_position "698 654 448") (victim_position "1020 993 448")
L 03/20/2014 - 21:54:07: "{SCG}Ezerva<52><STEAM_0:1:65442681><Red>" killed "Gord<10><STEAM_0:1:2327125><Blue>" with "tomislav" (attacker_position "677 741 448") (victim_position "1006 1169 448")
L 03/20/2014 - 21:54:07: "Persi, the Neko God<12><STEAM_0:1:30286598><Blue>" killed "FarDiamond3049<21><STEAM_0:0:54908227><Red>" with "short_stop" (attacker_position "-420 -1599 597") (victim_position "-871 -2151 545")
L 03/20/2014 - 21:54:07: "Ozzzy<54><STEAM_0:0:33986421><Blue>" triggered "kill assist" against "FarDiamond3049<21><STEAM_0:0:54908227><Red>" (assister_position "-744 -1613 747") (attacker_position "-420 -1599 597") (victim_position "-871 -2151 545")
L 03/20/2014 - 21:54:14: "Andy<51><STEAM_0:0:42727213><Red>" killed "Ozzzy<54><STEAM_0:0:33986421><Blue>" with "frontier_justice" (attacker_position "-518 -2009 704") (victim_position "-653 -2176 704")
L 03/20/2014 - 21:54:15: "Fortune the Don<57><STEAM_0:0:33251108><>" connected, address "98.240.215.7:27005"
L 03/20/2014 - 21:54:15: "Fortune the Don<57><STEAM_0:0:33251108><>" STEAM USERID validated
L 03/20/2014 - 21:54:15: "Setsuna Carter<46><STEAM_0:0:20016330><Red>" triggered "builtobject" (object "OBJ_SENTRYGUN") (position "-373 -2019 704")
L 03/20/2014 - 21:54:16: "toomoos<56><STEAM_0:1:33386821><Blue>" changed role to "demoman"
L 03/20/2014 - 21:54:18: "{SCG}Ezerva<52><STEAM_0:1:65442681><Red>" killed "{BFG} Nikdragon<42><STEAM_0:0:78154965><Blue>" with "tomislav" (attacker_position "-206 -793 620") (victim_position "-329 -841 620")
L 03/20/2014 - 21:54:19: "RadioactiveSpaceRooster<50><STEAM_0:1:31547919><Red>" killed "Herrocopter<53><STEAM_0:0:50403197><Blue>" with "tomislav" (attacker_position "-132 1519 620") (victim_position "-438 1470 651")
L 03/20/2014 - 21:54:20: "Andy<51><STEAM_0:0:42727213><Red>" triggered "builtobject" (object "OBJ_DISPENSER") (position "64 -2415 704")
L 03/20/2014 - 21:54:28: "Gord<10><STEAM_0:1:2327125><Blue>" say "so much minigun"
L 03/20/2014 - 21:54:39: "Blizzard (Sean)áƒ¦<27><STEAM_0:1:47938377><Blue>" say "nein"
L 03/20/2014 - 21:54:44: "Setsuna Carter<46><STEAM_0:0:20016330><Red>" killed "Tiera Foxglove<44><STEAM_0:1:42733307><Blue>" with "obj_sentrygun" (attacker_position "34 -2220 704") (victim_position "111 -1642 603")
L 03/20/2014 - 21:54:44: "Andy<51><STEAM_0:0:42727213><Red>" triggered "kill assist" against "Tiera Foxglove<44><STEAM_0:1:42733307><Blue>" (assister_position "614 -1532 595") (attacker_position "34 -2220 704") (victim_position "111 -1642 603")
L 03/20/2014 - 21:54:44: "Setsuna Carter<46><STEAM_0:0:20016330><Red>" triggered "domination" against "Tiera Foxglove<44><STEAM_0:1:42733307><Blue>"
L 03/20/2014 - 21:54:46: "Fortune the Don<57><STEAM_0:0:33251108><>" entered the game
L 03/20/2014 - 21:54:49: "Shiny mew<47><STEAM_0:0:43768850><Red>" triggered "chargedeployed"
L 03/20/2014 - 21:54:49: "{SCG}Ezerva<52><STEAM_0:1:65442681><Red>" triggered "killedobject" (object "OBJ_SENTRYGUN") (weapon "tomislav") (objectowner "Herrocopter<53><STEAM_0:0:50403197><Blue>") (attacker_position "-631 755 612")
L 03/20/2014 - 21:54:49: "Shiny mew<47><STEAM_0:0:43768850><Red>" triggered "killedobject" (object "OBJ_SENTRYGUN") (objectowner "Herrocopter<53><STEAM_0:0:50403197><Blue>") (assist "1") (assister_position "-784 852 638") (attacker_position "-631 755 612")
L 03/20/2014 - 21:54:51: "{SCG}Ezerva<52><STEAM_0:1:65442681><Red>" triggered "killedobject" (object "OBJ_DISPENSER") (weapon "tomislav") (objectowner "Herrocopter<53><STEAM_0:0:50403197><Blue>") (attacker_position "-492 865 608")
L 03/20/2014 - 21:54:51: "Shiny mew<47><STEAM_0:0:43768850><Red>" triggered "killedobject" (object "OBJ_DISPENSER") (objectowner "Herrocopter<53><STEAM_0:0:50403197><Blue>") (assist "1") (assister_position "-573 787 608") (attacker_position "-492 865 608")
L 03/20/2014 - 21:54:55: "Fortune the Don<57><STEAM_0:0:33251108><Unassigned>" joined team "Red"
L 03/20/2014 - 21:54:56: "Fortune the Don<57><STEAM_0:0:33251108><Red>" changed role to "scout"
L 03/20/2014 - 21:55:02: "Gord<10><STEAM_0:1:2327125><Blue>" say "too many"
L 03/20/2014 - 21:55:03: "Fortune the Don<57><STEAM_0:0:33251108><Red>" say "y'all"
L 03/20/2014 - 21:55:13: "Andy<51><STEAM_0:0:42727213><Red>" killed "Persi, the Neko God<12><STEAM_0:1:30286598><Blue>" with "frontier_justice" (attacker_position "-379 1696 574") (victim_position "-746 1760 603")
L 03/20/2014 - 21:55:13: World triggered "Round_Win" (winner "Red")
L 03/20/2014 - 21:55:13: World triggered "Round_Length" (seconds "98.35")
L 03/20/2014 - 21:55:13: Team "Red" current score "5" with "9" players
L 03/20/2014 - 21:55:13: Team "Blue" current score "8" with "8" players
L 03/20/2014 - 21:55:15: "Shiny mew<47><STEAM_0:0:43768850><Red>" triggered "chargedeployed"
L 03/20/2014 - 21:55:16: "Gord<10><STEAM_0:1:2327125><Blue>" killed "Setsuna Carter<46><STEAM_0:0:20016330><Red>" with "obj_sentrygun" (attacker_position "-774 1811 600") (victim_position "-245 -2045 704")
L 03/20/2014 - 21:55:19: "Gord<10><STEAM_0:1:2327125><Blue>" say "jimi hendrix hat for demo, the cowboy hat for the soldier"
L 03/20/2014 - 21:55:20: "TheBadGuy<58><STEAM_0:0:83264328><>" connected, address "107.214.218.21:27005"
L 03/20/2014 - 21:55:20: "TheBadGuy<58><STEAM_0:0:83264328><>" STEAM USERID validated
L 03/20/2014 - 21:55:23: "Gord<10><STEAM_0:1:2327125><Blue>" say "but i love both of them a lot"
L 03/20/2014 - 21:55:28: World triggered "Round_Start"
L 03/20/2014 - 21:55:32: "Fortune the Don<57><STEAM_0:0:33251108><Red>" changed role to "scout"
L 03/20/2014 - 21:55:43: "{SCG} Metka Serket<23><STEAM_0:0:17889225><Red>" triggered "builtobject" (object "OBJ_DISPENSER") (position "-113 -1056 608")
L 03/20/2014 - 21:55:50: "Andy<51><STEAM_0:0:42727213><Red>" killed "{BFG} Nikdragon<42><STEAM_0:0:78154965><Blue>" with "bazaar_bargain" (customkill "headshot") (attacker_position "-1641 93 520") (victim_position "-866 105 512")
L 03/20/2014 - 21:55:50: "Ozzzy<54><STEAM_0:0:33986421><Red>" triggered "kill assist" against "{BFG} Nikdragon<42><STEAM_0:0:78154965><Blue>" (assister_position "-559 139 517") (attacker_position "-1641 93 520") (victim_position "-866 105 512")
L 03/20/2014 - 21:55:51: "Tiera Foxglove<44><STEAM_0:1:42733307><Blue>" triggered "jarate_attack" against "Ozzzy<54><STEAM_0:0:33986421><Red>" with "tf_weapon_jar" (attacker_position "-404 397 619") (victim_position "-716 114 512")
L 03/20/2014 - 21:55:54: "PhD Corvo Charizard<55><STEAM_0:0:33167288><Blue>" killed "Ozzzy<54><STEAM_0:0:33986421><Red>" with "pep_brawlerblaster" (attacker_position "-401 508 609") (victim_position "-623 477 615")
L 03/20/2014 - 21:55:54: "Tiera Foxglove<44><STEAM_0:1:42733307><Blue>" triggered "kill assist" against "Ozzzy<54><STEAM_0:0:33986421><Red>" (assister_position "0 -58 513") (attacker_position "-401 508 609") (victim_position "-623 477 615")
L 03/20/2014 - 21:55:59: "toomoos<56><STEAM_0:1:33386821><Blue>" triggered "builtobject" (object "OBJ_SENTRYGUN") (position "-2232 504 704")
L 03/20/2014 - 21:56:02: "Shiny mew<47><STEAM_0:0:43768850><Blue>" triggered "jarate_attack" against "Fortune the Don<57><STEAM_0:0:33251108><Red>" with "sniperrifle" (attacker_position "661 706 704") (victim_position "1297 -759 700")
L 03/20/2014 - 21:56:08: "Andy<51><STEAM_0:0:42727213><Red>" killed "{SCG}Ezerva<52><STEAM_0:1:65442681><Blue>" with "powerjack" (attacker_position "-1645 97 520") (victim_position "-1693 104 520")
L 03/20/2014 - 21:56:09: "PhD Corvo Charizard<55><STEAM_0:0:33167288><Blue>" killed "Fortune the Don<57><STEAM_0:0:33251108><Red>" with "pep_brawlerblaster" (attacker_position "702 -1337 678") (victim_position "543 -1591 584")
L 03/20/2014 - 21:56:10: "toomoos<56><STEAM_0:1:33386821><Blue>" triggered "medic_death" against "Andy<51><STEAM_0:0:42727213><Red>" (healing "0") (ubercharge "0")
L 03/20/2014 - 21:56:10: "toomoos<56><STEAM_0:1:33386821><Blue>" killed "Andy<51><STEAM_0:0:42727213><Red>" with "soda_popper" (attacker_position "-1799 -105 520") (victim_position "-2137 -203 520")
L 03/20/2014 - 21:56:14: "Gord<10><STEAM_0:1:2327125><Red>" killed "Blizzard (Sean)áƒ¦<27><STEAM_0:1:47938377><Blue>" with "widowmaker" (attacker_position "-382 2138 704") (victim_position "-236 2130 704")
L 03/20/2014 - 21:56:17: "{SCG} Metka Serket<23><STEAM_0:0:17889225><Red>" triggered "builtobject" (object "OBJ_SENTRYGUN") (position "-377 -1525 608")
L 03/20/2014 - 21:56:18: "PhD Corvo Charizard<55><STEAM_0:0:33167288><Blue>" killed "{SCG} Metka Serket<23><STEAM_0:0:17889225><Red>" with "pep_brawlerblaster" (attacker_position "-368 -1563 607") (victim_position "-387 -1497 607")
L 03/20/2014 - 21:56:19: "Setsuna Carter<46><STEAM_0:0:20016330><Blue>" triggered "killedobject" (object "OBJ_SENTRYGUN") (weapon "phlogistinator") (objectowner "{SCG} Metka Serket<23><STEAM_0:0:17889225><Red>") (attacker_position "-164 -1556 614")
L 03/20/2014 - 21:56:20: "RadioactiveSpaceRooster<50><STEAM_0:1:31547919><Red>" triggered "medic_death" against "Herrocopter<53><STEAM_0:0:50403197><Blue>" (healing "0") (ubercharge "0")
L 03/20/2014 - 21:56:20: "RadioactiveSpaceRooster<50><STEAM_0:1:31547919><Red>" killed "Herrocopter<53><STEAM_0:0:50403197><Blue>" with "sydney_sleeper" (attacker_position "-432 -202 519") (victim_position "-965 -29 513")
L 03/20/2014 - 21:56:20: "Persi, the Neko God<12><STEAM_0:1:30286598><Red>" triggered "kill assist" against "Herrocopter<53><STEAM_0:0:50403197><Blue>" (assister_position "-133 -80 570") (attacker_position "-432 -202 519") (victim_position "-965 -29 513")
L 03/20/2014 - 21:56:20: "Andy<51><STEAM_0:0:42727213><Red>" say "Ughhhhh Sentries >:c"
L 03/20/2014 - 21:56:22: "Setsuna Carter<46><STEAM_0:0:20016330><Blue>" triggered "killedobject" (object "OBJ_DISPENSER") (weapon "phlogistinator") (objectowner "{SCG} Metka Serket<23><STEAM_0:0:17889225><Red>") (attacker_position "-35 -1116 608")
L 03/20/2014 - 21:56:27: "toomoos<56><STEAM_0:1:33386821><Blue>" killed "FarDiamond3049<21><STEAM_0:0:54908227><Red>" with "obj_sentrygun" (attacker_position "-1312 589 702") (victim_position "-1308 25 512")
L 03/20/2014 - 21:56:34: "PhD Corvo Charizard<55><STEAM_0:0:33167288><Blue>" triggered "medic_death" against "RadioactiveSpaceRooster<50><STEAM_0:1:31547919><Red>" (healing "0") (ubercharge "0")
L 03/20/2014 - 21:56:34: "PhD Corvo Charizard<55><STEAM_0:0:33167288><Blue>" killed "RadioactiveSpaceRooster<50><STEAM_0:1:31547919><Red>" with "pep_brawlerblaster" (attacker_position "-237 -502 611") (victim_position "16 -714 611")
L 03/20/2014 - 21:56:34: "toomoos<56><STEAM_0:1:33386821><Blue>" triggered "kill assist" against "RadioactiveSpaceRooster<50><STEAM_0:1:31547919><Red>" (assister_position "-1110 460 620") (attacker_position "-237 -502 611") (victim_position "16 -714 611")
L 03/20/2014 - 21:56:37: "PhD Corvo Charizard<55><STEAM_0:0:33167288><Blue>" killed "Gord<10><STEAM_0:1:2327125><Red>" with "pep_brawlerblaster" (attacker_position "-51 -867 616") (victim_position "-215 -918 620")
L 03/20/2014 - 21:56:40: "Shiny mew<47><STEAM_0:0:43768850><Blue>" triggered "medic_death" against "Persi, the Neko God<12><STEAM_0:1:30286598><Red>" (healing "0") (ubercharge "0")
L 03/20/2014 - 21:56:40: "Shiny mew<47><STEAM_0:0:43768850><Blue>" killed "Persi, the Neko God<12><STEAM_0:1:30286598><Red>" with "thirddegree" (attacker_position "130 469 596") (victim_position "122 411 573")
L 03/20/2014 - 21:56:40: World triggered "Round_Win" (winner "Blue")
L 03/20/2014 - 21:56:40: World triggered "Round_Length" (seconds "71.97")
L 03/20/2014 - 21:56:40: Team "Red" current score "5" with "8" players
L 03/20/2014 - 21:56:40: Team "Blue" current score "9" with "9" players
L 03/20/2014 - 21:56:43: "{SCG}Ezerva<52><STEAM_0:1:65442681><Blue>" say "yus"
L 03/20/2014 - 21:56:55: World triggered "Round_Start"
L 03/20/2014 - 21:56:59: "Andy<51><STEAM_0:0:42727213><Blue>" say "New het."
L 03/20/2014 - 21:57:01: "{SCG} Metka Serket<23><STEAM_0:0:17889225><Red>" say "!timeleft"
L 03/20/2014 - 21:57:16: "Andy<51><STEAM_0:0:42727213><Blue>" say "Cowboy Cowboy?"
L 03/20/2014 - 21:57:16: "Fortune the Don<57><STEAM_0:0:33251108><Red>" triggered "builtobject" (object "OBJ_SENTRYGUN") (position "-71 -2037 704")
L 03/20/2014 - 21:57:17: "Gord<10><STEAM_0:1:2327125><Blue>" triggered "jarate_attack" against "Herrocopter<53><STEAM_0:0:50403197><Red>" with "sniperrifle" (attacker_position "739 1096 448") (victim_position "665 -49 514")
L 03/20/2014 - 21:57:21: "RadioactiveSpaceRooster<50><STEAM_0:1:31547919><Blue>" killed "Setsuna Carter<46><STEAM_0:0:20016330><Red>" with "frontier_justice" (attacker_position "830 1291 704") (victim_position "803 1108 704")
L 03/20/2014 - 21:57:23: "{SCG} Metka Serket<23><STEAM_0:0:17889225><Red>" killed "{BFG} Nikdragon<42><STEAM_0:0:78154965><Blue>" with "loose_cannon" (attacker_position "-607 1421 608") (victim_position "-429 2135 704")
L 03/20/2014 - 21:57:23: "Persi, the Neko God<12><STEAM_0:1:30286598><Blue>" say_team "!myweps"
L 03/20/2014 - 21:57:24: "Tiera Foxglove<44><STEAM_0:1:42733307><Red>" killed "Shiny mew<47><STEAM_0:0:43768850><Blue>" with "sniperrifle" (attacker_position "497 -127 832") (victim_position "784 1362 698")
L 03/20/2014 - 21:57:25: "Fortune the Don<57><STEAM_0:0:33251108><Red>" say "gotta get the medic beard"
L 03/20/2014 - 21:57:32: "PhD Corvo Charizard<55><STEAM_0:0:33167288><Red>" killed "Persi, the Neko God<12><STEAM_0:1:30286598><Blue>" with "voodoo_pin" (customkill "backstab") (attacker_position "-1080 1220 513") (victim_position "-1022 1245 516")
L 03/20/2014 - 21:57:34: "Andy<51><STEAM_0:0:42727213><Blue>" triggered "medic_death" against "PhD Corvo Charizard<55><STEAM_0:0:33167288><Red>" (healing "0") (ubercharge "0")
L 03/20/2014 - 21:57:34: "Andy<51><STEAM_0:0:42727213><Blue>" killed "PhD Corvo Charizard<55><STEAM_0:0:33167288><Red>" with "liberty_launcher" (attacker_position "-899 1494 551") (victim_position "-697 1661 553")
L 03/20/2014 - 21:57:35: "{SCG} Metka Serket<23><STEAM_0:0:17889225><Red>" killed "{SCG}Ezerva<52><STEAM_0:1:65442681><Blue>" with "bat" (attacker_position "-844 2486 704") (victim_position "-796 2503 749")
L 03/20/2014 - 21:57:37: "Ozzzy<54><STEAM_0:0:33986421><Red>" triggered "jarate_attack" against "Gord<10><STEAM_0:1:2327125><Blue>" with "sniperrifle" (attacker_position "822 748 448") (victim_position "361 1964 520")
L 03/20/2014 - 21:57:37: "Ozzzy<54><STEAM_0:0:33986421><Red>" killed "Gord<10><STEAM_0:1:2327125><Blue>" with "sydney_sleeper" (attacker_position "822 748 448") (victim_position "361 1964 520")
L 03/20/2014 - 21:57:37: "Andy<51><STEAM_0:0:42727213><Blue>" killed "{SCG} Metka Serket<23><STEAM_0:0:17889225><Red>" with "liberty_launcher" (attacker_position "-1013 2154 616") (victim_position "-1028 2236 664")
L 03/20/2014 - 21:57:37: "Andy<51><STEAM_0:0:42727213><Blue>" committed suicide with "liberty_launcher" (attacker_position "-1013 2154 616")
L 03/20/2014 - 21:57:39: "RadioactiveSpaceRooster<50><STEAM_0:1:31547919><Blue>" killed "FarDiamond3049<21><STEAM_0:0:54908227><Red>" with "frontier_justice" (attacker_position "-793 2224 704") (victim_position "-1099 2384 687")
L 03/20/2014 - 21:57:40: "Fortune the Don<57><STEAM_0:0:33251108><Red>" triggered "builtobject" (object "OBJ_DISPENSER") (position "569 -186 515")
L 03/20/2014 - 21:57:41: "toomoos<56><STEAM_0:1:33386821><Red>" killed "Blizzard (Sean)áƒ¦<27><STEAM_0:1:47938377><Blue>" with "samrevolver" (attacker_position "430 1678 526") (victim_position "487 2182 520")
L 03/20/2014 - 21:57:43: "TheBadGuy<58><STEAM_0:0:83264328><>" disconnected (reason "Disconnect by user.")
L 03/20/2014 - 21:58:05: "RadioactiveSpaceRooster<50><STEAM_0:1:31547919><Blue>" killed "Herrocopter<53><STEAM_0:0:50403197><Red>" with "frontier_justice" (attacker_position "-2238 572 704") (victim_position "-2426 583 704")
L 03/20/2014 - 21:58:12: "Gord<10><STEAM_0:1:2327125><Blue>" say "el jefe still best hat"
L 03/20/2014 - 21:58:16: "Fortune the Don<57><STEAM_0:0:33251108><Red>" killed "Andy<51><STEAM_0:0:42727213><Blue>" with "obj_sentrygun" (attacker_position "-443 401 618") (victim_position "-629 -2073 704")
L 03/20/2014 - 21:58:18: "Ozzzy<54><STEAM_0:0:33986421><Red>" triggered "jarate_attack" against "RadioactiveSpaceRooster<50><STEAM_0:1:31547919><Blue>" with "sniperrifle" (attacker_position "-2416 -588 704") (victim_position "-1874 -889 617")
L 03/20/2014 - 21:58:18: "toomoos<56><STEAM_0:1:33386821><Red>" triggered "medic_death" against "RadioactiveSpaceRooster<50><STEAM_0:1:31547919><Blue>" (healing "0") (ubercharge "0")
L 03/20/2014 - 21:58:18: "toomoos<56><STEAM_0:1:33386821><Red>" killed "RadioactiveSpaceRooster<50><STEAM_0:1:31547919><Blue>" with "samrevolver" (attacker_position "-2061 -829 653") (victim_position "-1877 -860 616")
L 03/20/2014 - 21:58:18: "Ozzzy<54><STEAM_0:0:33986421><Red>" triggered "kill assist" against "RadioactiveSpaceRooster<50><STEAM_0:1:31547919><Blue>" (assister_position "-2399 -595 704") (attacker_position "-2061 -829 653") (victim_position "-1877 -860 616")
L 03/20/2014 - 21:58:18: World triggered "Round_Win" (winner "Red")
L 03/20/2014 - 21:58:18: World triggered "Round_Length" (seconds "83.01")
L 03/20/2014 - 21:58:18: Team "Red" current score "6" with "9" players
L 03/20/2014 - 21:58:18: Team "Blue" current score "9" with "8" players
L 03/20/2014 - 21:58:19: "Andy<51><STEAM_0:0:42727213><Blue>" say "derp."
L 03/20/2014 - 21:58:30: "Andy<51><STEAM_0:0:42727213><Blue>" say "at least I found a thing"
L 03/20/2014 - 21:58:31: "Ozzzy<54><STEAM_0:0:33986421><Red>" committed suicide with "world" (attacker_position "-2241 -741 770")
L 03/20/2014 - 21:58:33: World triggered "Round_Start"
L 03/20/2014 - 21:58:47: "{SCG} Metka Serket<23><STEAM_0:0:17889225><Blue>" triggered "builtobject" (object "OBJ_DISPENSER") (position "-551 1079 608")
L 03/20/2014 - 21:58:49: "Setsuna Carter<46><STEAM_0:0:20016330><Blue>" triggered "builtobject" (object "OBJ_SENTRYGUN") (position "-393 963 608")
L 03/20/2014 - 21:58:53: "PhD Corvo Charizard<55><STEAM_0:0:33167288><Blue>" triggered "builtobject" (object "OBJ_SENTRYGUN") (position "-642 623 611")
L 03/20/2014 - 21:58:57: "Setsuna Carter<46><STEAM_0:0:20016330><Blue>" triggered "builtobject" (object "OBJ_DISPENSER") (position "-42 1141 608")
L 03/20/2014 - 21:59:02: "Tiera Foxglove<44><STEAM_0:1:42733307><Red>" killed "PhD Corvo Charizard<55><STEAM_0:0:33167288><Blue>" with "loch_n_load" (attacker_position "244 19 513") (victim_position "-153 619 612")
L 03/20/2014 - 21:59:05: "RadioactiveSpaceRooster<50><STEAM_0:1:31547919><Blue>" triggered "medic_death" against "Tiera Foxglove<44><STEAM_0:1:42733307><Red>" (healing "0") (ubercharge "0")
L 03/20/2014 - 21:59:05: "RadioactiveSpaceRooster<50><STEAM_0:1:31547919><Blue>" killed "Tiera Foxglove<44><STEAM_0:1:42733307><Red>" with "backburner" (attacker_position "-5 -66 513") (victim_position "121 -210 514")
L 03/20/2014 - 21:59:05: "PhD Corvo Charizard<55><STEAM_0:0:33167288><Blue>" triggered "kill assist" against "Tiera Foxglove<44><STEAM_0:1:42733307><Red>" (assister_position "-153 619 680") (attacker_position "-5 -66 513") (victim_position "121 -210 514")
L 03/20/2014 - 21:59:06: "Andy<51><STEAM_0:0:42727213><Red>" killed "Blizzard (Sean)áƒ¦<27><STEAM_0:1:47938377><Blue>" with "pomson" (attacker_position "-209 2134 704") (victim_position "-455 2103 704")
L 03/20/2014 - 21:59:09: "{SCG} Metka Serket<23><STEAM_0:0:17889225><Blue>" triggered "builtobject" (object "OBJ_SENTRYGUN") (position "-404 989 608")
L 03/20/2014 - 21:59:10: "Herrocopter<53><STEAM_0:0:50403197><Blue>" killed "Gord<10><STEAM_0:1:2327125><Red>" with "disciplinary_action" (attacker_position "-1056 -1295 513") (victim_position "-980 -1353 518")
L 03/20/2014 - 21:59:10: "{SCG}Ezerva<52><STEAM_0:1:65442681><Blue>" triggered "kill assist" against "Gord<10><STEAM_0:1:2327125><Red>" (assister_position "-1380 -1307 537") (attacker_position "-1056 -1295 513") (victim_position "-980 -1353 518")
L 03/20/2014 - 21:59:18: "RadioactiveSpaceRooster<50><STEAM_0:1:31547919><Blue>" killed "Ozzzy<54><STEAM_0:0:33986421><Red>" with "backburner" (attacker_position "1520 -94 560") (victim_position "1600 -8 512")
L 03/20/2014 - 21:59:19: "Persi, the Neko God<12><STEAM_0:1:30286598><Red>" killed "Herrocopter<53><STEAM_0:0:50403197><Blue>" with "eternal_reward" (attacker_position "369 -1996 512") (victim_position "366 -2075 513")
L 03/20/2014 - 21:59:19: "Shiny mew<47><STEAM_0:0:43768850><Red>" triggered "kill assist" against "Herrocopter<53><STEAM_0:0:50403197><Blue>" (assister_position "282 -1904 524") (attacker_position "369 -1996 512") (victim_position "366 -2075 513")
L 03/20/2014 - 21:59:30: "FarDiamond3049<21><STEAM_0:0:54908227><Red>" triggered "builtobject" (object "OBJ_SENTRYGUN") (position "407 -1564 529")
L 03/20/2014 - 21:59:36: "Fortune the Don<57><STEAM_0:0:33251108><Blue>" killed "{BFG} Nikdragon<42><STEAM_0:0:78154965><Red>" with "pomson" (attacker_position "-262 -1717 563") (victim_position "76 -1772 575")
L 03/20/2014 - 21:59:39: "toomoos<56><STEAM_0:1:33386821><Blue>" triggered "killedobject" (object "OBJ_SENTRYGUN") (weapon "tf_projectile_rocket") (objectowner "FarDiamond3049<21><STEAM_0:0:54908227><Red>") (attacker_position "-94 -1534 619")
L 03/20/2014 - 21:59:39: "Setsuna Carter<46><STEAM_0:0:20016330><Blue>" triggered "killedobject" (object "OBJ_DISPENSER") (weapon "pda_engineer") (objectowner "Setsuna Carter<46><STEAM_0:0:20016330><Blue>") (attacker_position "-528 1065 608")
L 03/20/2014 - 21:59:41: "Setsuna Carter<46><STEAM_0:0:20016330><Blue>" triggered "builtobject" (object "OBJ_DISPENSER") (position "-528 1065 608")
L 03/20/2014 - 21:59:44: "Shiny mew<47><STEAM_0:0:43768850><Red>" killed "{SCG}Ezerva<52><STEAM_0:1:65442681><Blue>" with "sticky_resistance" (attacker_position "1154 -1188 704") (victim_position "866 -1050 704")
L 03/20/2014 - 21:59:52: "Persi, the Neko God<12><STEAM_0:1:30286598><Red>" triggered "medic_death" against "toomoos<56><STEAM_0:1:33386821><Blue>" (healing "570") (ubercharge "0")
L 03/20/2014 - 21:59:52: "Persi, the Neko God<12><STEAM_0:1:30286598><Red>" killed "toomoos<56><STEAM_0:1:33386821><Blue>" with "frontier_justice" (attacker_position "699 -483 502") (victim_position "784 -455 448")
L 03/20/2014 - 21:59:57: "RadioactiveSpaceRooster<50><STEAM_0:1:31547919><Blue>" killed "FarDiamond3049<21><STEAM_0:0:54908227><Red>" with "tf_projectile_pipe_remote" (attacker_position "855 -824 448") (victim_position "775 -415 448")
L 03/20/2014 - 21:59:57: "Myntey<59><STEAM_0:0:33841019><>" connected, address "86.40.106.89:27005"
L 03/20/2014 - 21:59:57: "Myntey<59><STEAM_0:0:33841019><>" STEAM USERID validated
L 03/20/2014 - 22:00:01: "Blizzard (Sean)áƒ¦<27><STEAM_0:1:47938377><Blue>" changed role to "spy"
L 03/20/2014 - 22:00:02: "Andy<51><STEAM_0:0:42727213><Red>" killed "{SCG} Metka Serket<23><STEAM_0:0:17889225><Blue>" with "family_business" (attacker_position "-1918 -97 520") (victim_position "-1792 -40 587")
L 03/20/2014 - 22:00:07: "RadioactiveSpaceRooster<50><STEAM_0:1:31547919><Blue>" killed "Shiny mew<47><STEAM_0:0:43768850><Red>" with "gloves_running_urgently" (attacker_position "1076 -944 704") (victim_position "1104 -910 704")
L 03/20/2014 - 22:00:07: "Fortune the Don<57><STEAM_0:0:33251108><Blue>" triggered "kill assist" against "Shiny mew<47><STEAM_0:0:43768850><Red>" (assister_position "1242 -1155 704") (attacker_position "1076 -944 704") (victim_position "1104 -910 704")
L 03/20/2014 - 22:00:17: "Setsuna Carter<46><STEAM_0:0:20016330><Blue>" killed "Persi, the Neko God<12><STEAM_0:1:30286598><Red>" with "obj_sentrygun" (attacker_position "-502 1059 608") (victim_position "-401 1538 600")
L 03/20/2014 - 22:00:21: "Andy<51><STEAM_0:0:42727213><Red>" say "You could just find a lot of random things on tf2wh"
L 03/20/2014 - 22:00:41: "Andy<51><STEAM_0:0:42727213><Red>" say "wh is a bunch of bots"
L 03/20/2014 - 22:00:48: "Andy<51><STEAM_0:0:42727213><Red>" say "To be honest I prefer it"
L 03/20/2014 - 22:00:54: "Myntey<59><STEAM_0:0:33841019><>" entered the game
L 03/20/2014 - 22:00:56: "Andy<51><STEAM_0:0:42727213><Red>" killed "RadioactiveSpaceRooster<50><STEAM_0:1:31547919><Blue>" with "family_business" (attacker_position "-1894 -550 704") (victim_position "-2152 -637 704")
L 03/20/2014 - 22:01:07: "Blizzard (Sean)áƒ¦<27><STEAM_0:1:47938377><Blue>" joined team "Red"
L 03/20/2014 - 22:01:12: "Myntey<59><STEAM_0:0:33841019><Unassigned>" joined team "Blue"
L 03/20/2014 - 22:01:13: "Myntey<59><STEAM_0:0:33841019><Blue>" changed role to "spy"
L 03/20/2014 - 22:01:17: "Blizzard (Sean)áƒ¦<27><STEAM_0:1:47938377><Red>" say "*always"
L 03/20/2014 - 22:01:37: "Gord<10><STEAM_0:1:2327125><Red>" say "there's a tutorial for that"
L 03/20/2014 - 22:01:41: "Gord<10><STEAM_0:1:2327125><Red>" say "on the steamcommunity"
L 03/20/2014 - 22:01:48: "Andy<51><STEAM_0:0:42727213><Red>" say "!cantsee"
L 03/20/2014 - 22:01:53: "Setsuna Carter<46><STEAM_0:0:20016330><Blue>" triggered "medic_death" against "Andy<51><STEAM_0:0:42727213><Red>" (healing "0") (ubercharge "0")
L 03/20/2014 - 22:01:53: "Setsuna Carter<46><STEAM_0:0:20016330><Blue>" killed "Andy<51><STEAM_0:0:42727213><Red>" with "brass_beast" (attacker_position "-426 -973 620") (victim_position "-271 -1153 608")
L 03/20/2014 - 22:01:53: World triggered "Round_Win" (winner "Blue")
L 03/20/2014 - 22:01:53: World triggered "Round_Length" (seconds "200.19")
L 03/20/2014 - 22:01:53: Team "Red" current score "6" with "9" players
L 03/20/2014 - 22:01:53: Team "Blue" current score "10" with "9" players
L 03/20/2014 - 22:01:56: "{SCG} Metka Serket<23><STEAM_0:0:17889225><Blue>" triggered "killedobject" (object "OBJ_ATTACHMENT_SAPPER") (weapon "obj_sentrygun") (objectowner "Gord<10><STEAM_0:1:2327125><Red>") (attacker_position "-344 -1452 608")
L 03/20/2014 - 22:02:00: "Andy<51><STEAM_0:0:42727213><Red>" say "funfair"
L 03/20/2014 - 22:02:04: "Gord<10><STEAM_0:1:2327125><Red>" say "h-how did i sap"
L 03/20/2014 - 22:02:06: "Andy<51><STEAM_0:0:42727213><Red>" say "The hoovy was a distraction"
L 03/20/2014 - 22:02:08: World triggered "Game_Over" reason "Reached Time Limit"
L 03/20/2014 - 22:02:08: Team "Red" final score "6" with "9" players
L 03/20/2014 - 22:02:08: Team "Blue" final score "10" with "9" players
L 03/20/2014 - 22:02:13: "Fortune the Don<57><STEAM_0:0:33251108><Blue>" say "how can she sap"
L 03/20/2014 - 22:02:13: "Blizzard (Sean)áƒ¦<27><STEAM_0:1:47938377><Red>" say "my friend got a Lvl 69 Exquisite Rack off of warehouse"
L 03/20/2014 - 22:02:16: "Tiera Foxglove<44><STEAM_0:1:42733307><Red>" say "!nextmap"
L 03/20/2014 - 22:02:18: [META] Loaded 0 plugins (4 already loaded)
L 03/20/2014 - 22:02:19: [META] Loaded 0 plugins (4 already loaded)
L 03/20/2014 - 22:02:19: Loading map "zf_expedition_c3"
L 03/20/2014 - 22:02:19: server cvars start
L 03/20/2014 - 22:02:19: "tf2items_rnd_normals" = "0"
L 03/20/2014 - 22:02:19: "tf2items_rnd_enabled" = "1"
L 03/20/2014 - 22:02:19: "tf2items_rnd_version" = "1.591"
L 03/20/2014 - 22:02:19: "stripper_version" = "1.2.2"
L 03/20/2014 - 22:02:19: "prophunt_redux_version" = "3.0.2"
L 03/20/2014 - 22:02:19: "sm_uberspawn" = "1.0"
L 03/20/2014 - 22:02:19: "ufov_version" = "1.2.0"
L 03/20/2014 - 22:02:19: "scp_version" = "1.1.5"
L 03/20/2014 - 22:02:19: "rainbowize_version" = "1.6.2"
L 03/20/2014 - 22:02:19: "improved_map_randomizer_version" = "3.4.5"
L 03/20/2014 - 22:02:19: "sm_executeconfigs_version" = "1.2.2"
L 03/20/2014 - 22:02:19: "sm_mapcron_version" = "1.2 RC"
L 03/20/2014 - 22:02:19: "sm_buildrestrict_version" = "0.5.5"
L 03/20/2014 - 22:02:19: "sm_namechangeinfo_version" = "13.0918.1"
L 03/20/2014 - 22:02:19: "sm_tf2ii_version" = "1.8.17.4-20130729"
L 03/20/2014 - 22:02:19: "nativevotes_version" = "0.8.1"
L 03/20/2014 - 22:02:19: "sm_commandcooldowns_version" = "14.0222.0"
L 03/20/2014 - 22:02:19: "sm_tnounlockspls_version" = "0.4.8"
L 03/20/2014 - 22:02:19: "sm_srvcln_version" = "1.2.2"
L 03/20/2014 - 22:02:19: "swapteam_version" = "1.2.5"
L 03/20/2014 - 22:02:19: "scme_version" = "1.0.0"
L 03/20/2014 - 22:02:19: "sm_tnounlockspls_noext_version" = "0.4.0"
L 03/20/2014 - 22:02:19: "sm_fakeandforce_version" = "2.0"
L 03/20/2014 - 22:02:19: "sourcecomms_version" = "0.8.253"
L 03/20/2014 - 22:02:19: "nativevotes_basevotes_version" = "1.5.2"
L 03/20/2014 - 22:02:19: "sb_version" = "1.4.8"
L 03/20/2014 - 22:02:19: "basicdonator_recog_v" = "0.5"
L 03/20/2014 - 22:02:19: "fw_money_balance" = "1000"
L 03/20/2014 - 22:02:19: "fw_money_destroy_sentry" = "75"
L 03/20/2014 - 22:02:19: "fw_money_destroy_dispenser" = "75"
L 03/20/2014 - 22:02:19: "fw_money_backstab" = "50"
L 03/20/2014 - 22:02:19: "fw_money_headshot" = "50"
L 03/20/2014 - 22:02:19: "fw_money_domination" = "300"
L 03/20/2014 - 22:02:19: "fw_money_kill" = "100"
L 03/20/2014 - 22:02:19: "fw_money_win" = "1000"
L 03/20/2014 - 22:02:19: "fw_money_start" = "1000"
L 03/20/2014 - 22:02:19: "fw_unlock_menu_style" = "1"
L 03/20/2014 - 22:02:19: "fw_lulz" = "0"
L 03/20/2014 - 22:02:19: "fw_no_limit_time" = "60"
L 03/20/2014 - 22:02:19: "fw_setup_time" = "-1"
L 03/20/2014 - 22:02:19: "fw_prop_shadows" = "1"
L 03/20/2014 - 22:02:19: "fw_prop_health_multipler" = "1"
L 03/20/2014 - 22:02:19: "fw_stuck_protection" = "1"
L 03/20/2014 - 22:02:19: "fw_custom_spawn" = "0"
L 03/20/2014 - 22:02:19: "fw_spawn_protection" = "2.5"
L 03/20/2014 - 22:02:19: "fw_props_per_player_admin" = "70"
L 03/20/2014 - 22:02:19: "fw_props_per_player" = "70"
L 03/20/2014 - 22:02:19: "fw_props_per_team" = "250"
L 03/20/2014 - 22:02:19: "fw_maps" = "1"
L 03/20/2014 - 22:02:19: "fw_sql" = "1"
L 03/20/2014 - 22:02:19: "fw_version" = "6.52"
L 03/20/2014 - 22:02:19: "sm_testingtime_version" = "1.2"
L 03/20/2014 - 22:02:19: "stockmodels_version" = "1.0"
L 03/20/2014 - 22:02:19: "tf_models_list" = "tf2_modellist"
L 03/20/2014 - 22:02:19: "tf_models_blocktriggers" = "1"
L 03/20/2014 - 22:02:19: "tf_models_delayonspawn" = "0.1"
L 03/20/2014 - 22:02:19: "tf_models_force_admins" = "0"
L 03/20/2014 - 22:02:19: "tf_models_force_users" = "0"
L 03/20/2014 - 22:02:19: "tf_models_announce_plugin" = "1"
L 03/20/2014 - 22:02:19: "tf_models_announce" = "1"
L 03/20/2014 - 22:02:19: "tf_models_admin_override" = "0"
L 03/20/2014 - 22:02:19: "tf_models_admin_flags" = "b"
L 03/20/2014 - 22:02:19: "tf_models_version" = "1.0.3"
L 03/20/2014 - 22:02:19: "adsql_serverid" = "tf2rainbow"
L 03/20/2014 - 22:02:19: "adsql_version" = "2.4.0"
L 03/20/2014 - 22:02:19: "sm_redirect_version" = "1.2"
L 03/20/2014 - 22:02:19: "sm_snake_version" = "1.0"
L 03/20/2014 - 22:02:19: "webshortcutsredux_version" = "1.1"
L 03/20/2014 - 22:02:19: "sm_speechfun_version" = "1.0.2"
L 03/20/2014 - 22:02:19: "sm_hatremoval_version" = "1.1a"
L 03/20/2014 - 22:02:19: "sm_helpmenu_version" = "0.3"
L 03/20/2014 - 22:02:19: "sm_tnounlockspls_announce_version" = "0.4.0"
L 03/20/2014 - 22:02:19: "dts_version" = "1.1"
L 03/20/2014 - 22:02:19: "sm_cannounce_version" = "1.2"
L 03/20/2014 - 22:02:19: "fcg_version" = "1.1"
L 03/20/2014 - 22:02:19: "tf2attributes_version" = "1.1.1"
L 03/20/2014 - 22:02:19: "sm_resize_version" = "1.4.0"
L 03/20/2014 - 22:02:19: "sm_evilrocket_version" = "1.0.110"
L 03/20/2014 - 22:02:19: "sentryfun_version" = "1.3"
L 03/20/2014 - 22:02:19: "sentryfun_enabled" = "1"
L 03/20/2014 - 22:02:19: "sm_tf_maxclass" = "99999"
L 03/20/2014 - 22:02:19: "sm_textreplacer_version" = "0.2"
L 03/20/2014 - 22:02:19: "sm_gscramble_version" = "3.0.13"
L 03/20/2014 - 22:02:19: "gs_enabled" = "1"
L 03/20/2014 - 22:02:19: "sm_rtrigs" = "0"
L 03/20/2014 - 22:02:19: "sm_rtrigs_version" = "1.10"
L 03/20/2014 - 22:02:19: "tf2_decap_ver" = "1.0"
L 03/20/2014 - 22:02:19: "highfiveenemy_version" = "1.0"
L 03/20/2014 - 22:02:19: "sm_tnounlockspls_tf2items_version" = "0.4.0"
L 03/20/2014 - 22:02:19: "tfh_valentines" = "0"
L 03/20/2014 - 22:02:19: "tfh_meetthepyro" = "0"
L 03/20/2014 - 22:02:19: "tfh_winter" = "1"
L 03/20/2014 - 22:02:19: "tfh_birthday" = "0"
L 03/20/2014 - 22:02:19: "tfh_fullmoon" = "1"
L 03/20/2014 - 22:02:19: "tfh_halloween" = "-1"
L 03/20/2014 - 22:02:19: "tfh_use_overrides" = "1"
L 03/20/2014 - 22:02:19: "tfh_enabled" = "1"
L 03/20/2014 - 22:02:19: "tfh_version" = "1.8.1"
L 03/20/2014 - 22:02:19: "sm_customvotes_version" = "1.0"
L 03/20/2014 - 22:02:19: "sm_rtd_version" = "0.4.3.2"
L 03/20/2014 - 22:02:19: "sm_tnounlockspls_menu_version" = "0.4.0"
L 03/20/2014 - 22:02:19: "lights_version" = "0.6"
L 03/20/2014 - 22:02:19: "sm_downloader_version" = "1.4"
L 03/20/2014 - 22:02:19: "sm_spec_players" = "1"
L 03/20/2014 - 22:02:19: "sm_funcommandsx_version" = "2.3"
L 03/20/2014 - 22:02:19: "sm_adminlistmenu_version" = "1.0"
L 03/20/2014 - 22:02:19: "tf2items_manager" = "1"
L 03/20/2014 - 22:02:19: "tf2items_manager_version" = "1.4.1"
L 03/20/2014 - 22:02:19: "sm_respawn_override_version" = "1.0.1-20131019"
L 03/20/2014 - 22:02:19: "sm_setspeed_log" = "1"
L 03/20/2014 - 22:02:19: "sm_setspeed_chat" = "1"
L 03/20/2014 - 22:02:19: "sm_setspeed_version" = "1.3.1"
L 03/20/2014 - 22:02:19: "sm_spray_version" = "5.8a"
L 03/20/2014 - 22:02:19: "goomba_version" = "2.0.2"
L 03/20/2014 - 22:02:19: "sm_adminsmite_version" = "2.1"
L 03/20/2014 - 22:02:19: "mc_version" = "1.1.1"
L 03/20/2014 - 22:02:19: "sm_setplayerclass_version" = "1.0.1"
L 03/20/2014 - 22:02:19: "sm_tetris_version" = "1.0"
L 03/20/2014 - 22:02:19: "sm_hdmgtracker_version" = "1.2.2"
L 03/20/2014 - 22:02:19: "cid_mintime" = "10.0"
L 03/20/2014 - 22:02:19: "cid_maxdist" = "10000.0"
L 03/20/2014 - 22:02:19: "cid_enabled" = "1"
L 03/20/2014 - 22:02:19: "cid_version" = "1.1"
L 03/20/2014 - 22:02:19: "basicdonator_version" = "0.8"
L 03/20/2014 - 22:02:19: "sm_afkm_version" = "3.5.2"
L 03/20/2014 - 22:02:19: "sgadmins_version" = "1.2.0"
L 03/20/2014 - 22:02:19: "melee_version" = "0.4.1"
L 03/20/2014 - 22:02:19: "sm_pregame_slaughter_version" = "1.0.5.1"
L 03/20/2014 - 22:02:19: "fc_version" = "2.0"
L 03/20/2014 - 22:02:19: "jinglenotify_version" = "1.0.0"
L 03/20/2014 - 22:02:19: "sm_tf_captoggle" = "0.0.3"
L 03/20/2014 - 22:02:19: "sm_ignorelist_version" = "0x02"
L 03/20/2014 - 22:02:19: "tf2items_giveweapon_version" = "3.14159"
L 03/20/2014 - 22:02:19: "sm_bsd_version" = "2.0.0"
L 03/20/2014 - 22:02:19: "sm_rweapons_version" = "1.3"
L 03/20/2014 - 22:02:19: "sm_commanddump_version" = "1.1.0"
L 03/20/2014 - 22:02:19: "store_version" = "1.1-alpha"
L 03/20/2014 - 22:02:19: "sm_allchat_version" = "1.1.1"
L 03/20/2014 - 22:02:19: "sm_classrestrict_version" = "0.6"
L 03/20/2014 - 22:02:19: "sm_playersvotes_redux_version" = "1.3"
L 03/20/2014 - 22:02:19: "steamtools_version" = "0.8.3"
L 03/20/2014 - 22:02:19: "tf2items_version" = "1.6.0"
L 03/20/2014 - 22:02:19: "sm_nextmap" = "zf_expedition_c3"
L 03/20/2014 - 22:02:19: "sourcemod_version" = "1.5.3-dev+4004"
L 03/20/2014 - 22:02:19: "metamod_version" = "1.10.1-devV"
L 03/20/2014 - 22:02:19: "tf_playergib" = "1"
L 03/20/2014 - 22:02:19: "tf_allow_player_use" = "0"
L 03/20/2014 - 22:02:19: "tf_mvm_death_penalty" = "0"
L 03/20/2014 - 22:02:19: "sv_maxusrcmdprocessticks" = "24"
L 03/20/2014 - 22:02:19: "mp_teamplay" = "0"
L 03/20/2014 - 22:02:19: "mp_falldamage" = "0"
L 03/20/2014 - 22:02:19: "mp_weaponstay" = "0"
L 03/20/2014 - 22:02:19: "mp_forcerespawn" = "1"
L 03/20/2014 - 22:02:19: "mp_footsteps" = "1"
L 03/20/2014 - 22:02:19: "mp_flashlight" = "1"
L 03/20/2014 - 22:02:19: "mp_autocrosshair" = "1"
L 03/20/2014 - 22:02:19: "decalfrequency" = "10"
L 03/20/2014 - 22:02:19: "mp_teamlist" = "hgrunt;scientist"
L 03/20/2014 - 22:02:19: "mp_allowNPCs" = "1"
L 03/20/2014 - 22:02:19: "sv_alltalk" = "1"
L 03/20/2014 - 22:02:19: "tf_weapon_criticals" = "1"
L 03/20/2014 - 22:02:19: "tf_damage_disablespread" = "1"
L 03/20/2014 - 22:02:19: "tf_player_name_change_time" = "60"
L 03/20/2014 - 22:02:19: "tf_force_holidays_off" = "0"
L 03/20/2014 - 22:02:19: "tf_birthday" = "0"
L 03/20/2014 - 22:02:19: "mp_windifference" = "0"
L 03/20/2014 - 22:02:19: "mp_windifference_min" = "0"
L 03/20/2014 - 22:02:19: "tf_medieval" = "0"
L 03/20/2014 - 22:02:19: "tf_medieval_autorp" = "1"
L 03/20/2014 - 22:02:19: "tf_arena_force_class" = "0"
L 03/20/2014 - 22:02:19: "tf_arena_change_limit" = "1"
L 03/20/2014 - 22:02:19: "tf_arena_override_cap_enable_time" = "-1"
L 03/20/2014 - 22:02:19: "tf_arena_first_blood" = "1"
L 03/20/2014 - 22:02:19: "tf_mvm_min_players_to_start" = "3"
L 03/20/2014 - 22:02:19: "tf_gamemode_arena" = "1"
L 03/20/2014 - 22:02:19: "tf_gamemode_cp" = "0"
L 03/20/2014 - 22:02:19: "tf_gamemode_ctf" = "0"
L 03/20/2014 - 22:02:19: "tf_gamemode_sd" = "0"
L 03/20/2014 - 22:02:19: "tf_gamemode_payload" = "0"
L 03/20/2014 - 22:02:19: "tf_gamemode_mvm" = "0"
L 03/20/2014 - 22:02:19: "tf_bot_count" = "0"
L 03/20/2014 - 22:02:19: "tf_teamtalk" = "0"
L 03/20/2014 - 22:02:19: "tf_ctf_bonus_time" = "10"
L 03/20/2014 - 22:02:19: "tf_maxspeed" = "400"
L 03/20/2014 - 22:02:19: "tf_max_charge_speed" = "750"
L 03/20/2014 - 22:02:19: "tf_use_fixed_weaponspreads" = "0"
L 03/20/2014 - 22:02:19: "tf_overtime_nag" = "0"
L 03/20/2014 - 22:02:19: "mp_tournament" = "0"
L 03/20/2014 - 22:02:19: "mp_highlander" = "0"
L 03/20/2014 - 22:02:19: "mp_maxrounds" = "0"
L 03/20/2014 - 22:02:19: "mp_winlimit" = "0"
L 03/20/2014 - 22:02:19: "mp_disable_respawn_times" = "0"
L 03/20/2014 - 22:02:19: "mp_stalemate_meleeonly" = "0"
L 03/20/2014 - 22:02:19: "mp_forceautoteam" = "0"
L 03/20/2014 - 22:02:19: "mp_autoteambalance" = "0"
L 03/20/2014 - 22:02:19: "mp_stalemate_enable" = "1"
L 03/20/2014 - 22:02:19: "mp_match_end_at_timelimit" = "0"
L 03/20/2014 - 22:02:19: "mp_holiday_nogifts" = "0"
L 03/20/2014 - 22:02:19: "mp_scrambleteams_auto" = "0"
L 03/20/2014 - 22:02:19: "mp_scrambleteams_auto_windifference" = "2"
L 03/20/2014 - 22:02:19: "mp_timelimit" = "24"
L 03/20/2014 - 22:02:19: "mp_fraglimit" = "0"
L 03/20/2014 - 22:02:19: "nextlevel" = ""
L 03/20/2014 - 22:02:19: "sv_gravity" = "800"
L 03/20/2014 - 22:02:19: "sv_stopspeed" = "100"
L 03/20/2014 - 22:02:19: "sv_noclipaccelerate" = "5"
L 03/20/2014 - 22:02:19: "sv_noclipspeed" = "5"
L 03/20/2014 - 22:02:19: "sv_specaccelerate" = "5"
L 03/20/2014 - 22:02:19: "sv_specspeed" = "3"
L 03/20/2014 - 22:02:19: "sv_specnoclip" = "1"
L 03/20/2014 - 22:02:19: "sv_maxspeed" = "320"
L 03/20/2014 - 22:02:19: "sv_accelerate" = "10"
L 03/20/2014 - 22:02:19: "sv_airaccelerate" = "10"
L 03/20/2014 - 22:02:19: "sv_wateraccelerate" = "10"
L 03/20/2014 - 22:02:19: "sv_waterfriction" = "1"
L 03/20/2014 - 22:02:19: "sv_footsteps" = "1"
L 03/20/2014 - 22:02:19: "sv_rollspeed" = "200"
L 03/20/2014 - 22:02:19: "sv_rollangle" = "0"
L 03/20/2014 - 22:02:19: "sv_friction" = "4"
L 03/20/2014 - 22:02:19: "sv_bounce" = "0"
L 03/20/2014 - 22:02:19: "sv_stepsize" = "18"
L 03/20/2014 - 22:02:19: "r_VehicleViewDampen" = "1"
L 03/20/2014 - 22:02:19: "r_JeepViewDampenFreq" = "7.0"
L 03/20/2014 - 22:02:19: "r_JeepViewDampenDamp" = "1.0"
L 03/20/2014 - 22:02:19: "r_JeepViewZHeight" = "10.0"
L 03/20/2014 - 22:02:19: "r_AirboatViewDampenFreq" = "7.0"
L 03/20/2014 - 22:02:19: "r_AirboatViewDampenDamp" = "1.0"
L 03/20/2014 - 22:02:19: "r_AirboatViewZHeight" = "0.0"
L 03/20/2014 - 22:02:19: "mp_fadetoblack" = "0"
L 03/20/2014 - 22:02:19: "tf_mm_servermode" = "0"
L 03/20/2014 - 22:02:19: "tf_mm_strict" = "0"
L 03/20/2014 - 22:02:19: "tf_mm_trusted" = "0"
L 03/20/2014 - 22:02:19: "tf_server_identity_disable_quickplay" = "0"
L 03/20/2014 - 22:02:19: "sv_registration_successful" = "1"
L 03/20/2014 - 22:02:19: "sv_registration_message" = ""
L 03/20/2014 - 22:02:19: "sv_steamgroup" = ""
L 03/20/2014 - 22:02:19: "sv_cheats" = "0"
L 03/20/2014 - 22:02:19: "sv_pausable" = "0"
L 03/20/2014 - 22:02:19: "sv_contact" = "theoneandonly@rowedahelicon.com"
L 03/20/2014 - 22:02:19: "sv_voiceenable" = "1"
L 03/20/2014 - 22:02:19: "tv_enable" = "0"
L 03/20/2014 - 22:02:19: "deathmatch" = "1"
L 03/20/2014 - 22:02:19: "coop" = "0"
L 03/20/2014 - 22:02:19: "tv_password" = ""
L 03/20/2014 - 22:02:19: "tv_relaypassword" = ""
L 03/20/2014 - 22:02:19: "sv_password" = ""
L 03/20/2014 - 22:02:19: server cvars end
L 03/20/2014 - 22:02:22: Started map "zf_expedition_c3" (CRC "4e33a1e657470c9fce54ae884604beba")
L 03/20/2014 - 22:02:22: Executing dedicated server config file server.cfg
L 03/20/2014 - 22:02:27: server_cvar: "tf_gamemode_arena" "0"
L 03/20/2014 - 22:02:27: server_cvar: "tf_gamemode_cp" "1"
L 03/20/2014 - 22:02:28: WARNING: ClientActive, but we don't know his SteamID?
L 03/20/2014 - 22:02:28: "Replay 2: The Replayening<2><BOT><>" entered the game
L 03/20/2014 - 22:02:28: "Replay 2: The Replayening<2><BOT><Unassigned>" joined team "Spectator"
L 03/20/2014 - 22:02:28: server_cvar: "tf2items_rnd_enabled" "0"
L 03/20/2014 - 22:02:28: server_cvar: "tf_models_list" "TF2_ItemList"
L 03/20/2014 - 22:02:28: server_cvar: "mp_autoteambalance" "1"
L 03/20/2014 - 22:02:28: server_cvar: "mp_timelimit" "30"
L 03/20/2014 - 22:02:28: server_cvar: "sm_rtrigs" "1"
L 03/20/2014 - 22:02:28: server_cvar: "tf_models_list" "tf2_modellist"
L 03/20/2014 - 22:02:28: STEAMAUTH: Client {SCG} Metka Serket received failure code 6
L 03/20/2014 - 22:02:28: "{SCG} Metka Serket<23><STEAM_0:0:17889225><>" disconnected (reason "Client left game (Steam auth ticket has been canceled)
")
L 03/20/2014 - 22:02:28: STEAMAUTH: Client FarDiamond3049 received failure code 6
L 03/20/2014 - 22:02:28: "FarDiamond3049<21><STEAM_0:0:54908227><>" disconnected (reason "Client left game (Steam auth ticket has been canceled)
")
L 03/20/2014 - 22:02:28: server_cvar: "mp_timelimit" "27"
L 03/20/2014 - 22:02:28: server_cvar: "sm_rtrigs" "0"
L 03/20/2014 - 22:02:28: server_cvar: "mp_autoteambalance" "0"
L 03/20/2014 - 22:02:28: server_cvar: "sm_nextmap" "cp_foundry"
L 03/20/2014 - 22:02:44: server_cvar: "mp_disable_respawn_times" "1"
L 03/20/2014 - 22:02:45: "Herrocopter<53><STEAM_0:0:50403197><>" entered the game
L 03/20/2014 - 22:02:45: "Gord<10><STEAM_0:1:2327125><>" entered the game
L 03/20/2014 - 22:02:46: "Tiera Foxglove<44><STEAM_0:1:42733307><>" entered the game
L 03/20/2014 - 22:02:47: "Persi, the Neko God<12><STEAM_0:1:30286598><>" entered the game
L 03/20/2014 - 22:02:48: "Fortune the Don<57><STEAM_0:0:33251108><>" entered the game
L 03/20/2014 - 22:02:48: "Shiny mew<47><STEAM_0:0:43768850><>" entered the game
L 03/20/2014 - 22:02:49: "Herrocopter<53><STEAM_0:0:50403197><Unassigned>" joined team "Red"
L 03/20/2014 - 22:02:49: "RadioactiveSpaceRooster<50><STEAM_0:1:31547919><>" entered the game
L 03/20/2014 - 22:02:50: "Tiera Foxglove<44><STEAM_0:1:42733307><Unassigned>" joined team "Red"
L 03/20/2014 - 22:02:50: "Persi, the Neko God<12><STEAM_0:1:30286598><Unassigned>" joined team "Blue"
L 03/20/2014 - 22:02:50: "toomoos<56><STEAM_0:1:33386821><>" entered the game
L 03/20/2014 - 22:02:50: "Myntey<59><STEAM_0:0:33841019><>" entered the game
L 03/20/2014 - 22:02:51: "Tiera Foxglove<44><STEAM_0:1:42733307><Red>" changed role to "pyro"
L 03/20/2014 - 22:02:51: "Herrocopter<53><STEAM_0:0:50403197><Red>" changed role to "sniper"
L 03/20/2014 - 22:02:51: "Persi, the Neko God<12><STEAM_0:1:30286598><Blue>" changed role to "scout"
L 03/20/2014 - 22:02:52: "Andy<51><STEAM_0:0:42727213><>" entered the game
L 03/20/2014 - 22:02:52: "RadioactiveSpaceRooster<50><STEAM_0:1:31547919><Unassigned>" joined team "Blue"
L 03/20/2014 - 22:02:53: "Fortune the Don<57><STEAM_0:0:33251108><Unassigned>" joined team "Blue"
L 03/20/2014 - 22:02:55: "RadioactiveSpaceRooster<50><STEAM_0:1:31547919><Blue>" changed role to "medic"
L 03/20/2014 - 22:02:55: "Herrocopter<53><STEAM_0:0:50403197><Red>" changed role to "demoman"
L 03/20/2014 - 22:02:56: World triggered "Round_Start"
L 03/20/2014 - 22:02:56: World triggered "Round_Setup_Begin"
L 03/20/2014 - 22:02:56: "Persi, the Neko God<12><STEAM_0:1:30286598><Blue>" joined team "Red"
L 03/20/2014 - 22:02:56: "Fortune the Don<57><STEAM_0:0:33251108><Blue>" joined team "Red"
L 03/20/2014 - 22:02:56: "Herrocopter<53><STEAM_0:0:50403197><Red>" joined team "Blue"
L 03/20/2014 - 22:02:56: "Tiera Foxglove<44><STEAM_0:1:42733307><Red>" say "!zf"
L 03/20/2014 - 22:02:57: "Gord<10><STEAM_0:1:2327125><Unassigned>" joined team "Blue"
L 03/20/2014 - 22:02:58: "toomoos<56><STEAM_0:1:33386821><Unassigned>" joined team "Blue"
L 03/20/2014 - 22:02:58: "Gord<10><STEAM_0:1:2327125><Blue>" changed role to "heavyweapons"
L 03/20/2014 - 22:02:59: "Fortune the Don<57><STEAM_0:0:33251108><Red>" changed role to "scout"
L 03/20/2014 - 22:03:00: "PhD Corvo Charizard<55><STEAM_0:0:33167288><>" entered the game
L 03/20/2014 - 22:03:01: "toomoos<56><STEAM_0:1:33386821><Blue>" changed role to "demoman"
L 03/20/2014 - 22:03:01: "Andy<51><STEAM_0:0:42727213><Unassigned>" joined team "Blue"
L 03/20/2014 - 22:03:01: server_cvar: "mp_disable_respawn_times" "0"
L 03/20/2014 - 22:03:02: "Tiera Foxglove<44><STEAM_0:1:42733307><Red>" say "!zf"
L 03/20/2014 - 22:03:02: "Andy<51><STEAM_0:0:42727213><Blue>" changed role to "medic"
L 03/20/2014 - 22:03:06: "PhD Corvo Charizard<55><STEAM_0:0:33167288><Unassigned>" joined team "Blue"
L 03/20/2014 - 22:03:08: "Tiera Foxglove<44><STEAM_0:1:42733307><Red>" say "!zf"
L 03/20/2014 - 22:03:09: "PhD Corvo Charizard<55><STEAM_0:0:33167288><Blue>" changed role to "spy"
L 03/20/2014 - 22:03:09: "Fortune the Don<57><STEAM_0:0:33251108><Red>" changed role to "scout"
L 03/20/2014 - 22:03:09: "Andy<51><STEAM_0:0:42727213><Blue>" say "!zf"
L 03/20/2014 - 22:03:10: "Blizzard (Sean)áƒ¦<27><STEAM_0:1:47938377><>" entered the game
L 03/20/2014 - 22:03:15: "Andy<51><STEAM_0:0:42727213><Blue>" say "!zf"
L 03/20/2014 - 22:03:16: World triggered "Round_Setup_End"
L 03/20/2014 - 22:03:18: "Setsuna Carter<46><STEAM_0:0:20016330><>" entered the game
L 03/20/2014 - 22:03:21: "{BFG} Nikdragon<42><STEAM_0:0:78154965><>" entered the game
L 03/20/2014 - 22:03:23: "Setsuna Carter<46><STEAM_0:0:20016330><Unassigned>" joined team "Blue"
L 03/20/2014 - 22:03:25: "PhD Corvo Charizard<55><STEAM_0:0:33167288><Blue>" say "!zf"
L 03/20/2014 - 22:03:25: "Setsuna Carter<46><STEAM_0:0:20016330><Blue>" changed role to "scout"
L 03/20/2014 - 22:03:25: "Persi, the Neko God<12><STEAM_0:1:30286598><Red>" killed "Gord<10><STEAM_0:1:2327125><Blue>" with "shotgun_primary" (attacker_position "88 -5159 123") (victim_position "140 -4507 55")
L 03/20/2014 - 22:03:25: "Tiera Foxglove<44><STEAM_0:1:42733307><Red>" triggered "kill assist" against "Gord<10><STEAM_0:1:2327125><Blue>" (assister_position "12 -4596 28") (attacker_position "88 -5159 123") (victim_position "140 -4507 55")
L 03/20/2014 - 22:03:25: "Myntey<59><STEAM_0:0:33841019><Unassigned>" joined team "Blue"
L 03/20/2014 - 22:03:27: "{SCG}Ezerva<52><STEAM_0:1:65442681><>" entered the game
L 03/20/2014 - 22:03:27: "Myntey<59><STEAM_0:0:33841019><Blue>" changed role to "spy"
L 03/20/2014 - 22:03:35: "Tiera Foxglove<44><STEAM_0:1:42733307><Red>" killed "RadioactiveSpaceRooster<50><STEAM_0:1:31547919><Blue>" with "rainblower" (attacker_position "660 -3557 0") (victim_position "611 -3641 0")
L 03/20/2014 - 22:03:35: "Persi, the Neko God<12><STEAM_0:1:30286598><Red>" triggered "kill assist" against "RadioactiveSpaceRooster<50><STEAM_0:1:31547919><Blue>" (assister_position "610 -3412 0") (attacker_position "660 -3557 0") (victim_position "611 -3641 0")
L 03/20/2014 - 22:03:35: "{SCG}Ezerva<52><STEAM_0:1:65442681><Unassigned>" joined team "Blue"
L 03/20/2014 - 22:03:36: "{BFG} Nikdragon<42><STEAM_0:0:78154965><Unassigned>" joined team "Blue"
L 03/20/2014 - 22:03:36: "{SCG}Ezerva<52><STEAM_0:1:65442681><Blue>" changed role to "soldier"
L 03/20/2014 - 22:03:37: "{BFG} Nikdragon<42><STEAM_0:0:78154965><Blue>" changed role to "scout"
L 03/20/2014 - 22:03:38: "Andy<51><STEAM_0:0:42727213><Blue>" killed "Tiera Foxglove<44><STEAM_0:1:42733307><Red>" with "kunai" (customkill "backstab") (attacker_position "1211 -3264 0") (victim_position "1172 -3338 0")
L 03/20/2014 - 22:03:38: "PhD Corvo Charizard<55><STEAM_0:0:33167288><Blue>" triggered "kill assist" against "Tiera Foxglove<44><STEAM_0:1:42733307><Red>" (assister_position "122 -3640 0") (attacker_position "1211 -3264 0") (victim_position "1172 -3338 0")
L 03/20/2014 - 22:03:40: "Blizzard (Sean)áƒ¦<27><STEAM_0:1:47938377><Unassigned>" joined team "Blue"
L 03/20/2014 - 22:03:41: "Blizzard (Sean)áƒ¦<27><STEAM_0:1:47938377><Blue>" changed role to "spy"
L 03/20/2014 - 22:03:42: "Andy<51><STEAM_0:0:42727213><Blue>" killed "Persi, the Neko God<12><STEAM_0:1:30286598><Red>" with "kunai" (attacker_position "1858 -3296 0") (victim_position "1912 -3294 0")
L 03/20/2014 - 22:03:42: "{BFG} Nikdragon<42><STEAM_0:0:78154965><Blue>" changed role to "spy"
L 03/20/2014 - 22:03:42: "{BFG} Nikdragon<42><STEAM_0:0:78154965><Blue>" committed suicide with "world" (attacker_position "1888 -3989 -95")
L 03/20/2014 - 22:03:44: "Tiera Foxglove<44><STEAM_0:1:42733307><Red>" joined team "Blue"
L 03/20/2014 - 22:03:46: "Shiny mew<47><STEAM_0:0:43768850><Unassigned>" joined team "Blue"
L 03/20/2014 - 22:03:48: "Persi, the Neko God<12><STEAM_0:1:30286598><Red>" joined team "Blue"
L 03/20/2014 - 22:03:48: "Shiny mew<47><STEAM_0:0:43768850><Blue>" changed role to "scout"
L 03/20/2014 - 22:03:48: "Herrocopter<53><STEAM_0:0:50403197><Blue>" killed "Fortune the Don<57><STEAM_0:0:33251108><Red>" with "eternal_reward" (customkill "backstab") (attacker_position "-107 -6293 147") (victim_position "-121 -6245 148")
L 03/20/2014 - 22:03:49: World triggered "Round_Win" (winner "Blue")
L 03/20/2014 - 22:03:49: World triggered "Round_Length" (seconds "53.46")
L 03/20/2014 - 22:03:49: Team "Red" current score "0" with "1" players
L 03/20/2014 - 22:03:49: Team "Blue" current score "0" with "14" players
L 03/20/2014 - 22:03:50: "{SCG}Ezerva<52><STEAM_0:1:65442681><Blue>" committed suicide with "world" (attacker_position "-312 -3551 -447")
L 03/20/2014 - 22:03:51: "Blizzard (Sean)áƒ¦<27><STEAM_0:1:47938377><Blue>" committed suicide with "world" (attacker_position "-312 -3623 -447")
L 03/20/2014 - 22:03:54: "Fortune the Don<57><STEAM_0:0:33251108><Red>" joined team "Blue"
L 03/20/2014 - 22:03:57: "Persi, the Neko God<12><STEAM_0:1:30286598><Blue>" committed suicide with "world" (attacker_position "-331 -3598 -447")
L 03/20/2014 - 22:04:01: "Shiny mew<47><STEAM_0:0:43768850><Blue>" committed suicide with "world" (attacker_position "-528 -3655 -447")
L 03/20/2014 - 22:04:02: "Fortune the Don<57><STEAM_0:0:33251108><Blue>" changed role to "scout"
L 03/20/2014 - 22:04:03: "Tiera Foxglove<44><STEAM_0:1:42733307><Blue>" committed suicide with "world" (attacker_position "1576 -4231 -95")
L 03/20/2014 - 22:04:04: World triggered "Round_Start"
L 03/20/2014 - 22:04:04: World triggered "Round_Setup_Begin"
L 03/20/2014 - 22:04:04: "Tiera Foxglove<44><STEAM_0:1:42733307><Blue>" joined team "Red"
L 03/20/2014 - 22:04:04: "RadioactiveSpaceRooster<50><STEAM_0:1:31547919><Blue>" joined team "Red"
L 03/20/2014 - 22:04:04: "Setsuna Carter<46><STEAM_0:0:20016330><Blue>" joined team "Red"
L 03/20/2014 - 22:04:04: "Shiny mew<47><STEAM_0:0:43768850><Blue>" joined team "Red"
L 03/20/2014 - 22:04:04: "Gord<10><STEAM_0:1:2327125><Blue>" joined team "Red"
L 03/20/2014 - 22:04:04: "{SCG}Ezerva<52><STEAM_0:1:65442681><Blue>" joined team "Red"
L 03/20/2014 - 22:04:04: "Persi, the Neko God<12><STEAM_0:1:30286598><Blue>" joined team "Red"
L 03/20/2014 - 22:04:04: "Herrocopter<53><STEAM_0:0:50403197><Blue>" joined team "Red"
L 03/20/2014 - 22:04:04: "Andy<51><STEAM_0:0:42727213><Blue>" joined team "Red"
L 03/20/2014 - 22:04:04: "Blizzard (Sean)áƒ¦<27><STEAM_0:1:47938377><Blue>" joined team "Red"
L 03/20/2014 - 22:04:04: "{BFG} Nikdragon<42><STEAM_0:0:78154965><Blue>" joined team "Red"
L 03/20/2014 - 22:04:04: "PhD Corvo Charizard<55><STEAM_0:0:33167288><Blue>" joined team "Red"
L 03/20/2014 - 22:04:04: "toomoos<56><STEAM_0:1:33386821><Blue>" joined team "Red"
L 03/20/2014 - 22:04:04: "Fortune the Don<57><STEAM_0:0:33251108><Blue>" joined team "Red"
L 03/20/2014 - 22:04:04: "Myntey<59><STEAM_0:0:33841019><Blue>" joined team "Red"
L 03/20/2014 - 22:04:05: "Myntey<59><STEAM_0:0:33841019><Red>" joined team "Blue"
L 03/20/2014 - 22:04:05: "Fortune the Don<57><STEAM_0:0:33251108><Red>" joined team "Blue"
L 03/20/2014 - 22:04:05: "RadioactiveSpaceRooster<50><STEAM_0:1:31547919><Red>" joined team "Blue"
L 03/20/2014 - 22:04:05: "Setsuna Carter<46><STEAM_0:0:20016330><Red>" joined team "Blue"
L 03/20/2014 - 22:04:05: "Blizzard (Sean)áƒ¦<27><STEAM_0:1:47938377><Red>" joined team "Blue"
L 03/20/2014 - 22:04:05: "Herrocopter<53><STEAM_0:0:50403197><Red>" joined team "Blue"
L 03/20/2014 - 22:04:07: "toomoos<56><STEAM_0:1:33386821><Red>" changed role to "spy"
L 03/20/2014 - 22:04:08: "Tiera Foxglove<44><STEAM_0:1:42733307><Red>" changed role to "pyro"
L 03/20/2014 - 22:04:08: "PhD Corvo Charizard<55><STEAM_0:0:33167288><Red>" changed role to "engineer"
L 03/20/2014 - 22:04:09: "Gord<10><STEAM_0:1:2327125><Red>" changed role to "sniper"
L 03/20/2014 - 22:04:09: "toomoos<56><STEAM_0:1:33386821><Red>" changed role to "demoman"
L 03/20/2014 - 22:04:11: "Blizzard (Sean)áƒ¦<27><STEAM_0:1:47938377><Blue>" changed role to "scout"
L 03/20/2014 - 22:04:11: "Blizzard (Sean)áƒ¦<27><STEAM_0:1:47938377><Blue>" committed suicide with "world" (attacker_position "1903 -3792 -95")
L 03/20/2014 - 22:04:18: "Ozzzy<54><STEAM_0:0:33986421><>" entered the game
L 03/20/2014 - 22:04:25: "Ozzzy<54><STEAM_0:0:33986421><Unassigned>" joined team "Blue"
L 03/20/2014 - 22:04:25: World triggered "Round_Setup_End"
L 03/20/2014 - 22:04:26: "PhD Corvo Charizard<55><STEAM_0:0:33167288><Red>" triggered "builtobject" (object "OBJ_SENTRYGUN") (position "55 -3937 8")
L 03/20/2014 - 22:04:27: "Ozzzy<54><STEAM_0:0:33986421><Blue>" changed role to "scout"
L 03/20/2014 - 22:04:33: "Ozzzy<54><STEAM_0:0:33986421><Blue>" say "!zf"
L 03/20/2014 - 22:04:34: "{SCG}Ezerva<52><STEAM_0:1:65442681><Red>" say "!help"
L 03/20/2014 - 22:04:36: "Myntey<59><STEAM_0:0:33841019><Blue>" killed "PhD Corvo Charizard<55><STEAM_0:0:33167288><Red>" with "knife" (customkill "backstab") (attacker_position "1177 -3300 0") (victim_position "1200 -3251 0")
L 03/20/2014 - 22:04:36: "Fortune the Don<57><STEAM_0:0:33251108><Blue>" triggered "kill assist" against "PhD Corvo Charizard<55><STEAM_0:0:33167288><Red>" (assister_position "1519 -3608 0") (attacker_position "1177 -3300 0") (victim_position "1200 -3251 0")
L 03/20/2014 - 22:04:37: "Andy<51><STEAM_0:0:42727213><Red>" killed "Fortune the Don<57><STEAM_0:0:33251108><Blue>" with "ubersaw" (attacker_position "1545 -3761 -15") (victim_position "1579 -3776 -31")
L 03/20/2014 - 22:04:37: "Tiera Foxglove<44><STEAM_0:1:42733307><Red>" triggered "kill assist" against "Fortune the Don<57><STEAM_0:0:33251108><Blue>" (assister_position "1568 -3426 0") (attacker_position "1545 -3761 -15") (victim_position "1579 -3776 -31")
L 03/20/2014 - 22:04:37: "Gord<10><STEAM_0:1:2327125><Red>" killed "Blizzard (Sean)áƒ¦<27><STEAM_0:1:47938377><Blue>" with "sniperrifle" (attacker_position "1741 -3127 25") (victim_position "1701 -3196 0")
L 03/20/2014 - 22:04:37: "Tiera Foxglove<44><STEAM_0:1:42733307><Red>" triggered "kill assist" against "Blizzard (Sean)áƒ¦<27><STEAM_0:1:47938377><Blue>" (assister_position "1640 -3265 0") (attacker_position "1741 -3127 25") (victim_position "1701 -3196 0")
L 03/20/2014 - 22:04:38: "Persi, the Neko God<12><STEAM_0:1:30286598><Red>" killed "Ozzzy<54><STEAM_0:0:33986421><Blue>" with "sniperrifle" (attacker_position "501 -3471 0") (victim_position "601 -3492 0")
L 03/20/2014 - 22:04:38: "PhD Corvo Charizard<55><STEAM_0:0:33167288><Red>" triggered "kill assist" against "Ozzzy<54><STEAM_0:0:33986421><Blue>" (assister_position "1274 -3237 14") (attacker_position "501 -3471 0") (victim_position "601 -3492 0")
L 03/20/2014 - 22:04:39: "Myntey<59><STEAM_0:0:33841019><Blue>" killed "toomoos<56><STEAM_0:1:33386821><Red>" with "knife" (customkill "backstab") (attacker_position "1799 -3267 0") (victim_position "1865 -3284 0")
L 03/20/2014 - 22:04:40: "RadioactiveSpaceRooster<50><STEAM_0:1:31547919><Blue>" triggered "player_extinguished" against "Myntey<59><STEAM_0:0:33841019><Blue>" with "tf_weapon_jar" (attacker_position "2528 -3253 0") (victim_position "2161 -3495 1")
L 03/20/2014 - 22:04:40: "RadioactiveSpaceRooster<50><STEAM_0:1:31547919><Blue>" triggered "milk_attack" against "Gord<10><STEAM_0:1:2327125><Red>" with "tf_weapon_jar" (attacker_position "2528 -3253 0") (victim_position "2340 -3419 0")
L 03/20/2014 - 22:04:41: "Blizzard (Sean)áƒ¦<27><STEAM_0:1:47938377><Blue>" say "LOL"
L 03/20/2014 - 22:04:41: "Gord<10><STEAM_0:1:2327125><Red>" killed "Myntey<59><STEAM_0:0:33841019><Blue>" with "bushwacka" (attacker_position "2466 -3427 0") (victim_position "2425 -3383 0")
L 03/20/2014 - 22:04:41: "Tiera Foxglove<44><STEAM_0:1:42733307><Red>" triggered "kill assist" against "Myntey<59><STEAM_0:0:33841019><Blue>" (assister_position "2386 -3436 0") (attacker_position "2466 -3427 0") (victim_position "2425 -3383 0")
L 03/20/2014 - 22:04:42: "PhD Corvo Charizard<55><STEAM_0:0:33167288><Red>" joined team "Blue"
L 03/20/2014 - 22:04:43: "Blizzard (Sean)áƒ¦<27><STEAM_0:1:47938377><Blue>" changed role to "spy"
L 03/20/2014 - 22:04:44: "Herrocopter<53><STEAM_0:0:50403197><Blue>" killed "{SCG}Ezerva<52><STEAM_0:1:65442681><Red>" with "eternal_reward" (customkill "backstab") (attacker_position "-7 -4072 8") (victim_position "1 -4024 8")
L 03/20/2014 - 22:04:45: "{BFG} Nikdragon<42><STEAM_0:0:78154965><Red>" killed "Setsuna Carter<46><STEAM_0:0:20016330><Blue>" with "syringegun_medic" (attacker_position "1988 -3655 26") (victim_position "1788 -3209 0")
L 03/20/2014 - 22:04:45: "Persi, the Neko God<12><STEAM_0:1:30286598><Red>" triggered "kill assist" against "Setsuna Carter<46><STEAM_0:0:20016330><Blue>" (assister_position "2431 -3454 0") (attacker_position "1988 -3655 26") (victim_position "1788 -3209 0")
L 03/20/2014 - 22:04:45: "toomoos<56><STEAM_0:1:33386821><Red>" joined team "Blue"
L 03/20/2014 - 22:04:50: "{SCG}Ezerva<52><STEAM_0:1:65442681><Red>" joined team "Blue"
L 03/20/2014 - 22:04:50: "Andy<51><STEAM_0:0:42727213><Red>" triggered "chargedeployed"
L 03/20/2014 - 22:04:57: "Herrocopter<53><STEAM_0:0:50403197><Blue>" triggered "medic_death" against "{BFG} Nikdragon<42><STEAM_0:0:78154965><Red>" (healing "15") (ubercharge "0")
L 03/20/2014 - 22:04:57: "Herrocopter<53><STEAM_0:0:50403197><Blue>" killed "{BFG} Nikdragon<42><STEAM_0:0:78154965><Red>" with "eternal_reward" (customkill "backstab") (attacker_position "2712 -3335 0") (victim_position "2760 -3335 0")
L 03/20/2014 - 22:04:59: "Ozzzy<54><STEAM_0:0:33986421><Blue>" say "!zf"
L 03/20/2014 - 22:04:59: "PhD Corvo Charizard<55><STEAM_0:0:33167288><Blue>" triggered "medic_death" against "Andy<51><STEAM_0:0:42727213><Red>" (healing "289") (ubercharge "0")
L 03/20/2014 - 22:04:59: "PhD Corvo Charizard<55><STEAM_0:0:33167288><Blue>" killed "Andy<51><STEAM_0:0:42727213><Red>" with "knife" (customkill "backstab") (attacker_position "4011 -2586 0") (victim_position "3977 -2535 0")
L 03/20/2014 - 22:05:01: "Gord<10><STEAM_0:1:2327125><Red>" killed "Myntey<59><STEAM_0:0:33841019><Blue>" with "bushwacka" (attacker_position "3303 -569 0") (victim_position "3268 -585 0")
L 03/20/2014 - 22:05:02: "Shiny mew<47><STEAM_0:0:43768850><Red>" killed "PhD Corvo Charizard<55><STEAM_0:0:33167288><Blue>" with "flamethrower" (attacker_position "3697 -2037 4") (victim_position "3655 -2127 4")
L 03/20/2014 - 22:05:02: "Tiera Foxglove<44><STEAM_0:1:42733307><Red>" triggered "kill assist" against "PhD Corvo Charizard<55><STEAM_0:0:33167288><Blue>" (assister_position "3608 -2185 4") (attacker_position "3697 -2037 4") (victim_position "3655 -2127 4")
L 03/20/2014 - 22:05:03: "{BFG} Nikdragon<42><STEAM_0:0:78154965><Red>" joined team "Blue"
L 03/20/2014 - 22:05:03: "Tiera Foxglove<44><STEAM_0:1:42733307><Red>" killed "Blizzard (Sean)áƒ¦<27><STEAM_0:1:47938377><Blue>" with "scorchshot" (attacker_position "3677 -1645 10") (victim_position "3241 -2820 0")
L 03/20/2014 - 22:05:03: "{SCG}Ezerva<52><STEAM_0:1:65442681><Blue>" say "!zk"
L 03/20/2014 - 22:05:04: "Shiny mew<47><STEAM_0:0:43768850><Red>" killed "Setsuna Carter<46><STEAM_0:0:20016330><Blue>" with "flamethrower" (attacker_position "3761 -1431 0") (victim_position "3767 -1564 10")
L 03/20/2014 - 22:05:04: "Tiera Foxglove<44><STEAM_0:1:42733307><Red>" triggered "kill assist" against "Setsuna Carter<46><STEAM_0:0:20016330><Blue>" (assister_position "3809 -1265 0") (attacker_position "3761 -1431 0") (victim_position "3767 -1564 10")
L 03/20/2014 - 22:05:05: "Andy<51><STEAM_0:0:42727213><Red>" joined team "Blue"
L 03/20/2014 - 22:05:06: "RadioactiveSpaceRooster<50><STEAM_0:1:31547919><Blue>" killed "Gord<10><STEAM_0:1:2327125><Red>" with "holy_mackerel" (attacker_position "3314 -872 0") (victim_position "3304 -840 0")
L 03/20/2014 - 22:05:07: "{SCG}Ezerva<52><STEAM_0:1:65442681><Blue>" say "!zf"
L 03/20/2014 - 22:05:08: "{BFG} Nikdragon<42><STEAM_0:0:78154965><Blue>" changed role to "spy"
L 03/20/2014 - 22:05:08: "{BFG} Nikdragon<42><STEAM_0:0:78154965><Blue>" committed suicide with "world" (attacker_position "4488 -2029 592")
L 03/20/2014 - 22:05:08: "RadioactiveSpaceRooster<50><STEAM_0:1:31547919><Blue>" triggered "milk_attack" against "Persi, the Neko God<12><STEAM_0:1:30286598><Red>" with "tf_weapon_jar" (attacker_position "3428 -981 0") (victim_position "3339 -799 0")
L 03/20/2014 - 22:05:12: "Shiny mew<47><STEAM_0:0:43768850><Red>" killed "Ozzzy<54><STEAM_0:0:33986421><Blue>" with "flamethrower" (attacker_position "3807 -909 0") (victim_position "3784 -961 7")
L 03/20/2014 - 22:05:12: "Tiera Foxglove<44><STEAM_0:1:42733307><Red>" triggered "kill assist" against "Ozzzy<54><STEAM_0:0:33986421><Blue>" (assister_position "3919 -760 0") (attacker_position "3807 -909 0") (victim_position "3784 -961 7")
L 03/20/2014 - 22:05:12: "Gord<10><STEAM_0:1:2327125><Red>" joined team "Blue"
L 03/20/2014 - 22:05:13: "Herrocopter<53><STEAM_0:0:50403197><Blue>" killed "Shiny mew<47><STEAM_0:0:43768850><Red>" with "eternal_reward" (customkill "backstab") (attacker_position "3661 -790 0") (victim_position "3717 -817 0")
L 03/20/2014 - 22:05:13: "Persi, the Neko God<12><STEAM_0:1:30286598><Red>" killed "{SCG}Ezerva<52><STEAM_0:1:65442681><Blue>" with "bleed_kill" (attacker_position "3917 -877 0") (victim_position "3719 -807 0")
L 03/20/2014 - 22:05:13: "Shiny mew<47><STEAM_0:0:43768850><Red>" triggered "kill assist" against "{SCG}Ezerva<52><STEAM_0:1:65442681><Blue>" (assister_position "3709 -824 14") (attacker_position "3917 -877 0") (victim_position "3719 -807 0")
L 03/20/2014 - 22:05:15: "RadioactiveSpaceRooster<50><STEAM_0:1:31547919><Blue>" killed "Tiera Foxglove<44><STEAM_0:1:42733307><Red>" with "holy_mackerel" (attacker_position "3535 -970 0") (victim_position "3496 -932 0")
L 03/20/2014 - 22:05:19: "Persi, the Neko God<12><STEAM_0:1:30286598><Red>" killed "Setsuna Carter<46><STEAM_0:0:20016330><Blue>" with "tribalkukri" (attacker_position "3843 -1036 7") (victim_position "3804 -986 7")
L 03/20/2014 - 22:05:19: "Tiera Foxglove<44><STEAM_0:1:42733307><Red>" triggered "kill assist" against "Setsuna Carter<46><STEAM_0:0:20016330><Blue>" (assister_position "3452 -889 14") (attacker_position "3843 -1036 7") (victim_position "3804 -986 7")
L 03/20/2014 - 22:05:19: "Tiera Foxglove<44><STEAM_0:1:42733307><Red>" killed "Myntey<59><STEAM_0:0:33841019><Blue>" with "rainblower" (attacker_position "3452 -889 14") (victim_position "4393 -1400 0")
L 03/20/2014 - 22:05:19: "Persi, the Neko God<12><STEAM_0:1:30286598><Red>" triggered "kill assist" against "Myntey<59><STEAM_0:0:33841019><Blue>" (assister_position "3864 -1006 7") (attacker_position "3452 -889 14") (victim_position "4393 -1400 0")
L 03/20/2014 - 22:05:19: "Shiny mew<47><STEAM_0:0:43768850><Red>" joined team "Blue"
L 03/20/2014 - 22:05:21: "Tiera Foxglove<44><STEAM_0:1:42733307><Red>" killed "Andy<51><STEAM_0:0:42727213><Blue>" with "rainblower" (attacker_position "3452 -889 14") (victim_position "3992 -865 0")
L 03/20/2014 - 22:05:21: "Tiera Foxglove<44><STEAM_0:1:42733307><Red>" joined team "Blue"
L 03/20/2014 - 22:05:22: "Ozzzy<54><STEAM_0:0:33986421><Blue>" say "!zf"
L 03/20/2014 - 22:05:22: "Herrocopter<53><STEAM_0:0:50403197><Blue>" triggered "captureblocked" (cp "0") (cpname "controll point") (position "3683 -977 0")
L 03/20/2014 - 22:05:22: "Herrocopter<53><STEAM_0:0:50403197><Blue>" killed "Persi, the Neko God<12><STEAM_0:1:30286598><Red>" with "eternal_reward" (attacker_position "3683 -977 0") (victim_position "3643 -1029 0")
L 03/20/2014 - 22:05:22: "Andy<51><STEAM_0:0:42727213><Blue>" triggered "kill assist" against "Persi, the Neko God<12><STEAM_0:1:30286598><Red>" (assister_position "3992 -865 14") (attacker_position "3683 -977 0") (victim_position "3643 -1029 0")
L 03/20/2014 - 22:05:23: World triggered "Round_Win" (winner "Blue")
L 03/20/2014 - 22:05:23: World triggered "Round_Length" (seconds "77.99")
L 03/20/2014 - 22:05:23: Team "Red" current score "0" with "1" players
L 03/20/2014 - 22:05:23: Team "Blue" current score "0" with "15" players
L 03/20/2014 - 22:05:27: "Gord<10><STEAM_0:1:2327125><Blue>" committed suicide with "world" (attacker_position "3314 -1796 -751")
L 03/20/2014 - 22:05:28: "toomoos<56><STEAM_0:1:33386821><Blue>" changed role to "demoman"
L 03/20/2014 - 22:05:28: "Persi, the Neko God<12><STEAM_0:1:30286598><Red>" joined team "Blue"
L 03/20/2014 - 22:05:34: "Blizzard (Sean)áƒ¦<27><STEAM_0:1:47938377><Blue>" committed suicide with "world" (attacker_position "4061 -1546 -22")
L 03/20/2014 - 22:05:38: World triggered "Round_Start"
L 03/20/2014 - 22:05:38: World triggered "Round_Setup_Begin"
L 03/20/2014 - 22:05:38: "Tiera Foxglove<44><STEAM_0:1:42733307><Blue>" joined team "Red"
L 03/20/2014 - 22:05:38: "RadioactiveSpaceRooster<50><STEAM_0:1:31547919><Blue>" joined team "Red"
L 03/20/2014 - 22:05:38: "Setsuna Carter<46><STEAM_0:0:20016330><Blue>" joined team "Red"
L 03/20/2014 - 22:05:38: "Shiny mew<47><STEAM_0:0:43768850><Blue>" joined team "Red"
L 03/20/2014 - 22:05:38: "Gord<10><STEAM_0:1:2327125><Blue>" joined team "Red"
L 03/20/2014 - 22:05:38: "{SCG}Ezerva<52><STEAM_0:1:65442681><Blue>" joined team "Red"
L 03/20/2014 - 22:05:38: "Persi, the Neko God<12><STEAM_0:1:30286598><Blue>" joined team "Red"
L 03/20/2014 - 22:05:38: "Herrocopter<53><STEAM_0:0:50403197><Blue>" joined team "Red"
L 03/20/2014 - 22:05:38: "Andy<51><STEAM_0:0:42727213><Blue>" joined team "Red"
L 03/20/2014 - 22:05:38: "Blizzard (Sean)áƒ¦<27><STEAM_0:1:47938377><Blue>" joined team "Red"
L 03/20/2014 - 22:05:38: "{BFG} Nikdragon<42><STEAM_0:0:78154965><Blue>" joined team "Red"
L 03/20/2014 - 22:05:38: "Ozzzy<54><STEAM_0:0:33986421><Blue>" joined team "Red"
L 03/20/2014 - 22:05:38: "PhD Corvo Charizard<55><STEAM_0:0:33167288><Blue>" joined team "Red"
L 03/20/2014 - 22:05:38: "toomoos<56><STEAM_0:1:33386821><Blue>" joined team "Red"
L 03/20/2014 - 22:05:38: "Fortune the Don<57><STEAM_0:0:33251108><Blue>" joined team "Red"
L 03/20/2014 - 22:05:38: "Myntey<59><STEAM_0:0:33841019><Blue>" joined team "Red"
L 03/20/2014 - 22:05:38: "{BFG} Nikdragon<42><STEAM_0:0:78154965><Red>" joined team "Blue"
L 03/20/2014 - 22:05:38: "Blizzard (Sean)áƒ¦<27><STEAM_0:1:47938377><Red>" joined team "Blue"
L 03/20/2014 - 22:05:38: "Myntey<59><STEAM_0:0:33841019><Red>" joined team "Blue"
L 03/20/2014 - 22:05:38: "toomoos<56><STEAM_0:1:33386821><Red>" joined team "Blue"
L 03/20/2014 - 22:05:38: "Fortune the Don<57><STEAM_0:0:33251108><Red>" joined team "Blue"
L 03/20/2014 - 22:05:38: "{SCG}Ezerva<52><STEAM_0:1:65442681><Red>" joined team "Blue"
L 03/20/2014 - 22:05:41: "Myntey<59><STEAM_0:0:33841019><Blue>" changed role to "sniper"
L 03/20/2014 - 22:05:41: "Myntey<59><STEAM_0:0:33841019><Blue>" committed suicide with "world" (attacker_position "1848 -3998 -95")
L 03/20/2014 - 22:05:41: "Herrocopter<53><STEAM_0:0:50403197><Red>" changed role to "demoman"
L 03/20/2014 - 22:05:42: "toomoos<56><STEAM_0:1:33386821><Blue>" changed role to "heavyweapons"
L 03/20/2014 - 22:05:42: "Andy<51><STEAM_0:0:42727213><Red>" changed role to "medic"
L 03/20/2014 - 22:05:42: "Blizzard (Sean)áƒ¦<27><STEAM_0:1:47938377><Blue>" changed role to "soldier"
L 03/20/2014 - 22:05:42: "Blizzard (Sean)áƒ¦<27><STEAM_0:1:47938377><Blue>" committed suicide with "world" (attacker_position "-884 -2088 240")
L 03/20/2014 - 22:05:42: "Setsuna Carter<46><STEAM_0:0:20016330><Red>" changed role to "scout"
L 03/20/2014 - 22:05:43: "Herrocopter<53><STEAM_0:0:50403197><Red>" changed role to "demoman"
L 03/20/2014 - 22:05:43: "Gord<10><STEAM_0:1:2327125><Red>" changed role to "sniper"
L 03/20/2014 - 22:05:43: "Myntey<59><STEAM_0:0:33841019><Blue>" changed role to "spy"
L 03/20/2014 - 22:05:43: "Myntey<59><STEAM_0:0:33841019><Blue>" committed suicide with "world" (attacker_position "1700 -3912 -95")
L 03/20/2014 - 22:05:44: "Ozzzy<54><STEAM_0:0:33986421><Red>" say "!zf"
L 03/20/2014 - 22:05:45: "Herrocopter<53><STEAM_0:0:50403197><Red>" changed role to "demoman"
L 03/20/2014 - 22:05:46: "Shiny mew<47><STEAM_0:0:43768850><Red>" changed role to "pyro"
L 03/20/2014 - 22:05:47: "Herrocopter<53><STEAM_0:0:50403197><Red>" changed role to "demoman"
L 03/20/2014 - 22:05:48: "{SCG}Ezerva<52><STEAM_0:1:65442681><Blue>" say "!zf"
L 03/20/2014 - 22:05:50: "Tiera Foxglove<44><STEAM_0:1:42733307><Red>" say "!zf"
L 03/20/2014 - 22:05:50: "PhD Corvo Charizard<55><STEAM_0:0:33167288><Red>" triggered "builtobject" (object "OBJ_SENTRYGUN") (position "136 -3931 3")
L 03/20/2014 - 22:05:56: "{BFG} Nikdragon<42><STEAM_0:0:78154965><Blue>" say "!zf"
L 03/20/2014 - 22:05:57: "Fortune the Don<57><STEAM_0:0:33251108><Blue>" say "!zf"
L 03/20/2014 - 22:05:58: "{SCG}Ezerva<52><STEAM_0:1:65442681><Blue>" changed role to "soldier"
L 03/20/2014 - 22:05:58: "{SCG}Ezerva<52><STEAM_0:1:65442681><Blue>" committed suicide with "world" (attacker_position "-24 -3473 0")
L 03/20/2014 - 22:05:58: World triggered "Round_Setup_End"
L 03/20/2014 - 22:06:01: "PhD Corvo Charizard<55><STEAM_0:0:33167288><Red>" killed "{BFG} Nikdragon<42><STEAM_0:0:78154965><Blue>" with "obj_minisentry" (attacker_position "67 -3784 4") (victim_position "42 -3318 0")
L 03/20/2014 - 22:06:08: "Setsuna Carter<46><STEAM_0:0:20016330><Red>" killed "Myntey<59><STEAM_0:0:33841019><Blue>" with "flamethrower" (attacker_position "189 -3390 0") (victim_position "-113 -3199 0")
L 03/20/2014 - 22:06:08: "PhD Corvo Charizard<55><STEAM_0:0:33167288><Red>" triggered "kill assist" against "Myntey<59><STEAM_0:0:33841019><Blue>" (assister_position "1304 -3210 0") (attacker_position "189 -3390 0") (victim_position "-113 -3199 0")
L 03/20/2014 - 22:06:11: "toomoos<56><STEAM_0:1:33386821><Blue>" killed "Tiera Foxglove<44><STEAM_0:1:42733307><Red>" with "spy_cicle" (customkill "backstab") (attacker_position "547 -3655 0") (victim_position "595 -3647 0")
L 03/20/2014 - 22:06:12: "{SCG}Ezerva<52><STEAM_0:1:65442681><Blue>" changed role to "scout"
L 03/20/2014 - 22:06:12: "Setsuna Carter<46><STEAM_0:0:20016330><Red>" killed "toomoos<56><STEAM_0:1:33386821><Blue>" with "flamethrower" (attacker_position "629 -3491 0") (victim_position "630 -3613 0")
L 03/20/2014 - 22:06:12: "RadioactiveSpaceRooster<50><STEAM_0:1:31547919><Red>" triggered "kill assist" against "toomoos<56><STEAM_0:1:33386821><Blue>" (assister_position "570 -3655 0") (attacker_position "629 -3491 0") (victim_position "630 -3613 0")
L 03/20/2014 - 22:06:17: "Tiera Foxglove<44><STEAM_0:1:42733307><Red>" joined team "Blue"
L 03/20/2014 - 22:06:21: "PhD Corvo Charizard<55><STEAM_0:0:33167288><Red>" killed "{SCG}Ezerva<52><STEAM_0:1:65442681><Blue>" with "obj_minisentry" (attacker_position "3708 -2033 4") (victim_position "180 -3618 0")
L 03/20/2014 - 22:06:21: "Myntey<59><STEAM_0:0:33841019><Blue>" killed "Persi, the Neko God<12><STEAM_0:1:30286598><Red>" with "knife" (customkill "backstab") (attacker_position "3438 -2985 0") (victim_position "3457 -2912 48")
L 03/20/2014 - 22:06:22: "Andy<51><STEAM_0:0:42727213><Red>" killed "Fortune the Don<57><STEAM_0:0:33251108><Blue>" with "ubersaw" (attacker_position "3748 -1154 6") (victim_position "3777 -1196 39")
L 03/20/2014 - 22:06:24: "Ozzzy<54><STEAM_0:0:33986421><Red>" killed "Myntey<59><STEAM_0:0:33841019><Blue>" with "flaregun" (attacker_position "3691 -2433 0") (victim_position "3390 -2914 0")
L 03/20/2014 - 22:06:25: "Herrocopter<53><STEAM_0:0:50403197><Red>" killed "Tiera Foxglove<44><STEAM_0:1:42733307><Blue>" with "paintrain" (attacker_position "3926 -986 2") (victim_position "3857 -1038 7")
L 03/20/2014 - 22:06:25: "Andy<51><STEAM_0:0:42727213><Red>" triggered "kill assist" against "Tiera Foxglove<44><STEAM_0:1:42733307><Blue>" (assister_position "3715 -778 0") (attacker_position "3926 -986 2") (victim_position "3857 -1038 7")
L 03/20/2014 - 22:06:27: "Persi, the Neko God<12><STEAM_0:1:30286598><Red>" say "!zf"
L 03/20/2014 - 22:06:27: "Persi, the Neko God<12><STEAM_0:1:30286598><Red>" joined team "Blue"
L 03/20/2014 - 22:06:30: "PhD Corvo Charizard<55><STEAM_0:0:33167288><Red>" triggered "builtobject" (object "OBJ_SENTRYGUN") (position "3613 -1023 0")
L 03/20/2014 - 22:06:30: "Gord<10><STEAM_0:1:2327125><Red>" killed "{SCG}Ezerva<52><STEAM_0:1:65442681><Blue>" with "sniperrifle" (customkill "headshot") (attacker_position "3208 -504 0") (victim_position "3810 -1431 238")
L 03/20/2014 - 22:06:30: "Ozzzy<54><STEAM_0:0:33986421><Red>" triggered "kill assist" against "{SCG}Ezerva<52><STEAM_0:1:65442681><Blue>" (assister_position "3741 -1340 0") (attacker_position "3208 -504 0") (victim_position "3810 -1431 238")
L 03/20/2014 - 22:06:34: "Myntey<59><STEAM_0:0:33841019><Blue>" killed "Herrocopter<53><STEAM_0:0:50403197><Red>" with "knife" (customkill "backstab") (attacker_position "3719 -811 0") (victim_position "3707 -895 0")
L 03/20/2014 - 22:06:34: "Fortune the Don<57><STEAM_0:0:33251108><Blue>" triggered "kill assist" against "Herrocopter<53><STEAM_0:0:50403197><Red>" (assister_position "4548 -2210 592") (attacker_position "3719 -811 0") (victim_position "3707 -895 0")
L 03/20/2014 - 22:06:35: "Myntey<59><STEAM_0:0:33841019><Blue>" killed "Ozzzy<54><STEAM_0:0:33986421><Red>" with "knife" (customkill "backstab") (attacker_position "3815 -985 7") (victim_position "3793 -1058 7")
L 03/20/2014 - 22:06:35: "PhD Corvo Charizard<55><STEAM_0:0:33167288><Red>" killed "Myntey<59><STEAM_0:0:33841019><Blue>" with "obj_minisentry" (attacker_position "3463 -1159 0") (victim_position "3815 -1027 7")
L 03/20/2014 - 22:06:35: "Shiny mew<47><STEAM_0:0:43768850><Red>" triggered "kill assist" against "Myntey<59><STEAM_0:0:33841019><Blue>" (assister_position "3721 -1047 7") (attacker_position "3463 -1159 0") (victim_position "3815 -1027 7")
L 03/20/2014 - 22:06:35: "Andy<51><STEAM_0:0:42727213><Red>" triggered "chargedeployed"
L 03/20/2014 - 22:06:36: "PhD Corvo Charizard<55><STEAM_0:0:33167288><Red>" killed "Tiera Foxglove<44><STEAM_0:1:42733307><Blue>" with "obj_minisentry" (attacker_position "3502 -955 0") (victim_position "3850 -1101 7")
L 03/20/2014 - 22:06:36: "Shiny mew<47><STEAM_0:0:43768850><Red>" triggered "kill assist" against "Tiera Foxglove<44><STEAM_0:1:42733307><Blue>" (assister_position "3789 -863 0") (attacker_position "3502 -955 0") (victim_position "3850 -1101 7")
L 03/20/2014 - 22:06:37: "RadioactiveSpaceRooster<50><STEAM_0:1:31547919><Red>" killed "{BFG} Nikdragon<42><STEAM_0:0:78154965><Blue>" with "ubersaw" (attacker_position "3758 -809 0") (victim_position "3706 -761 0")
L 03/20/2014 - 22:06:37: "PhD Corvo Charizard<55><STEAM_0:0:33167288><Red>" triggered "kill assist" against "{BFG} Nikdragon<42><STEAM_0:0:78154965><Blue>" (assister_position "3564 -824 0") (attacker_position "3758 -809 0") (victim_position "3706 -761 0")
L 03/20/2014 - 22:06:38: "Gord<10><STEAM_0:1:2327125><Red>" killed "{SCG}Ezerva<52><STEAM_0:1:65442681><Blue>" with "sniperrifle" (attacker_position "3218 -608 0") (victim_position "4362 -1225 553")
L 03/20/2014 - 22:06:40: "Herrocopter<53><STEAM_0:0:50403197><Red>" joined team "Blue"
L 03/20/2014 - 22:06:41: "Ozzzy<54><STEAM_0:0:33986421><Red>" joined team "Blue"
L 03/20/2014 - 22:06:41: "Shiny mew<47><STEAM_0:0:43768850><Red>" killed "toomoos<56><STEAM_0:1:33386821><Blue>" with "flamethrower" (attacker_position "3732 -1553 10") (victim_position "3717 -1700 4")
L 03/20/2014 - 22:06:41: "Ozzzy<54><STEAM_0:0:33986421><Blue>" triggered "kill assist" against "toomoos<56><STEAM_0:1:33386821><Blue>" (assister_position "4542 -1875 592") (attacker_position "3732 -1553 10") (victim_position "3717 -1700 4")
L 03/20/2014 - 22:06:42: "Ozzzy<54><STEAM_0:0:33986421><Blue>" say "goddamnit myntney"
L 03/20/2014 - 22:06:42: "PhD Corvo Charizard<55><STEAM_0:0:33167288><Red>" killed "Persi, the Neko God<12><STEAM_0:1:30286598><Blue>" with "shotgun_primary" (attacker_position "3473 -807 0") (victim_position "3587 -926 0")
L 03/20/2014 - 22:06:43: "PhD Corvo Charizard<55><STEAM_0:0:33167288><Red>" killed "Fortune the Don<57><STEAM_0:0:33251108><Blue>" with "obj_minisentry" (attacker_position "3378 -692 0") (victim_position "3210 -516 0")
L 03/20/2014 - 22:06:44: "Bilby<60><STEAM_0:0:12379989><>" connected, address "71.199.236.5:27005"
L 03/20/2014 - 22:06:44: "RadioactiveSpaceRooster<50><STEAM_0:1:31547919><Red>" triggered "chargedeployed"
L 03/20/2014 - 22:06:45: "Bilby<60><STEAM_0:0:12379989><>" STEAM USERID validated
L 03/20/2014 - 22:06:46: "Shiny mew<47><STEAM_0:0:43768850><Red>" killed "Myntey<59><STEAM_0:0:33841019><Blue>" with "flamethrower" (attacker_position "3283 -859 0") (victim_position "3278 -573 0")
L 03/20/2014 - 22:06:46: "PhD Corvo Charizard<55><STEAM_0:0:33167288><Red>" triggered "kill assist" against "Myntey<59><STEAM_0:0:33841019><Blue>" (assister_position "3598 -1291 0") (attacker_position "3283 -859 0") (victim_position "3278 -573 0")
L 03/20/2014 - 22:06:46: "Setsuna Carter<46><STEAM_0:0:20016330><Red>" killed "{SCG}Ezerva<52><STEAM_0:1:65442681><Blue>" with "flamethrower" (attacker_position "3690 -986 0") (victim_position "3764 -1169 4")
L 03/20/2014 - 22:06:47: "PhD Corvo Charizard<55><STEAM_0:0:33167288><Red>" killed "Herrocopter<53><STEAM_0:0:50403197><Blue>" with "shotgun_primary" (attacker_position "3397 -1099 0") (victim_position "3736 -1030 7")
L 03/20/2014 - 22:06:47: "Setsuna Carter<46><STEAM_0:0:20016330><Red>" triggered "kill assist" against "Herrocopter<53><STEAM_0:0:50403197><Blue>" (assister_position "3605 -979 0") (attacker_position "3397 -1099 0") (victim_position "3736 -1030 7")
L 03/20/2014 - 22:06:49: "Shiny mew<47><STEAM_0:0:43768850><Red>" killed "Ozzzy<54><STEAM_0:0:33986421><Blue>" with "flamethrower" (attacker_position "3541 -834 0") (victim_position "3396 -766 0")
L 03/20/2014 - 22:06:49: "Setsuna Carter<46><STEAM_0:0:20016330><Red>" killed "Tiera Foxglove<44><STEAM_0:1:42733307><Blue>" with "flamethrower" (attacker_position "3965 -992 0") (victim_position "3894 -1060 7")
L 03/20/2014 - 22:06:49: "Andy<51><STEAM_0:0:42727213><Red>" triggered "kill assist" against "Tiera Foxglove<44><STEAM_0:1:42733307><Blue>" (assister_position "3685 -1096 0") (attacker_position "3965 -992 0") (victim_position "3894 -1060 7")
L 03/20/2014 - 22:06:51: "{SCG}Ezerva<52><STEAM_0:1:65442681><Blue>" say "!zf"
L 03/20/2014 - 22:06:51: "Gord<10><STEAM_0:1:2327125><Red>" killed "Fortune the Don<57><STEAM_0:0:33251108><Blue>" with "sniperrifle" (customkill "headshot") (attacker_position "3208 -504 0") (victim_position "4295 -1765 608")
L 03/20/2014 - 22:06:52: "PhD Corvo Charizard<55><STEAM_0:0:33167288><Red>" triggered "builtobject" (object "OBJ_SENTRYGUN") (position "3654 -1234 0")
L 03/20/2014 - 22:06:55: "RadioactiveSpaceRooster<50><STEAM_0:1:31547919><Red>" killed "{BFG} Nikdragon<42><STEAM_0:0:78154965><Blue>" with "ubersaw" (attacker_position "3378 -887 0") (victim_position "3299 -869 0")
L 03/20/2014 - 22:06:55: "Andy<51><STEAM_0:0:42727213><Red>" triggered "kill assist" against "{BFG} Nikdragon<42><STEAM_0:0:78154965><Blue>" (assister_position "3755 -788 46") (attacker_position "3378 -887 0") (victim_position "3299 -869 0")
L 03/20/2014 - 22:06:59: "PhD Corvo Charizard<55><STEAM_0:0:33167288><Red>" killed "Tiera Foxglove<44><STEAM_0:1:42733307><Blue>" with "obj_minisentry" (attacker_position "3476 -1004 0") (victim_position "4559 -1482 514")
L 03/20/2014 - 22:06:59: Team "Red" triggered "pointcaptured" (cp "0") (cpname "controll point") (numcappers "5") (player1 "RadioactiveSpaceRooster<50><STEAM_0:1:31547919><Red>") (position1 "3631 -917 0") (player2 "Setsuna Carter<46><STEAM_0:0:20016330><Red>") (position2 "4031 -1053 0") (player3 "Shiny mew<47><STEAM_0:0:43768850><Red>") (position3 "3978 -834 0") (player4 "Andy<51><STEAM_0:0:42727213><Red>") (position4 "3800 -949 3") (player5 "PhD Corvo Charizard<55><STEAM_0:0:33167288><Red>") (position5 "3455 -931 0") 
L 03/20/2014 - 22:07:00: "PhD Corvo Charizard<55><STEAM_0:0:33167288><Red>" killed "{SCG}Ezerva<52><STEAM_0:1:65442681><Blue>" with "obj_minisentry" (attacker_position "3386 -935 0") (victim_position "4267 -1354 701")
L 03/20/2014 - 22:07:04: "Fortune the Don<57><STEAM_0:0:33251108><Blue>" say "gorddammit"
L 03/20/2014 - 22:07:07: "PhD Corvo Charizard<55><STEAM_0:0:33167288><Red>" killed "Fortune the Don<57><STEAM_0:0:33251108><Blue>" with "obj_minisentry" (attacker_position "2537 549 0") (victim_position "4089 -1159 249")
L 03/20/2014 - 22:07:09: "Tiera Foxglove<44><STEAM_0:1:42733307><Blue>" say "!zf"
L 03/20/2014 - 22:07:09: "PhD Corvo Charizard<55><STEAM_0:0:33167288><Red>" killed "toomoos<56><STEAM_0:1:33386821><Blue>" with "pistol" (attacker_position "2414 527 0") (victim_position "2514 984 0")
L 03/20/2014 - 22:07:14: "Herrocopter<53><STEAM_0:0:50403197><Blue>" triggered "medic_death" against "RadioactiveSpaceRooster<50><STEAM_0:1:31547919><Red>" (healing "73") (ubercharge "0")
L 03/20/2014 - 22:07:14: "Herrocopter<53><STEAM_0:0:50403197><Blue>" killed "RadioactiveSpaceRooster<50><STEAM_0:1:31547919><Red>" with "eviction_notice" (attacker_position "2428 1715 0") (victim_position "2382 1793 0")
L 03/20/2014 - 22:07:15: "Gord<10><STEAM_0:1:2327125><Red>" triggered "jarate_attack" against "Herrocopter<53><STEAM_0:0:50403197><Blue>" with "tf_weapon_jar" (attacker_position "2594 1406 0") (victim_position "2414 1767 0")
L 03/20/2014 - 22:07:15: "Gord<10><STEAM_0:1:2327125><Red>" triggered "jarate_attack" against "Ozzzy<54><STEAM_0:0:33986421><Blue>" with "tf_weapon_jar" (attacker_position "2594 1406 0") (victim_position "2458 1914 0")
L 03/20/2014 - 22:07:15: "PhD Corvo Charizard<55><STEAM_0:0:33167288><Red>" killed "Herrocopter<53><STEAM_0:0:50403197><Blue>" with "shotgun_primary" (attacker_position "2410 1643 0") (victim_position "2390 1783 0")
L 03/20/2014 - 22:07:15: "Gord<10><STEAM_0:1:2327125><Red>" triggered "kill assist" against "Herrocopter<53><STEAM_0:0:50403197><Blue>" (assister_position "2492 1460 0") (attacker_position "2410 1643 0") (victim_position "2390 1783 0")
L 03/20/2014 - 22:07:15: "PhD Corvo Charizard<55><STEAM_0:0:33167288><Red>" killed "Ozzzy<54><STEAM_0:0:33986421><Blue>" with "shotgun_primary" (attacker_position "2410 1643 0") (victim_position "2410 1845 0")
L 03/20/2014 - 22:07:15: "Gord<10><STEAM_0:1:2327125><Red>" triggered "kill assist" against "Ozzzy<54><STEAM_0:0:33986421><Blue>" (assister_position "2492 1460 0") (attacker_position "2410 1643 0") (victim_position "2410 1845 0")
L 03/20/2014 - 22:07:15: "Myntey<59><STEAM_0:0:33841019><Blue>" killed "PhD Corvo Charizard<55><STEAM_0:0:33167288><Red>" with "knife" (customkill "backstab") (attacker_position "2364 1610 0") (victim_position "2411 1619 0")
L 03/20/2014 - 22:07:16: "Fortune the Don<57><STEAM_0:0:33251108><Blue>" say "!zf"
L 03/20/2014 - 22:07:17: "Andy<51><STEAM_0:0:42727213><Red>" killed "{SCG}Ezerva<52><STEAM_0:1:65442681><Blue>" with "ubersaw" (attacker_position "2535 1522 0") (victim_position "2518 1570 0")
L 03/20/2014 - 22:07:18: "Bilby<60><STEAM_0:0:12379989><>" entered the game
L 03/20/2014 - 22:07:18: "Andy<51><STEAM_0:0:42727213><Red>" killed "Tiera Foxglove<44><STEAM_0:1:42733307><Blue>" with "ubersaw" (attacker_position "2416 1892 0") (victim_position "2401 1950 0")
L 03/20/2014 - 22:07:20: "RadioactiveSpaceRooster<50><STEAM_0:1:31547919><Red>" joined team "Blue"
L 03/20/2014 - 22:07:21: "Andy<51><STEAM_0:0:42727213><Red>" triggered "chargedeployed"
L 03/20/2014 - 22:07:21: "PhD Corvo Charizard<55><STEAM_0:0:33167288><Red>" joined team "Blue"
L 03/20/2014 - 22:07:22: "{SCG}Ezerva<52><STEAM_0:1:65442681><Blue>" say "!zf"
L 03/20/2014 - 22:07:27: "RadioactiveSpaceRooster<50><STEAM_0:1:31547919><Blue>" say_team "!zf"
L 03/20/2014 - 22:07:27: "Setsuna Carter<46><STEAM_0:0:20016330><Red>" killed "Myntey<59><STEAM_0:0:33841019><Blue>" with "flamethrower" (attacker_position "2352 2245 0") (victim_position "2306 2440 0")
L 03/20/2014 - 22:07:27: "Shiny mew<47><STEAM_0:0:43768850><Red>" triggered "kill assist" against "Myntey<59><STEAM_0:0:33841019><Blue>" (assister_position "2250 2399 0") (attacker_position "2352 2245 0") (victim_position "2306 2440 0")
L 03/20/2014 - 22:07:29: "Setsuna Carter<46><STEAM_0:0:20016330><Red>" killed "toomoos<56><STEAM_0:1:33386821><Blue>" with "flamethrower" (attacker_position "2158 2518 0") (victim_position "2143 2656 0")
L 03/20/2014 - 22:07:29: "Shiny mew<47><STEAM_0:0:43768850><Red>" triggered "kill assist" against "toomoos<56><STEAM_0:1:33386821><Blue>" (assister_position "2044 2650 0") (attacker_position "2158 2518 0") (victim_position "2143 2656 0")
L 03/20/2014 - 22:07:32: "Shiny mew<47><STEAM_0:0:43768850><Red>" killed "Persi, the Neko God<12><STEAM_0:1:30286598><Blue>" with "flamethrower" (attacker_position "1987 2923 0") (victim_position "2036 2911 0")
L 03/20/2014 - 22:07:32: "Andy<51><STEAM_0:0:42727213><Red>" triggered "kill assist" against "Persi, the Neko God<12><STEAM_0:1:30286598><Blue>" (assister_position "2108 2858 0") (attacker_position "1987 2923 0") (victim_position "2036 2911 0")
L 03/20/2014 - 22:07:34: "RadioactiveSpaceRooster<50><STEAM_0:1:31547919><Blue>" say "!zf"
L 03/20/2014 - 22:07:40: "Setsuna Carter<46><STEAM_0:0:20016330><Red>" killed "Herrocopter<53><STEAM_0:0:50403197><Blue>" with "flamethrower" (attacker_position "2070 1263 0") (victim_position "2135 1234 0")
L 03/20/2014 - 22:07:40: "Andy<51><STEAM_0:0:42727213><Red>" triggered "kill assist" against "Herrocopter<53><STEAM_0:0:50403197><Blue>" (assister_position "2164 1447 0") (attacker_position "2070 1263 0") (victim_position "2135 1234 0")
L 03/20/2014 - 22:07:41: "Andy<51><STEAM_0:0:42727213><Red>" triggered "chargedeployed"
L 03/20/2014 - 22:07:42: "Gord<10><STEAM_0:1:2327125><Red>" killed "Fortune the Don<57><STEAM_0:0:33251108><Blue>" with "bushwacka" (attacker_position "1896 1447 0") (victim_position "1903 1398 0")
L 03/20/2014 - 22:07:43: "Myntey<59><STEAM_0:0:33841019><Blue>" say "I'm what?"
L 03/20/2014 - 22:07:46: "Setsuna Carter<46><STEAM_0:0:20016330><Red>" killed "Ozzzy<54><STEAM_0:0:33986421><Blue>" with "flamethrower" (attacker_position "1719 1642 0") (victim_position "1727 1693 0")
L 03/20/2014 - 22:07:49: "Tiera Foxglove<44><STEAM_0:1:42733307><Blue>" killed "Gord<10><STEAM_0:1:2327125><Red>" with "sharp_dresser" (customkill "backstab") (attacker_position "1890 702 176") (victim_position "1897 654 176")
L 03/20/2014 - 22:07:49: "PhD Corvo Charizard<55><STEAM_0:0:33167288><Blue>" triggered "kill assist" against "Gord<10><STEAM_0:1:2327125><Red>" (assister_position "1933 606 176") (attacker_position "1890 702 176") (victim_position "1897 654 176")
L 03/20/2014 - 22:07:51: "Shiny mew<47><STEAM_0:0:43768850><Red>" killed "PhD Corvo Charizard<55><STEAM_0:0:33167288><Blue>" with "flamethrower" (attacker_position "1958 595 176") (victim_position "1952 673 176")
L 03/20/2014 - 22:07:51: "Ozzzy<54><STEAM_0:0:33986421><Blue>" changed role to "spy"
L 03/20/2014 - 22:07:54: "Andy<51><STEAM_0:0:42727213><Red>" killed "Tiera Foxglove<44><STEAM_0:1:42733307><Blue>" with "ubersaw" (attacker_position "2045 334 176") (victim_position "2052 373 176")
L 03/20/2014 - 22:07:54: "Andy<51><STEAM_0:0:42727213><Red>" triggered "domination" against "Tiera Foxglove<44><STEAM_0:1:42733307><Blue>"
L 03/20/2014 - 22:07:55: "Gord<10><STEAM_0:1:2327125><Red>" joined team "Blue"
L 03/20/2014 - 22:07:55: "Blizzard (Sean)áƒ¦<27><STEAM_0:1:47938377><Blue>" triggered "medic_death" against "Andy<51><STEAM_0:0:42727213><Red>" (healing "682") (ubercharge "0")
L 03/20/2014 - 22:07:55: "Blizzard (Sean)áƒ¦<27><STEAM_0:1:47938377><Blue>" killed "Andy<51><STEAM_0:0:42727213><Red>" with "spy_cicle" (customkill "backstab") (attacker_position "2026 596 176") (victim_position "1967 525 176")
L 03/20/2014 - 22:07:57: "Blizzard (Sean)áƒ¦<27><STEAM_0:1:47938377><Blue>" killed "Setsuna Carter<46><STEAM_0:0:20016330><Red>" with "spy_cicle" (customkill "backstab") (attacker_position "1704 285 197") (victim_position "1714 217 176")
L 03/20/2014 - 22:07:58: "Andy<51><STEAM_0:0:42727213><Red>" say "BLARGH"
L 03/20/2014 - 22:08:01: "Ozzzy<54><STEAM_0:0:33986421><Blue>" killed "Shiny mew<47><STEAM_0:0:43768850><Red>" with "sharp_dresser" (customkill "backstab") (attacker_position "1821 -304 176") (victim_position "1806 -360 180")
L 03/20/2014 - 22:08:01: "Andy<51><STEAM_0:0:42727213><Red>" say "Spies"
L 03/20/2014 - 22:08:01: "Andy<51><STEAM_0:0:42727213><Red>" joined team "Blue"
L 03/20/2014 - 22:08:01: World triggered "Round_Win" (winner "Blue")
L 03/20/2014 - 22:08:01: World triggered "Round_Length" (seconds "142.98")
L 03/20/2014 - 22:08:01: Team "Red" current score "1" with "2" players
L 03/20/2014 - 22:08:01: Team "Blue" current score "0" with "14" players
L 03/20/2014 - 22:08:01: "Andy<51><STEAM_0:0:42727213><Blue>" say "pls"
L 03/20/2014 - 22:08:03: "Setsuna Carter<46><STEAM_0:0:20016330><Red>" joined team "Blue"
L 03/20/2014 - 22:08:05: "Andy<51><STEAM_0:0:42727213><Blue>" committed suicide with "world" (attacker_position "-152 -95 995")
L 03/20/2014 - 22:08:07: "Shiny mew<47><STEAM_0:0:43768850><Red>" joined team "Blue"
L 03/20/2014 - 22:08:12: "Blizzard (Sean)áƒ¦<27><STEAM_0:1:47938377><Blue>" committed suicide with "world" (attacker_position "-1571 439 333")
L 03/20/2014 - 22:08:16: World triggered "Round_Start"
L 03/20/2014 - 22:08:16: World triggered "Round_Setup_Begin"
L 03/20/2014 - 22:08:16: "Tiera Foxglove<44><STEAM_0:1:42733307><Blue>" joined team "Red"
L 03/20/2014 - 22:08:16: "RadioactiveSpaceRooster<50><STEAM_0:1:31547919><Blue>" joined team "Red"
L 03/20/2014 - 22:08:16: "Setsuna Carter<46><STEAM_0:0:20016330><Blue>" joined team "Red"
L 03/20/2014 - 22:08:16: "Shiny mew<47><STEAM_0:0:43768850><Blue>" joined team "Red"
L 03/20/2014 - 22:08:16: "Gord<10><STEAM_0:1:2327125><Blue>" joined team "Red"
L 03/20/2014 - 22:08:16: "{SCG}Ezerva<52><STEAM_0:1:65442681><Blue>" joined team "Red"
L 03/20/2014 - 22:08:16: "Persi, the Neko God<12><STEAM_0:1:30286598><Blue>" joined team "Red"
L 03/20/2014 - 22:08:16: "Herrocopter<53><STEAM_0:0:50403197><Blue>" joined team "Red"
L 03/20/2014 - 22:08:16: "Andy<51><STEAM_0:0:42727213><Blue>" joined team "Red"
L 03/20/2014 - 22:08:16: "Blizzard (Sean)áƒ¦<27><STEAM_0:1:47938377><Blue>" joined team "Red"
L 03/20/2014 - 22:08:16: "{BFG} Nikdragon<42><STEAM_0:0:78154965><Blue>" joined team "Red"
L 03/20/2014 - 22:08:16: "Ozzzy<54><STEAM_0:0:33986421><Blue>" joined team "Red"
L 03/20/2014 - 22:08:16: "PhD Corvo Charizard<55><STEAM_0:0:33167288><Blue>" joined team "Red"
L 03/20/2014 - 22:08:16: "toomoos<56><STEAM_0:1:33386821><Blue>" joined team "Red"
L 03/20/2014 - 22:08:16: "Fortune the Don<57><STEAM_0:0:33251108><Blue>" joined team "Red"
L 03/20/2014 - 22:08:16: "Myntey<59><STEAM_0:0:33841019><Blue>" joined team "Red"
L 03/20/2014 - 22:08:17: "Gord<10><STEAM_0:1:2327125><Red>" joined team "Blue"
L 03/20/2014 - 22:08:17: "{BFG} Nikdragon<42><STEAM_0:0:78154965><Red>" joined team "Blue"
L 03/20/2014 - 22:08:17: "Blizzard (Sean)áƒ¦<27><STEAM_0:1:47938377><Red>" joined team "Blue"
L 03/20/2014 - 22:08:17: "RadioactiveSpaceRooster<50><STEAM_0:1:31547919><Red>" joined team "Blue"
L 03/20/2014 - 22:08:17: "Persi, the Neko God<12><STEAM_0:1:30286598><Red>" joined team "Blue"
L 03/20/2014 - 22:08:17: "toomoos<56><STEAM_0:1:33386821><Red>" joined team "Blue"
L 03/20/2014 - 22:08:19: "Ozzzy<54><STEAM_0:0:33986421><Red>" changed role to "heavyweapons"
L 03/20/2014 - 22:08:20: "Myntey<59><STEAM_0:0:33841019><Red>" joined team "Blue"
L 03/20/2014 - 22:08:20: "Myntey<59><STEAM_0:0:33841019><Blue>" committed suicide with "world" (attacker_position "36 -6414 143")
L 03/20/2014 - 22:08:20: "Tiera Foxglove<44><STEAM_0:1:42733307><Red>" changed role to "pyro"
L 03/20/2014 - 22:08:20: "toomoos<56><STEAM_0:1:33386821><Blue>" changed role to "heavyweapons"
L 03/20/2014 - 22:08:20: "Herrocopter<53><STEAM_0:0:50403197><Red>" changed role to "demoman"
L 03/20/2014 - 22:08:21: "Myntey<59><STEAM_0:0:33841019><Blue>" changed role to "spy"
L 03/20/2014 - 22:08:21: "Myntey<59><STEAM_0:0:33841019><Blue>" committed suicide with "world" (attacker_position "-943 -2074 240")
L 03/20/2014 - 22:08:21: "PhD Corvo Charizard<55><STEAM_0:0:33167288><Red>" changed role to "engineer"
L 03/20/2014 - 22:08:21: "{SCG}Ezerva<52><STEAM_0:1:65442681><Red>" changed role to "soldier"
L 03/20/2014 - 22:08:22: "Gord<10><STEAM_0:1:2327125><Blue>" say "i refuse to play engineer on zombie fortress cuz it makes me feel like an asshole"
L 03/20/2014 - 22:08:22: "Andy<51><STEAM_0:0:42727213><Red>" say "Fighting more than 1 spy at a time is the worst."
L 03/20/2014 - 22:08:22: "Setsuna Carter<46><STEAM_0:0:20016330><Red>" changed role to "medic"
L 03/20/2014 - 22:08:23: "Herrocopter<53><STEAM_0:0:50403197><Red>" changed role to "demoman"
L 03/20/2014 - 22:08:24: "Fortune the Don<57><STEAM_0:0:33251108><Red>" changed role to "engineer"
L 03/20/2014 - 22:08:24: "Herrocopter<53><STEAM_0:0:50403197><Red>" changed role to "demoman"
L 03/20/2014 - 22:08:26: "Herrocopter<53><STEAM_0:0:50403197><Red>" changed role to "demoman"
L 03/20/2014 - 22:08:28: "Herrocopter<53><STEAM_0:0:50403197><Red>" changed role to "pyro"
L 03/20/2014 - 22:08:30: "PhD Corvo Charizard<55><STEAM_0:0:33167288><Red>" triggered "builtobject" (object "OBJ_SENTRYGUN") (position "135 -3931 3")
L 03/20/2014 - 22:08:35: "Ozzzy<54><STEAM_0:0:33986421><Red>" changed role to "soldier"
L 03/20/2014 - 22:08:37: World triggered "Round_Setup_End"
L 03/20/2014 - 22:08:38: "{SCG}Ezerva<52><STEAM_0:1:65442681><Red>" say "!zf"
L 03/20/2014 - 22:08:40: "{BFG} Nikdragon<42><STEAM_0:0:78154965><Blue>" changed role to "spy"
L 03/20/2014 - 22:08:40: "Herrocopter<53><STEAM_0:0:50403197><Red>" killed "{BFG} Nikdragon<42><STEAM_0:0:78154965><Blue>" with "player" (attacker_position "96 -3960 6") (victim_position "114 -3595 53")
L 03/20/2014 - 22:08:40: "Tiera Foxglove<44><STEAM_0:1:42733307><Red>" triggered "kill assist" against "{BFG} Nikdragon<42><STEAM_0:0:78154965><Blue>" (assister_position "258 -4448 12") (attacker_position "96 -3960 6") (victim_position "114 -3595 53")
L 03/20/2014 - 22:08:41: "Shiny mew<47><STEAM_0:0:43768850><Red>" killed "RadioactiveSpaceRooster<50><STEAM_0:1:31547919><Blue>" with "sticky_resistance" (attacker_position "100 -4493 18") (victim_position "111 -3954 5")
L 03/20/2014 - 22:08:41: "PhD Corvo Charizard<55><STEAM_0:0:33167288><Red>" triggered "kill assist" against "RadioactiveSpaceRooster<50><STEAM_0:1:31547919><Blue>" (assister_position "17 -4172 8") (attacker_position "100 -4493 18") (victim_position "111 -3954 5")
L 03/20/2014 - 22:08:43: "Herrocopter<53><STEAM_0:0:50403197><Red>" killed "Gord<10><STEAM_0:1:2327125><Blue>" with "degreaser" (attacker_position "525 -3486 0") (victim_position "620 -3559 0")
L 03/20/2014 - 22:08:47: "Ozzzy<54><STEAM_0:0:33986421><Red>" killed "toomoos<56><STEAM_0:1:33386821><Blue>" with "blackbox" (attacker_position "388 -3613 0") (victim_position "368 -3535 0")
L 03/20/2014 - 22:08:47: "Setsuna Carter<46><STEAM_0:0:20016330><Red>" triggered "kill assist" against "toomoos<56><STEAM_0:1:33386821><Blue>" (assister_position "206 -3760 2") (attacker_position "388 -3613 0") (victim_position "368 -3535 0")
L 03/20/2014 - 22:08:47: "PhD Corvo Charizard<55><STEAM_0:0:33167288><Red>" killed "Persi, the Neko God<12><STEAM_0:1:30286598><Blue>" with "shotgun_primary" (attacker_position "670 -3446 0") (victim_position "983 -3490 0")
L 03/20/2014 - 22:08:47: "Herrocopter<53><STEAM_0:0:50403197><Red>" triggered "kill assist" against "Persi, the Neko God<12><STEAM_0:1:30286598><Blue>" (assister_position "1055 -3548 0") (attacker_position "670 -3446 0") (victim_position "983 -3490 0")
L 03/20/2014 - 22:08:48: "{BFG} Nikdragon<42><STEAM_0:0:78154965><Blue>" changed role to "spy"
L 03/20/2014 - 22:08:48: "{BFG} Nikdragon<42><STEAM_0:0:78154965><Blue>" committed suicide with "world" (attacker_position "-978 -2390 240")
L 03/20/2014 - 22:08:49: "Fortune the Don<57><STEAM_0:0:33251108><Red>" triggered "builtobject" (object "OBJ_SENTRYGUN") (position "173 -3514 0")
L 03/20/2014 - 22:08:51: "Bilby<60><STEAM_0:0:12379989><Unassigned>" joined team "Blue"
L 03/20/2014 - 22:08:52: "Ozzzy<54><STEAM_0:0:33986421><Red>" killed "Myntey<59><STEAM_0:0:33841019><Blue>" with "blackbox" (attacker_position "1172 -3287 0") (victim_position "1087 -3511 0")
L 03/20/2014 - 22:08:52: "Andy<51><STEAM_0:0:42727213><Red>" triggered "kill assist" against "Myntey<59><STEAM_0:0:33841019><Blue>" (assister_position "1130 -3402 0") (attacker_position "1172 -3287 0") (victim_position "1087 -3511 0")
L 03/20/2014 - 22:08:52: "Bilby<60><STEAM_0:0:12379989><Blue>" changed role to "scout"
L 03/20/2014 - 22:08:54: "Fortune the Don<57><STEAM_0:0:33251108><Red>" killed "Gord<10><STEAM_0:1:2327125><Blue>" with "obj_minisentry" (attacker_position "1326 -3137 0") (victim_position "-549 -3447 0")
L 03/20/2014 - 22:09:00: "Gord<10><STEAM_0:1:2327125><Blue>" say "!zf"
L 03/20/2014 - 22:09:01: "Fortune the Don<57><STEAM_0:0:33251108><Red>" triggered "killedobject" (object "OBJ_SENTRYGUN") (weapon "pda_engineer") (objectowner "Fortune the Don<57><STEAM_0:0:33251108><Red>") (attacker_position "3057 -2981 0")
L 03/20/2014 - 22:09:05: "PhD Corvo Charizard<55><STEAM_0:0:33167288><Red>" triggered "killedobject" (object "OBJ_SENTRYGUN") (weapon "pda_engineer") (objectowner "PhD Corvo Charizard<55><STEAM_0:0:33167288><Red>") (attacker_position "3659 -1357 0")
L 03/20/2014 - 22:09:06: "Tiera Foxglove<44><STEAM_0:1:42733307><Red>" killed "Blizzard (Sean)áƒ¦<27><STEAM_0:1:47938377><Blue>" with "rainblower" (attacker_position "2084 -3581 12") (victim_position "2109 -3488 1")
L 03/20/2014 - 22:09:06: "Setsuna Carter<46><STEAM_0:0:20016330><Red>" triggered "kill assist" against "Blizzard (Sean)áƒ¦<27><STEAM_0:1:47938377><Blue>" (assister_position "2192 -3522 44") (attacker_position "2084 -3581 12") (victim_position "2109 -3488 1")
L 03/20/2014 - 22:09:06: "PhD Corvo Charizard<55><STEAM_0:0:33167288><Red>" triggered "builtobject" (object "OBJ_SENTRYGUN") (position "3776 -1262 0")
L 03/20/2014 - 22:09:09: "Ozzzy<54><STEAM_0:0:33986421><Red>" killed "toomoos<56><STEAM_0:1:33386821><Blue>" with "blackbox" (attacker_position "3668 -1694 4") (victim_position "3691 -2277 10")
L 03/20/2014 - 22:09:09: "Andy<51><STEAM_0:0:42727213><Red>" triggered "kill assist" against "toomoos<56><STEAM_0:1:33386821><Blue>" (assister_position "3715 -2325 10") (attacker_position "3668 -1694 4") (victim_position "3691 -2277 10")
L 03/20/2014 - 22:09:10: "Fortune the Don<57><STEAM_0:0:33251108><Red>" triggered "builtobject" (object "OBJ_DISPENSER") (position "3632 -830 0")
L 03/20/2014 - 22:09:11: "Andy<51><STEAM_0:0:42727213><Red>" triggered "chargedeployed"
L 03/20/2014 - 22:09:13: "{SCG}Ezerva<52><STEAM_0:1:65442681><Red>" killed "Myntey<59><STEAM_0:0:33841019><Blue>" with "blackbox" (attacker_position "3648 -943 0") (victim_position "3769 -772 0")
L 03/20/2014 - 22:09:13: "Ozzzy<54><STEAM_0:0:33986421><Red>" triggered "kill assist" against "Myntey<59><STEAM_0:0:33841019><Blue>" (assister_position "3684 -943 0") (attacker_position "3648 -943 0") (victim_position "3769 -772 0")
L 03/20/2014 - 22:09:15: "Ozzzy<54><STEAM_0:0:33986421><Red>" killed "Persi, the Neko God<12><STEAM_0:1:30286598><Blue>" with "blackbox" (attacker_position "3913 -933 0") (victim_position "3759 -811 0")
L 03/20/2014 - 22:09:15: "PhD Corvo Charizard<55><STEAM_0:0:33167288><Red>" triggered "kill assist" against "Persi, the Neko God<12><STEAM_0:1:30286598><Blue>" (assister_position "3953 -807 0") (attacker_position "3913 -933 0") (victim_position "3759 -811 0")
L 03/20/2014 - 22:09:15: "Blizzard (Sean)áƒ¦<27><STEAM_0:1:47938377><Blue>" say ";-;"
L 03/20/2014 - 22:09:20: "{SCG}Ezerva<52><STEAM_0:1:65442681><Red>" killed "{BFG} Nikdragon<42><STEAM_0:0:78154965><Blue>" with "blackbox" (attacker_position "4273 -967 0") (victim_position "4374 -614 0")
L 03/20/2014 - 22:09:23: "Gord<10><STEAM_0:1:2327125><Blue>" say "omelettes are gord-tier you shut your whore mouth"
L 03/20/2014 - 22:09:31: "Myntey<59><STEAM_0:0:33841019><Blue>" killed "Fortune the Don<57><STEAM_0:0:33251108><Red>" with "knife" (customkill "backstab") (attacker_position "3602 -747 95") (victim_position "3650 -753 55")
L 03/20/2014 - 22:09:31: "Ozzzy<54><STEAM_0:0:33986421><Red>" killed "toomoos<56><STEAM_0:1:33386821><Blue>" with "blackbox" (attacker_position "4295 -1415 0") (victim_position "4583 -1413 0")
L 03/20/2014 - 22:09:31: "Tiera Foxglove<44><STEAM_0:1:42733307><Red>" triggered "kill assist" against "toomoos<56><STEAM_0:1:33386821><Blue>" (assister_position "3209 -504 0") (attacker_position "4295 -1415 0") (victim_position "4583 -1413 0")
L 03/20/2014 - 22:09:31: "Ozzzy<54><STEAM_0:0:33986421><Red>" triggered "domination" against "toomoos<56><STEAM_0:1:33386821><Blue>"
L 03/20/2014 - 22:09:36: "Shiny mew<47><STEAM_0:0:43768850><Red>" killed "Myntey<59><STEAM_0:0:33841019><Blue>" with "loose_cannon" (attacker_position "3653 -1009 0") (victim_position "3834 -2109 4")
L 03/20/2014 - 22:09:36: "Bilby<60><STEAM_0:0:12379989><Blue>" triggered "milk_attack" against "{SCG}Ezerva<52><STEAM_0:1:65442681><Red>" with "tf_weapon_jar" (attacker_position "3775 -1628 10") (victim_position "3304 -908 0")
L 03/20/2014 - 22:09:36: "Bilby<60><STEAM_0:0:12379989><Blue>" triggered "milk_attack" against "PhD Corvo Charizard<55><STEAM_0:0:33167288><Red>" with "tf_weapon_jar" (attacker_position "3775 -1628 10") (victim_position "3448 -932 0")
L 03/20/2014 - 22:09:37: "Ozzzy<54><STEAM_0:0:33986421><Red>" killed "Gord<10><STEAM_0:1:2327125><Blue>" with "blackbox" (attacker_position "3817 -1407 0") (victim_position "3630 -1703 53")
L 03/20/2014 - 22:09:37: "Herrocopter<53><STEAM_0:0:50403197><Red>" triggered "kill assist" against "Gord<10><STEAM_0:1:2327125><Blue>" (assister_position "3681 -999 0") (attacker_position "3817 -1407 0") (victim_position "3630 -1703 53")
L 03/20/2014 - 22:09:37: "Fortune the Don<57><STEAM_0:0:33251108><Red>" joined team "Blue"
L 03/20/2014 - 22:09:37: "Ozzzy<54><STEAM_0:0:33986421><Red>" killed "Bilby<60><STEAM_0:0:12379989><Blue>" with "blackbox" (attacker_position "3807 -1286 0") (victim_position "3855 -1279 0")
L 03/20/2014 - 22:09:37: "Herrocopter<53><STEAM_0:0:50403197><Red>" triggered "kill assist" against "Bilby<60><STEAM_0:0:12379989><Blue>" (assister_position "3802 -956 6") (attacker_position "3807 -1286 0") (victim_position "3855 -1279 0")
L 03/20/2014 - 22:09:38: "PhD Corvo Charizard<55><STEAM_0:0:33167288><Red>" killed "Blizzard (Sean)áƒ¦<27><STEAM_0:1:47938377><Blue>" with "shotgun_primary" (attacker_position "3682 -990 0") (victim_position "3300 -913 0")
L 03/20/2014 - 22:09:38: "Tiera Foxglove<44><STEAM_0:1:42733307><Red>" triggered "kill assist" against "Blizzard (Sean)áƒ¦<27><STEAM_0:1:47938377><Blue>" (assister_position "3277 -798 0") (attacker_position "3682 -990 0") (victim_position "3300 -913 0")
L 03/20/2014 - 22:09:38: "Fortune the Don<57><STEAM_0:0:33251108><Blue>" changed role to "scout"
L 03/20/2014 - 22:09:40: Team "Red" triggered "pointcaptured" (cp "0") (cpname "controll point") (numcappers "5") (player1 "Shiny mew<47><STEAM_0:0:43768850><Red>") (position1 "3842 -965 7") (player2 "{SCG}Ezerva<52><STEAM_0:1:65442681><Red>") (position2 "3613 -1117 0") (player3 "Herrocopter<53><STEAM_0:0:50403197><Red>") (position3 "3592 -1166 0") (player4 "Ozzzy<54><STEAM_0:0:33986421><Red>") (position4 "3774 -1408 0") (player5 "PhD Corvo Charizard<55><STEAM_0:0:33167288><Red>") (position5 "3447 -809 0") 
L 03/20/2014 - 22:09:41: "Fortune the Don<57><STEAM_0:0:33251108><Blue>" say "!zf"
L 03/20/2014 - 22:09:42: "Herrocopter<53><STEAM_0:0:50403197><Red>" killed "RadioactiveSpaceRooster<50><STEAM_0:1:31547919><Blue>" with "annihilator" (attacker_position "3680 -1423 0") (victim_position "3668 -1504 10")
L 03/20/2014 - 22:09:42: "Ozzzy<54><STEAM_0:0:33986421><Red>" triggered "kill assist" against "RadioactiveSpaceRooster<50><STEAM_0:1:31547919><Blue>" (assister_position "3629 -1553 10") (attacker_position "3680 -1423 0") (victim_position "3668 -1504 10")
L 03/20/2014 - 22:09:48: "Ozzzy<54><STEAM_0:0:33986421><Red>" killed "Persi, the Neko God<12><STEAM_0:1:30286598><Blue>" with "blackbox" (attacker_position "3169 -581 0") (victim_position "3133 -771 0")
L 03/20/2014 - 22:09:48: "{SCG}Ezerva<52><STEAM_0:1:65442681><Red>" triggered "kill assist" against "Persi, the Neko God<12><STEAM_0:1:30286598><Blue>" (assister_position "3386 -873 0") (attacker_position "3169 -581 0") (victim_position "3133 -771 0")
L 03/20/2014 - 22:09:54: "Fortune the Don<57><STEAM_0:0:33251108><Blue>" committed suicide with "world" (attacker_position "3870 -2143 -751")
L 03/20/2014 - 22:09:56: "{SCG}Ezerva<52><STEAM_0:1:65442681><Red>" killed "{BFG} Nikdragon<42><STEAM_0:0:78154965><Blue>" with "blackbox" (attacker_position "2395 -15 0") (victim_position "2530 -3 0")
L 03/20/2014 - 22:09:59: "Tiera Foxglove<44><STEAM_0:1:42733307><Red>" killed "Gord<10><STEAM_0:1:2327125><Blue>" with "rainblower" (attacker_position "2267 1814 0") (victim_position "2327 1767 0")
L 03/20/2014 - 22:09:59: "Setsuna Carter<46><STEAM_0:0:20016330><Red>" triggered "kill assist" against "Gord<10><STEAM_0:1:2327125><Blue>" (assister_position "2585 1833 0") (attacker_position "2267 1814 0") (victim_position "2327 1767 0")
L 03/20/2014 - 22:10:02: "Bilby<60><STEAM_0:0:12379989><Blue>" triggered "milk_attack" against "Tiera Foxglove<44><STEAM_0:1:42733307><Red>" with "tf_weapon_jar" (attacker_position "3383 1641 0") (victim_position "2367 1973 0")
L 03/20/2014 - 22:10:02: "Bilby<60><STEAM_0:0:12379989><Blue>" triggered "milk_attack" against "Herrocopter<53><STEAM_0:0:50403197><Red>" with "tf_weapon_jar" (attacker_position "3383 1641 0") (victim_position "2346 2015 0")
L 03/20/2014 - 22:10:02: "Ozzzy<54><STEAM_0:0:33986421><Red>" killed "toomoos<56><STEAM_0:1:33386821><Blue>" with "blackbox" (attacker_position "2455 837 0") (victim_position "2468 696 0")
L 03/20/2014 - 22:10:02: "{SCG}Ezerva<52><STEAM_0:1:65442681><Red>" triggered "kill assist" against "toomoos<56><STEAM_0:1:33386821><Blue>" (assister_position "2564 946 0") (attacker_position "2455 837 0") (victim_position "2468 696 0")
L 03/20/2014 - 22:10:05: "Andy<51><STEAM_0:0:42727213><Red>" triggered "chargedeployed"
L 03/20/2014 - 22:10:05: "Shiny mew<47><STEAM_0:0:43768850><Red>" killed "Blizzard (Sean)áƒ¦<27><STEAM_0:1:47938377><Blue>" with "loose_cannon_impact" (attacker_position "2102 2260 33") (victim_position "2095 2454 0")
L 03/20/2014 - 22:10:05: "Andy<51><STEAM_0:0:42727213><Red>" triggered "kill assist" against "Blizzard (Sean)áƒ¦<27><STEAM_0:1:47938377><Blue>" (assister_position "2049 2131 0") (attacker_position "2102 2260 33") (victim_position "2095 2454 0")
L 03/20/2014 - 22:10:08: "toomoos<56><STEAM_0:1:33386821><Blue>" changed role to "scout"
L 03/20/2014 - 22:10:08: "Tiera Foxglove<44><STEAM_0:1:42733307><Red>" killed "Myntey<59><STEAM_0:0:33841019><Blue>" with "rainblower" (attacker_position "1973 2657 0") (victim_position "2083 2464 0")
L 03/20/2014 - 22:10:08: "Setsuna Carter<46><STEAM_0:0:20016330><Red>" triggered "kill assist" against "Myntey<59><STEAM_0:0:33841019><Blue>" (assister_position "1915 2677 0") (attacker_position "1973 2657 0") (victim_position "2083 2464 0")
L 03/20/2014 - 22:10:18: "Herrocopter<53><STEAM_0:0:50403197><Red>" killed "Persi, the Neko God<12><STEAM_0:1:30286598><Blue>" with "annihilator" (attacker_position "2032 685 176") (victim_position "1976 742 176")
L 03/20/2014 - 22:10:18: "Tiera Foxglove<44><STEAM_0:1:42733307><Red>" triggered "kill assist" against "Persi, the Neko God<12><STEAM_0:1:30286598><Blue>" (assister_position "1955 1601 0") (attacker_position "2032 685 176") (victim_position "1976 742 176")
L 03/20/2014 - 22:10:21: "PhD Corvo Charizard<55><STEAM_0:0:33167288><Red>" triggered "builtobject" (object "OBJ_SENTRYGUN") (position "821 123 272")
L 03/20/2014 - 22:10:21: "Andy<51><STEAM_0:0:42727213><Red>" triggered "chargedeployed"
L 03/20/2014 - 22:10:21: "Tiera Foxglove<44><STEAM_0:1:42733307><Red>" killed "Bilby<60><STEAM_0:0:12379989><Blue>" with "rainblower" (attacker_position "2140 1252 0") (victim_position "2038 1154 0")
L 03/20/2014 - 22:10:21: "Setsuna Carter<46><STEAM_0:0:20016330><Red>" triggered "kill assist" against "Bilby<60><STEAM_0:0:12379989><Blue>" (assister_position "1896 1066 64") (attacker_position "2140 1252 0") (victim_position "2038 1154 0")
L 03/20/2014 - 22:10:23: "{SCG}Ezerva<52><STEAM_0:1:65442681><Red>" killed "Fortune the Don<57><STEAM_0:0:33251108><Blue>" with "blackbox" (attacker_position "929 312 272") (victim_position "753 197 272")
L 03/20/2014 - 22:10:23: "{SCG}Ezerva<52><STEAM_0:1:65442681><Red>" killed "toomoos<56><STEAM_0:1:33386821><Blue>" with "blackbox" (attacker_position "810 327 272") (victim_position "788 155 272")
L 03/20/2014 - 22:10:25: "Herrocopter<53><STEAM_0:0:50403197><Red>" killed "Blizzard (Sean)áƒ¦<27><STEAM_0:1:47938377><Blue>" with "reserve_shooter" (attacker_position "998 284 272") (victim_position "806 247 272")
L 03/20/2014 - 22:10:25: "PhD Corvo Charizard<55><STEAM_0:0:33167288><Red>" triggered "kill assist" against "Blizzard (Sean)áƒ¦<27><STEAM_0:1:47938377><Blue>" (assister_position "1041 121 240") (attacker_position "998 284 272") (victim_position "806 247 272")
L 03/20/2014 - 22:10:26: "Bilby<60><STEAM_0:0:12379989><Blue>" changed role to "spy"
L 03/20/2014 - 22:10:30: "PhD Corvo Charizard<55><STEAM_0:0:33167288><Red>" killed "Gord<10><STEAM_0:1:2327125><Blue>" with "shotgun_primary" (attacker_position "-458 112 480") (victim_position "-196 116 480")
L 03/20/2014 - 22:10:30: "Herrocopter<53><STEAM_0:0:50403197><Red>" triggered "kill assist" against "Gord<10><STEAM_0:1:2327125><Blue>" (assister_position "-47 113 480") (attacker_position "-458 112 480") (victim_position "-196 116 480")
L 03/20/2014 - 22:10:36: "Setsuna Carter<46><STEAM_0:0:20016330><Red>" triggered "player_extinguished" against "Tiera Foxglove<44><STEAM_0:1:42733307><Red>" with "tf_weapon_medigun" (attacker_position "-289 -109 480") (victim_position "-306 55 480")
L 03/20/2014 - 22:10:38: "Andy<51><STEAM_0:0:42727213><Red>" say "Ozzy ;-;"
L 03/20/2014 - 22:10:39: "{SCG}Ezerva<52><STEAM_0:1:65442681><Red>" killed "Persi, the Neko God<12><STEAM_0:1:30286598><Blue>" with "demokatana" (attacker_position "-147 322 480") (victim_position "-86 305 480")
L 03/20/2014 - 22:10:39: "Tiera Foxglove<44><STEAM_0:1:42733307><Red>" triggered "kill assist" against "Persi, the Neko God<12><STEAM_0:1:30286598><Blue>" (assister_position "-956 -63 384") (attacker_position "-147 322 480") (victim_position "-86 305 480")
L 03/20/2014 - 22:10:40: "PhD Corvo Charizard<55><STEAM_0:0:33167288><Red>" triggered "killedobject" (object "OBJ_SENTRYGUN") (weapon "pda_engineer") (objectowner "PhD Corvo Charizard<55><STEAM_0:0:33167288><Red>") (attacker_position "-2175 374 176")
L 03/20/2014 - 22:10:40: "Fortune the Don<57><STEAM_0:0:33251108><Blue>" say "penith"
L 03/20/2014 - 22:10:41: "PhD Corvo Charizard<55><STEAM_0:0:33167288><Red>" triggered "builtobject" (object "OBJ_SENTRYGUN") (position "-2221 327 176")
L 03/20/2014 - 22:10:46: "Myntey<59><STEAM_0:0:33841019><Blue>" killed "Shiny mew<47><STEAM_0:0:43768850><Red>" with "knife" (customkill "backstab") (attacker_position "858 106 272") (victim_position "854 31 272")
L 03/20/2014 - 22:10:49: "PhD Corvo Charizard<55><STEAM_0:0:33167288><Red>" killed "toomoos<56><STEAM_0:1:33386821><Blue>" with "obj_minisentry" (attacker_position "-2489 382 176") (victim_position "-2022 -134 184")
L 03/20/2014 - 22:10:52: "Shiny mew<47><STEAM_0:0:43768850><Red>" joined team "Blue"
L 03/20/2014 - 22:10:53: "PhD Corvo Charizard<55><STEAM_0:0:33167288><Red>" killed "Bilby<60><STEAM_0:0:12379989><Blue>" with "obj_minisentry" (attacker_position "-2489 432 176") (victim_position "-2194 621 234")
L 03/20/2014 - 22:10:55: "PhD Corvo Charizard<55><STEAM_0:0:33167288><Red>" killed "Myntey<59><STEAM_0:0:33841019><Blue>" with "obj_minisentry" (attacker_position "-2476 362 176") (victim_position "-2431 61 176")
L 03/20/2014 - 22:10:56: "Felsidium<61><STEAM_0:1:16181944><>" connected, address "71.7.217.162:27005"
L 03/20/2014 - 22:10:56: "Felsidium<61><STEAM_0:1:16181944><>" STEAM USERID validated
L 03/20/2014 - 22:11:02: "{SCG}Ezerva<52><STEAM_0:1:65442681><Red>" killed "Fortune the Don<57><STEAM_0:0:33251108><Blue>" with "demokatana" (attacker_position "-1946 334 176") (victim_position "-1974 406 176")
L 03/20/2014 - 22:11:02: "Andy<51><STEAM_0:0:42727213><Red>" triggered "kill assist" against "Fortune the Don<57><STEAM_0:0:33251108><Blue>" (assister_position "-2220 -115 176") (attacker_position "-1946 334 176") (victim_position "-1974 406 176")
L 03/20/2014 - 22:11:05: "Ozzzy<54><STEAM_0:0:33986421><Red>" killed "RadioactiveSpaceRooster<50><STEAM_0:1:31547919><Blue>" with "blackbox" (attacker_position "-2343 332 176") (victim_position "-1967 390 176")
L 03/20/2014 - 22:11:11: "Setsuna Carter<46><STEAM_0:0:20016330><Red>" triggered "chargedeployed"
L 03/20/2014 - 22:11:13: "Tiera Foxglove<44><STEAM_0:1:42733307><Red>" killed "Blizzard (Sean)áƒ¦<27><STEAM_0:1:47938377><Blue>" with "rainblower" (attacker_position "-2099 228 183") (victim_position "-2012 315 176")
L 03/20/2014 - 22:11:13: "Setsuna Carter<46><STEAM_0:0:20016330><Red>" triggered "kill assist" against "Blizzard (Sean)áƒ¦<27><STEAM_0:1:47938377><Blue>" (assister_position "-2159 43 176") (attacker_position "-2099 228 183") (victim_position "-2012 315 176")
L 03/20/2014 - 22:11:13: "Tiera Foxglove<44><STEAM_0:1:42733307><Red>" killed "Shiny mew<47><STEAM_0:0:43768850><Blue>" with "rainblower" (attacker_position "-2099 233 183") (victim_position "-2051 233 183")
L 03/20/2014 - 22:11:13: "Setsuna Carter<46><STEAM_0:0:20016330><Red>" triggered "kill assist" against "Shiny mew<47><STEAM_0:0:43768850><Blue>" (assister_position "-2165 37 176") (attacker_position "-2099 233 183") (victim_position "-2051 233 183")
L 03/20/2014 - 22:11:13: "{SCG}Ezerva<52><STEAM_0:1:65442681><Red>" killed "toomoos<56><STEAM_0:1:33386821><Blue>" with "demokatana" (attacker_position "-2329 324 176") (victim_position "-2268 335 176")
L 03/20/2014 - 22:11:13: "Herrocopter<53><STEAM_0:0:50403197><Red>" triggered "kill assist" against "toomoos<56><STEAM_0:1:33386821><Blue>" (assister_position "-2312 123 176") (attacker_position "-2329 324 176") (victim_position "-2268 335 176")
L 03/20/2014 - 22:11:14: Team "Red" triggered "pointcaptured" (cp "1") (cpname "controll point") (numcappers "6") (player1 "Tiera Foxglove<44><STEAM_0:1:42733307><Red>") (position1 "-2177 426 176") (player2 "Setsuna Carter<46><STEAM_0:0:20016330><Red>") (position2 "-2055 63 176") (player3 "{SCG}Ezerva<52><STEAM_0:1:65442681><Red>") (position3 "-2144 420 176") (player4 "Herrocopter<53><STEAM_0:0:50403197><Red>") (position4 "-2329 279 176") (player5 "Ozzzy<54><STEAM_0:0:33986421><Red>") (position5 "-2447 389 176") (player6 "PhD Corvo Charizard<55><STEAM_0:0:33167288><Red>") (position6 "-2490 396 176") 
L 03/20/2014 - 22:11:14: "Andy<51><STEAM_0:0:42727213><Red>" killed "Gord<10><STEAM_0:1:2327125><Blue>" with "ubersaw" (attacker_position "-2735 514 192") (victim_position "-2710 576 191")
L 03/20/2014 - 22:11:14: "Ozzzy<54><STEAM_0:0:33986421><Red>" triggered "kill assist" against "Gord<10><STEAM_0:1:2327125><Blue>" (assister_position "-2446 353 176") (attacker_position "-2735 514 192") (victim_position "-2710 576 191")
L 03/20/2014 - 22:11:15: "Tiera Foxglove<44><STEAM_0:1:42733307><Red>" killed "{BFG} Nikdragon<42><STEAM_0:0:78154965><Blue>" with "rainblower" (attacker_position "-2404 536 176") (victim_position "-2549 603 176")
L 03/20/2014 - 22:11:15: "Setsuna Carter<46><STEAM_0:0:20016330><Red>" triggered "kill assist" against "{BFG} Nikdragon<42><STEAM_0:0:78154965><Blue>" (assister_position "-2375 248 176") (attacker_position "-2404 536 176") (victim_position "-2549 603 176")
L 03/20/2014 - 22:11:15: "Andy<51><STEAM_0:0:42727213><Red>" triggered "chargedeployed"
L 03/20/2014 - 22:11:16: "RadioactiveSpaceRooster<50><STEAM_0:1:31547919><Blue>" say "!rtv"
L 03/20/2014 - 22:11:16: "Ozzzy<54><STEAM_0:0:33986421><Red>" killed "Myntey<59><STEAM_0:0:33841019><Blue>" with "blackbox" (attacker_position "-2393 706 176") (victim_position "-2451 500 176")
L 03/20/2014 - 22:11:16: "Tiera Foxglove<44><STEAM_0:1:42733307><Red>" triggered "kill assist" against "Myntey<59><STEAM_0:0:33841019><Blue>" (assister_position "-2496 584 176") (attacker_position "-2393 706 176") (victim_position "-2451 500 176")
L 03/20/2014 - 22:11:18: "Herrocopter<53><STEAM_0:0:50403197><Red>" killed "Persi, the Neko God<12><STEAM_0:1:30286598><Blue>" with "annihilator" (attacker_position "-2451 74 176") (victim_position "-2393 62 176")
L 03/20/2014 - 22:11:18: "Tiera Foxglove<44><STEAM_0:1:42733307><Red>" triggered "kill assist" against "Persi, the Neko God<12><STEAM_0:1:30286598><Blue>" (assister_position "-2411 265 176") (attacker_position "-2451 74 176") (victim_position "-2393 62 176")
L 03/20/2014 - 22:11:21: "Gord<10><STEAM_0:1:2327125><Blue>" changed role to "heavyweapons"
L 03/20/2014 - 22:11:22: "Gord<10><STEAM_0:1:2327125><Blue>" say "!zf"
L 03/20/2014 - 22:11:26: "Gord<10><STEAM_0:1:2327125><Blue>" say "i agre"
L 03/20/2014 - 22:11:28: "Gord<10><STEAM_0:1:2327125><Blue>" say "agree"
L 03/20/2014 - 22:11:32: "Andy<51><STEAM_0:0:42727213><Red>" killed "Shiny mew<47><STEAM_0:0:43768850><Blue>" with "ubersaw" (attacker_position "-3932 1914 225") (victim_position "-3912 1978 223")
L 03/20/2014 - 22:11:34: "Ozzzy<54><STEAM_0:0:33986421><Red>" killed "Gord<10><STEAM_0:1:2327125><Blue>" with "blackbox" (attacker_position "-4009 2353 344") (victim_position "-3911 2237 226")
L 03/20/2014 - 22:11:39: "Persi, the Neko God<12><STEAM_0:1:30286598><Blue>" killed "Ozzzy<54><STEAM_0:0:33986421><Red>" with "fists" (attacker_position "-4194 3126 199") (victim_position "-4181 3174 219")
L 03/20/2014 - 22:11:42: "Herrocopter<53><STEAM_0:0:50403197><Red>" killed "Persi, the Neko God<12><STEAM_0:1:30286598><Blue>" with "reserve_shooter" (attacker_position "-4207 3047 209") (victim_position "-4111 3560 180")
L 03/20/2014 - 22:11:42: "Andy<51><STEAM_0:0:42727213><Red>" triggered "kill assist" against "Persi, the Neko God<12><STEAM_0:1:30286598><Blue>" (assister_position "-4221 3036 229") (attacker_position "-4207 3047 209") (victim_position "-4111 3560 180")
L 03/20/2014 - 22:11:42: "Herrocopter<53><STEAM_0:0:50403197><Red>" triggered "domination" against "Persi, the Neko God<12><STEAM_0:1:30286598><Blue>"
L 03/20/2014 - 22:11:43: "PhD Corvo Charizard<55><STEAM_0:0:33167288><Red>" killed "Myntey<59><STEAM_0:0:33841019><Blue>" with "shotgun_primary" (attacker_position "-4128 3415 186") (victim_position "-4115 3785 179")
L 03/20/2014 - 22:11:43: "Tiera Foxglove<44><STEAM_0:1:42733307><Red>" triggered "kill assist" against "Myntey<59><STEAM_0:0:33841019><Blue>" (assister_position "-3922 3405 182") (attacker_position "-4128 3415 186") (victim_position "-4115 3785 179")
L 03/20/2014 - 22:11:43: "Gord<10><STEAM_0:1:2327125><Blue>" say "i like people in this server too much though"
L 03/20/2014 - 22:11:45: "Ozzzy<54><STEAM_0:0:33986421><Red>" joined team "Blue"
L 03/20/2014 - 22:11:46: "Herrocopter<53><STEAM_0:0:50403197><Red>" killed "Fortune the Don<57><STEAM_0:0:33251108><Blue>" with "annihilator" (attacker_position "-4252 3539 224") (victim_position "-4247 3472 194")
L 03/20/2014 - 22:11:51: "toomoos<56><STEAM_0:1:33386821><Blue>" killed "Herrocopter<53><STEAM_0:0:50403197><Red>" with "sandman" (attacker_position "-4167 3576 185") (victim_position "-4199 3528 189")
L 03/20/2014 - 22:11:56: "PhD Corvo Charizard<55><STEAM_0:0:33167288><Red>" triggered "builtobject" (object "OBJ_SENTRYGUN") (position "-2961 4690 -319")
L 03/20/2014 - 22:11:56: "Andy<51><STEAM_0:0:42727213><Red>" killed "Gord<10><STEAM_0:1:2327125><Blue>" with "ubersaw" (attacker_position "-3507 5015 -175") (victim_position "-3441 4976 -175")
L 03/20/2014 - 22:11:56: "Tiera Foxglove<44><STEAM_0:1:42733307><Red>" triggered "kill assist" against "Gord<10><STEAM_0:1:2327125><Blue>" (assister_position "-3335 5059 -175") (attacker_position "-3507 5015 -175") (victim_position "-3441 4976 -175")
L 03/20/2014 - 22:11:57: "Herrocopter<53><STEAM_0:0:50403197><Red>" joined team "Blue"
L 03/20/2014 - 22:11:58: "Myntey<59><STEAM_0:0:33841019><Blue>" killed "PhD Corvo Charizard<55><STEAM_0:0:33167288><Red>" with "knife" (customkill "backstab") (attacker_position "-2361 4493 -292") (victim_position "-2357 4544 -319")
L 03/20/2014 - 22:12:01: "Andy<51><STEAM_0:0:42727213><Red>" triggered "chargedeployed"
L 03/20/2014 - 22:12:04: "PhD Corvo Charizard<55><STEAM_0:0:33167288><Red>" joined team "Blue"
L 03/20/2014 - 22:12:05: "{SCG}Ezerva<52><STEAM_0:1:65442681><Red>" killed "toomoos<56><STEAM_0:1:33386821><Blue>" with "demokatana" (attacker_position "-2921 4704 -319") (victim_position "-2873 4694 -319")
L 03/20/2014 - 22:12:05: "Setsuna Carter<46><STEAM_0:0:20016330><Red>" triggered "kill assist" against "toomoos<56><STEAM_0:1:33386821><Blue>" (assister_position "-2863 4490 -288") (attacker_position "-2921 4704 -319") (victim_position "-2873 4694 -319")
L 03/20/2014 - 22:12:05: "{SCG}Ezerva<52><STEAM_0:1:65442681><Red>" triggered "domination" against "toomoos<56><STEAM_0:1:33386821><Blue>"
L 03/20/2014 - 22:12:07: "Tiera Foxglove<44><STEAM_0:1:42733307><Red>" killed "Blizzard (Sean)áƒ¦<27><STEAM_0:1:47938377><Blue>" with "scorchshot" (attacker_position "-1889 5002 -319") (victim_position "-1952 4938 -319")
L 03/20/2014 - 22:12:07: "Andy<51><STEAM_0:0:42727213><Red>" triggered "kill assist" against "Blizzard (Sean)áƒ¦<27><STEAM_0:1:47938377><Blue>" (assister_position "-2059 5190 -319") (attacker_position "-1889 5002 -319") (victim_position "-1952 4938 -319")
L 03/20/2014 - 22:12:07: "Tiera Foxglove<44><STEAM_0:1:42733307><Red>" triggered "domination" against "Blizzard (Sean)áƒ¦<27><STEAM_0:1:47938377><Blue>"
L 03/20/2014 - 22:12:08: "Herrocopter<53><STEAM_0:0:50403197><Blue>" killed "{SCG}Ezerva<52><STEAM_0:1:65442681><Red>" with "ham_shank" (attacker_position "-2655 4647 -319") (victim_position "-2700 4629 -319")
L 03/20/2014 - 22:12:08: "Ozzzy<54><STEAM_0:0:33986421><Blue>" triggered "kill assist" against "{SCG}Ezerva<52><STEAM_0:1:65442681><Red>" (assister_position "-2743 4595 -319") (attacker_position "-2655 4647 -319") (victim_position "-2700 4629 -319")
L 03/20/2014 - 22:12:08: "Bilby<60><STEAM_0:0:12379989><Blue>" triggered "medic_death" against "Setsuna Carter<46><STEAM_0:0:20016330><Red>" (healing "582") (ubercharge "0")
L 03/20/2014 - 22:12:08: "Bilby<60><STEAM_0:0:12379989><Blue>" killed "Setsuna Carter<46><STEAM_0:0:20016330><Red>" with "black_rose" (customkill "backstab") (attacker_position "-1966 4692 -319") (victim_position "-1923 4759 -294")
L 03/20/2014 - 22:12:08: "Persi, the Neko God<12><STEAM_0:1:30286598><Blue>" triggered "kill assist" against "Setsuna Carter<46><STEAM_0:0:20016330><Red>" (assister_position "-2067 4646 -319") (attacker_position "-1966 4692 -319") (victim_position "-1923 4759 -294")
L 03/20/2014 - 22:12:09: "Blizzard (Sean)áƒ¦<27><STEAM_0:1:47938377><Blue>" say "OW"
L 03/20/2014 - 22:12:09: "Andy<51><STEAM_0:0:42727213><Red>" killed "Shiny mew<47><STEAM_0:0:43768850><Blue>" with "ubersaw" (attacker_position "-1899 5104 -319") (victim_position "-1851 5133 -319")
L 03/20/2014 - 22:12:09: "Tiera Foxglove<44><STEAM_0:1:42733307><Red>" triggered "kill assist" against "Shiny mew<47><STEAM_0:0:43768850><Blue>" (assister_position "-1411 4956 -319") (attacker_position "-1899 5104 -319") (victim_position "-1851 5133 -319")
L 03/20/2014 - 22:12:14: "{SCG}Ezerva<52><STEAM_0:1:65442681><Red>" joined team "Blue"
L 03/20/2014 - 22:12:15: "Andy<51><STEAM_0:0:42727213><Red>" triggered "chargedeployed"
L 03/20/2014 - 22:12:15: "Setsuna Carter<46><STEAM_0:0:20016330><Red>" joined team "Blue"
L 03/20/2014 - 22:12:16: "Tiera Foxglove<44><STEAM_0:1:42733307><Red>" killed "Herrocopter<53><STEAM_0:0:50403197><Blue>" with "rainblower" (attacker_position "-961 4929 -495") (victim_position "-832 4885 -495")
L 03/20/2014 - 22:12:16: "Andy<51><STEAM_0:0:42727213><Red>" triggered "kill assist" against "Herrocopter<53><STEAM_0:0:50403197><Blue>" (assister_position "-774 5096 -495") (attacker_position "-961 4929 -495") (victim_position "-832 4885 -495")
L 03/20/2014 - 22:12:16: "Tiera Foxglove<44><STEAM_0:1:42733307><Red>" killed "Myntey<59><STEAM_0:0:33841019><Blue>" with "rainblower" (attacker_position "-900 4936 -495") (victim_position "-784 4866 -495")
L 03/20/2014 - 22:12:16: "Andy<51><STEAM_0:0:42727213><Red>" triggered "kill assist" against "Myntey<59><STEAM_0:0:33841019><Blue>" (assister_position "-651 4947 -495") (attacker_position "-900 4936 -495") (victim_position "-784 4866 -495")
L 03/20/2014 - 22:12:16: "Tiera Foxglove<44><STEAM_0:1:42733307><Red>" triggered "domination" against "Myntey<59><STEAM_0:0:33841019><Blue>"
L 03/20/2014 - 22:12:17: "Tiera Foxglove<44><STEAM_0:1:42733307><Red>" killed "Gord<10><STEAM_0:1:2327125><Blue>" with "rainblower" (attacker_position "-867 4896 -495") (victim_position "-812 4698 -495")
L 03/20/2014 - 22:12:17: "Andy<51><STEAM_0:0:42727213><Red>" triggered "kill assist" against "Gord<10><STEAM_0:1:2327125><Blue>" (assister_position "-788 5071 -495") (attacker_position "-867 4896 -495") (victim_position "-812 4698 -495")
L 03/20/2014 - 22:12:17: "Tiera Foxglove<44><STEAM_0:1:42733307><Red>" triggered "domination" against "Gord<10><STEAM_0:1:2327125><Blue>"
L 03/20/2014 - 22:12:19: "Tiera Foxglove<44><STEAM_0:1:42733307><Red>" killed "{SCG}Ezerva<52><STEAM_0:1:65442681><Blue>" with "rainblower" (attacker_position "-789 4840 -495") (victim_position "-801 4792 -495")
L 03/20/2014 - 22:12:19: "Andy<51><STEAM_0:0:42727213><Red>" triggered "kill assist" against "{SCG}Ezerva<52><STEAM_0:1:65442681><Blue>" (assister_position "-912 5080 -495") (attacker_position "-789 4840 -495") (victim_position "-801 4792 -495")
L 03/20/2014 - 22:12:21: "Tiera Foxglove<44><STEAM_0:1:42733307><Red>" killed "Ozzzy<54><STEAM_0:0:33986421><Blue>" with "rainblower" (attacker_position "-797 4792 -495") (victim_position "-879 4915 -495")
L 03/20/2014 - 22:12:21: "Andy<51><STEAM_0:0:42727213><Red>" triggered "kill assist" against "Ozzzy<54><STEAM_0:0:33986421><Blue>" (assister_position "-833 4493 -495") (attacker_position "-797 4792 -495") (victim_position "-879 4915 -495")
L 03/20/2014 - 22:12:21: "Tiera Foxglove<44><STEAM_0:1:42733307><Red>" killed "toomoos<56><STEAM_0:1:33386821><Blue>" with "rainblower" (attacker_position "-803 4792 -495") (victim_position "-836 4840 -495")
L 03/20/2014 - 22:12:21: "Andy<51><STEAM_0:0:42727213><Red>" triggered "kill assist" against "toomoos<56><STEAM_0:1:33386821><Blue>" (assister_position "-824 4481 -495") (attacker_position "-803 4792 -495") (victim_position "-836 4840 -495")
L 03/20/2014 - 22:12:25: "RadioactiveSpaceRooster<50><STEAM_0:1:31547919><Blue>" killed "Tiera Foxglove<44><STEAM_0:1:42733307><Red>" with "fists" (attacker_position "-724 4735 -495") (victim_position "-758 4704 -495")
L 03/20/2014 - 22:12:25: "Fortune the Don<57><STEAM_0:0:33251108><Blue>" triggered "kill assist" against "Tiera Foxglove<44><STEAM_0:1:42733307><Red>" (assister_position "-518 3776 -483") (attacker_position "-724 4735 -495") (victim_position "-758 4704 -495")
L 03/20/2014 - 22:12:25: "Andy<51><STEAM_0:0:42727213><Red>" killed "Shiny mew<47><STEAM_0:0:43768850><Blue>" with "ubersaw" (attacker_position "-761 4680 -495") (victim_position "-804 4759 -495")
L 03/20/2014 - 22:12:30: "Tiera Foxglove<44><STEAM_0:1:42733307><Red>" killed "Bilby<60><STEAM_0:0:12379989><Blue>" with "rainblower" (attacker_position "-778 4688 -481") (victim_position "-1279 4944 -319")
L 03/20/2014 - 22:12:31: "Tiera Foxglove<44><STEAM_0:1:42733307><Red>" killed "Blizzard (Sean)áƒ¦<27><STEAM_0:1:47938377><Blue>" with "rainblower" (attacker_position "-778 4688 -481") (victim_position "-845 4407 -491")
L 03/20/2014 - 22:12:31: "Tiera Foxglove<44><STEAM_0:1:42733307><Red>" joined team "Blue"
L 03/20/2014 - 22:12:33: "Yirktos<62><STEAM_0:1:33950017><>" connected, address "68.2.167.25:27005"
L 03/20/2014 - 22:12:33: "Yirktos<62><STEAM_0:1:33950017><>" STEAM USERID validated
L 03/20/2014 - 22:12:34: "Tiera Foxglove<44><STEAM_0:1:42733307><Blue>" changed role to "spy"
L 03/20/2014 - 22:12:34: "Tiera Foxglove<44><STEAM_0:1:42733307><Blue>" committed suicide with "world" (attacker_position "-4320 4425 -495")
L 03/20/2014 - 22:12:44: "Andy<51><STEAM_0:0:42727213><Red>" killed "Herrocopter<53><STEAM_0:0:50403197><Blue>" with "ubersaw" (attacker_position "-4041 3179 190") (victim_position "-4067 3250 188")
L 03/20/2014 - 22:13:03: "Felsidium<61><STEAM_0:1:16181944><>" entered the game
L 03/20/2014 - 22:13:03: "Yirktos<62><STEAM_0:1:33950017><>" entered the game
L 03/20/2014 - 22:13:09: "Andy<51><STEAM_0:0:42727213><Red>" triggered "chargedeployed"
L 03/20/2014 - 22:13:09: "Yirktos<62><STEAM_0:1:33950017><Unassigned>" joined team "Blue"
L 03/20/2014 - 22:13:11: "Yirktos<62><STEAM_0:1:33950017><Blue>" changed role to "pyro"
L 03/20/2014 - 22:13:13: "Felsidium<61><STEAM_0:1:16181944><Unassigned>" joined team "Blue"
L 03/20/2014 - 22:13:22: "Felsidium<61><STEAM_0:1:16181944><Blue>" changed role to "scout"
L 03/20/2014 - 22:13:24: "Andy<0><STEAM_0:0:42727213><Red>" triggered "medic_death" against "Andy<51><STEAM_0:0:42727213><Red>" (healing "1105") (ubercharge "0")
L 03/20/2014 - 22:13:24: "Andy<51><STEAM_0:0:42727213><Red>" committed suicide with "world" (attacker_position "2509 1460 0")
L 03/20/2014 - 22:13:25: "Andy<51><STEAM_0:0:42727213><Red>" killed "PhD Corvo Charizard<55><STEAM_0:0:33167288><Blue>" with "world" (attacker_position "2509 1460 14") (victim_position "2391 2097 0")
L 03/20/2014 - 22:13:25: "Andy<51><STEAM_0:0:42727213><Red>" killed "Myntey<59><STEAM_0:0:33841019><Blue>" with "world" (attacker_position "2509 1460 14") (victim_position "2666 2440 0")
L 03/20/2014 - 22:13:25: World triggered "Round_Win" (winner "Blue")
L 03/20/2014 - 22:13:25: World triggered "Round_Length" (seconds "307.98")
L 03/20/2014 - 22:13:25: Team "Red" current score "2" with "1" players
L 03/20/2014 - 22:13:25: Team "Blue" current score "1" with "18" players
L 03/20/2014 - 22:13:27: "toomoos<56><STEAM_0:1:33386821><Blue>" committed suicide with "world" (attacker_position "2428 1696 22")
L 03/20/2014 - 22:13:30: "Bilby<60><STEAM_0:0:12379989><Blue>" committed suicide with "world" (attacker_position "2505 977 0")
L 03/20/2014 - 22:13:30: "Andy<51><STEAM_0:0:42727213><Red>" joined team "Blue"
L 03/20/2014 - 22:13:34: "Fortune the Don<57><STEAM_0:0:33251108><Blue>" committed suicide with "world" (attacker_position "2484 1398 0")
L 03/20/2014 - 22:13:34: "Andy<51><STEAM_0:0:42727213><Blue>" committed suicide with "world" (attacker_position "-3272 3512 -495")
L 03/20/2014 - 22:13:35: "toomoos<56><STEAM_0:1:33386821><Blue>" changed role to "demoman"
L 03/20/2014 - 22:13:36: "Persi, the Neko God<12><STEAM_0:1:30286598><Blue>" committed suicide with "world" (attacker_position "1317 330 176")
L 03/20/2014 - 22:13:38: "Blizzard (Sean)áƒ¦<27><STEAM_0:1:47938377><Blue>" committed suicide with "world" (attacker_position "-2399 4978 -339")
L 03/20/2014 - 22:13:39: "Tiera Foxglove<44><STEAM_0:1:42733307><Blue>" committed suicide with "world" (attacker_position "-2383 193 176")
L 03/20/2014 - 22:13:39: "RadioactiveSpaceRooster<50><STEAM_0:1:31547919><Blue>" committed suicide with "world" (attacker_position "2027 868 176")
L 03/20/2014 - 22:13:39: "Setsuna Carter<46><STEAM_0:0:20016330><Blue>" committed suicide with "world" (attacker_position "2557 761 48")
L 03/20/2014 - 22:13:39: "Shiny mew<47><STEAM_0:0:43768850><Blue>" committed suicide with "world" (attacker_position "-2515 198 176")
L 03/20/2014 - 22:13:39: "Gord<10><STEAM_0:1:2327125><Blue>" committed suicide with "world" (attacker_position "2965 1991 0")
L 03/20/2014 - 22:13:39: "{SCG}Ezerva<52><STEAM_0:1:65442681><Blue>" committed suicide with "world" (attacker_position "1219 357 176")
L 03/20/2014 - 22:13:39: "Felsidium<61><STEAM_0:1:16181944><Blue>" committed suicide with "world" (attacker_position "-3333 3958 -436")
L 03/20/2014 - 22:13:39: "Herrocopter<53><STEAM_0:0:50403197><Blue>" committed suicide with "world" (attacker_position "-2434 204 176")
L 03/20/2014 - 22:13:39: "{BFG} Nikdragon<42><STEAM_0:0:78154965><Blue>" committed suicide with "world" (attacker_position "2012 2441 0")
L 03/20/2014 - 22:13:39: "Ozzzy<54><STEAM_0:0:33986421><Blue>" committed suicide with "world" (attacker_position "2041 1979 0")
L 03/20/2014 - 22:13:39: "toomoos<56><STEAM_0:1:33386821><Blue>" committed suicide with "world" (attacker_position "-3860 3542 -445")
L 03/20/2014 - 22:13:39: "Yirktos<62><STEAM_0:1:33950017><Blue>" committed suicide with "world" (attacker_position "-3992 4470 -495")
L 03/20/2014 - 22:13:40: World triggered "Round_Start"
L 03/20/2014 - 22:13:40: World triggered "Round_Setup_Begin"
L 03/20/2014 - 22:13:40: "Tiera Foxglove<44><STEAM_0:1:42733307><Blue>" joined team "Red"
L 03/20/2014 - 22:13:40: "Bilby<60><STEAM_0:0:12379989><Blue>" joined team "Red"
L 03/20/2014 - 22:13:40: "RadioactiveSpaceRooster<50><STEAM_0:1:31547919><Blue>" joined team "Red"
L 03/20/2014 - 22:13:40: "Setsuna Carter<46><STEAM_0:0:20016330><Blue>" joined team "Red"
L 03/20/2014 - 22:13:40: "Shiny mew<47><STEAM_0:0:43768850><Blue>" joined team "Red"
L 03/20/2014 - 22:13:40: "Gord<10><STEAM_0:1:2327125><Blue>" joined team "Red"
L 03/20/2014 - 22:13:40: "{SCG}Ezerva<52><STEAM_0:1:65442681><Blue>" joined team "Red"
L 03/20/2014 - 22:13:40: "Persi, the Neko God<12><STEAM_0:1:30286598><Blue>" joined team "Red"
L 03/20/2014 - 22:13:40: "Felsidium<61><STEAM_0:1:16181944><Blue>" joined team "Red"
L 03/20/2014 - 22:13:40: "Herrocopter<53><STEAM_0:0:50403197><Blue>" joined team "Red"
L 03/20/2014 - 22:13:40: "Andy<51><STEAM_0:0:42727213><Blue>" joined team "Red"
L 03/20/2014 - 22:13:40: "Blizzard (Sean)áƒ¦<27><STEAM_0:1:47938377><Blue>" joined team "Red"
L 03/20/2014 - 22:13:40: "{BFG} Nikdragon<42><STEAM_0:0:78154965><Blue>" joined team "Red"
L 03/20/2014 - 22:13:40: "Ozzzy<54><STEAM_0:0:33986421><Blue>" joined team "Red"
L 03/20/2014 - 22:13:40: "PhD Corvo Charizard<55><STEAM_0:0:33167288><Blue>" joined team "Red"
L 03/20/2014 - 22:13:40: "toomoos<56><STEAM_0:1:33386821><Blue>" joined team "Red"
L 03/20/2014 - 22:13:40: "Fortune the Don<57><STEAM_0:0:33251108><Blue>" joined team "Red"
L 03/20/2014 - 22:13:40: "Myntey<59><STEAM_0:0:33841019><Blue>" joined team "Red"
L 03/20/2014 - 22:13:40: "Yirktos<62><STEAM_0:1:33950017><Blue>" joined team "Red"
L 03/20/2014 - 22:13:41: "RadioactiveSpaceRooster<50><STEAM_0:1:31547919><Red>" joined team "Blue"
L 03/20/2014 - 22:13:41: "Felsidium<61><STEAM_0:1:16181944><Red>" joined team "Blue"
L 03/20/2014 - 22:13:41: "{SCG}Ezerva<52><STEAM_0:1:65442681><Red>" joined team "Blue"
L 03/20/2014 - 22:13:41: "Herrocopter<53><STEAM_0:0:50403197><Red>" joined team "Blue"
L 03/20/2014 - 22:13:41: "Myntey<59><STEAM_0:0:33841019><Red>" joined team "Blue"
L 03/20/2014 - 22:13:41: "Blizzard (Sean)áƒ¦<27><STEAM_0:1:47938377><Red>" joined team "Blue"
L 03/20/2014 - 22:13:41: "toomoos<56><STEAM_0:1:33386821><Red>" joined team "Blue"
L 03/20/2014 - 22:13:43: "Andy<51><STEAM_0:0:42727213><Red>" say "yey most points :3"
L 03/20/2014 - 22:13:44: "Ozzzy<54><STEAM_0:0:33986421><Red>" changed role to "medic"
L 03/20/2014 - 22:13:44: "Tiera Foxglove<44><STEAM_0:1:42733307><Red>" changed role to "pyro"
L 03/20/2014 - 22:13:44: "toomoos<56><STEAM_0:1:33386821><Blue>" changed role to "demoman"
L 03/20/2014 - 22:13:45: "RadioactiveSpaceRooster<50><STEAM_0:1:31547919><Blue>" changed role to "heavyweapons"
L 03/20/2014 - 22:13:46: "Yirktos<62><STEAM_0:1:33950017><Red>" changed role to "soldier"
L 03/20/2014 - 22:13:46: "Blizzard (Sean)áƒ¦<27><STEAM_0:1:47938377><Blue>" changed role to "soldier"
L 03/20/2014 - 22:13:46: "Blizzard (Sean)áƒ¦<27><STEAM_0:1:47938377><Blue>" committed suicide with "world" (attacker_position "-891 -2165 240")
L 03/20/2014 - 22:13:46: "PhD Corvo Charizard<55><STEAM_0:0:33167288><Red>" changed role to "engineer"
L 03/20/2014 - 22:13:47: "{BFG} Nikdragon<42><STEAM_0:0:78154965><Red>" changed role to "demoman"
L 03/20/2014 - 22:13:47: "Fortune the Don<57><STEAM_0:0:33251108><Red>" changed role to "engineer"
L 03/20/2014 - 22:13:48: "Ozzzy<54><STEAM_0:0:33986421><Red>" changed role to "soldier"
L 03/20/2014 - 22:13:48: "Blizzard (Sean)áƒ¦<27><STEAM_0:1:47938377><Blue>" changed role to "spy"
L 03/20/2014 - 22:13:48: "Blizzard (Sean)áƒ¦<27><STEAM_0:1:47938377><Blue>" committed suicide with "world" (attacker_position "1888 -3989 -95")
L 03/20/2014 - 22:13:51: "Felsidium<61><STEAM_0:1:16181944><Blue>" changed role to "scout"
L 03/20/2014 - 22:13:51: "Felsidium<61><STEAM_0:1:16181944><Blue>" committed suicide with "world" (attacker_position "-855 -2083 240")
L 03/20/2014 - 22:13:52: "Fortune the Don<57><STEAM_0:0:33251108><Red>" changed role to "sniper"
L 03/20/2014 - 22:13:53: "{SCG}Ezerva<52><STEAM_0:1:65442681><Blue>" say "!zf"
L 03/20/2014 - 22:13:57: "Setsuna Carter<46><STEAM_0:0:20016330><Red>" say "!zf"
L 03/20/2014 - 22:13:58: "Fortune the Don<57><STEAM_0:0:33251108><Red>" say "!zf"
L 03/20/2014 - 22:13:58: "{BFG} Nikdragon<42><STEAM_0:0:78154965><Red>" say "!tf"
L 03/20/2014 - 22:14:00: "PhD Corvo Charizard<55><STEAM_0:0:33167288><Red>" triggered "builtobject" (object "OBJ_SENTRYGUN") (position "149 -3967 4")
L 03/20/2014 - 22:14:01: World triggered "Round_Setup_End"
L 03/20/2014 - 22:14:02: "{BFG} Nikdragon<42><STEAM_0:0:78154965><Red>" say "!zf"
L 03/20/2014 - 22:14:05: "RadioactiveSpaceRooster<50><STEAM_0:1:31547919><Blue>" triggered "milk_attack" against "Persi, the Neko God<12><STEAM_0:1:30286598><Red>" with "tf_weapon_jar" (attacker_position "-199 -3491 0") (victim_position "37 -3840 6")
L 03/20/2014 - 22:14:05: "RadioactiveSpaceRooster<50><STEAM_0:1:31547919><Blue>" triggered "player_extinguished" against "toomoos<56><STEAM_0:1:33386821><Blue>" with "tf_weapon_jar" (attacker_position "-199 -3491 0") (victim_position "233 -3627 0")
L 03/20/2014 - 22:14:05: "RadioactiveSpaceRooster<50><STEAM_0:1:31547919><Blue>" triggered "milk_attack" against "Bilby<60><STEAM_0:0:12379989><Red>" with "tf_weapon_jar" (attacker_position "-199 -3491 0") (victim_position "263 -3684 1")
L 03/20/2014 - 22:14:05: "RadioactiveSpaceRooster<50><STEAM_0:1:31547919><Blue>" triggered "milk_attack" against "Gord<10><STEAM_0:1:2327125><Red>" with "tf_weapon_jar" (attacker_position "-199 -3491 0") (victim_position "127 -3698 1")
L 03/20/2014 - 22:14:05: "RadioactiveSpaceRooster<50><STEAM_0:1:31547919><Blue>" triggered "milk_attack" against "Ozzzy<54><STEAM_0:0:33986421><Red>" with "tf_weapon_jar" (attacker_position "-199 -3491 0") (victim_position "188 -3796 3")
L 03/20/2014 - 22:14:05: "RadioactiveSpaceRooster<50><STEAM_0:1:31547919><Blue>" triggered "milk_attack" against "Tiera Foxglove<44><STEAM_0:1:42733307><Red>" with "tf_weapon_jar" (attacker_position "-199 -3491 0") (victim_position "263 -3790 5")
L 03/20/2014 - 22:14:05: "RadioactiveSpaceRooster<50><STEAM_0:1:31547919><Blue>" triggered "milk_attack" against "Shiny mew<47><STEAM_0:0:43768850><Red>" with "tf_weapon_jar" (attacker_position "-199 -3491 0") (victim_position "177 -3706 1")
L 03/20/2014 - 22:14:05: "RadioactiveSpaceRooster<50><STEAM_0:1:31547919><Blue>" triggered "milk_attack" against "PhD Corvo Charizard<55><STEAM_0:0:33167288><Red>" with "tf_weapon_jar" (attacker_position "-199 -3491 0") (victim_position "196 -3545 0")
L 03/20/2014 - 22:14:05: "Ozzzy<54><STEAM_0:0:33986421><Red>" killed "toomoos<56><STEAM_0:1:33386821><Blue>" with "blackbox" (attacker_position "258 -3793 5") (victim_position "248 -3637 0")
L 03/20/2014 - 22:14:05: "Andy<51><STEAM_0:0:42727213><Red>" triggered "kill assist" against "toomoos<56><STEAM_0:1:33386821><Blue>" (assister_position "63 -4083 8") (attacker_position "258 -3793 5") (victim_position "248 -3637 0")
L 03/20/2014 - 22:14:08: "Ozzzy<54><STEAM_0:0:33986421><Red>" killed "Herrocopter<53><STEAM_0:0:50403197><Blue>" with "blackbox" (attacker_position "223 -3451 0") (victim_position "111 -3175 0")
L 03/20/2014 - 22:14:08: "Andy<51><STEAM_0:0:42727213><Red>" triggered "kill assist" against "Herrocopter<53><STEAM_0:0:50403197><Blue>" (assister_position "34 -3966 8") (attacker_position "223 -3451 0") (victim_position "111 -3175 0")
L 03/20/2014 - 22:14:09: "Ozzzy<54><STEAM_0:0:33986421><Red>" killed "Myntey<59><STEAM_0:0:33841019><Blue>" with "blackbox" (attacker_position "529 -3495 0") (victim_position "455 -3362 0")
L 03/20/2014 - 22:14:09: "Andy<51><STEAM_0:0:42727213><Red>" triggered "kill assist" against "Myntey<59><STEAM_0:0:33841019><Blue>" (assister_position "26 -3543 0") (attacker_position "529 -3495 0") (victim_position "455 -3362 0")
L 03/20/2014 - 22:14:11: "toomoos<56><STEAM_0:1:33386821><Blue>" changed role to "heavyweapons"
L 03/20/2014 - 22:14:11: "Fortune the Don<57><STEAM_0:0:33251108><Red>" killed "RadioactiveSpaceRooster<50><STEAM_0:1:31547919><Blue>" with "tf_projectile_arrow" (customkill "headshot") (attacker_position "22 -3459 0") (victim_position "-885 -3354 0")
L 03/20/2014 - 22:14:11: "Bilby<60><STEAM_0:0:12379989><Red>" triggered "kill assist" against "RadioactiveSpaceRooster<50><STEAM_0:1:31547919><Blue>" (assister_position "219 -3480 0") (attacker_position "22 -3459 0") (victim_position "-885 -3354 0")
L 03/20/2014 - 22:14:15: "Ozzzy<54><STEAM_0:0:33986421><Red>" killed "Felsidium<61><STEAM_0:1:16181944><Blue>" with "blackbox" (attacker_position "1577 -3066 0") (victim_position "1485 -3365 93")
L 03/20/2014 - 22:14:15: "Shiny mew<47><STEAM_0:0:43768850><Red>" triggered "kill assist" against "Felsidium<61><STEAM_0:1:16181944><Blue>" (assister_position "1312 -3190 0") (attacker_position "1577 -3066 0") (victim_position "1485 -3365 93")
L 03/20/2014 - 22:14:17: "PhD Corvo Charizard<55><STEAM_0:0:33167288><Red>" killed "{SCG}Ezerva<52><STEAM_0:1:65442681><Blue>" with "obj_minisentry" (attacker_position "1731 -3187 0") (victim_position "392 -3284 0")
L 03/20/2014 - 22:14:23: "{SCG}Ezerva<52><STEAM_0:1:65442681><Blue>" changed role to "scout"
L 03/20/2014 - 22:14:26: "toomoos<56><STEAM_0:1:33386821><Blue>" committed suicide with "world" (attacker_position "3901 -2081 -751")
L 03/20/2014 - 22:14:27: "Tiera Foxglove<44><STEAM_0:1:42733307><Red>" killed "Herrocopter<53><STEAM_0:0:50403197><Blue>" with "rainblower" (attacker_position "3699 -2670 0") (victim_position "3602 -2778 0")
L 03/20/2014 - 22:14:27: "Setsuna Carter<46><STEAM_0:0:20016330><Red>" triggered "kill assist" against "Herrocopter<53><STEAM_0:0:50403197><Blue>" (assister_position "3703 -2832 0") (attacker_position "3699 -2670 0") (victim_position "3602 -2778 0")
L 03/20/2014 - 22:14:30: "Fortune the Don<57><STEAM_0:0:33251108><Red>" killed "Blizzard (Sean)áƒ¦<27><STEAM_0:1:47938377><Blue>" with "tf_projectile_arrow" (customkill "headshot") (attacker_position "1827 -3094 0") (victim_position "1328 -3241 0")
L 03/20/2014 - 22:14:32: "Shiny mew<47><STEAM_0:0:43768850><Red>" triggered "builtobject" (object "OBJ_SENTRYGUN") (position "4040 -942 0")
L 03/20/2014 - 22:14:34: "toomoos<56><STEAM_0:1:33386821><Blue>" say "!zf"
L 03/20/2014 - 22:14:35: "Gord<10><STEAM_0:1:2327125><Red>" killed "{SCG}Ezerva<52><STEAM_0:1:65442681><Blue>" with "sniperrifle" (customkill "headshot") (attacker_position "3208 -739 0") (victim_position "4300 -1595 608")
L 03/20/2014 - 22:14:35: "Fortune the Don<57><STEAM_0:0:33251108><Red>" say ":]"
L 03/20/2014 - 22:14:37: "PhD Corvo Charizard<55><STEAM_0:0:33167288><Red>" triggered "builtobject" (object "OBJ_SENTRYGUN") (position "3738 -853 0")
L 03/20/2014 - 22:14:41: "Shiny mew<47><STEAM_0:0:43768850><Red>" killed "Myntey<59><STEAM_0:0:33841019><Blue>" with "obj_sentrygun" (attacker_position "3978 -1041 0") (victim_position "3573 -1011 0")
L 03/20/2014 - 22:14:41: "PhD Corvo Charizard<55><STEAM_0:0:33167288><Red>" triggered "kill assist" against "Myntey<59><STEAM_0:0:33841019><Blue>" (assister_position "3683 -771 0") (attacker_position "3978 -1041 0") (victim_position "3573 -1011 0")
L 03/20/2014 - 22:14:43: "{BFG} Nikdragon<42><STEAM_0:0:78154965><Red>" killed "RadioactiveSpaceRooster<50><STEAM_0:1:31547919><Blue>" with "tf_projectile_pipe" (attacker_position "4205 -606 0") (victim_position "4168 -504 0")
L 03/20/2014 - 22:14:43: "Bilby<60><STEAM_0:0:12379989><Red>" triggered "kill assist" against "RadioactiveSpaceRooster<50><STEAM_0:1:31547919><Blue>" (assister_position "4215 -813 0") (attacker_position "4205 -606 0") (victim_position "4168 -504 0")
L 03/20/2014 - 22:14:44: "Gord<10><STEAM_0:1:2327125><Red>" killed "toomoos<56><STEAM_0:1:33386821><Blue>" with "sniperrifle" (customkill "headshot") (attacker_position "3208 -504 0") (victim_position "4266 -1446 464")
L 03/20/2014 - 22:14:44: "PhD Corvo Charizard<55><STEAM_0:0:33167288><Red>" triggered "kill assist" against "toomoos<56><STEAM_0:1:33386821><Blue>" (assister_position "3673 -773 0") (attacker_position "3208 -504 0") (victim_position "4266 -1446 464")
L 03/20/2014 - 22:14:45: "Herrocopter<53><STEAM_0:0:50403197><Blue>" disconnected (reason "Disconnect by user.")
L 03/20/2014 - 22:14:48: "Andy<51><STEAM_0:0:42727213><Red>" triggered "chargedeployed"
L 03/20/2014 - 22:14:51: "Shiny mew<47><STEAM_0:0:43768850><Red>" killed "Blizzard (Sean)áƒ¦<27><STEAM_0:1:47938377><Blue>" with "obj_sentrygun" (attacker_position "3766 -937 0") (victim_position "3880 -1343 715")
L 03/20/2014 - 22:14:51: "PhD Corvo Charizard<55><STEAM_0:0:33167288><Red>" triggered "kill assist" against "Blizzard (Sean)áƒ¦<27><STEAM_0:1:47938377><Blue>" (assister_position "3727 -830 0") (attacker_position "3766 -937 0") (victim_position "3880 -1343 715")
L 03/20/2014 - 22:14:54: "toomoos<56><STEAM_0:1:33386821><Blue>" changed role to "scout"
L 03/20/2014 - 22:14:56: "Fortune the Don<57><STEAM_0:0:33251108><Red>" say "wild guess really"
L 03/20/2014 - 22:14:57: "Shiny mew<47><STEAM_0:0:43768850><Red>" killed "{SCG}Ezerva<52><STEAM_0:1:65442681><Blue>" with "obj_sentrygun" (attacker_position "3797 -789 0") (victim_position "4283 -1675 608")
L 03/20/2014 - 22:14:57: "Yirktos<62><STEAM_0:1:33950017><Red>" triggered "kill assist" against "{SCG}Ezerva<52><STEAM_0:1:65442681><Blue>" (assister_position "3726 -1213 0") (attacker_position "3797 -789 0") (victim_position "4283 -1675 608")
L 03/20/2014 - 22:14:58: "Shiny mew<47><STEAM_0:0:43768850><Red>" killed "toomoos<56><STEAM_0:1:33386821><Blue>" with "obj_sentrygun" (attacker_position "4029 -946 0") (victim_position "4065 -1689 713")
L 03/20/2014 - 22:14:58: "PhD Corvo Charizard<55><STEAM_0:0:33167288><Red>" triggered "kill assist" against "toomoos<56><STEAM_0:1:33386821><Blue>" (assister_position "3328 -1128 0") (attacker_position "4029 -946 0") (victim_position "4065 -1689 713")
L 03/20/2014 - 22:15:00: "Shiny mew<47><STEAM_0:0:43768850><Red>" killed "Myntey<59><STEAM_0:0:33841019><Blue>" with "obj_sentrygun" (attacker_position "4061 -969 0") (victim_position "3317 -1429 492")
L 03/20/2014 - 22:15:00: "PhD Corvo Charizard<55><STEAM_0:0:33167288><Red>" triggered "kill assist" against "Myntey<59><STEAM_0:0:33841019><Blue>" (assister_position "3328 -1128 0") (attacker_position "4061 -969 0") (victim_position "3317 -1429 492")
L 03/20/2014 - 22:15:00: Team "Red" triggered "pointcaptured" (cp "0") (cpname "controll point") (numcappers "8") (player1 "Bilby<60><STEAM_0:0:12379989><Red>") (position1 "3380 -921 0") (player2 "Setsuna Carter<46><STEAM_0:0:20016330><Red>") (position2 "3598 -808 0") (player3 "Shiny mew<47><STEAM_0:0:43768850><Red>") (position3 "4065 -960 0") (player4 "Persi, the Neko God<12><STEAM_0:1:30286598><Red>") (position4 "3619 -917 0") (player5 "Andy<51><STEAM_0:0:42727213><Red>") (position5 "4034 -943 0") (player6 "{BFG} Nikdragon<42><STEAM_0:0:78154965><Red>") (position6 "3729 -830 0") (player7 "Ozzzy<54><STEAM_0:0:33986421><Red>") (position7 "4402 -851 0") (player8 "Yirktos<62><STEAM_0:1:33950017><Red>") (position8 "3675 -1226 0") 
L 03/20/2014 - 22:15:03: "toomoos<56><STEAM_0:1:33386821><Blue>" changed role to "heavyweapons"
L 03/20/2014 - 22:15:07: "{SCG}Ezerva<52><STEAM_0:1:65442681><Blue>" changed role to "heavyweapons"
L 03/20/2014 - 22:15:08: "toomoos<56><STEAM_0:1:33386821><Blue>" changed role to "spy"
L 03/20/2014 - 22:15:18: "Gord<10><STEAM_0:1:2327125><Red>" killed "toomoos<56><STEAM_0:1:33386821><Blue>" with "sniperrifle" (attacker_position "2032 1924 0") (victim_position "2098 2924 0")
L 03/20/2014 - 22:15:18: "Andy<51><STEAM_0:0:42727213><Red>" triggered "kill assist" against "toomoos<56><STEAM_0:1:33386821><Blue>" (assister_position "2127 2892 0") (attacker_position "2032 1924 0") (victim_position "2098 2924 0")
L 03/20/2014 - 22:15:19: "Felsidium<61><STEAM_0:1:16181944><Blue>" committed suicide with "world" (attacker_position "-614 -3520 0")
L 03/20/2014 - 22:15:26: "Yirktos<62><STEAM_0:1:33950017><Red>" killed "Blizzard (Sean)áƒ¦<27><STEAM_0:1:47938377><Blue>" with "quake_rl" (attacker_position "2430 1730 0") (victim_position "2475 1639 0")
L 03/20/2014 - 22:15:30: "Gord<10><STEAM_0:1:2327125><Red>" killed "Myntey<59><STEAM_0:0:33841019><Blue>" with "bushwacka" (attacker_position "904 212 272") (victim_position "891 167 272")
L 03/20/2014 - 22:15:38: "Shiny mew<47><STEAM_0:0:43768850><Red>" triggered "builtobject" (object "OBJ_SENTRYGUN") (position "8 -144 480")
L 03/20/2014 - 22:15:39: "toomoos<56><STEAM_0:1:33386821><Blue>" triggered "killedobject" (object "OBJ_SENTRYGUN") (weapon "spy_cicle") (objectowner "Shiny mew<47><STEAM_0:0:43768850><Red>") (attacker_position "3 -22 480")
L 03/20/2014 - 22:15:41: "{BFG} Nikdragon<42><STEAM_0:0:78154965><Red>" killed "{SCG}Ezerva<52><STEAM_0:1:65442681><Blue>" with "ullapool_caber_explosion" (attacker_position "1191 85 176") (victim_position "1163 37 176")
L 03/20/2014 - 22:15:43: "Bilby<60><STEAM_0:0:12379989><Red>" triggered "chargedeployed"
L 03/20/2014 - 22:15:44: "Ozzzy<54><STEAM_0:0:33986421><Red>" killed "Felsidium<61><STEAM_0:1:16181944><Blue>" with "demokatana" (attacker_position "1184 153 176") (victim_position "1158 117 176")
L 03/20/2014 - 22:15:44: "Bilby<60><STEAM_0:0:12379989><Red>" triggered "kill assist" against "Felsidium<61><STEAM_0:1:16181944><Blue>" (assister_position "1250 244 176") (attacker_position "1184 153 176") (victim_position "1158 117 176")
L 03/20/2014 - 22:15:44: "Persi, the Neko God<12><STEAM_0:1:30286598><Red>" killed "toomoos<56><STEAM_0:1:33386821><Blue>" with "axtinguisher" (attacker_position "-466 68 480") (victim_position "-387 100 491")
L 03/20/2014 - 22:15:48: "PhD Corvo Charizard<55><STEAM_0:0:33167288><Red>" triggered "builtobject" (object "OBJ_SENTRYGUN") (position "-1585 459 272")
L 03/20/2014 - 22:15:48: "Gord<10><STEAM_0:1:2327125><Red>" say "one of the zombies should get magnetic"
L 03/20/2014 - 22:15:50: "Ozzzy<54><STEAM_0:0:33986421><Red>" killed "Blizzard (Sean)áƒ¦<27><STEAM_0:1:47938377><Blue>" with "blackbox" (attacker_position "456 72 384") (victim_position "517 38 384")
L 03/20/2014 - 22:15:50: "Bilby<60><STEAM_0:0:12379989><Red>" triggered "kill assist" against "Blizzard (Sean)áƒ¦<27><STEAM_0:1:47938377><Blue>" (assister_position "307 161 384") (attacker_position "456 72 384") (victim_position "517 38 384")
L 03/20/2014 - 22:15:52: "Fortune the Don<57><STEAM_0:0:33251108><Red>" triggered "jarate_attack" against "Myntey<59><STEAM_0:0:33841019><Blue>" with "tf_weapon_jar" (attacker_position "-2087 375 176") (victim_position "-2491 301 176")
L 03/20/2014 - 22:15:52: "Gord<10><STEAM_0:1:2327125><Red>" say "sentry shenangians"
L 03/20/2014 - 22:15:53: "PhD Corvo Charizard<55><STEAM_0:0:33167288><Red>" killed "Myntey<59><STEAM_0:0:33841019><Blue>" with "obj_minisentry" (attacker_position "-2595 516 176") (victim_position "-2420 460 176")
L 03/20/2014 - 22:15:53: "Fortune the Don<57><STEAM_0:0:33251108><Red>" triggered "kill assist" against "Myntey<59><STEAM_0:0:33841019><Blue>" (assister_position "-2337 362 176") (attacker_position "-2595 516 176") (victim_position "-2420 460 176")
L 03/20/2014 - 22:15:53: "Andy<51><STEAM_0:0:42727213><Red>" triggered "chargedeployed"
L 03/20/2014 - 22:15:59: "Ozzzy<54><STEAM_0:0:33986421><Red>" killed "RadioactiveSpaceRooster<50><STEAM_0:1:31547919><Blue>" with "blackbox" (attacker_position "-467 362 480") (victim_position "-611 167 488")
L 03/20/2014 - 22:15:59: "Bilby<60><STEAM_0:0:12379989><Red>" triggered "kill assist" against "RadioactiveSpaceRooster<50><STEAM_0:1:31547919><Blue>" (assister_position "-619 -4 480") (attacker_position "-467 362 480") (victim_position "-611 167 488")
L 03/20/2014 - 22:16:01: "Gord<10><STEAM_0:1:2327125><Red>" killed "{SCG}Ezerva<52><STEAM_0:1:65442681><Blue>" with "sniperrifle" (customkill "headshot") (attacker_position "-2346 415 176") (victim_position "-571 483 480")
L 03/20/2014 - 22:16:01: "PhD Corvo Charizard<55><STEAM_0:0:33167288><Red>" triggered "kill assist" against "{SCG}Ezerva<52><STEAM_0:1:65442681><Blue>" (assister_position "-2489 356 176") (attacker_position "-2346 415 176") (victim_position "-571 483 480")
L 03/20/2014 - 22:16:04: "Shiny mew<47><STEAM_0:0:43768850><Red>" triggered "builtobject" (object "OBJ_SENTRYGUN") (position "-2302 -70 176")
L 03/20/2014 - 22:16:05: "Ozzzy<54><STEAM_0:0:33986421><Red>" killed "toomoos<56><STEAM_0:1:33386821><Blue>" with "demokatana" (attacker_position "-1318 202 288") (victim_position "-1336 136 272")
L 03/20/2014 - 22:16:05: "Bilby<60><STEAM_0:0:12379989><Red>" triggered "kill assist" against "toomoos<56><STEAM_0:1:33386821><Blue>" (assister_position "-1541 286 272") (attacker_position "-1318 202 288") (victim_position "-1336 136 272")
L 03/20/2014 - 22:16:09: "Myntey<59><STEAM_0:0:33841019><Blue>" say "Sentries, why don't you just stake my heart and be done with it?"
L 03/20/2014 - 22:16:11: "RadioactiveSpaceRooster<50><STEAM_0:1:31547919><Blue>" changed role to "spy"
L 03/20/2014 - 22:16:16: "Felsidium<61><STEAM_0:1:16181944><Blue>" disconnected (reason "Disconnect by user.")
L 03/20/2014 - 22:16:17: Team "Red" triggered "pointcaptured" (cp "1") (cpname "controll point") (numcappers "8") (player1 "Bilby<60><STEAM_0:0:12379989><Red>") (position1 "-2423 340 176") (player2 "Setsuna Carter<46><STEAM_0:0:20016330><Red>") (position2 "-2450 92 176") (player3 "Shiny mew<47><STEAM_0:0:43768850><Red>") (position3 "-2367 57 176") (player4 "Persi, the Neko God<12><STEAM_0:1:30286598><Red>") (position4 "-2297 290 176") (player5 "Andy<51><STEAM_0:0:42727213><Red>") (position5 "-2457 470 176") (player6 "{BFG} Nikdragon<42><STEAM_0:0:78154965><Red>") (position6 "-2157 210 183") (player7 "Ozzzy<54><STEAM_0:0:33986421><Red>") (position7 "-2077 171 183") (player8 "PhD Corvo Charizard<55><STEAM_0:0:33167288><Red>") (position8 "-2458 293 176") 
L 03/20/2014 - 22:16:22: "Gord<10><STEAM_0:1:2327125><Red>" say "it's just like dustbowl"
L 03/20/2014 - 22:16:24: "Shiny mew<47><STEAM_0:0:43768850><Red>" killed "toomoos<56><STEAM_0:1:33386821><Blue>" with "obj_sentrygun" (attacker_position "-2406 235 176") (victim_position "-1413 423 272")
L 03/20/2014 - 22:16:24: "PhD Corvo Charizard<55><STEAM_0:0:33167288><Red>" triggered "kill assist" against "toomoos<56><STEAM_0:1:33386821><Blue>" (assister_position "-2553 149 176") (attacker_position "-2406 235 176") (victim_position "-1413 423 272")
L 03/20/2014 - 22:16:26: "toomoos<56><STEAM_0:1:33386821><Blue>" changed role to "scout"
L 03/20/2014 - 22:16:28: "Shiny mew<47><STEAM_0:0:43768850><Red>" killed "Blizzard (Sean)áƒ¦<27><STEAM_0:1:47938377><Blue>" with "obj_sentrygun" (attacker_position "-3103 71 176") (victim_position "-2569 104 183")
L 03/20/2014 - 22:16:32: "toomoos<56><STEAM_0:1:33386821><Blue>" changed role to "spy"
L 03/20/2014 - 22:16:35: "Myntey<59><STEAM_0:0:33841019><Blue>" committed suicide with "world" (attacker_position "-1488 41 272")
L 03/20/2014 - 22:16:40: "Shiny mew<47><STEAM_0:0:43768850><Red>" killed "{SCG}Ezerva<52><STEAM_0:1:65442681><Blue>" with "obj_sentrygun" (attacker_position "-3978 2678 210") (victim_position "-1878 618 212")
L 03/20/2014 - 22:16:40: "Ozzzy<54><STEAM_0:0:33986421><Red>" killed "toomoos<56><STEAM_0:1:33386821><Blue>" with "blackbox" (attacker_position "-3980 3179 185") (victim_position "-3895 3012 248")
L 03/20/2014 - 22:16:40: "Bilby<60><STEAM_0:0:12379989><Red>" triggered "kill assist" against "toomoos<56><STEAM_0:1:33386821><Blue>" (assister_position "-3961 2988 184") (attacker_position "-3980 3179 185") (victim_position "-3895 3012 248")
L 03/20/2014 - 22:16:49: "Myntey<59><STEAM_0:0:33841019><Blue>" say "!zf"
L 03/20/2014 - 22:16:50: "Fortune the Don<57><STEAM_0:0:33251108><Red>" say "planet 311"
L 03/20/2014 - 22:16:51: "Blizzard (Sean)áƒ¦<27><STEAM_0:1:47938377><Blue>" killed "Persi, the Neko God<12><STEAM_0:1:30286598><Red>" with "spy_cicle" (customkill "backstab") (attacker_position "-2797 4538 -319") (victim_position "-2746 4484 -258")
L 03/20/2014 - 22:16:53: "Gord<10><STEAM_0:1:2327125><Red>" killed "Blizzard (Sean)áƒ¦<27><STEAM_0:1:47938377><Blue>" with "bushwacka" (attacker_position "-2602 4572 -319") (victim_position "-2546 4525 -319")
L 03/20/2014 - 22:16:57: "Persi, the Neko God<12><STEAM_0:1:30286598><Red>" joined team "Blue"
L 03/20/2014 - 22:16:57: "Ozzzy<54><STEAM_0:0:33986421><Red>" killed "{SCG}Ezerva<52><STEAM_0:1:65442681><Blue>" with "blackbox" (attacker_position "-2402 4885 -335") (victim_position "-2213 4602 -319")
L 03/20/2014 - 22:16:57: "Bilby<60><STEAM_0:0:12379989><Red>" triggered "kill assist" against "{SCG}Ezerva<52><STEAM_0:1:65442681><Blue>" (assister_position "-2709 4774 -319") (attacker_position "-2402 4885 -335") (victim_position "-2213 4602 -319")
L 03/20/2014 - 22:17:02: "Gord<10><STEAM_0:1:2327125><Red>" killed "toomoos<56><STEAM_0:1:33386821><Blue>" with "bushwacka" (attacker_position "-862 4763 -495") (victim_position "-807 4775 -495")
L 03/20/2014 - 22:17:02: "Andy<51><STEAM_0:0:42727213><Red>" triggered "kill assist" against "toomoos<56><STEAM_0:1:33386821><Blue>" (assister_position "-785 4559 -495") (attacker_position "-862 4763 -495") (victim_position "-807 4775 -495")
L 03/20/2014 - 22:17:03: "Fortune the Don<57><STEAM_0:0:33251108><Red>" triggered "jarate_attack" against "Myntey<59><STEAM_0:0:33841019><Blue>" with "tf_weapon_jar" (attacker_position "-743 5094 -449") (victim_position "-669 4511 -495")
L 03/20/2014 - 22:17:03: "PhD Corvo Charizard<55><STEAM_0:0:33167288><Red>" killed "Myntey<59><STEAM_0:0:33841019><Blue>" with "shotgun_primary" (attacker_position "-563 4461 -494") (victim_position "-668 4516 -495")
L 03/20/2014 - 22:17:03: "Fortune the Don<57><STEAM_0:0:33251108><Red>" triggered "kill assist" against "Myntey<59><STEAM_0:0:33841019><Blue>" (assister_position "-663 5098 -495") (attacker_position "-563 4461 -494") (victim_position "-668 4516 -495")
L 03/20/2014 - 22:17:03: "PhD Corvo Charizard<55><STEAM_0:0:33167288><Red>" triggered "domination" against "Myntey<59><STEAM_0:0:33841019><Blue>"
L 03/20/2014 - 22:17:07: "Yirktos<62><STEAM_0:1:33950017><Red>" killed "Persi, the Neko God<12><STEAM_0:1:30286598><Blue>" with "quake_rl" (attacker_position "-1133 5099 -378") (victim_position "-1590 4880 -319")
L 03/20/2014 - 22:17:07: "Tiera Foxglove<44><STEAM_0:1:42733307><Red>" triggered "kill assist" against "Persi, the Neko God<12><STEAM_0:1:30286598><Blue>" (assister_position "-803 4768 -495") (attacker_position "-1133 5099 -378") (victim_position "-1590 4880 -319")
L 03/20/2014 - 22:17:09: "Ozzzy<54><STEAM_0:0:33986421><Red>" killed "Blizzard (Sean)áƒ¦<27><STEAM_0:1:47938377><Blue>" with "blackbox" (attacker_position "-1060 3822 -495") (victim_position "-981 3874 -495")
L 03/20/2014 - 22:17:09: "Bilby<60><STEAM_0:0:12379989><Red>" triggered "kill assist" against "Blizzard (Sean)áƒ¦<27><STEAM_0:1:47938377><Blue>" (assister_position "-1081 3801 -495") (attacker_position "-1060 3822 -495") (victim_position "-981 3874 -495")
L 03/20/2014 - 22:17:11: "Andy<51><STEAM_0:0:42727213><Red>" triggered "chargedeployed"
L 03/20/2014 - 22:17:15: "Gord<10><STEAM_0:1:2327125><Red>" killed "toomoos<56><STEAM_0:1:33386821><Blue>" with "bushwacka" (attacker_position "-2805 3949 -495") (victim_position "-2747 3920 -470")
L 03/20/2014 - 22:17:15: "Andy<51><STEAM_0:0:42727213><Red>" triggered "kill assist" against "toomoos<56><STEAM_0:1:33386821><Blue>" (assister_position "-2701 3885 -495") (attacker_position "-2805 3949 -495") (victim_position "-2747 3920 -470")
L 03/20/2014 - 22:17:15: "Gord<10><STEAM_0:1:2327125><Red>" triggered "domination" against "toomoos<56><STEAM_0:1:33386821><Blue>"
L 03/20/2014 - 22:17:15: "Andy<51><STEAM_0:0:42727213><Red>" triggered "domination" against "toomoos<56><STEAM_0:1:33386821><Blue>" (assist "1")
L 03/20/2014 - 22:17:19: "Shiny mew<47><STEAM_0:0:43768850><Red>" triggered "killedobject" (object "OBJ_SENTRYGUN") (weapon "pda_engineer") (objectowner "Shiny mew<47><STEAM_0:0:43768850><Red>") (attacker_position "-3951 3086 -495")
L 03/20/2014 - 22:17:19: "Ozzzy<54><STEAM_0:0:33986421><Red>" killed "Blizzard (Sean)áƒ¦<27><STEAM_0:1:47938377><Blue>" with "blackbox" (attacker_position "-3263 3927 -495") (victim_position "-2690 3833 -495")
L 03/20/2014 - 22:17:19: "Bilby<60><STEAM_0:0:12379989><Red>" triggered "kill assist" against "Blizzard (Sean)áƒ¦<27><STEAM_0:1:47938377><Blue>" (assister_position "-2970 3809 -447") (attacker_position "-3263 3927 -495") (victim_position "-2690 3833 -495")
L 03/20/2014 - 22:17:21: "Gord<10><STEAM_0:1:2327125><Red>" killed "Myntey<59><STEAM_0:0:33841019><Blue>" with "bushwacka" (attacker_position "-4350 3150 -527") (victim_position "-4369 3153 -527")
L 03/20/2014 - 22:17:21: "PhD Corvo Charizard<55><STEAM_0:0:33167288><Red>" triggered "kill assist" against "Myntey<59><STEAM_0:0:33841019><Blue>" (assister_position "-4333 3237 -527") (attacker_position "-4350 3150 -527") (victim_position "-4369 3153 -527")
L 03/20/2014 - 22:17:24: "Tiera Foxglove<44><STEAM_0:1:42733307><Red>" killed "{SCG}Ezerva<52><STEAM_0:1:65442681><Blue>" with "rainblower" (attacker_position "-3284 3933 -495") (victim_position "-3090 3907 -495")
L 03/20/2014 - 22:17:24: "Setsuna Carter<46><STEAM_0:0:20016330><Red>" triggered "kill assist" against "{SCG}Ezerva<52><STEAM_0:1:65442681><Blue>" (assister_position "-3248 3797 -495") (attacker_position "-3284 3933 -495") (victim_position "-3090 3907 -495")
L 03/20/2014 - 22:17:24: "PhD Corvo Charizard<55><STEAM_0:0:33167288><Red>" triggered "builtobject" (object "OBJ_SENTRYGUN") (position "-5140 2852 -527")
L 03/20/2014 - 22:17:26: "Blizzard (Sean)áƒ¦<27><STEAM_0:1:47938377><Blue>" say "nein"
L 03/20/2014 - 22:17:32: "RadioactiveSpaceRooster<50><STEAM_0:1:31547919><Blue>" killed "Yirktos<62><STEAM_0:1:33950017><Red>" with "knife" (customkill "backstab") (attacker_position "-2289 3770 -495") (victim_position "-2339 3752 -495")
L 03/20/2014 - 22:17:32: "Persi, the Neko God<12><STEAM_0:1:30286598><Blue>" triggered "kill assist" against "Yirktos<62><STEAM_0:1:33950017><Red>" (assister_position "-2377 3724 -495") (attacker_position "-2289 3770 -495") (victim_position "-2339 3752 -495")
L 03/20/2014 - 22:17:38: "Yirktos<62><STEAM_0:1:33950017><Red>" joined team "Blue"
L 03/20/2014 - 22:17:40: "PhD Corvo Charizard<55><STEAM_0:0:33167288><Red>" killed "toomoos<56><STEAM_0:1:33386821><Blue>" with "obj_minisentry" (attacker_position "-4964 2462 -527") (victim_position "-4948 3023 -519")
L 03/20/2014 - 22:17:40: "PhD Corvo Charizard<55><STEAM_0:0:33167288><Red>" triggered "domination" against "toomoos<56><STEAM_0:1:33386821><Blue>"
L 03/20/2014 - 22:17:42: "Yirktos<62><STEAM_0:1:33950017><Blue>" say "!zf"
L 03/20/2014 - 22:17:42: "PhD Corvo Charizard<55><STEAM_0:0:33167288><Red>" killed "Persi, the Neko God<12><STEAM_0:1:30286598><Blue>" with "obj_minisentry" (attacker_position "-4904 2648 -527") (victim_position "-5496 2928 -527")
L 03/20/2014 - 22:17:42: "Andy<51><STEAM_0:0:42727213><Red>" triggered "kill assist" against "Persi, the Neko God<12><STEAM_0:1:30286598><Blue>" (assister_position "-5251 3101 -527") (attacker_position "-4904 2648 -527") (victim_position "-5496 2928 -527")
L 03/20/2014 - 22:17:50: "Fortune the Don<57><STEAM_0:0:33251108><Red>" killed "Blizzard (Sean)áƒ¦<27><STEAM_0:1:47938377><Blue>" with "tf_projectile_arrow" (attacker_position "-5193 2930 -527") (victim_position "-4411 3167 -527")
L 03/20/2014 - 22:17:53: "Blizzard (Sean)áƒ¦<27><STEAM_0:1:47938377><Blue>" say ";-;"
L 03/20/2014 - 22:18:02: "Yirktos<62><STEAM_0:1:33950017><Blue>" committed suicide with "world" (attacker_position "-3439 3857 -495")
L 03/20/2014 - 22:18:03: Team "Red" triggered "pointcaptured" (cp "2") (cpname "controll point") (numcappers "8") (player1 "Tiera Foxglove<44><STEAM_0:1:42733307><Red>") (position1 "-5911 2284 -527") (player2 "Bilby<60><STEAM_0:0:12379989><Red>") (position2 "-5476 2397 -527") (player3 "Setsuna Carter<46><STEAM_0:0:20016330><Red>") (position3 "-5814 2289 -527") (player4 "Shiny mew<47><STEAM_0:0:43768850><Red>") (position4 "-5225 2428 -525") (player5 "Gord<10><STEAM_0:1:2327125><Red>") (position5 "-5752 2576 -543") (player6 "Andy<51><STEAM_0:0:42727213><Red>") (position6 "-5467 2448 -527") (player7 "{BFG} Nikdragon<42><STEAM_0:0:78154965><Red>") (position7 "-5759 2521 -543") (player8 "Ozzzy<54><STEAM_0:0:33986421><Red>") (position8 "-5776 2331 -527") 
L 03/20/2014 - 22:18:07: "Fortune the Don<57><STEAM_0:0:33251108><Red>" killed "toomoos<56><STEAM_0:1:33386821><Blue>" with "bushwacka" (attacker_position "-5409 2481 -527") (victim_position "-5361 2506 -486")
L 03/20/2014 - 22:18:07: "Setsuna Carter<46><STEAM_0:0:20016330><Red>" triggered "kill assist" against "toomoos<56><STEAM_0:1:33386821><Blue>" (assister_position "-5628 2341 -527") (attacker_position "-5409 2481 -527") (victim_position "-5361 2506 -486")
L 03/20/2014 - 22:18:12: "Myntey<59><STEAM_0:0:33841019><Blue>" killed "PhD Corvo Charizard<55><STEAM_0:0:33167288><Red>" with "knife" (customkill "backstab") (attacker_position "-5941 2426 -803") (victim_position "-5952 2378 -803")
L 03/20/2014 - 22:18:12: "Myntey<59><STEAM_0:0:33841019><Blue>" triggered "revenge" against "PhD Corvo Charizard<55><STEAM_0:0:33167288><Red>"
L 03/20/2014 - 22:18:18: "Setsuna Carter<46><STEAM_0:0:20016330><Red>" triggered "chargedeployed"
L 03/20/2014 - 22:18:18: "PhD Corvo Charizard<55><STEAM_0:0:33167288><Red>" joined team "Blue"
L 03/20/2014 - 22:18:19: "Tiera Foxglove<44><STEAM_0:1:42733307><Red>" killed "Persi, the Neko God<12><STEAM_0:1:30286598><Blue>" with "rainblower" (attacker_position "-5509 146 -815") (victim_position "-5545 -65 -815")
L 03/20/2014 - 22:18:19: "Setsuna Carter<46><STEAM_0:0:20016330><Red>" triggered "kill assist" against "Persi, the Neko God<12><STEAM_0:1:30286598><Blue>" (assister_position "-5496 9 -815") (attacker_position "-5509 146 -815") (victim_position "-5545 -65 -815")
L 03/20/2014 - 22:18:22: "Bilby<60><STEAM_0:0:12379989><Red>" triggered "chargedeployed"
L 03/20/2014 - 22:18:24: "toomoos<56><STEAM_0:1:33386821><Blue>" killed "Shiny mew<47><STEAM_0:0:43768850><Red>" with "spy_cicle" (customkill "backstab") (attacker_position "-4357 -141 -847") (victim_position "-4434 -162 -891")
L 03/20/2014 - 22:18:25: "Fortune the Don<57><STEAM_0:0:33251108><Red>" triggered "jarate_attack" against "{SCG}Ezerva<52><STEAM_0:1:65442681><Blue>" with "tf_weapon_jar" (attacker_position "-4616 -271 -894") (victim_position "-5353 -161 -831")
L 03/20/2014 - 22:18:25: "toomoos<56><STEAM_0:1:33386821><Blue>" killed "Fortune the Don<57><STEAM_0:0:33251108><Red>" with "spy_cicle" (customkill "backstab") (attacker_position "-4437 -226 -891") (victim_position "-4506 -212 -893")
L 03/20/2014 - 22:18:25: "Gord<10><STEAM_0:1:2327125><Red>" triggered "jarate_attack" against "Yirktos<62><STEAM_0:1:33950017><Blue>" with "tf_weapon_jar" (attacker_position "-2241 -193 -1004") (victim_position "-1922 -315 -1087")
L 03/20/2014 - 22:18:28: "RadioactiveSpaceRooster<50><STEAM_0:1:31547919><Blue>" killed "{BFG} Nikdragon<42><STEAM_0:0:78154965><Red>" with "knife" (customkill "backstab") (attacker_position "-5057 -149 -890") (victim_position "-4993 -186 -895")
L 03/20/2014 - 22:18:28: "Andy<51><STEAM_0:0:42727213><Red>" triggered "chargedeployed"
L 03/20/2014 - 22:18:30: "Shiny mew<47><STEAM_0:0:43768850><Red>" joined team "Blue"
L 03/20/2014 - 22:18:31: "Fortune the Don<57><STEAM_0:0:33251108><Red>" joined team "Blue"
L 03/20/2014 - 22:18:33: "Ozzzy<54><STEAM_0:0:33986421><Red>" killed "Yirktos<62><STEAM_0:1:33950017><Blue>" with "blackbox" (attacker_position "-2412 -322 -952") (victim_position "-2364 -307 -967")
L 03/20/2014 - 22:18:33: "Gord<10><STEAM_0:1:2327125><Red>" triggered "kill assist" against "Yirktos<62><STEAM_0:1:33950017><Blue>" (assister_position "-2056 1445 -1087") (attacker_position "-2412 -322 -952") (victim_position "-2364 -307 -967")
L 03/20/2014 - 22:18:33: "Fortune the Don<57><STEAM_0:0:33251108><Blue>" changed role to "scout"
L 03/20/2014 - 22:18:34: "{BFG} Nikdragon<42><STEAM_0:0:78154965><Red>" joined team "Blue"
L 03/20/2014 - 22:18:37: "Tiera Foxglove<44><STEAM_0:1:42733307><Red>" killed "toomoos<56><STEAM_0:1:33386821><Blue>" with "rainblower" (attacker_position "-3544 -343 -895") (victim_position "-3727 -184 -850")
L 03/20/2014 - 22:18:37: "Setsuna Carter<46><STEAM_0:0:20016330><Red>" triggered "kill assist" against "toomoos<56><STEAM_0:1:33386821><Blue>" (assister_position "-3416 -286 -891") (attacker_position "-3544 -343 -895") (victim_position "-3727 -184 -850")
L 03/20/2014 - 22:18:40: "RadioactiveSpaceRooster<50><STEAM_0:1:31547919><Blue>" killed "Tiera Foxglove<44><STEAM_0:1:42733307><Red>" with "knife" (customkill "backstab") (attacker_position "-3507 -405 -895") (victim_position "-3461 -390 -894")
L 03/20/2014 - 22:18:41: "Gord<10><STEAM_0:1:2327125><Red>" killed "{BFG} Nikdragon<42><STEAM_0:0:78154965><Blue>" with "sniperrifle" (customkill "headshot") (attacker_position "-2864 2643 -1455") (victim_position "-3740 2379 -1231")
L 03/20/2014 - 22:18:41: "Andy<51><STEAM_0:0:42727213><Red>" triggered "kill assist" against "{BFG} Nikdragon<42><STEAM_0:0:78154965><Blue>" (assister_position "-3263 2674 -1455") (attacker_position "-2864 2643 -1455") (victim_position "-3740 2379 -1231")
L 03/20/2014 - 22:18:43: "PhD Corvo Charizard<55><STEAM_0:0:33167288><Blue>" triggered "medic_death" against "Setsuna Carter<46><STEAM_0:0:20016330><Red>" (healing "778") (ubercharge "0")
L 03/20/2014 - 22:18:43: "PhD Corvo Charizard<55><STEAM_0:0:33167288><Blue>" killed "Setsuna Carter<46><STEAM_0:0:20016330><Red>" with "knife" (customkill "backstab") (attacker_position "-4051 -116 -892") (victim_position "-4042 -184 -892")
L 03/20/2014 - 22:18:45: "Andy<51><STEAM_0:0:42727213><Red>" killed "Shiny mew<47><STEAM_0:0:43768850><Blue>" with "ubersaw" (attacker_position "-4302 2977 -1455") (victim_position "-4376 2957 -1455")
L 03/20/2014 - 22:18:46: "Tiera Foxglove<44><STEAM_0:1:42733307><Red>" joined team "Blue"
L 03/20/2014 - 22:18:47: "Gord<10><STEAM_0:1:2327125><Red>" killed "Yirktos<62><STEAM_0:1:33950017><Blue>" with "sniperrifle" (customkill "headshot") (attacker_position "-3950 3279 -1455") (victim_position "-3211 3096 -1455")
L 03/20/2014 - 22:18:49: "Setsuna Carter<46><STEAM_0:0:20016330><Red>" joined team "Blue"
L 03/20/2014 - 22:18:50: "Tiera Foxglove<44><STEAM_0:1:42733307><Blue>" changed role to "scout"
L 03/20/2014 - 22:18:50: "Tiera Foxglove<44><STEAM_0:1:42733307><Blue>" committed suicide with "world" (attacker_position "-5065 1870 -1231")
L 03/20/2014 - 22:18:50: "Fortune the Don<57><STEAM_0:0:33251108><Blue>" triggered "medic_death" against "Andy<51><STEAM_0:0:42727213><Red>" (healing "755") (ubercharge "0")
L 03/20/2014 - 22:18:50: "Fortune the Don<57><STEAM_0:0:33251108><Blue>" triggered "captureblocked" (cp "3") (cpname "controll point") (position "-5289 2868 -1450")
L 03/20/2014 - 22:18:50: "Fortune the Don<57><STEAM_0:0:33251108><Blue>" killed "Andy<51><STEAM_0:0:42727213><Red>" with "fists" (attacker_position "-5289 2868 -1450") (victim_position "-5246 2908 -1453")
L 03/20/2014 - 22:18:52: "Andy<51><STEAM_0:0:42727213><Red>" say "Wow"
L 03/20/2014 - 22:18:55: "Ozzzy<54><STEAM_0:0:33986421><Red>" killed "Setsuna Carter<46><STEAM_0:0:20016330><Blue>" with "blackbox" (attacker_position "-3519 3211 -1447") (victim_position "-3265 2908 -1455")
L 03/20/2014 - 22:18:55: "Bilby<60><STEAM_0:0:12379989><Red>" triggered "kill assist" against "Setsuna Carter<46><STEAM_0:0:20016330><Blue>" (assister_position "-3613 3214 -1427") (attacker_position "-3519 3211 -1447") (victim_position "-3265 2908 -1455")
L 03/20/2014 - 22:18:56: "Andy<51><STEAM_0:0:42727213><Red>" joined team "Blue"
L 03/20/2014 - 22:18:57: "Ozzzy<54><STEAM_0:0:33986421><Red>" killed "Shiny mew<47><STEAM_0:0:43768850><Blue>" with "blackbox" (attacker_position "-3929 3203 -1447") (victim_position "-3482 3283 -1444")
L 03/20/2014 - 22:18:57: "Bilby<60><STEAM_0:0:12379989><Red>" triggered "kill assist" against "Shiny mew<47><STEAM_0:0:43768850><Blue>" (assister_position "-3913 3340 -1455") (attacker_position "-3929 3203 -1447") (victim_position "-3482 3283 -1444")
L 03/20/2014 - 22:19:01: "Gord<10><STEAM_0:1:2327125><Red>" triggered "jarate_attack" against "Yirktos<62><STEAM_0:1:33950017><Blue>" with "tf_weapon_jar" (attacker_position "-4646 2419 -1455") (victim_position "-4881 2684 -1455")
L 03/20/2014 - 22:19:05: "Ozzzy<54><STEAM_0:0:33986421><Red>" killed "Yirktos<62><STEAM_0:1:33950017><Blue>" with "blackbox" (attacker_position "-5323 2683 -1455") (victim_position "-4730 2298 -1455")
L 03/20/2014 - 22:19:05: "Gord<10><STEAM_0:1:2327125><Red>" triggered "kill assist" against "Yirktos<62><STEAM_0:1:33950017><Blue>" (assister_position "-4738 2098 -1455") (attacker_position "-5323 2683 -1455") (victim_position "-4730 2298 -1455")
L 03/20/2014 - 22:19:06: "toomoos<56><STEAM_0:1:33386821><Blue>" killed "Gord<10><STEAM_0:1:2327125><Red>" with "spy_cicle" (attacker_position "-4897 2134 -1455") (victim_position "-4878 2176 -1455")
L 03/20/2014 - 22:19:06: "toomoos<56><STEAM_0:1:33386821><Blue>" triggered "revenge" against "Gord<10><STEAM_0:1:2327125><Red>"
L 03/20/2014 - 22:19:09: "RadioactiveSpaceRooster<50><STEAM_0:1:31547919><Blue>" killed "Ozzzy<54><STEAM_0:0:33986421><Red>" with "knife" (customkill "backstab") (attacker_position "-5298 3021 -1455") (victim_position "-5330 3071 -1385")
L 03/20/2014 - 22:19:09: "Setsuna Carter<46><STEAM_0:0:20016330><Blue>" triggered "kill assist" against "Ozzzy<54><STEAM_0:0:33986421><Red>" (assister_position "-5139 3229 -1417") (attacker_position "-5298 3021 -1455") (victim_position "-5330 3071 -1385")
L 03/20/2014 - 22:19:09: "Ozzzy<54><STEAM_0:0:33986421><Red>" killed "Tiera Foxglove<44><STEAM_0:1:42733307><Blue>" with "world" (attacker_position "-5294 3143 -1373") (victim_position "-5213 2789 -1448")
L 03/20/2014 - 22:19:12: "Gord<10><STEAM_0:1:2327125><Red>" joined team "Blue"
L 03/20/2014 - 22:19:15: "Ozzzy<54><STEAM_0:0:33986421><Red>" joined team "Blue"
L 03/20/2014 - 22:19:16: "toomoos<56><STEAM_0:1:33386821><Blue>" triggered "medic_death" against "Bilby<60><STEAM_0:0:12379989><Red>" (healing "742") (ubercharge "0")
L 03/20/2014 - 22:19:16: "toomoos<56><STEAM_0:1:33386821><Blue>" triggered "captureblocked" (cp "3") (cpname "controll point") (position "-5511 2310 -1455")
L 03/20/2014 - 22:19:16: "toomoos<56><STEAM_0:1:33386821><Blue>" killed "Bilby<60><STEAM_0:0:12379989><Red>" with "spy_cicle" (customkill "backstab") (attacker_position "-5511 2310 -1455") (victim_position "-5527 2341 -1455")
L 03/20/2014 - 22:19:16: "Andy<51><STEAM_0:0:42727213><Blue>" triggered "kill assist" against "Bilby<60><STEAM_0:0:12379989><Red>" (assister_position "-5229 2159 -1455") (attacker_position "-5511 2310 -1455") (victim_position "-5527 2341 -1455")
L 03/20/2014 - 22:19:16: World triggered "Round_Win" (winner "Blue")
L 03/20/2014 - 22:19:16: World triggered "Round_Length" (seconds "334.99")
L 03/20/2014 - 22:19:16: Team "Red" current score "4" with "1" players
L 03/20/2014 - 22:19:16: Team "Blue" current score "2" with "16" players
L 03/20/2014 - 22:19:21: "Myntey<59><STEAM_0:0:33841019><Blue>" say "!zf"
L 03/20/2014 - 22:19:22: "Bilby<60><STEAM_0:0:12379989><Red>" joined team "Blue"
L 03/20/2014 - 22:19:24: "Blizzard (Sean)áƒ¦<27><STEAM_0:1:47938377><Blue>" say "!rocketme"
L 03/20/2014 - 22:19:25: "Myntey<59><STEAM_0:0:33841019><Blue>" say "!zf"
L 03/20/2014 - 22:19:25: "Ozzzy<54><STEAM_0:0:33986421><Blue>" committed suicide with "world" (attacker_position "-5075 2802 -1453")
L 03/20/2014 - 22:19:28: "Blizzard (Sean)áƒ¦<27><STEAM_0:1:47938377><Blue>" committed suicide with "world" (attacker_position "-5043 2746 -948")
L 03/20/2014 - 22:19:30: "Bilby<60><STEAM_0:0:12379989><Blue>" changed role to "medic"
L 03/20/2014 - 22:19:31: "Gord<10><STEAM_0:1:2327125><Blue>" say "bushwhacka the best whacka"
L 03/20/2014 - 22:19:31: World triggered "Round_Start"
L 03/20/2014 - 22:19:31: World triggered "Round_Setup_Begin"
L 03/20/2014 - 22:19:31: "Tiera Foxglove<44><STEAM_0:1:42733307><Blue>" joined team "Red"
L 03/20/2014 - 22:19:31: "Bilby<60><STEAM_0:0:12379989><Blue>" joined team "Red"
L 03/20/2014 - 22:19:31: "RadioactiveSpaceRooster<50><STEAM_0:1:31547919><Blue>" joined team "Red"
L 03/20/2014 - 22:19:31: "Setsuna Carter<46><STEAM_0:0:20016330><Blue>" joined team "Red"
L 03/20/2014 - 22:19:31: "Shiny mew<47><STEAM_0:0:43768850><Blue>" joined team "Red"
L 03/20/2014 - 22:19:31: "Gord<10><STEAM_0:1:2327125><Blue>" joined team "Red"
L 03/20/2014 - 22:19:31: "{SCG}Ezerva<52><STEAM_0:1:65442681><Blue>" joined team "Red"
L 03/20/2014 - 22:19:31: "Persi, the Neko God<12><STEAM_0:1:30286598><Blue>" joined team "Red"
L 03/20/2014 - 22:19:31: "Andy<51><STEAM_0:0:42727213><Blue>" joined team "Red"
L 03/20/2014 - 22:19:31: "Blizzard (Sean)áƒ¦<27><STEAM_0:1:47938377><Blue>" joined team "Red"
L 03/20/2014 - 22:19:31: "{BFG} Nikdragon<42><STEAM_0:0:78154965><Blue>" joined team "Red"
L 03/20/2014 - 22:19:31: "Ozzzy<54><STEAM_0:0:33986421><Blue>" joined team "Red"
L 03/20/2014 - 22:19:31: "PhD Corvo Charizard<55><STEAM_0:0:33167288><Blue>" joined team "Red"
L 03/20/2014 - 22:19:31: "toomoos<56><STEAM_0:1:33386821><Blue>" joined team "Red"
L 03/20/2014 - 22:19:31: "Fortune the Don<57><STEAM_0:0:33251108><Blue>" joined team "Red"
L 03/20/2014 - 22:19:31: "Myntey<59><STEAM_0:0:33841019><Blue>" joined team "Red"
L 03/20/2014 - 22:19:31: "Yirktos<62><STEAM_0:1:33950017><Blue>" joined team "Red"
L 03/20/2014 - 22:19:32: "Myntey<59><STEAM_0:0:33841019><Red>" joined team "Blue"
L 03/20/2014 - 22:19:32: "{SCG}Ezerva<52><STEAM_0:1:65442681><Red>" joined team "Blue"
L 03/20/2014 - 22:19:32: "Yirktos<62><STEAM_0:1:33950017><Red>" joined team "Blue"
L 03/20/2014 - 22:19:32: "RadioactiveSpaceRooster<50><STEAM_0:1:31547919><Red>" joined team "Blue"
L 03/20/2014 - 22:19:32: "Gord<10><STEAM_0:1:2327125><Red>" joined team "Blue"
L 03/20/2014 - 22:19:32: "Fortune the Don<57><STEAM_0:0:33251108><Red>" joined team "Blue"
L 03/20/2014 - 22:19:32: "Setsuna Carter<46><STEAM_0:0:20016330><Red>" committed suicide with "world" (attacker_position "-77 -6072 144")
L 03/20/2014 - 22:19:33: "Andy<51><STEAM_0:0:42727213><Red>" say "I wanted to see what was behind door number 2"
L 03/20/2014 - 22:19:33: "Myntey<59><STEAM_0:0:33841019><Blue>" changed role to "pyro"
L 03/20/2014 - 22:19:33: "Myntey<59><STEAM_0:0:33841019><Blue>" committed suicide with "world" (attacker_position "-873 -2334 240")
L 03/20/2014 - 22:19:34: "{SCG}Ezerva<52><STEAM_0:1:65442681><Blue>" changed role to "demoman"
L 03/20/2014 - 22:19:34: "{SCG}Ezerva<52><STEAM_0:1:65442681><Blue>" committed suicide with "world" (attacker_position "-808 -2233 240")
L 03/20/2014 - 22:19:35: "toomoos<56><STEAM_0:1:33386821><Red>" changed role to "demoman"
L 03/20/2014 - 22:19:36: "Blizzard (Sean)áƒ¦<27><STEAM_0:1:47938377><Red>" changed role to "soldier"
L 03/20/2014 - 22:19:36: "Myntey<59><STEAM_0:0:33841019><Blue>" changed role to "spy"
L 03/20/2014 - 22:19:36: "Myntey<59><STEAM_0:0:33841019><Blue>" committed suicide with "world" (attacker_position "1516 -3919 -95")
L 03/20/2014 - 22:19:36: "{BFG} Nikdragon<42><STEAM_0:0:78154965><Red>" changed role to "demoman"
L 03/20/2014 - 22:19:36: "Setsuna Carter<46><STEAM_0:0:20016330><Red>" changed role to "medic"
L 03/20/2014 - 22:19:37: "Yirktos<62><STEAM_0:1:33950017><Blue>" changed role to "demoman"
L 03/20/2014 - 22:19:37: "Yirktos<62><STEAM_0:1:33950017><Blue>" committed suicide with "world" (attacker_position "1510 -4146 -95")
L 03/20/2014 - 22:19:37: "Tiera Foxglove<44><STEAM_0:1:42733307><Red>" changed role to "pyro"
L 03/20/2014 - 22:19:37: "Andy<51><STEAM_0:0:42727213><Red>" changed role to "medic"
L 03/20/2014 - 22:19:39: "Andy<51><STEAM_0:0:42727213><Red>" changed role to "scout"
L 03/20/2014 - 22:19:40: "PhD Corvo Charizard<55><STEAM_0:0:33167288><Red>" changed role to "engineer"
L 03/20/2014 - 22:19:40: "Ozzzy<54><STEAM_0:0:33986421><Red>" say ":3"
L 03/20/2014 - 22:19:40: "Fortune the Don<57><STEAM_0:0:33251108><Blue>" changed role to "demoman"
L 03/20/2014 - 22:19:41: "Yirktos<62><STEAM_0:1:33950017><Blue>" say "!zf"
L 03/20/2014 - 22:19:43: "Andy<51><STEAM_0:0:42727213><Red>" changed role to "sniper"
L 03/20/2014 - 22:19:47: "Andy<51><STEAM_0:0:42727213><Red>" say "!zf"
L 03/20/2014 - 22:19:48: "PhD Corvo Charizard<55><STEAM_0:0:33167288><Red>" triggered "builtobject" (object "OBJ_SENTRYGUN") (position "113 -3991 4")
L 03/20/2014 - 22:19:49: "{SCG}Ezerva<52><STEAM_0:1:65442681><Blue>" say "why again zombie?"
L 03/20/2014 - 22:19:52: World triggered "Round_Setup_End"
L 03/20/2014 - 22:19:54: "Andy<51><STEAM_0:0:42727213><Red>" say "!zf"
L 03/20/2014 - 22:19:54: "RadioactiveSpaceRooster<50><STEAM_0:1:31547919><Blue>" triggered "milk_attack" against "Ozzzy<54><STEAM_0:0:33986421><Red>" with "tf_weapon_jar" (attacker_position "-316 -3464 0") (victim_position "63 -3943 8")
L 03/20/2014 - 22:19:54: "RadioactiveSpaceRooster<50><STEAM_0:1:31547919><Blue>" triggered "milk_attack" against "Blizzard (Sean)áƒ¦<27><STEAM_0:1:47938377><Red>" with "tf_weapon_jar" (attacker_position "-316 -3464 0") (victim_position "164 -3889 4")
L 03/20/2014 - 22:19:54: "RadioactiveSpaceRooster<50><STEAM_0:1:31547919><Blue>" triggered "milk_attack" against "Tiera Foxglove<44><STEAM_0:1:42733307><Red>" with "tf_weapon_jar" (attacker_position "-316 -3464 0") (victim_position "247 -3979 9")
L 03/20/2014 - 22:19:54: "RadioactiveSpaceRooster<50><STEAM_0:1:31547919><Blue>" triggered "milk_attack" against "{BFG} Nikdragon<42><STEAM_0:0:78154965><Red>" with "tf_weapon_jar" (attacker_position "-316 -3464 0") (victim_position "78 -3724 2")
L 03/20/2014 - 22:19:55: "Gord<10><STEAM_0:1:2327125><Blue>" triggered "milk_attack" against "PhD Corvo Charizard<55><STEAM_0:0:33167288><Red>" with "tf_weapon_jar" (attacker_position "672 -3652 100") (victim_position "32 -3585 0")
L 03/20/2014 - 22:19:55: "Gord<10><STEAM_0:1:2327125><Blue>" triggered "milk_attack" against "Ozzzy<54><STEAM_0:0:33986421><Red>" with "tf_weapon_jar" (attacker_position "672 -3652 100") (victim_position "107 -3750 3")
L 03/20/2014 - 22:19:55: "Gord<10><STEAM_0:1:2327125><Blue>" triggered "milk_attack" against "Tiera Foxglove<44><STEAM_0:1:42733307><Red>" with "tf_weapon_jar" (attacker_position "672 -3652 100") (victim_position "263 -3787 5")
L 03/20/2014 - 22:19:55: "Gord<10><STEAM_0:1:2327125><Blue>" triggered "milk_attack" against "Blizzard (Sean)áƒ¦<27><STEAM_0:1:47938377><Red>" with "tf_weapon_jar" (attacker_position "672 -3652 100") (victim_position "161 -3705 1")
L 03/20/2014 - 22:19:56: "Ozzzy<54><STEAM_0:0:33986421><Red>" killed "Myntey<59><STEAM_0:0:33841019><Blue>" with "blackbox" (attacker_position "152 -3502 0") (victim_position "140 -3573 0")
L 03/20/2014 - 22:19:56: "Bilby<60><STEAM_0:0:12379989><Red>" triggered "kill assist" against "Myntey<59><STEAM_0:0:33841019><Blue>" (assister_position "92 -3562 16") (attacker_position "152 -3502 0") (victim_position "140 -3573 0")
L 03/20/2014 - 22:19:56: "Ozzzy<54><STEAM_0:0:33986421><Red>" killed "Gord<10><STEAM_0:1:2327125><Blue>" with "blackbox" (attacker_position "152 -3502 0") (victim_position "295 -3612 0")
L 03/20/2014 - 22:19:56: "Bilby<60><STEAM_0:0:12379989><Red>" triggered "kill assist" against "Gord<10><STEAM_0:1:2327125><Blue>" (assister_position "92 -3562 16") (attacker_position "152 -3502 0") (victim_position "295 -3612 0")
L 03/20/2014 - 22:19:57: "{BFG} Nikdragon<42><STEAM_0:0:78154965><Red>" committed suicide with "world" (attacker_position "-711 -3644 -447")
L 03/20/2014 - 22:19:59: "Ozzzy<54><STEAM_0:0:33986421><Red>" killed "{SCG}Ezerva<52><STEAM_0:1:65442681><Blue>" with "blackbox" (attacker_position "492 -3425 0") (victim_position "454 -3300 0")
L 03/20/2014 - 22:19:59: "Bilby<60><STEAM_0:0:12379989><Red>" triggered "kill assist" against "{SCG}Ezerva<52><STEAM_0:1:65442681><Blue>" (assister_position "424 -3407 0") (attacker_position "492 -3425 0") (victim_position "454 -3300 0")
L 03/20/2014 - 22:20:00: "Gord<10><STEAM_0:1:2327125><Blue>" changed role to "heavyweapons"
L 03/20/2014 - 22:20:03: "{BFG} Nikdragon<42><STEAM_0:0:78154965><Red>" joined team "Blue"
L 03/20/2014 - 22:20:06: "PhD Corvo Charizard<55><STEAM_0:0:33167288><Red>" killed "Fortune the Don<57><STEAM_0:0:33251108><Blue>" with "obj_minisentry" (attacker_position "2333 -3441 0") (victim_position "324 -3227 0")
L 03/20/2014 - 22:20:06: "toomoos<56><STEAM_0:1:33386821><Red>" triggered "kill assist" against "Fortune the Don<57><STEAM_0:0:33251108><Blue>" (assister_position "1260 -3325 40") (attacker_position "2333 -3441 0") (victim_position "324 -3227 0")
L 03/20/2014 - 22:20:06: "{BFG} Nikdragon<42><STEAM_0:0:78154965><Blue>" changed role to "spy"
L 03/20/2014 - 22:20:06: "{BFG} Nikdragon<42><STEAM_0:0:78154965><Blue>" committed suicide with "world" (attacker_position "1888 -3989 -95")
L 03/20/2014 - 22:20:08: "RadioactiveSpaceRooster<50><STEAM_0:1:31547919><Blue>" triggered "killedobject" (object "OBJ_SENTRYGUN") (weapon "holy_mackerel") (objectowner "PhD Corvo Charizard<55><STEAM_0:0:33167288><Red>") (attacker_position "105 -3967 5")
L 03/20/2014 - 22:20:11: "Fortune the Don<57><STEAM_0:0:33251108><Blue>" changed role to "scout"
L 03/20/2014 - 22:20:14: "Fortune the Don<57><STEAM_0:0:33251108><Blue>" say "!zf"
L 03/20/2014 - 22:20:16: "PhD Corvo Charizard<55><STEAM_0:0:33167288><Red>" triggered "builtobject" (object "OBJ_SENTRYGUN") (position "3619 -1349 0")
L 03/20/2014 - 22:20:17: "Shiny mew<47><STEAM_0:0:43768850><Red>" triggered "builtobject" (object "OBJ_SENTRYGUN") (position "3600 -1203 0")
L 03/20/2014 - 22:20:18: "{SCG}Ezerva<52><STEAM_0:1:65442681><Blue>" committed suicide with "world" (attacker_position "3896 -2030 -751")
L 03/20/2014 - 22:20:20: "RadioactiveSpaceRooster<50><STEAM_0:1:31547919><Blue>" triggered "milk_attack" against "toomoos<56><STEAM_0:1:33386821><Red>" with "tf_weapon_jar" (attacker_position "3323 -3190 0") (victim_position "3663 -2573 0")
L 03/20/2014 - 22:20:24: "toomoos<56><STEAM_0:1:33386821><Red>" killed "Gord<10><STEAM_0:1:2327125><Blue>" with "flaregun" (attacker_position "3641 -1805 10") (victim_position "3704 -2239 4")
L 03/20/2014 - 22:20:26: "{BFG} Nikdragon<42><STEAM_0:0:78154965><Blue>" say "!nominate"
L 03/20/2014 - 22:20:36: "Gord<10><STEAM_0:1:2327125><Blue>" triggered "milk_attack" against "Andy<51><STEAM_0:0:42727213><Red>" with "tf_weapon_jar" (attacker_position "4042 -1104 43") (victim_position "3765 -1024 7")
L 03/20/2014 - 22:20:36: "Gord<10><STEAM_0:1:2327125><Blue>" triggered "milk_attack" against "Ozzzy<54><STEAM_0:0:33986421><Red>" with "tf_weapon_jar" (attacker_position "4042 -1104 43") (victim_position "3789 -762 0")
L 03/20/2014 - 22:20:36: "Gord<10><STEAM_0:1:2327125><Blue>" triggered "milk_attack" against "Shiny mew<47><STEAM_0:0:43768850><Red>" with "tf_weapon_jar" (attacker_position "4042 -1104 43") (victim_position "3841 -904 0")
L 03/20/2014 - 22:20:36: "Gord<10><STEAM_0:1:2327125><Blue>" triggered "milk_attack" against "Bilby<60><STEAM_0:0:12379989><Red>" with "tf_weapon_jar" (attacker_position "4042 -1104 43") (victim_position "3766 -938 0")
L 03/20/2014 - 22:20:36: "Gord<10><STEAM_0:1:2327125><Blue>" triggered "player_extinguished" against "Gord<10><STEAM_0:1:2327125><Blue>" with "tf_weapon_jar" (attacker_position "4042 -1104 43") (victim_position "4042 -1104 43")
L 03/20/2014 - 22:20:37: "Tiera Foxglove<44><STEAM_0:1:42733307><Red>" killed "Gord<10><STEAM_0:1:2327125><Blue>" with "world" (attacker_position "3208 -506 0") (victim_position "4038 -1092 13")
L 03/20/2014 - 22:20:37: "Blizzard (Sean)áƒ¦<27><STEAM_0:1:47938377><Red>" killed "Yirktos<62><STEAM_0:1:33950017><Blue>" with "disciplinary_action" (attacker_position "3295 -1117 17") (victim_position "3263 -1094 64")
L 03/20/2014 - 22:20:37: "PhD Corvo Charizard<55><STEAM_0:0:33167288><Red>" triggered "kill assist" against "Yirktos<62><STEAM_0:1:33950017><Blue>" (assister_position "3453 -925 0") (attacker_position "3295 -1117 17") (victim_position "3263 -1094 64")
L 03/20/2014 - 22:20:38: "Ozzzy<54><STEAM_0:0:33986421><Red>" killed "{SCG}Ezerva<52><STEAM_0:1:65442681><Blue>" with "blackbox" (attacker_position "3511 -791 0") (victim_position "3400 -892 0")
L 03/20/2014 - 22:20:38: "Tiera Foxglove<44><STEAM_0:1:42733307><Red>" triggered "kill assist" against "{SCG}Ezerva<52><STEAM_0:1:65442681><Blue>" (assister_position "3208 -506 0") (attacker_position "3511 -791 0") (victim_position "3400 -892 0")
L 03/20/2014 - 22:20:39: "Shiny mew<47><STEAM_0:0:43768850><Red>" killed "Myntey<59><STEAM_0:0:33841019><Blue>" with "obj_sentrygun" (attacker_position "3815 -961 7") (victim_position "3534 -1875 86")
L 03/20/2014 - 22:20:39: "PhD Corvo Charizard<55><STEAM_0:0:33167288><Red>" triggered "kill assist" against "Myntey<59><STEAM_0:0:33841019><Blue>" (assister_position "3256 -857 0") (attacker_position "3815 -961 7") (victim_position "3534 -1875 86")
L 03/20/2014 - 22:20:40: "Gord<10><STEAM_0:1:2327125><Blue>" changed role to "heavyweapons"
L 03/20/2014 - 22:20:40: "Shiny mew<47><STEAM_0:0:43768850><Red>" killed "RadioactiveSpaceRooster<50><STEAM_0:1:31547919><Blue>" with "obj_sentrygun" (attacker_position "3570 -1124 0") (victim_position "3802 -1978 10")
L 03/20/2014 - 22:20:40: "PhD Corvo Charizard<55><STEAM_0:0:33167288><Red>" triggered "kill assist" against "RadioactiveSpaceRooster<50><STEAM_0:1:31547919><Blue>" (assister_position "3568 -844 0") (attacker_position "3570 -1124 0") (victim_position "3802 -1978 10")
L 03/20/2014 - 22:20:44: "Shiny mew<47><STEAM_0:0:43768850><Red>" killed "Gord<10><STEAM_0:1:2327125><Blue>" with "obj_sentrygun" (attacker_position "3491 -796 0") (victim_position "4212 -1248 739")
L 03/20/2014 - 22:20:44: "PhD Corvo Charizard<55><STEAM_0:0:33167288><Red>" triggered "kill assist" against "Gord<10><STEAM_0:1:2327125><Blue>" (assister_position "3378 -1212 0") (attacker_position "3491 -796 0") (victim_position "4212 -1248 739")
L 03/20/2014 - 22:20:48: Team "Red" triggered "pointcaptured" (cp "0") (cpname "controll point") (numcappers "8") (player1 "Bilby<60><STEAM_0:0:12379989><Red>") (position1 "3639 -759 1") (player2 "Setsuna Carter<46><STEAM_0:0:20016330><Red>") (position2 "3432 -757 0") (player3 "Shiny mew<47><STEAM_0:0:43768850><Red>") (position3 "3628 -885 0") (player4 "Persi, the Neko God<12><STEAM_0:1:30286598><Red>") (position4 "3857 -922 0") (player5 "Andy<51><STEAM_0:0:42727213><Red>") (position5 "3698 -1003 0") (player6 "Blizzard (Sean)áƒ¦<27><STEAM_0:1:47938377><Red>") (position6 "3420 -907 0") (player7 "Ozzzy<54><STEAM_0:0:33986421><Red>") (position7 "3968 -884 0") (player8 "PhD Corvo Charizard<55><STEAM_0:0:33167288><Red>") (position8 "3642 -1006 0") 
L 03/20/2014 - 22:20:51: "Yirktos<62><STEAM_0:1:33950017><Blue>" changed role to "scout"
L 03/20/2014 - 22:20:54: "Shiny mew<47><STEAM_0:0:43768850><Red>" killed "Fortune the Don<57><STEAM_0:0:33251108><Blue>" with "obj_sentrygun" (attacker_position "3033 -788 0") (victim_position "4228 -786 351")
L 03/20/2014 - 22:20:54: "PhD Corvo Charizard<55><STEAM_0:0:33167288><Red>" triggered "kill assist" against "Fortune the Don<57><STEAM_0:0:33251108><Blue>" (assister_position "2464 25 0") (attacker_position "3033 -788 0") (victim_position "4228 -786 351")
L 03/20/2014 - 22:20:56: "Gord<10><STEAM_0:1:2327125><Blue>" say "fucking game is lying to me. says i spawn as heavy, always scout forever"
L 03/20/2014 - 22:20:57: "RadioactiveSpaceRooster<50><STEAM_0:1:31547919><Blue>" triggered "milk_attack" against "Setsuna Carter<46><STEAM_0:0:20016330><Red>" with "tf_weapon_jar" (attacker_position "2644 1672 0") (victim_position "2392 573 0")
L 03/20/2014 - 22:20:59: "[BoP] Rambo [PxR]<63><STEAM_0:1:38609972><>" connected, address "222.155.152.80:63496"
L 03/20/2014 - 22:20:59: "[BoP] Rambo [PxR]<63><STEAM_0:1:38609972><>" STEAM USERID validated
L 03/20/2014 - 22:21:02: "Gord<10><STEAM_0:1:2327125><Blue>" triggered "milk_attack" against "Blizzard (Sean)áƒ¦<27><STEAM_0:1:47938377><Red>" with "tf_weapon_jar" (attacker_position "2366 2286 0") (victim_position "2488 1264 0")
L 03/20/2014 - 22:21:02: "Gord<10><STEAM_0:1:2327125><Blue>" triggered "milk_attack" against "Shiny mew<47><STEAM_0:0:43768850><Red>" with "tf_weapon_jar" (attacker_position "2366 2286 0") (victim_position "2485 1074 0")
L 03/20/2014 - 22:21:02: "Gord<10><STEAM_0:1:2327125><Blue>" triggered "milk_attack" against "PhD Corvo Charizard<55><STEAM_0:0:33167288><Red>" with "tf_weapon_jar" (attacker_position "2366 2286 0") (victim_position "2511 1305 0")
L 03/20/2014 - 22:21:02: "Gord<10><STEAM_0:1:2327125><Blue>" triggered "milk_attack" against "Tiera Foxglove<44><STEAM_0:1:42733307><Red>" with "tf_weapon_jar" (attacker_position "2366 2286 0") (victim_position "2499 1373 0")
L 03/20/2014 - 22:21:02: "Gord<10><STEAM_0:1:2327125><Blue>" triggered "milk_attack" against "Setsuna Carter<46><STEAM_0:0:20016330><Red>" with "tf_weapon_jar" (attacker_position "2366 2286 0") (victim_position "2392 1382 0")
L 03/20/2014 - 22:21:02: "Shiny mew<47><STEAM_0:0:43768850><Red>" killed "{BFG} Nikdragon<42><STEAM_0:0:78154965><Blue>" with "obj_sentrygun" (attacker_position "2485 1223 45") (victim_position "3839 -1820 10")
L 03/20/2014 - 22:21:03: "Tiera Foxglove<44><STEAM_0:1:42733307><Red>" killed "Yirktos<62><STEAM_0:1:33950017><Blue>" with "rainblower" (attacker_position "2456 1621 0") (victim_position "2548 1671 0")
L 03/20/2014 - 22:21:03: "Setsuna Carter<46><STEAM_0:0:20016330><Red>" triggered "kill assist" against "Yirktos<62><STEAM_0:1:33950017><Blue>" (assister_position "2518 1452 0") (attacker_position "2456 1621 0") (victim_position "2548 1671 0")
L 03/20/2014 - 22:21:04: "Myntey<59><STEAM_0:0:33841019><Blue>" killed "Shiny mew<47><STEAM_0:0:43768850><Red>" with "knife" (customkill "backstab") (attacker_position "2375 1631 0") (victim_position "2379 1693 42")
L 03/20/2014 - 22:21:04: "Gord<10><STEAM_0:1:2327125><Blue>" triggered "kill assist" against "Shiny mew<47><STEAM_0:0:43768850><Red>" (assister_position "2036 2114 0") (attacker_position "2375 1631 0") (victim_position "2379 1693 42")
L 03/20/2014 - 22:21:05: "Myntey<59><STEAM_0:0:33841019><Blue>" triggered "medic_death" against "Setsuna Carter<46><STEAM_0:0:20016330><Red>" (healing "213") (ubercharge "1")
L 03/20/2014 - 22:21:05: "Myntey<59><STEAM_0:0:33841019><Blue>" killed "Setsuna Carter<46><STEAM_0:0:20016330><Red>" with "knife" (customkill "backstab") (attacker_position "2299 1807 0") (victim_position "2289 1847 36")
L 03/20/2014 - 22:21:05: "Gord<10><STEAM_0:1:2327125><Blue>" triggered "kill assist" against "Setsuna Carter<46><STEAM_0:0:20016330><Red>" (assister_position "1971 1839 0") (attacker_position "2299 1807 0") (victim_position "2289 1847 36")
L 03/20/2014 - 22:21:06: "Andy<51><STEAM_0:0:42727213><Red>" triggered "jarate_attack" against "Myntey<59><STEAM_0:0:33841019><Blue>" with "tf_weapon_jar" (attacker_position "2488 1626 0") (victim_position "2347 1976 0")
L 03/20/2014 - 22:21:06: "Andy<51><STEAM_0:0:42727213><Red>" triggered "jarate_attack" against "{SCG}Ezerva<52><STEAM_0:1:65442681><Blue>" with "tf_weapon_jar" (attacker_position "2488 1626 0") (victim_position "2605 2206 0")
L 03/20/2014 - 22:21:07: "Persi, the Neko God<12><STEAM_0:1:30286598><Red>" killed "{SCG}Ezerva<52><STEAM_0:1:65442681><Blue>" with "axtinguisher" (attacker_position "2601 2143 0") (victim_position "2622 2150 0")
L 03/20/2014 - 22:21:07: "Andy<51><STEAM_0:0:42727213><Red>" triggered "kill assist" against "{SCG}Ezerva<52><STEAM_0:1:65442681><Blue>" (assister_position "2458 1802 0") (attacker_position "2601 2143 0") (victim_position "2622 2150 0")
L 03/20/2014 - 22:21:07: "toomoos<56><STEAM_0:1:33386821><Red>" killed "Myntey<59><STEAM_0:0:33841019><Blue>" with "backburner" (attacker_position "2372 1896 0") (victim_position "2473 2111 0")
L 03/20/2014 - 22:21:07: "Andy<51><STEAM_0:0:42727213><Red>" triggered "kill assist" against "Myntey<59><STEAM_0:0:33841019><Blue>" (assister_position "2456 1823 0") (attacker_position "2372 1896 0") (victim_position "2473 2111 0")
L 03/20/2014 - 22:21:08: "Yirktos<62><STEAM_0:1:33950017><Blue>" say "!zf"
L 03/20/2014 - 22:21:08: "Blizzard (Sean)áƒ¦<27><STEAM_0:1:47938377><Red>" killed "RadioactiveSpaceRooster<50><STEAM_0:1:31547919><Blue>" with "disciplinary_action" (attacker_position "2855 2286 0") (victim_position "2865 2388 1")
L 03/20/2014 - 22:21:08: "Tiera Foxglove<44><STEAM_0:1:42733307><Red>" triggered "kill assist" against "RadioactiveSpaceRooster<50><STEAM_0:1:31547919><Blue>" (assister_position "2736 2411 0") (attacker_position "2855 2286 0") (victim_position "2865 2388 1")
L 03/20/2014 - 22:21:10: "Shiny mew<47><STEAM_0:0:43768850><Red>" joined team "Blue"
L 03/20/2014 - 22:21:11: "toomoos<56><STEAM_0:1:33386821><Red>" killed "Gord<10><STEAM_0:1:2327125><Blue>" with "backburner" (attacker_position "2164 2457 0") (victim_position "2109 2504 0")
L 03/20/2014 - 22:21:11: "Setsuna Carter<46><STEAM_0:0:20016330><Red>" joined team "Blue"
L 03/20/2014 - 22:21:12: "RadioactiveSpaceRooster<50><STEAM_0:1:31547919><Blue>" changed role to "spy"
L 03/20/2014 - 22:21:17: "Gord<10><STEAM_0:1:2327125><Blue>" changed role to "heavyweapons"
L 03/20/2014 - 22:21:20: "Andy<51><STEAM_0:0:42727213><Red>" say "what did I did?"
L 03/20/2014 - 22:21:24: "toomoos<56><STEAM_0:1:33386821><Red>" killed "Myntey<59><STEAM_0:0:33841019><Blue>" with "backburner" (attacker_position "1883 463 176") (victim_position "1891 650 176")
L 03/20/2014 - 22:21:24: "Ozzzy<54><STEAM_0:0:33986421><Red>" killed "Gord<10><STEAM_0:1:2327125><Blue>" with "blackbox" (attacker_position "1030 238 269") (victim_position "1100 305 176")
L 03/20/2014 - 22:21:25: "Blizzard (Sean)áƒ¦<27><STEAM_0:1:47938377><Red>" killed "Fortune the Don<57><STEAM_0:0:33251108><Blue>" with "disciplinary_action" (attacker_position "1399 47 176") (victim_position "1440 -4 249")
L 03/20/2014 - 22:21:25: "Persi, the Neko God<12><STEAM_0:1:30286598><Red>" triggered "kill assist" against "Fortune the Don<57><STEAM_0:0:33251108><Blue>" (assister_position "1951 543 176") (attacker_position "1399 47 176") (victim_position "1440 -4 249")
L 03/20/2014 - 22:21:25: "Bilby<60><STEAM_0:0:12379989><Red>" triggered "chargedeployed"
L 03/20/2014 - 22:21:25: "[BoP] Rambo [PxR]<63><STEAM_0:1:38609972><>" disconnected (reason "Disconnect by user.")
L 03/20/2014 - 22:21:26: "Yirktos<62><STEAM_0:1:33950017><Blue>" committed suicide with "world" (attacker_position "2076 3319 0")
L 03/20/2014 - 22:21:30: "Gord<10><STEAM_0:1:2327125><Blue>" changed role to "engineer"
L 03/20/2014 - 22:21:30: "PhD Corvo Charizard<55><STEAM_0:0:33167288><Red>" triggered "builtobject" (object "OBJ_SENTRYGUN") (position "69 254 480")
L 03/20/2014 - 22:21:31: "Gord<10><STEAM_0:1:2327125><Blue>" changed role to "heavyweapons"
L 03/20/2014 - 22:21:32: "Persi, the Neko God<12><STEAM_0:1:30286598><Red>" killed "{SCG}Ezerva<52><STEAM_0:1:65442681><Blue>" with "axtinguisher" (attacker_position "1279 200 176") (victim_position "1344 219 176")
L 03/20/2014 - 22:21:32: "toomoos<56><STEAM_0:1:33386821><Red>" triggered "kill assist" against "{SCG}Ezerva<52><STEAM_0:1:65442681><Blue>" (assister_position "860 218 272") (attacker_position "1279 200 176") (victim_position "1344 219 176")
L 03/20/2014 - 22:21:34: "Tiera Foxglove<44><STEAM_0:1:42733307><Red>" killed "Shiny mew<47><STEAM_0:0:43768850><Blue>" with "scorchshot" (attacker_position "-316 -76 480") (victim_position "-30 227 480")
L 03/20/2014 - 22:21:34: "PhD Corvo Charizard<55><STEAM_0:0:33167288><Red>" triggered "kill assist" against "Shiny mew<47><STEAM_0:0:43768850><Blue>" (assister_position "-1098 446 384") (attacker_position "-316 -76 480") (victim_position "-30 227 480")
L 03/20/2014 - 22:21:34: "Shiny mew<47><STEAM_0:0:43768850><Blue>" triggered "killedobject" (object "OBJ_SENTRYGUN") (weapon "world") (objectowner "PhD Corvo Charizard<55><STEAM_0:0:33167288><Red>") (attacker_position "-30 227 494")
L 03/20/2014 - 22:21:35: "Andy<51><STEAM_0:0:42727213><Red>" killed "RadioactiveSpaceRooster<50><STEAM_0:1:31547919><Blue>" with "tf_projectile_arrow" (customkill "headshot") (attacker_position "-1340 655 432") (victim_position "-1465 656 432")
L 03/20/2014 - 22:21:39: "Ozzzy<54><STEAM_0:0:33986421><Red>" killed "Myntey<59><STEAM_0:0:33841019><Blue>" with "blackbox" (attacker_position "-2324 174 176") (victim_position "-2269 192 176")
L 03/20/2014 - 22:21:40: "Gord<10><STEAM_0:1:2327125><Blue>" killed "PhD Corvo Charizard<55><STEAM_0:0:33167288><Red>" with "atomizer" (attacker_position "-1678 405 176") (victim_position "-1739 358 235")
L 03/20/2014 - 22:21:42: "Ozzzy<54><STEAM_0:0:33986421><Red>" killed "Gord<10><STEAM_0:1:2327125><Blue>" with "blackbox" (attacker_position "-2365 368 176") (victim_position "-2196 229 178")
L 03/20/2014 - 22:21:44: "Tiera Foxglove<44><STEAM_0:1:42733307><Red>" killed "Fortune the Don<57><STEAM_0:0:33251108><Blue>" with "rainblower" (attacker_position "-1643 -29 329") (victim_position "-1574 -23 272")
L 03/20/2014 - 22:21:46: "Ozzzy<54><STEAM_0:0:33986421><Red>" killed "{SCG}Ezerva<52><STEAM_0:1:65442681><Blue>" with "blackbox" (attacker_position "-2189 78 176") (victim_position "-2398 187 176")
L 03/20/2014 - 22:21:46: "Blizzard (Sean)áƒ¦<27><STEAM_0:1:47938377><Red>" triggered "kill assist" against "{SCG}Ezerva<52><STEAM_0:1:65442681><Blue>" (assister_position "-2553 198 176") (attacker_position "-2189 78 176") (victim_position "-2398 187 176")
L 03/20/2014 - 22:21:46: "PhD Corvo Charizard<55><STEAM_0:0:33167288><Red>" joined team "Blue"
L 03/20/2014 - 22:21:50: "Tiera Foxglove<44><STEAM_0:1:42733307><Red>" killed "RadioactiveSpaceRooster<50><STEAM_0:1:31547919><Blue>" with "rainblower" (attacker_position "-1983 270 180") (victim_position "-1976 197 188")
L 03/20/2014 - 22:21:50: "Ozzzy<54><STEAM_0:0:33986421><Red>" triggered "kill assist" against "RadioactiveSpaceRooster<50><STEAM_0:1:31547919><Blue>" (assister_position "-2361 256 176") (attacker_position "-1983 270 180") (victim_position "-1976 197 188")
L 03/20/2014 - 22:21:51: "Blizzard (Sean)áƒ¦<27><STEAM_0:1:47938377><Red>" killed "{BFG} Nikdragon<42><STEAM_0:0:78154965><Blue>" with "blackbox" (attacker_position "-2553 171 176") (victim_position "-1930 360 195")
L 03/20/2014 - 22:21:51: "Tiera Foxglove<44><STEAM_0:1:42733307><Red>" triggered "kill assist" against "{BFG} Nikdragon<42><STEAM_0:0:78154965><Blue>" (assister_position "-2180 327 176") (attacker_position "-2553 171 176") (victim_position "-1930 360 195")
L 03/20/2014 - 22:21:51: "Gord<10><STEAM_0:1:2327125><Blue>" triggered "milk_attack" against "Blizzard (Sean)áƒ¦<27><STEAM_0:1:47938377><Red>" with "tf_weapon_jar" (attacker_position "-1560 471 272") (victim_position "-2534 167 176")
L 03/20/2014 - 22:21:51: "Gord<10><STEAM_0:1:2327125><Blue>" triggered "player_extinguished" against "Yirktos<62><STEAM_0:1:33950017><Blue>" with "tf_weapon_jar" (attacker_position "-1560 471 272") (victim_position "-2517 215 176")
L 03/20/2014 - 22:21:51: "Gord<10><STEAM_0:1:2327125><Blue>" triggered "milk_attack" against "Bilby<60><STEAM_0:0:12379989><Red>" with "tf_weapon_jar" (attacker_position "-1560 471 272") (victim_position "-2509 70 176")
L 03/20/2014 - 22:21:51: "Gord<10><STEAM_0:1:2327125><Blue>" triggered "milk_attack" against "Tiera Foxglove<44><STEAM_0:1:42733307><Red>" with "tf_weapon_jar" (attacker_position "-1560 471 272") (victim_position "-2246 267 176")
L 03/20/2014 - 22:21:51: "Gord<10><STEAM_0:1:2327125><Blue>" triggered "milk_attack" against "toomoos<56><STEAM_0:1:33386821><Red>" with "tf_weapon_jar" (attacker_position "-1560 471 272") (victim_position "-2181 282 176")
L 03/20/2014 - 22:21:52: "Andy<51><STEAM_0:0:42727213><Red>" triggered "jarate_attack" against "Shiny mew<47><STEAM_0:0:43768850><Blue>" with "tf_weapon_jar" (attacker_position "-2281 297 176") (victim_position "-2061 229 183")
L 03/20/2014 - 22:21:52: "Andy<51><STEAM_0:0:42727213><Red>" triggered "player_extinguished" against "Ozzzy<54><STEAM_0:0:33986421><Red>" with "tf_weapon_jar" (attacker_position "-2281 297 176") (victim_position "-2249 405 176")
L 03/20/2014 - 22:21:52: "Persi, the Neko God<12><STEAM_0:1:30286598><Red>" triggered "player_extinguished" against "Blizzard (Sean)áƒ¦<27><STEAM_0:1:47938377><Red>" with "tf_weapon_flamethrower" (attacker_position "-2433 312 176") (victim_position "-2328 269 176")
L 03/20/2014 - 22:21:53: "toomoos<56><STEAM_0:1:33386821><Red>" killed "Gord<10><STEAM_0:1:2327125><Blue>" with "backburner" (attacker_position "-2301 160 176") (victim_position "-2172 341 176")
L 03/20/2014 - 22:21:53: "toomoos<56><STEAM_0:1:33386821><Red>" triggered "domination" against "Gord<10><STEAM_0:1:2327125><Blue>"
L 03/20/2014 - 22:21:53: "Blizzard (Sean)áƒ¦<27><STEAM_0:1:47938377><Red>" killed "Shiny mew<47><STEAM_0:0:43768850><Blue>" with "disciplinary_action" (attacker_position "-2218 246 176") (victim_position "-2178 194 183")
L 03/20/2014 - 22:21:53: "Andy<51><STEAM_0:0:42727213><Red>" triggered "kill assist" against "Shiny mew<47><STEAM_0:0:43768850><Blue>" (assister_position "-2239 201 176") (attacker_position "-2218 246 176") (victim_position "-2178 194 183")
L 03/20/2014 - 22:21:54: "Tiera Foxglove<44><STEAM_0:1:42733307><Red>" killed "Myntey<59><STEAM_0:0:33841019><Blue>" with "rainblower" (attacker_position "-2493 90 176") (victim_position "-2276 213 176")
L 03/20/2014 - 22:21:54: "Persi, the Neko God<12><STEAM_0:1:30286598><Red>" triggered "kill assist" against "Myntey<59><STEAM_0:0:33841019><Blue>" (assister_position "-2160 238 183") (attacker_position "-2493 90 176") (victim_position "-2276 213 176")
L 03/20/2014 - 22:21:54: "Blizzard (Sean)áƒ¦<27><STEAM_0:1:47938377><Red>" killed "Yirktos<62><STEAM_0:1:33950017><Blue>" with "disciplinary_action" (attacker_position "-2136 248 183") (victim_position "-2048 224 183")
L 03/20/2014 - 22:21:54: "Ozzzy<54><STEAM_0:0:33986421><Red>" triggered "kill assist" against "Yirktos<62><STEAM_0:1:33950017><Blue>" (assister_position "-2425 71 176") (attacker_position "-2136 248 183") (victim_position "-2048 224 183")
L 03/20/2014 - 22:21:55: "{SCG}Ezerva<52><STEAM_0:1:65442681><Blue>" say "why cant we goomba stomp people?"
L 03/20/2014 - 22:21:56: "Persi, the Neko God<12><STEAM_0:1:30286598><Red>" triggered "player_extinguished" against "Andy<51><STEAM_0:0:42727213><Red>" with "tf_weapon_flamethrower" (attacker_position "-2207 -22 176") (victim_position "-2108 10 176")
L 03/20/2014 - 22:22:00: "Persi, the Neko God<12><STEAM_0:1:30286598><Red>" triggered "player_extinguished" against "Bilby<60><STEAM_0:0:12379989><Red>" with "tf_weapon_flamethrower" (attacker_position "-2320 252 176") (victim_position "-2479 179 176")
L 03/20/2014 - 22:22:03: "Myntey<59><STEAM_0:0:33841019><Blue>" say "Because of leap, it would be too easy"
L 03/20/2014 - 22:22:05: "Gord<10><STEAM_0:1:2327125><Blue>" triggered "milk_attack" against "Blizzard (Sean)áƒ¦<27><STEAM_0:1:47938377><Red>" with "tf_weapon_jar" (attacker_position "-1801 -19 370") (victim_position "-2381 214 176")
L 03/20/2014 - 22:22:05: "Gord<10><STEAM_0:1:2327125><Blue>" triggered "milk_attack" against "Bilby<60><STEAM_0:0:12379989><Red>" with "tf_weapon_jar" (attacker_position "-1801 -19 370") (victim_position "-2369 330 176")
L 03/20/2014 - 22:22:07: "Ozzzy<54><STEAM_0:0:33986421><Red>" killed "Gord<10><STEAM_0:1:2327125><Blue>" with "blackbox" (attacker_position "-2386 225 211") (victim_position "-2189 106 176")
L 03/20/2014 - 22:22:07: "Ozzzy<54><STEAM_0:0:33986421><Red>" triggered "domination" against "Gord<10><STEAM_0:1:2327125><Blue>"
L 03/20/2014 - 22:22:08: "É›RRÉœ Dixon B. Tweenerlegs<64><STEAM_0:1:25247145><>" connected, address "174.58.58.165:27005"
L 03/20/2014 - 22:22:08: "É›RRÉœ Dixon B. Tweenerlegs<64><STEAM_0:1:25247145><>" STEAM USERID validated
L 03/20/2014 - 22:22:09: "Shiny mew<47><STEAM_0:0:43768850><Blue>" changed role to "spy"
L 03/20/2014 - 22:22:11: "PhD Corvo Charizard<55><STEAM_0:0:33167288><Blue>" changed role to "spy"
L 03/20/2014 - 22:22:11: "PhD Corvo Charizard<55><STEAM_0:0:33167288><Blue>" committed suicide with "world" (attacker_position "-400 -347 1008")
L 03/20/2014 - 22:22:13: Team "Red" triggered "pointcaptured" (cp "1") (cpname "controll point") (numcappers "5") (player1 "Tiera Foxglove<44><STEAM_0:1:42733307><Red>") (position1 "-2490 343 177") (player2 "Persi, the Neko God<12><STEAM_0:1:30286598><Red>") (position2 "-2193 227 179") (player3 "Andy<51><STEAM_0:0:42727213><Red>") (position3 "-2349 256 176") (player4 "Blizzard (Sean)áƒ¦<27><STEAM_0:1:47938377><Red>") (position4 "-2097 271 183") (player5 "toomoos<56><STEAM_0:1:33386821><Red>") (position5 "-2177 109 179") 
L 03/20/2014 - 22:22:18: "É›RRÉœ Dixon B. Tweenerlegs<64><STEAM_0:1:25247145><>" disconnected (reason "Disconnect by user.")
L 03/20/2014 - 22:22:18: "Andy<51><STEAM_0:0:42727213><Red>" killed "{BFG} Nikdragon<42><STEAM_0:0:78154965><Blue>" with "club" (attacker_position "-2627 516 176") (victim_position "-2660 551 176")
L 03/20/2014 - 22:22:18: "Tiera Foxglove<44><STEAM_0:1:42733307><Red>" triggered "kill assist" against "{BFG} Nikdragon<42><STEAM_0:0:78154965><Blue>" (assister_position "-2443 480 176") (attacker_position "-2627 516 176") (victim_position "-2660 551 176")
L 03/20/2014 - 22:22:18: "Gord<10><STEAM_0:1:2327125><Blue>" triggered "milk_attack" against "toomoos<56><STEAM_0:1:33386821><Red>" with "tf_weapon_jar" (attacker_position "-1931 354 176") (victim_position "-2553 70 176")
L 03/20/2014 - 22:22:18: "Gord<10><STEAM_0:1:2327125><Blue>" triggered "milk_attack" against "Blizzard (Sean)áƒ¦<27><STEAM_0:1:47938377><Red>" with "tf_weapon_jar" (attacker_position "-1931 354 176") (victim_position "-2482 137 176")
L 03/20/2014 - 22:22:18: "Ozzzy<54><STEAM_0:0:33986421><Red>" killed "{SCG}Ezerva<52><STEAM_0:1:65442681><Blue>" with "blackbox" (attacker_position "-2553 285 176") (victim_position "-2382 261 184")
L 03/20/2014 - 22:22:18: "Bilby<60><STEAM_0:0:12379989><Red>" triggered "kill assist" against "{SCG}Ezerva<52><STEAM_0:1:65442681><Blue>" (assister_position "-2553 301 176") (attacker_position "-2553 285 176") (victim_position "-2382 261 184")
L 03/20/2014 - 22:22:18: "Ozzzy<54><STEAM_0:0:33986421><Red>" triggered "domination" against "{SCG}Ezerva<52><STEAM_0:1:65442681><Blue>"
L 03/20/2014 - 22:22:19: "toomoos<56><STEAM_0:1:33386821><Red>" killed "Myntey<59><STEAM_0:0:33841019><Blue>" with "backburner" (attacker_position "-2553 120 176") (victim_position "-2553 174 248")
L 03/20/2014 - 22:22:20: "Persi, the Neko God<12><STEAM_0:1:30286598><Red>" killed "Gord<10><STEAM_0:1:2327125><Blue>" with "flamethrower" (attacker_position "-2389 112 176") (victim_position "-2341 86 176")
L 03/20/2014 - 22:22:21: "RadioactiveSpaceRooster<50><STEAM_0:1:31547919><Blue>" killed "Blizzard (Sean)áƒ¦<27><STEAM_0:1:47938377><Red>" with "knife" (customkill "backstab") (attacker_position "-2553 126 176") (victim_position "-2537 151 176")
L 03/20/2014 - 22:22:21: "Gord<10><STEAM_0:1:2327125><Blue>" triggered "kill assist" against "Blizzard (Sean)áƒ¦<27><STEAM_0:1:47938377><Red>" (assister_position "-2341 86 190") (attacker_position "-2553 126 176") (victim_position "-2537 151 176")
L 03/20/2014 - 22:22:21: "Andy<51><STEAM_0:0:42727213><Red>" killed "Yirktos<62><STEAM_0:1:33950017><Blue>" with "tf_projectile_arrow" (customkill "headshot") (attacker_position "-2553 282 176") (victim_position "-2553 234 176")
L 03/20/2014 - 22:22:21: "Ozzzy<54><STEAM_0:0:33986421><Red>" triggered "kill assist" against "Yirktos<62><STEAM_0:1:33950017><Blue>" (assister_position "-2391 421 278") (attacker_position "-2553 282 176") (victim_position "-2553 234 176")
L 03/20/2014 - 22:22:21: "Bilby<60><STEAM_0:0:12379989><Red>" triggered "chargedeployed"
L 03/20/2014 - 22:22:22: "toomoos<56><STEAM_0:1:33386821><Red>" killed "RadioactiveSpaceRooster<50><STEAM_0:1:31547919><Blue>" with "backburner" (attacker_position "-2667 231 176") (victim_position "-2553 185 176")
L 03/20/2014 - 22:22:22: "Persi, the Neko God<12><STEAM_0:1:30286598><Red>" triggered "kill assist" against "RadioactiveSpaceRooster<50><STEAM_0:1:31547919><Blue>" (assister_position "-2553 114 176") (attacker_position "-2667 231 176") (victim_position "-2553 185 176")
L 03/20/2014 - 22:22:24: "{BFG} Nikdragon<42><STEAM_0:0:78154965><Blue>" changed role to "heavyweapons"
L 03/20/2014 - 22:22:24: "{BFG} Nikdragon<42><STEAM_0:0:78154965><Blue>" committed suicide with "world" (attacker_position "-2378 791 176")
L 03/20/2014 - 22:22:27: "Blizzard (Sean)áƒ¦<27><STEAM_0:1:47938377><Red>" joined team "Blue"
L 03/20/2014 - 22:22:29: "Blizzard (Sean)áƒ¦<27><STEAM_0:1:47938377><Blue>" changed role to "spy"
L 03/20/2014 - 22:22:29: "Blizzard (Sean)áƒ¦<27><STEAM_0:1:47938377><Blue>" committed suicide with "world" (attacker_position "-3417 3758 208")
L 03/20/2014 - 22:22:31: "Andy<51><STEAM_0:0:42727213><Red>" triggered "jarate_attack" against "Yirktos<62><STEAM_0:1:33950017><Blue>" with "tf_weapon_jar" (attacker_position "-4103 2579 183") (victim_position "-3953 2939 184")
L 03/20/2014 - 22:22:32: "RadioactiveSpaceRooster<50><STEAM_0:1:31547919><Blue>" say "!shop"
L 03/20/2014 - 22:22:35: "Yirktos<62><STEAM_0:1:33950017><Blue>" killed "Andy<51><STEAM_0:0:42727213><Red>" with "fryingpan" (attacker_position "-3923 3629 194") (victim_position "-3941 3572 192")
L 03/20/2014 - 22:22:35: "Myntey<59><STEAM_0:0:33841019><Blue>" triggered "kill assist" against "Andy<51><STEAM_0:0:42727213><Red>" (assister_position "-4145 3626 181") (attacker_position "-3923 3629 194") (victim_position "-3941 3572 192")
L 03/20/2014 - 22:22:39: "Ozzzy<54><STEAM_0:0:33986421><Red>" killed "PhD Corvo Charizard<55><STEAM_0:0:33167288><Blue>" with "blackbox" (attacker_position "-4141 2051 158") (victim_position "-4247 2005 150")
L 03/20/2014 - 22:22:40: "toomoos<56><STEAM_0:1:33386821><Red>" killed "Yirktos<62><STEAM_0:1:33950017><Blue>" with "flaregun" (attacker_position "-3914 2763 195") (victim_position "-4000 3107 188")
L 03/20/2014 - 22:22:40: "Andy<51><STEAM_0:0:42727213><Red>" triggered "kill assist" against "Yirktos<62><STEAM_0:1:33950017><Blue>" (assister_position "-3913 3512 205") (attacker_position "-3914 2763 195") (victim_position "-4000 3107 188")
L 03/20/2014 - 22:22:41: "Andy<51><STEAM_0:0:42727213><Red>" joined team "Blue"
L 03/20/2014 - 22:22:47: "Ozzzy<54><STEAM_0:0:33986421><Red>" killed "Shiny mew<47><STEAM_0:0:43768850><Blue>" with "blackbox" (attacker_position "-3610 3684 208") (victim_position "-4042 3114 250")
L 03/20/2014 - 22:22:47: "Bilby<60><STEAM_0:0:12379989><Red>" triggered "kill assist" against "Shiny mew<47><STEAM_0:0:43768850><Blue>" (assister_position "-3471 3532 208") (attacker_position "-3610 3684 208") (victim_position "-4042 3114 250")
L 03/20/2014 - 22:22:48: "toomoos<56><STEAM_0:1:33386821><Red>" killed "RadioactiveSpaceRooster<50><STEAM_0:1:31547919><Blue>" with "backburner" (attacker_position "-3395 3846 208") (victim_position "-3368 3980 208")
L 03/20/2014 - 22:22:48: "Tiera Foxglove<44><STEAM_0:1:42733307><Red>" triggered "kill assist" against "RadioactiveSpaceRooster<50><STEAM_0:1:31547919><Blue>" (assister_position "-3455 3622 208") (attacker_position "-3395 3846 208") (victim_position "-3368 3980 208")
L 03/20/2014 - 22:22:55: "Myntey<59><STEAM_0:0:33841019><Blue>" killed "Persi, the Neko God<12><STEAM_0:1:30286598><Red>" with "knife" (customkill "backstab") (attacker_position "-2699 4545 -269") (victim_position "-2689 4549 -270")
L 03/20/2014 - 22:22:56: "Ozzzy<54><STEAM_0:0:33986421><Red>" killed "Blizzard (Sean)áƒ¦<27><STEAM_0:1:47938377><Blue>" with "blackbox" (attacker_position "-2863 5008 -319") (victim_position "-2671 4548 -319")
L 03/20/2014 - 22:22:56: "Bilby<60><STEAM_0:0:12379989><Red>" triggered "kill assist" against "Blizzard (Sean)áƒ¦<27><STEAM_0:1:47938377><Blue>" (assister_position "-2899 4711 -319") (attacker_position "-2863 5008 -319") (victim_position "-2671 4548 -319")
L 03/20/2014 - 22:23:00: "Gord<10><STEAM_0:1:2327125><Blue>" say "DENIED"
L 03/20/2014 - 22:23:01: "Persi, the Neko God<12><STEAM_0:1:30286598><Red>" joined team "Blue"
L 03/20/2014 - 22:23:03: "Tiera Foxglove<44><STEAM_0:1:42733307><Red>" killed "Andy<51><STEAM_0:0:42727213><Blue>" with "rainblower" (attacker_position "-2350 4670 -319") (victim_position "-2350 4583 -319")
L 03/20/2014 - 22:23:03: "toomoos<56><STEAM_0:1:33386821><Red>" triggered "kill assist" against "Andy<51><STEAM_0:0:42727213><Blue>" (assister_position "-1666 4851 -319") (attacker_position "-2350 4670 -319") (victim_position "-2350 4583 -319")
L 03/20/2014 - 22:23:03: "Gord<10><STEAM_0:1:2327125><Blue>" say "SHUT DOWN"
L 03/20/2014 - 22:23:04: "Blizzard (Sean)áƒ¦<27><STEAM_0:1:47938377><Blue>" say "LOL"
L 03/20/2014 - 22:23:05: "RadioactiveSpaceRooster<50><STEAM_0:1:31547919><Blue>" killed "Ozzzy<54><STEAM_0:0:33986421><Red>" with "knife" (customkill "backstab") (attacker_position "-945 4895 -495") (victim_position "-1011 4918 -495")
L 03/20/2014 - 22:23:05: "Gord<10><STEAM_0:1:2327125><Blue>" say "NO RE"
L 03/20/2014 - 22:23:06: "toomoos<56><STEAM_0:1:33386821><Red>" killed "Shiny mew<47><STEAM_0:0:43768850><Blue>" with "backburner" (attacker_position "-971 5077 -495") (victim_position "-862 5030 -495")
L 03/20/2014 - 22:23:06: "Bilby<60><STEAM_0:0:12379989><Red>" triggered "kill assist" against "Shiny mew<47><STEAM_0:0:43768850><Blue>" (assister_position "-1079 5099 -432") (attacker_position "-971 5077 -495") (victim_position "-862 5030 -495")
L 03/20/2014 - 22:23:06: "RadioactiveSpaceRooster<50><STEAM_0:1:31547919><Blue>" killed "toomoos<56><STEAM_0:1:33386821><Red>" with "knife" (customkill "backstab") (attacker_position "-929 5033 -495") (victim_position "-906 5050 -495")
L 03/20/2014 - 22:23:06: "Yirktos<62><STEAM_0:1:33950017><Blue>" triggered "kill assist" against "toomoos<56><STEAM_0:1:33386821><Red>" (assister_position "-894 5099 -495") (attacker_position "-929 5033 -495") (victim_position "-906 5050 -495")
L 03/20/2014 - 22:23:10: "RadioactiveSpaceRooster<50><STEAM_0:1:31547919><Blue>" triggered "medic_death" against "Bilby<60><STEAM_0:0:12379989><Red>" (healing "1763") (ubercharge "0")
L 03/20/2014 - 22:23:10: "RadioactiveSpaceRooster<50><STEAM_0:1:31547919><Blue>" killed "Bilby<60><STEAM_0:0:12379989><Red>" with "knife" (customkill "backstab") (attacker_position "-850 5099 -495") (victim_position "-915 5099 -495")
L 03/20/2014 - 22:23:10: "Yirktos<62><STEAM_0:1:33950017><Blue>" triggered "kill assist" against "Bilby<60><STEAM_0:0:12379989><Red>" (assister_position "-962 5070 -495") (attacker_position "-850 5099 -495") (victim_position "-915 5099 -495")
L 03/20/2014 - 22:23:11: "Ozzzy<54><STEAM_0:0:33986421><Red>" joined team "Blue"
L 03/20/2014 - 22:23:12: "Gord<10><STEAM_0:1:2327125><Blue>" triggered "player_extinguished" against "Myntey<59><STEAM_0:0:33841019><Blue>" with "tf_weapon_jar" (attacker_position "-2486 4741 -319") (victim_position "-2194 4740 -272")
L 03/20/2014 - 22:23:12: "toomoos<56><STEAM_0:1:33386821><Red>" joined team "Blue"
L 03/20/2014 - 22:23:15: "toomoos<56><STEAM_0:1:33386821><Blue>" changed role to "heavyweapons"
L 03/20/2014 - 22:23:16: "Bilby<60><STEAM_0:0:12379989><Red>" joined team "Blue"
L 03/20/2014 - 22:23:16: "Tiera Foxglove<44><STEAM_0:1:42733307><Red>" killed "Ozzzy<54><STEAM_0:0:33986421><Blue>" with "rainblower" (attacker_position "-710 4642 -495") (victim_position "-797 4592 -495")
L 03/20/2014 - 22:23:16: "Tiera Foxglove<44><STEAM_0:1:42733307><Red>" killed "Blizzard (Sean)áƒ¦<27><STEAM_0:1:47938377><Blue>" with "rainblower" (attacker_position "-704 4607 -495") (victim_position "-818 4582 -495")
L 03/20/2014 - 22:23:18: "Tiera Foxglove<44><STEAM_0:1:42733307><Red>" killed "Gord<10><STEAM_0:1:2327125><Blue>" with "rainblower" (attacker_position "-873 4502 -495") (victim_position "-825 4511 -495")
L 03/20/2014 - 22:23:23: "Andy<51><STEAM_0:0:42727213><Blue>" killed "Tiera Foxglove<44><STEAM_0:1:42733307><Red>" with "fryingpan" (attacker_position "-1407 3643 -495") (victim_position "-1018 4151 -495")
L 03/20/2014 - 22:23:23: "Yirktos<62><STEAM_0:1:33950017><Blue>" triggered "kill assist" against "Tiera Foxglove<44><STEAM_0:1:42733307><Red>" (assister_position "-919 4465 -495") (attacker_position "-1407 3643 -495") (victim_position "-1018 4151 -495")
L 03/20/2014 - 22:23:23: World triggered "Round_Win" (winner "Blue")
L 03/20/2014 - 22:23:23: World triggered "Round_Length" (seconds "231.97")
L 03/20/2014 - 22:23:23: Team "Red" current score "4" with "1" players
L 03/20/2014 - 22:23:23: Team "Blue" current score "4" with "16" players
L 03/20/2014 - 22:23:27: "Setsuna Carter<46><STEAM_0:0:20016330><Blue>" disconnected (reason "Disconnect by user.")
L 03/20/2014 - 22:23:28: "Blizzard (Sean)áƒ¦<27><STEAM_0:1:47938377><Blue>" committed suicide with "world" (attacker_position "-2119 3860 -487")
L 03/20/2014 - 22:23:28: "Bilby<60><STEAM_0:0:12379989><Blue>" committed suicide with "world" (attacker_position "-1021 3858 -495")
L 03/20/2014 - 22:23:29: "Ozzzy<54><STEAM_0:0:33986421><Blue>" committed suicide with "world" (attacker_position "-481 4275 -467")
L 03/20/2014 - 22:23:30: "Tiera Foxglove<44><STEAM_0:1:42733307><Red>" joined team "Blue"
L 03/20/2014 - 22:23:30: "Gord<10><STEAM_0:1:2327125><Blue>" triggered "player_extinguished" against "Persi, the Neko God<12><STEAM_0:1:30286598><Blue>" with "tf_weapon_jar" (attacker_position "-2432 3799 -495") (victim_position "-1669 3879 -457")
L 03/20/2014 - 22:23:32: "Andy<51><STEAM_0:0:42727213><Blue>" say "That poison :3"
L 03/20/2014 - 22:23:35: "{BFG} Nikdragon<42><STEAM_0:0:78154965><Blue>" say "!rocketme"
L 03/20/2014 - 22:23:37: "É›RRÉœ Dixon B. Tweenerlegs<65><STEAM_0:1:25247145><>" connected, address "174.58.58.165:27005"
L 03/20/2014 - 22:23:37: "É›RRÉœ Dixon B. Tweenerlegs<65><STEAM_0:1:25247145><>" STEAM USERID validated
L 03/20/2014 - 22:23:38: "{BFG} Nikdragon<42><STEAM_0:0:78154965><Blue>" committed suicide with "world" (attacker_position "-1061 4087 -377")
L 03/20/2014 - 22:23:38: World triggered "Round_Start"
L 03/20/2014 - 22:23:38: World triggered "Round_Setup_Begin"
L 03/20/2014 - 22:23:38: "Tiera Foxglove<44><STEAM_0:1:42733307><Blue>" joined team "Red"
L 03/20/2014 - 22:23:38: "Bilby<60><STEAM_0:0:12379989><Blue>" joined team "Red"
L 03/20/2014 - 22:23:38: "RadioactiveSpaceRooster<50><STEAM_0:1:31547919><Blue>" joined team "Red"
L 03/20/2014 - 22:23:38: "Shiny mew<47><STEAM_0:0:43768850><Blue>" joined team "Red"
L 03/20/2014 - 22:23:38: "Gord<10><STEAM_0:1:2327125><Blue>" joined team "Red"
L 03/20/2014 - 22:23:38: "{SCG}Ezerva<52><STEAM_0:1:65442681><Blue>" joined team "Red"
L 03/20/2014 - 22:23:38: "Persi, the Neko God<12><STEAM_0:1:30286598><Blue>" joined team "Red"
L 03/20/2014 - 22:23:38: "Andy<51><STEAM_0:0:42727213><Blue>" joined team "Red"
L 03/20/2014 - 22:23:38: "Blizzard (Sean)áƒ¦<27><STEAM_0:1:47938377><Blue>" joined team "Red"
L 03/20/2014 - 22:23:38: "{BFG} Nikdragon<42><STEAM_0:0:78154965><Blue>" joined team "Red"
L 03/20/2014 - 22:23:38: "Ozzzy<54><STEAM_0:0:33986421><Blue>" joined team "Red"
L 03/20/2014 - 22:23:39: "PhD Corvo Charizard<55><STEAM_0:0:33167288><Blue>" joined team "Red"
L 03/20/2014 - 22:23:39: "toomoos<56><STEAM_0:1:33386821><Blue>" joined team "Red"
L 03/20/2014 - 22:23:39: "Fortune the Don<57><STEAM_0:0:33251108><Blue>" joined team "Red"
L 03/20/2014 - 22:23:39: "Myntey<59><STEAM_0:0:33841019><Blue>" joined team "Red"
L 03/20/2014 - 22:23:39: "Yirktos<62><STEAM_0:1:33950017><Blue>" joined team "Red"
L 03/20/2014 - 22:23:39: "Yirktos<62><STEAM_0:1:33950017><Red>" joined team "Blue"
L 03/20/2014 - 22:23:39: "{SCG}Ezerva<52><STEAM_0:1:65442681><Red>" joined team "Blue"
L 03/20/2014 - 22:23:39: "Gord<10><STEAM_0:1:2327125><Red>" joined team "Blue"
L 03/20/2014 - 22:23:39: "Myntey<59><STEAM_0:0:33841019><Red>" joined team "Blue"
L 03/20/2014 - 22:23:39: "toomoos<56><STEAM_0:1:33386821><Red>" joined team "Blue"
L 03/20/2014 - 22:23:39: "RadioactiveSpaceRooster<50><STEAM_0:1:31547919><Red>" joined team "Blue"
L 03/20/2014 - 22:23:41: "Myntey<59><STEAM_0:0:33841019><Blue>" changed role to "spy"
L 03/20/2014 - 22:23:41: "Myntey<59><STEAM_0:0:33841019><Blue>" committed suicide with "world" (attacker_position "-1063 -2267 240")
L 03/20/2014 - 22:23:42: "Tiera Foxglove<44><STEAM_0:1:42733307><Red>" changed role to "pyro"
L 03/20/2014 - 22:23:42: "Blizzard (Sean)áƒ¦<27><STEAM_0:1:47938377><Red>" changed role to "soldier"
L 03/20/2014 - 22:23:43: "Gord<10><STEAM_0:1:2327125><Blue>" changed role to "sniper"
L 03/20/2014 - 22:23:44: "{SCG}Ezerva<52><STEAM_0:1:65442681><Blue>" say "again..."
L 03/20/2014 - 22:23:44: "Ozzzy<54><STEAM_0:0:33986421><Red>" changed role to "soldier"
L 03/20/2014 - 22:23:45: "toomoos<56><STEAM_0:1:33386821><Blue>" changed role to "heavyweapons"
L 03/20/2014 - 22:23:45: "Ozzzy<54><STEAM_0:0:33986421><Red>" changed role to "demoman"
L 03/20/2014 - 22:23:45: "Yirktos<62><STEAM_0:1:33950017><Blue>" changed role to "scout"
L 03/20/2014 - 22:23:45: "Yirktos<62><STEAM_0:1:33950017><Blue>" committed suicide with "world" (attacker_position "-899 -2543 240")
L 03/20/2014 - 22:23:47: "Gord<10><STEAM_0:1:2327125><Blue>" say "b cool and donate"
L 03/20/2014 - 22:23:47: "Andy<51><STEAM_0:0:42727213><Red>" say "!zf"
L 03/20/2014 - 22:23:47: "Fortune the Don<57><STEAM_0:0:33251108><Red>" changed role to "demoman"
L 03/20/2014 - 22:23:49: "PhD Corvo Charizard<55><STEAM_0:0:33167288><Red>" changed role to "medic"
L 03/20/2014 - 22:23:49: "Fortune the Don<57><STEAM_0:0:33251108><Red>" changed role to "sniper"
L 03/20/2014 - 22:23:51: "Yirktos<62><STEAM_0:1:33950017><Blue>" say "tfw zombone"
L 03/20/2014 - 22:23:52: "Ozzzy<54><STEAM_0:0:33986421><Red>" say "!zf"
L 03/20/2014 - 22:23:55: "Andy<51><STEAM_0:0:42727213><Red>" say "!zf"
L 03/20/2014 - 22:23:56: "Bilby<60><STEAM_0:0:12379989><Red>" changed role to "medic"
L 03/20/2014 - 22:23:59: World triggered "Round_Setup_End"
L 03/20/2014 - 22:24:06: "Persi, the Neko God<12><STEAM_0:1:30286598><Red>" killed "toomoos<56><STEAM_0:1:33386821><Blue>" with "shotgun_primary" (attacker_position "451 -3484 0") (victim_position "419 -3570 49")
L 03/20/2014 - 22:24:06: "PhD Corvo Charizard<55><STEAM_0:0:33167288><Red>" triggered "kill assist" against "toomoos<56><STEAM_0:1:33386821><Blue>" (assister_position "480 -3655 0") (attacker_position "451 -3484 0") (victim_position "419 -3570 49")
L 03/20/2014 - 22:24:07: "Persi, the Neko God<12><STEAM_0:1:30286598><Red>" killed "Gord<10><STEAM_0:1:2327125><Blue>" with "shotgun_primary" (attacker_position "619 -3514 0") (victim_position "736 -3509 0")
L 03/20/2014 - 22:24:11: "Gord<10><STEAM_0:1:2327125><Blue>" changed role to "heavyweapons"
L 03/20/2014 - 22:24:13: "Fortune the Don<57><STEAM_0:0:33251108><Red>" committed suicide with "world" (attacker_position "-492 -3650 -447")
L 03/20/2014 - 22:24:14: "Ozzzy<54><STEAM_0:0:33986421><Red>" killed "Yirktos<62><STEAM_0:1:33950017><Blue>" with "tf_projectile_pipe" (attacker_position "1411 -3080 0") (victim_position "1277 -3162 0")
L 03/20/2014 - 22:24:14: "Bilby<60><STEAM_0:0:12379989><Red>" triggered "kill assist" against "Yirktos<62><STEAM_0:1:33950017><Blue>" (assister_position "1061 -3307 0") (attacker_position "1411 -3080 0") (victim_position "1277 -3162 0")
L 03/20/2014 - 22:24:14: "Myntey<59><STEAM_0:0:33841019><Blue>" killed "Shiny mew<47><STEAM_0:0:43768850><Red>" with "knife" (customkill "backstab") (attacker_position "762 -3516 0") (victim_position "794 -3453 0")
L 03/20/2014 - 22:24:16: "Tiera Foxglove<44><STEAM_0:1:42733307><Red>" triggered "player_extinguished" against "Bilby<60><STEAM_0:0:12379989><Red>" with "tf_weapon_flamethrower" (attacker_position "1588 -3191 0") (victim_position "1563 -3174 0")
L 03/20/2014 - 22:24:16: "Tiera Foxglove<44><STEAM_0:1:42733307><Red>" triggered "player_extinguished" against "PhD Corvo Charizard<55><STEAM_0:0:33167288><Red>" with "tf_weapon_flamethrower" (attacker_position "1588 -3191 0") (victim_position "1676 -3212 0")
L 03/20/2014 - 22:24:17: "Bilby<60><STEAM_0:0:12379989><Red>" triggered "player_extinguished" against "Ozzzy<54><STEAM_0:0:33986421><Red>" with "tf_weapon_medigun" (attacker_position "1614 -3184 0") (victim_position "1925 -3414 0")
L 03/20/2014 - 22:24:18: "Ozzzy<54><STEAM_0:0:33986421><Red>" killed "Myntey<59><STEAM_0:0:33841019><Blue>" with "tf_projectile_pipe" (attacker_position "2198 -3527 2") (victim_position "1647 -3183 0")
L 03/20/2014 - 22:24:19: "Fortune the Don<57><STEAM_0:0:33251108><Red>" joined team "Blue"
L 03/20/2014 - 22:24:20: "Fortune the Don<57><STEAM_0:0:33251108><Blue>" changed role to "scout"
L 03/20/2014 - 22:24:21: "Shiny mew<47><STEAM_0:0:43768850><Red>" joined team "Blue"
L 03/20/2014 - 22:24:21: "Ozzzy<54><STEAM_0:0:33986421><Red>" killed "{SCG}Ezerva<52><STEAM_0:1:65442681><Blue>" with "tf_projectile_pipe" (attacker_position "2749 -3143 0") (victim_position "2584 -3268 0")
L 03/20/2014 - 22:24:21: "PhD Corvo Charizard<55><STEAM_0:0:33167288><Red>" triggered "kill assist" against "{SCG}Ezerva<52><STEAM_0:1:65442681><Blue>" (assister_position "2664 -2940 28") (attacker_position "2749 -3143 0") (victim_position "2584 -3268 0")
L 03/20/2014 - 22:24:25: "Ozzzy<54><STEAM_0:0:33986421><Red>" killed "Shiny mew<47><STEAM_0:0:43768850><Blue>" with "tf_projectile_pipe" (attacker_position "3458 -2704 0") (victim_position "3889 -2603 0")
L 03/20/2014 - 22:24:25: "Bilby<60><STEAM_0:0:12379989><Red>" triggered "kill assist" against "Shiny mew<47><STEAM_0:0:43768850><Blue>" (assister_position "3368 -2824 0") (attacker_position "3458 -2704 0") (victim_position "3889 -2603 0")
L 03/20/2014 - 22:24:25: "Persi, the Neko God<12><STEAM_0:1:30286598><Red>" triggered "builtobject" (object "OBJ_SENTRYGUN") (position "3752 -1283 0")
L 03/20/2014 - 22:24:27: "Gord<10><STEAM_0:1:2327125><Blue>" say "pay with 'favors'"
L 03/20/2014 - 22:24:32: "Ozzzy<54><STEAM_0:0:33986421><Red>" killed "{SCG}Ezerva<52><STEAM_0:1:65442681><Blue>" with "tf_projectile_pipe" (attacker_position "3699 -1230 0") (victim_position "3792 -1023 7")
L 03/20/2014 - 22:24:32: "Persi, the Neko God<12><STEAM_0:1:30286598><Red>" triggered "kill assist" against "{SCG}Ezerva<52><STEAM_0:1:65442681><Blue>" (assister_position "3366 -1136 38") (attacker_position "3699 -1230 0") (victim_position "3792 -1023 7")
L 03/20/2014 - 22:24:32: "É›RRÉœ Dixon B. Tweenerlegs<65><STEAM_0:1:25247145><>" disconnected (reason "Disconnect by user.")
L 03/20/2014 - 22:24:33: "{BFG} Nikdragon<42><STEAM_0:0:78154965><Red>" triggered "builtobject" (object "OBJ_SENTRYGUN") (position "3633 -1009 0")
L 03/20/2014 - 22:24:37: "Persi, the Neko God<12><STEAM_0:1:30286598><Red>" killed "toomoos<56><STEAM_0:1:33386821><Blue>" with "shotgun_primary" (attacker_position "3459 -1441 0") (victim_position "3722 -2447 0")
L 03/20/2014 - 22:24:37: "Tiera Foxglove<44><STEAM_0:1:42733307><Red>" triggered "kill assist" against "toomoos<56><STEAM_0:1:33386821><Blue>" (assister_position "3371 -939 0") (attacker_position "3459 -1441 0") (victim_position "3722 -2447 0")
L 03/20/2014 - 22:24:37: "{SCG}Ezerva<52><STEAM_0:1:65442681><Blue>" say "hmmm"
L 03/20/2014 - 22:24:38: "Persi, the Neko God<12><STEAM_0:1:30286598><Red>" killed "Shiny mew<47><STEAM_0:0:43768850><Blue>" with "world" (attacker_position "3786 -1229 15") (victim_position "4138 -1495 8")
L 03/20/2014 - 22:24:40: "Persi, the Neko God<12><STEAM_0:1:30286598><Red>" killed "Myntey<59><STEAM_0:0:33841019><Blue>" with "obj_minisentry" (attacker_position "3545 -932 0") (victim_position "3670 -994 0")
L 03/20/2014 - 22:24:40: "Gord<10><STEAM_0:1:2327125><Blue>" say "cheapskate"
L 03/20/2014 - 22:24:43: "Persi, the Neko God<12><STEAM_0:1:30286598><Red>" killed "Gord<10><STEAM_0:1:2327125><Blue>" with "shotgun_primary" (attacker_position "3601 -1302 0") (victim_position "3637 -1950 10")
L 03/20/2014 - 22:24:44: "{BFG} Nikdragon<42><STEAM_0:0:78154965><Red>" killed "Yirktos<62><STEAM_0:1:33950017><Blue>" with "obj_sentrygun" (attacker_position "3448 -820 0") (victim_position "3396 -1527 121")
L 03/20/2014 - 22:24:44: "Persi, the Neko God<12><STEAM_0:1:30286598><Red>" triggered "kill assist" against "Yirktos<62><STEAM_0:1:33950017><Blue>" (assister_position "3733 -997 7") (attacker_position "3448 -820 0") (victim_position "3396 -1527 121")
L 03/20/2014 - 22:24:48: "Ozzzy<54><STEAM_0:0:33986421><Red>" killed "Shiny mew<47><STEAM_0:0:43768850><Blue>" with "tf_projectile_pipe" (attacker_position "3795 -906 0") (victim_position "4105 -1226 220")
L 03/20/2014 - 22:24:48: "Bilby<60><STEAM_0:0:12379989><Red>" triggered "kill assist" against "Shiny mew<47><STEAM_0:0:43768850><Blue>" (assister_position "3922 -821 0") (attacker_position "3795 -906 0") (victim_position "4105 -1226 220")
L 03/20/2014 - 22:24:48: "Ozzzy<54><STEAM_0:0:33986421><Red>" killed "{SCG}Ezerva<52><STEAM_0:1:65442681><Blue>" with "tf_projectile_pipe" (attacker_position "3795 -906 0") (victim_position "4219 -1208 284")
L 03/20/2014 - 22:24:48: "Bilby<60><STEAM_0:0:12379989><Red>" triggered "kill assist" against "{SCG}Ezerva<52><STEAM_0:1:65442681><Blue>" (assister_position "3922 -821 0") (attacker_position "3795 -906 0") (victim_position "4219 -1208 284")
L 03/20/2014 - 22:24:50: "Gord<10><STEAM_0:1:2327125><Blue>" say "!zf"
L 03/20/2014 - 22:24:51: "Ozzzy<54><STEAM_0:0:33986421><Red>" killed "toomoos<56><STEAM_0:1:33386821><Blue>" with "tf_projectile_pipe" (attacker_position "4068 -951 0") (victim_position "4257 -860 0")
L 03/20/2014 - 22:24:51: "Bilby<60><STEAM_0:0:12379989><Red>" triggered "kill assist" against "toomoos<56><STEAM_0:1:33386821><Blue>" (assister_position "3696 -836 0") (attacker_position "4068 -951 0") (victim_position "4257 -860 0")
L 03/20/2014 - 22:24:55: "Ozzzy<54><STEAM_0:0:33986421><Red>" killed "Fortune the Don<57><STEAM_0:0:33251108><Blue>" with "tf_projectile_pipe" (attacker_position "3641 -1373 0") (victim_position "3713 -1758 4")
L 03/20/2014 - 22:24:55: "Bilby<60><STEAM_0:0:12379989><Red>" triggered "kill assist" against "Fortune the Don<57><STEAM_0:0:33251108><Blue>" (assister_position "3569 -889 0") (attacker_position "3641 -1373 0") (victim_position "3713 -1758 4")
L 03/20/2014 - 22:24:55: "{BFG} Nikdragon<42><STEAM_0:0:78154965><Red>" killed "Yirktos<62><STEAM_0:1:33950017><Blue>" with "obj_sentrygun" (attacker_position "4007 -770 0") (victim_position "4062 -836 0")
L 03/20/2014 - 22:24:55: "Blizzard (Sean)áƒ¦<27><STEAM_0:1:47938377><Red>" triggered "kill assist" against "Yirktos<62><STEAM_0:1:33950017><Blue>" (assister_position "4009 -830 0") (attacker_position "4007 -770 0") (victim_position "4062 -836 0")
L 03/20/2014 - 22:24:59: "{BFG} Nikdragon<42><STEAM_0:0:78154965><Red>" killed "Gord<10><STEAM_0:1:2327125><Blue>" with "obj_sentrygun" (attacker_position "3777 -884 0") (victim_position "4309 -1304 71")
L 03/20/2014 - 22:24:59: "{BFG} Nikdragon<42><STEAM_0:0:78154965><Red>" killed "Shiny mew<47><STEAM_0:0:43768850><Blue>" with "obj_sentrygun" (attacker_position "3642 -917 0") (victim_position "4180 -985 402")
L 03/20/2014 - 22:24:59: "{SCG}Ezerva<52><STEAM_0:1:65442681><Blue>" say "yus"
L 03/20/2014 - 22:25:00: Team "Red" triggered "pointcaptured" (cp "0") (cpname "controll point") (numcappers "6") (player1 "Bilby<60><STEAM_0:0:12379989><Red>") (position1 "3834 -820 0") (player2 "Persi, the Neko God<12><STEAM_0:1:30286598><Red>") (position2 "3569 -1258 0") (player3 "Andy<51><STEAM_0:0:42727213><Red>") (position3 "3723 -855 0") (player4 "Blizzard (Sean)áƒ¦<27><STEAM_0:1:47938377><Red>") (position4 "3876 -859 0") (player5 "Ozzzy<54><STEAM_0:0:33986421><Red>") (position5 "3736 -783 0") (player6 "PhD Corvo Charizard<55><STEAM_0:0:33167288><Red>") (position6 "3634 -914 0") 
L 03/20/2014 - 22:25:03: "Ozzzy<54><STEAM_0:0:33986421><Red>" killed "Myntey<59><STEAM_0:0:33841019><Blue>" with "tf_projectile_pipe" (attacker_position "4211 -885 0") (victim_position "4167 -534 3")
L 03/20/2014 - 22:25:03: "Bilby<60><STEAM_0:0:12379989><Red>" triggered "kill assist" against "Myntey<59><STEAM_0:0:33841019><Blue>" (assister_position "3640 -768 0") (attacker_position "4211 -885 0") (victim_position "4167 -534 3")
L 03/20/2014 - 22:25:09: "Andy<51><STEAM_0:0:42727213><Red>" say "Gross."
L 03/20/2014 - 22:25:10: "Persi, the Neko God<12><STEAM_0:1:30286598><Red>" killed "Shiny mew<47><STEAM_0:0:43768850><Blue>" with "shotgun_primary" (attacker_position "2568 1397 0") (victim_position "2506 1676 0")
L 03/20/2014 - 22:25:15: "Andy<51><STEAM_0:0:42727213><Red>" killed "{SCG}Ezerva<52><STEAM_0:1:65442681><Blue>" with "ubersaw" (attacker_position "2910 1971 0") (victim_position "2933 1980 28")
L 03/20/2014 - 22:25:15: "Persi, the Neko God<12><STEAM_0:1:30286598><Red>" triggered "kill assist" against "{SCG}Ezerva<52><STEAM_0:1:65442681><Blue>" (assister_position "2737 1797 0") (attacker_position "2910 1971 0") (victim_position "2933 1980 28")
L 03/20/2014 - 22:25:17: "Myntey<59><STEAM_0:0:33841019><Blue>" say "Oh good, deathrun. I needed a nap."
L 03/20/2014 - 22:25:19: "Yirktos<62><STEAM_0:1:33950017><Blue>" say "!revote"
L 03/20/2014 - 22:25:20: "Ozzzy<54><STEAM_0:0:33986421><Red>" killed "toomoos<56><STEAM_0:1:33386821><Blue>" with "tf_projectile_pipe" (attacker_position "2378 1959 0") (victim_position "2464 2229 0")
L 03/20/2014 - 22:25:20: "Bilby<60><STEAM_0:0:12379989><Red>" triggered "kill assist" against "toomoos<56><STEAM_0:1:33386821><Blue>" (assister_position "2615 2038 0") (attacker_position "2378 1959 0") (victim_position "2464 2229 0")
L 03/20/2014 - 22:25:29: server_cvar: "sm_nextmap" "dr_safety_first_final"
L 03/20/2014 - 22:25:29: "Andy<51><STEAM_0:0:42727213><Red>" triggered "chargedeployed"
L 03/20/2014 - 22:25:32: "É›RRÉœ Dixon B. Tweenerlegs<66><STEAM_0:1:25247145><>" connected, address "174.58.58.165:27005"
L 03/20/2014 - 22:25:32: "É›RRÉœ Dixon B. Tweenerlegs<66><STEAM_0:1:25247145><>" STEAM USERID validated
L 03/20/2014 - 22:25:35: "Ozzzy<54><STEAM_0:0:33986421><Red>" killed "Shiny mew<47><STEAM_0:0:43768850><Blue>" with "tf_projectile_pipe" (attacker_position "1027 252 256") (victim_position "878 216 272")
L 03/20/2014 - 22:25:35: "Bilby<60><STEAM_0:0:12379989><Red>" triggered "kill assist" against "Shiny mew<47><STEAM_0:0:43768850><Blue>" (assister_position "1088 259 192") (attacker_position "1027 252 256") (victim_position "878 216 272")
L 03/20/2014 - 22:25:38: "Blizzard (Sean)áƒ¦<27><STEAM_0:1:47938377><Red>" killed "RadioactiveSpaceRooster<50><STEAM_0:1:31547919><Blue>" with "disciplinary_action" (attacker_position "2560 2179 0") (victim_position "2507 2133 0")
L 03/20/2014 - 22:25:40: "Andy<51><STEAM_0:0:42727213><Red>" killed "toomoos<56><STEAM_0:1:33386821><Blue>" with "ubersaw" (attacker_position "305 141 384") (victim_position "337 172 384")
L 03/20/2014 - 22:25:40: "Ozzzy<54><STEAM_0:0:33986421><Red>" triggered "kill assist" against "toomoos<56><STEAM_0:1:33386821><Blue>" (assister_position "287 72 400") (attacker_position "305 141 384") (victim_position "337 172 384")
L 03/20/2014 - 22:25:40: "Bilby<60><STEAM_0:0:12379989><Red>" triggered "chargedeployed"
L 03/20/2014 - 22:25:42: "toomoos<56><STEAM_0:1:33386821><Blue>" changed role to "scout"
L 03/20/2014 - 22:25:44: "Ozzzy<54><STEAM_0:0:33986421><Red>" killed "Gord<10><STEAM_0:1:2327125><Blue>" with "demokatana" (attacker_position "763 266 272") (victim_position "705 246 288")
L 03/20/2014 - 22:25:44: "Tiera Foxglove<44><STEAM_0:1:42733307><Red>" triggered "kill assist" against "Gord<10><STEAM_0:1:2327125><Blue>" (assister_position "458 24 384") (attacker_position "763 266 272") (victim_position "705 246 288")
L 03/20/2014 - 22:25:45: "Tiera Foxglove<44><STEAM_0:1:42733307><Red>" killed "{SCG}Ezerva<52><STEAM_0:1:65442681><Blue>" with "scorchshot" (attacker_position "349 6 384") (victim_position "1042 212 240")
L 03/20/2014 - 22:25:45: "Bilby<60><STEAM_0:0:12379989><Red>" triggered "kill assist" against "{SCG}Ezerva<52><STEAM_0:1:65442681><Blue>" (assister_position "293 60 400") (attacker_position "349 6 384") (victim_position "1042 212 240")
L 03/20/2014 - 22:25:45: "Persi, the Neko God<12><STEAM_0:1:30286598><Red>" triggered "builtobject" (object "OBJ_SENTRYGUN") (position "-2117 274 183")
L 03/20/2014 - 22:25:48: "Blizzard (Sean)áƒ¦<27><STEAM_0:1:47938377><Red>" killed "Fortune the Don<57><STEAM_0:0:33251108><Blue>" with "blackbox" (attacker_position "1973 678 176") (victim_position "2017 760 176")
L 03/20/2014 - 22:25:50: "Persi, the Neko God<12><STEAM_0:1:30286598><Red>" killed "Yirktos<62><STEAM_0:1:33950017><Blue>" with "obj_minisentry" (attacker_position "-2326 175 176") (victim_position "-2341 -6 176")
L 03/20/2014 - 22:25:52: "Tiera Foxglove<44><STEAM_0:1:42733307><Red>" killed "Shiny mew<47><STEAM_0:0:43768850><Blue>" with "rainblower" (attacker_position "-484 267 480") (victim_position "-427 269 480")
L 03/20/2014 - 22:25:54: "Andy<51><STEAM_0:0:42727213><Red>" triggered "player_extinguished" against "Persi, the Neko God<12><STEAM_0:1:30286598><Red>" with "tf_weapon_medigun" (attacker_position "-2025 99 183") (victim_position "-2375 369 176")
L 03/20/2014 - 22:25:54: "Tiera Foxglove<44><STEAM_0:1:42733307><Red>" killed "Myntey<59><STEAM_0:0:33841019><Blue>" with "rainblower" (attacker_position "-738 457 480") (victim_position "-870 447 452")
L 03/20/2014 - 22:25:54: "{BFG} Nikdragon<42><STEAM_0:0:78154965><Red>" triggered "kill assist" against "Myntey<59><STEAM_0:0:33841019><Blue>" (assister_position "-2106 224 183") (attacker_position "-738 457 480") (victim_position "-870 447 452")
L 03/20/2014 - 22:25:55: "PhD Corvo Charizard<55><STEAM_0:0:33167288><Red>" triggered "player_extinguished" against "{BFG} Nikdragon<42><STEAM_0:0:78154965><Red>" with "tf_weapon_medigun" (attacker_position "-2221 14 176") (victim_position "-2393 182 176")
L 03/20/2014 - 22:25:57: "{SCG}Ezerva<52><STEAM_0:1:65442681><Blue>" say "i dont want to be a zombie again"
L 03/20/2014 - 22:25:58: "Gord<10><STEAM_0:1:2327125><Blue>" say "horros is real easy though"
L 03/20/2014 - 22:26:01: "Persi, the Neko God<12><STEAM_0:1:30286598><Red>" killed "toomoos<56><STEAM_0:1:33386821><Blue>" with "obj_minisentry" (attacker_position "-2313 280 176") (victim_position "-2002 140 183")
L 03/20/2014 - 22:26:06: "Ozzzy<54><STEAM_0:0:33986421><Red>" killed "Gord<10><STEAM_0:1:2327125><Blue>" with "tf_projectile_pipe" (attacker_position "-2381 282 176") (victim_position "-2160 107 219")
L 03/20/2014 - 22:26:06: "Bilby<60><STEAM_0:0:12379989><Red>" triggered "kill assist" against "Gord<10><STEAM_0:1:2327125><Blue>" (assister_position "-2349 134 176") (attacker_position "-2381 282 176") (victim_position "-2160 107 219")
L 03/20/2014 - 22:26:06: "Ozzzy<54><STEAM_0:0:33986421><Red>" killed "Shiny mew<47><STEAM_0:0:43768850><Blue>" with "tf_projectile_pipe" (attacker_position "-2381 282 176") (victim_position "-2095 193 183")
L 03/20/2014 - 22:26:06: "Bilby<60><STEAM_0:0:12379989><Red>" triggered "kill assist" against "Shiny mew<47><STEAM_0:0:43768850><Blue>" (assister_position "-2349 134 176") (attacker_position "-2381 282 176") (victim_position "-2095 193 183")
L 03/20/2014 - 22:26:06: "Ozzzy<54><STEAM_0:0:33986421><Red>" triggered "domination" against "Shiny mew<47><STEAM_0:0:43768850><Blue>"
L 03/20/2014 - 22:26:06: "Bilby<60><STEAM_0:0:12379989><Red>" triggered "domination" against "Shiny mew<47><STEAM_0:0:43768850><Blue>" (assist "1")
L 03/20/2014 - 22:26:09: "Blizzard (Sean)áƒ¦<27><STEAM_0:1:47938377><Red>" killed "{SCG}Ezerva<52><STEAM_0:1:65442681><Blue>" with "disciplinary_action" (attacker_position "-2238 202 176") (victim_position "-2310 177 176")
L 03/20/2014 - 22:26:09: "Andy<51><STEAM_0:0:42727213><Red>" triggered "kill assist" against "{SCG}Ezerva<52><STEAM_0:1:65442681><Blue>" (assister_position "-2276 -44 176") (attacker_position "-2238 202 176") (victim_position "-2310 177 176")
L 03/20/2014 - 22:26:11: "Persi, the Neko God<12><STEAM_0:1:30286598><Red>" triggered "builtobject" (object "OBJ_SENTRYGUN") (position "-1936 173 176")
L 03/20/2014 - 22:26:13: "Ozzzy<54><STEAM_0:0:33986421><Red>" killed "Yirktos<62><STEAM_0:1:33950017><Blue>" with "tf_projectile_pipe" (attacker_position "-2227 583 176") (victim_position "-2242 164 176")
L 03/20/2014 - 22:26:13: "Bilby<60><STEAM_0:0:12379989><Red>" triggered "kill assist" against "Yirktos<62><STEAM_0:1:33950017><Blue>" (assister_position "-2389 343 176") (attacker_position "-2227 583 176") (victim_position "-2242 164 176")
L 03/20/2014 - 22:26:13: "Ozzzy<54><STEAM_0:0:33986421><Red>" killed "Fortune the Don<57><STEAM_0:0:33251108><Blue>" with "tf_projectile_pipe" (attacker_position "-2227 583 176") (victim_position "-2173 80 176")
L 03/20/2014 - 22:26:13: "Bilby<60><STEAM_0:0:12379989><Red>" triggered "kill assist" against "Fortune the Don<57><STEAM_0:0:33251108><Blue>" (assister_position "-2389 343 176") (attacker_position "-2227 583 176") (victim_position "-2173 80 176")
L 03/20/2014 - 22:26:15: "PhD Corvo Charizard<55><STEAM_0:0:33167288><Red>" triggered "player_extinguished" against "Ozzzy<54><STEAM_0:0:33986421><Red>" with "tf_weapon_medigun" (attacker_position "-2435 431 176") (victim_position "-2288 795 176")
L 03/20/2014 - 22:26:17: "Bilby<60><STEAM_0:0:12379989><Red>" triggered "player_extinguished" against "Blizzard (Sean)áƒ¦<27><STEAM_0:1:47938377><Red>" with "tf_weapon_medigun" (attacker_position "-2409 331 176") (victim_position "-2257 257 176")
L 03/20/2014 - 22:26:18: "Persi, the Neko God<12><STEAM_0:1:30286598><Red>" killed "Shiny mew<47><STEAM_0:0:43768850><Blue>" with "obj_minisentry" (attacker_position "-2205 133 176") (victim_position "-1676 795 411")
L 03/20/2014 - 22:26:21: "Bilby<60><STEAM_0:0:12379989><Red>" triggered "player_extinguished" against "PhD Corvo Charizard<55><STEAM_0:0:33167288><Red>" with "tf_weapon_medigun" (attacker_position "-2549 195 176") (victim_position "-2484 310 176")
L 03/20/2014 - 22:26:23: Team "Red" triggered "pointcaptured" (cp "1") (cpname "controll point") (numcappers "7") (player1 "Bilby<60><STEAM_0:0:12379989><Red>") (position1 "-2466 227 176") (player2 "Persi, the Neko God<12><STEAM_0:1:30286598><Red>") (position2 "-2252 334 176") (player3 "Andy<51><STEAM_0:0:42727213><Red>") (position3 "-2429 171 176") (player4 "Blizzard (Sean)áƒ¦<27><STEAM_0:1:47938377><Red>") (position4 "-2171 329 176") (player5 "{BFG} Nikdragon<42><STEAM_0:0:78154965><Red>") (position5 "-2489 429 176") (player6 "Ozzzy<54><STEAM_0:0:33986421><Red>") (position6 "-2520 195 176") (player7 "PhD Corvo Charizard<55><STEAM_0:0:33167288><Red>") (position7 "-2336 365 176") 
L 03/20/2014 - 22:26:24: "Persi, the Neko God<12><STEAM_0:1:30286598><Red>" killed "toomoos<56><STEAM_0:1:33386821><Blue>" with "obj_minisentry" (attacker_position "-2235 179 176") (victim_position "-2233 81 273")
L 03/20/2014 - 22:26:24: "Persi, the Neko God<12><STEAM_0:1:30286598><Red>" triggered "domination" against "toomoos<56><STEAM_0:1:33386821><Blue>"
L 03/20/2014 - 22:26:26: "Persi, the Neko God<12><STEAM_0:1:30286598><Red>" killed "Myntey<59><STEAM_0:0:33841019><Blue>" with "obj_minisentry" (attacker_position "-2271 127 176") (victim_position "-2546 119 176")
L 03/20/2014 - 22:26:26: "Blizzard (Sean)áƒ¦<27><STEAM_0:1:47938377><Red>" triggered "kill assist" against "Myntey<59><STEAM_0:0:33841019><Blue>" (assister_position "-2466 56 176") (attacker_position "-2271 127 176") (victim_position "-2546 119 176")
L 03/20/2014 - 22:26:32: "Andy<51><STEAM_0:0:42727213><Red>" killed "Shiny mew<47><STEAM_0:0:43768850><Blue>" with "ubersaw" (attacker_position "-2135 498 176") (victim_position "-2053 477 211")
L 03/20/2014 - 22:26:33: "PhD Corvo Charizard<55><STEAM_0:0:33167288><Red>" triggered "chargedeployed"
L 03/20/2014 - 22:26:34: "Andy<51><STEAM_0:0:42727213><Red>" triggered "chargedeployed"
L 03/20/2014 - 22:26:35: "Ozzzy<54><STEAM_0:0:33986421><Red>" killed "Gord<10><STEAM_0:1:2327125><Blue>" with "splendid_screen" (attacker_position "-2664 135 176") (victim_position "-2616 139 176")
L 03/20/2014 - 22:26:35: "Bilby<60><STEAM_0:0:12379989><Red>" triggered "kill assist" against "Gord<10><STEAM_0:1:2327125><Blue>" (assister_position "-3192 184 176") (attacker_position "-2664 135 176") (victim_position "-2616 139 176")
L 03/20/2014 - 22:26:41: "Bilby<60><STEAM_0:0:12379989><Red>" triggered "chargedeployed"
L 03/20/2014 - 22:26:43: "Tiera Foxglove<44><STEAM_0:1:42733307><Red>" triggered "player_extinguished" against "Ozzzy<54><STEAM_0:0:33986421><Red>" with "tf_weapon_flamethrower" (attacker_position "-4022 232 176") (victim_position "-4000 399 176")
L 03/20/2014 - 22:26:43: "Tiera Foxglove<44><STEAM_0:1:42733307><Red>" triggered "player_extinguished" against "Blizzard (Sean)áƒ¦<27><STEAM_0:1:47938377><Red>" with "tf_weapon_flamethrower" (attacker_position "-4022 232 176") (victim_position "-4024 355 175")
L 03/20/2014 - 22:26:45: "{BFG} Nikdragon<42><STEAM_0:0:78154965><Red>" triggered "builtobject" (object "OBJ_SENTRYGUN") (position "-4065 1919 186")
L 03/20/2014 - 22:26:45: "PhD Corvo Charizard<55><STEAM_0:0:33167288><Red>" triggered "player_extinguished" against "Bilby<60><STEAM_0:0:12379989><Red>" with "tf_weapon_medigun" (attacker_position "-4087 547 180") (victim_position "-4175 607 185")
L 03/20/2014 - 22:26:45: "Persi, the Neko God<12><STEAM_0:1:30286598><Red>" killed "{SCG}Ezerva<52><STEAM_0:1:65442681><Blue>" with "shotgun_primary" (attacker_position "-4055 841 182") (victim_position "-4305 841 224")
L 03/20/2014 - 22:26:45: "Tiera Foxglove<44><STEAM_0:1:42733307><Red>" triggered "kill assist" against "{SCG}Ezerva<52><STEAM_0:1:65442681><Blue>" (assister_position "-4180 581 184") (attacker_position "-4055 841 182") (victim_position "-4305 841 224")
L 03/20/2014 - 22:26:47: "PhD Corvo Charizard<55><STEAM_0:0:33167288><Red>" triggered "player_extinguished" against "Persi, the Neko God<12><STEAM_0:1:30286598><Red>" with "tf_weapon_medigun" (attacker_position "-4121 912 187") (victim_position "-4234 1274 190")
L 03/20/2014 - 22:26:51: "Andy<51><STEAM_0:0:42727213><Red>" killed "toomoos<56><STEAM_0:1:33386821><Blue>" with "ubersaw" (attacker_position "-3444 308 176") (victim_position "-3390 262 176")
L 03/20/2014 - 22:26:51: "Ozzzy<54><STEAM_0:0:33986421><Red>" killed "Shiny mew<47><STEAM_0:0:43768850><Blue>" with "demokatana" (attacker_position "-3934 2077 252") (victim_position "-3922 2125 246")
L 03/20/2014 - 22:26:51: "Bilby<60><STEAM_0:0:12379989><Red>" triggered "kill assist" against "Shiny mew<47><STEAM_0:0:43768850><Blue>" (assister_position "-3833 2037 241") (attacker_position "-3934 2077 252") (victim_position "-3922 2125 246")
L 03/20/2014 - 22:26:56: "Gord<10><STEAM_0:1:2327125><Blue>" killed "Blizzard (Sean)áƒ¦<27><STEAM_0:1:47938377><Red>" with "eternal_reward" (customkill "backstab") (attacker_position "-4121 2924 211") (victim_position "-4076 2943 197")
L 03/20/2014 - 22:26:58: "Yirktos<62><STEAM_0:1:33950017><Blue>" triggered "medic_death" against "Andy<51><STEAM_0:0:42727213><Red>" (healing "485") (ubercharge "0")
L 03/20/2014 - 22:26:58: "Yirktos<62><STEAM_0:1:33950017><Blue>" killed "Andy<51><STEAM_0:0:42727213><Red>" with "fryingpan" (attacker_position "-4150 622 186") (victim_position "-4173 702 188")
L 03/20/2014 - 22:26:58: "Fortune the Don<57><STEAM_0:0:33251108><Blue>" triggered "kill assist" against "Andy<51><STEAM_0:0:42727213><Red>" (assister_position "-4093 721 183") (attacker_position "-4150 622 186") (victim_position "-4173 702 188")
L 03/20/2014 - 22:26:59: "Myntey<59><STEAM_0:0:33841019><Blue>" killed "Tiera Foxglove<44><STEAM_0:1:42733307><Red>" with "knife" (customkill "backstab") (attacker_position "-4034 3156 217") (victim_position "-4011 3216 186")
L 03/20/2014 - 22:27:00: "Andy<51><STEAM_0:0:42727213><Red>" disconnected (reason "Disconnect by user.")
L 03/20/2014 - 22:27:01: "Persi, the Neko God<12><STEAM_0:1:30286598><Red>" killed "Gord<10><STEAM_0:1:2327125><Blue>" with "shotgun_primary" (attacker_position "-3457 3845 208") (victim_position "-3573 3930 208")
L 03/20/2014 - 22:27:01: "Tiera Foxglove<44><STEAM_0:1:42733307><Red>" triggered "kill assist" against "Gord<10><STEAM_0:1:2327125><Blue>" (assister_position "-4035 3283 252") (attacker_position "-3457 3845 208") (victim_position "-3573 3930 208")
L 03/20/2014 - 22:27:02: "Blizzard (Sean)áƒ¦<27><STEAM_0:1:47938377><Red>" joined team "Blue"
L 03/20/2014 - 22:27:04: "{BFG} Nikdragon<42><STEAM_0:0:78154965><Red>" killed "Yirktos<62><STEAM_0:1:33950017><Blue>" with "obj_sentrygun" (attacker_position "-4021 1869 187") (victim_position "-4231 1223 189")
L 03/20/2014 - 22:27:05: "Tiera Foxglove<44><STEAM_0:1:42733307><Red>" joined team "Blue"
L 03/20/2014 - 22:27:08: "Blizzard (Sean)áƒ¦<27><STEAM_0:1:47938377><Blue>" changed role to "spy"
L 03/20/2014 - 22:27:08: "Blizzard (Sean)áƒ¦<27><STEAM_0:1:47938377><Blue>" committed suicide with "world" (attacker_position "-558 4106 -167")
L 03/20/2014 - 22:27:10: "PhD Corvo Charizard<55><STEAM_0:0:33167288><Red>" killed "toomoos<56><STEAM_0:1:33386821><Blue>" with "bonesaw" (attacker_position "-3580 5050 -175") (victim_position "-3591 5101 -175")
L 03/20/2014 - 22:27:11: "Tiera Foxglove<44><STEAM_0:1:42733307><Blue>" changed role to "scout"
L 03/20/2014 - 22:27:11: "Tiera Foxglove<44><STEAM_0:1:42733307><Blue>" committed suicide with "world" (attacker_position "-2426 5761 64")
L 03/20/2014 - 22:27:12: "PhD Corvo Charizard<55><STEAM_0:0:33167288><Red>" killed "Myntey<59><STEAM_0:0:33841019><Blue>" with "bonesaw" (attacker_position "-3574 5048 -175") (victim_position "-3616 5076 -175")
L 03/20/2014 - 22:27:12: "Ozzzy<54><STEAM_0:0:33986421><Red>" triggered "kill assist" against "Myntey<59><STEAM_0:0:33841019><Blue>" (assister_position "-3391 4611 -175") (attacker_position "-3574 5048 -175") (victim_position "-3616 5076 -175")
L 03/20/2014 - 22:27:14: "Persi, the Neko God<12><STEAM_0:1:30286598><Red>" killed "Shiny mew<47><STEAM_0:0:43768850><Blue>" with "shotgun_primary" (attacker_position "-3411 4999 -175") (victim_position "-3438 4765 -175")
L 03/20/2014 - 22:27:14: "Ozzzy<54><STEAM_0:0:33986421><Red>" triggered "kill assist" against "Shiny mew<47><STEAM_0:0:43768850><Blue>" (assister_position "-3448 4554 -175") (attacker_position "-3411 4999 -175") (victim_position "-3438 4765 -175")
L 03/20/2014 - 22:27:14: "Persi, the Neko God<12><STEAM_0:1:30286598><Red>" triggered "domination" against "Shiny mew<47><STEAM_0:0:43768850><Blue>"
L 03/20/2014 - 22:27:20: "Persi, the Neko God<12><STEAM_0:1:30286598><Red>" killed "{SCG}Ezerva<52><STEAM_0:1:65442681><Blue>" with "shotgun_primary" (attacker_position "-2853 4716 -319") (victim_position "-2836 4675 -319")
L 03/20/2014 - 22:27:20: "Persi, the Neko God<12><STEAM_0:1:30286598><Red>" triggered "domination" against "{SCG}Ezerva<52><STEAM_0:1:65442681><Blue>"
L 03/20/2014 - 22:27:21: "Bilby<60><STEAM_0:0:12379989><Red>" triggered "player_extinguished" against "Ozzzy<54><STEAM_0:0:33986421><Red>" with "tf_weapon_medigun" (attacker_position "-2598 4575 -275") (victim_position "-2165 4621 -319")
L 03/20/2014 - 22:27:21: "PhD Corvo Charizard<55><STEAM_0:0:33167288><Red>" triggered "player_extinguished" against "Ozzzy<54><STEAM_0:0:33986421><Red>" with "tf_weapon_medigun" (attacker_position "-2543 4642 -319") (victim_position "-2165 4621 -319")
L 03/20/2014 - 22:27:23: "Myntey<59><STEAM_0:0:33841019><Blue>" triggered "medic_death" against "PhD Corvo Charizard<55><STEAM_0:0:33167288><Red>" (healing "514") (ubercharge "0")
L 03/20/2014 - 22:27:23: "Myntey<59><STEAM_0:0:33841019><Blue>" killed "PhD Corvo Charizard<55><STEAM_0:0:33167288><Red>" with "knife" (customkill "backstab") (attacker_position "-1929 4553 -319") (victim_position "-1948 4592 -319")
L 03/20/2014 - 22:27:23: "toomoos<56><STEAM_0:1:33386821><Blue>" triggered "kill assist" against "PhD Corvo Charizard<55><STEAM_0:0:33167288><Red>" (assister_position "-2007 4576 -319") (attacker_position "-1929 4553 -319") (victim_position "-1948 4592 -319")
L 03/20/2014 - 22:27:25: "Ozzzy<54><STEAM_0:0:33986421><Red>" killed "Yirktos<62><STEAM_0:1:33950017><Blue>" with "demokatana" (attacker_position "-1823 4659 -319") (victim_position "-1813 4694 -319")
L 03/20/2014 - 22:27:25: "Bilby<60><STEAM_0:0:12379989><Red>" triggered "kill assist" against "Yirktos<62><STEAM_0:1:33950017><Blue>" (assister_position "-1934 4534 -319") (attacker_position "-1823 4659 -319") (victim_position "-1813 4694 -319")
L 03/20/2014 - 22:27:25: "{BFG} Nikdragon<42><STEAM_0:0:78154965><Red>" killed "Fortune the Don<57><STEAM_0:0:33251108><Blue>" with "obj_sentrygun" (attacker_position "-3520 4401 -31") (victim_position "-3913 1362 188")
L 03/20/2014 - 22:27:27: "Ozzzy<54><STEAM_0:0:33986421><Red>" killed "Blizzard (Sean)áƒ¦<27><STEAM_0:1:47938377><Blue>" with "demokatana" (attacker_position "-1626 4972 -319") (victim_position "-1615 4909 -319")
L 03/20/2014 - 22:27:27: "Persi, the Neko God<12><STEAM_0:1:30286598><Red>" triggered "kill assist" against "Blizzard (Sean)áƒ¦<27><STEAM_0:1:47938377><Blue>" (assister_position "-1813 5140 -319") (attacker_position "-1626 4972 -319") (victim_position "-1615 4909 -319")
L 03/20/2014 - 22:27:27: "Myntey<59><STEAM_0:0:33841019><Blue>" triggered "medic_death" against "Bilby<60><STEAM_0:0:12379989><Red>" (healing "926") (ubercharge "0")
L 03/20/2014 - 22:27:27: "Myntey<59><STEAM_0:0:33841019><Blue>" killed "Bilby<60><STEAM_0:0:12379989><Red>" with "knife" (attacker_position "-1724 4711 -319") (victim_position "-1692 4700 -319")
L 03/20/2014 - 22:27:27: "toomoos<56><STEAM_0:1:33386821><Blue>" triggered "kill assist" against "Bilby<60><STEAM_0:0:12379989><Red>" (assister_position "-1613 4864 -319") (attacker_position "-1724 4711 -319") (victim_position "-1692 4700 -319")
L 03/20/2014 - 22:27:28: "Gord<10><STEAM_0:1:2327125><Blue>" killed "Ozzzy<54><STEAM_0:0:33986421><Red>" with "eternal_reward" (customkill "backstab") (attacker_position "-1238 4925 -319") (victim_position "-1305 4906 -319")
L 03/20/2014 - 22:27:28: "Shiny mew<47><STEAM_0:0:43768850><Blue>" triggered "kill assist" against "Ozzzy<54><STEAM_0:0:33986421><Red>" (assister_position "-1374 4962 -319") (attacker_position "-1238 4925 -319") (victim_position "-1305 4906 -319")
L 03/20/2014 - 22:27:28: "Shiny mew<47><STEAM_0:0:43768850><Blue>" triggered "revenge" against "Ozzzy<54><STEAM_0:0:33986421><Red>" (assist "1")
L 03/20/2014 - 22:27:30: "PhD Corvo Charizard<55><STEAM_0:0:33167288><Red>" joined team "Blue"
L 03/20/2014 - 22:27:31: "{BFG} Nikdragon<42><STEAM_0:0:78154965><Red>" killed "Shiny mew<47><STEAM_0:0:43768850><Blue>" with "southern_hospitality" (attacker_position "-1683 4893 -319") (victim_position "-1641 4875 -319")
L 03/20/2014 - 22:27:33: "Bilby<60><STEAM_0:0:12379989><Red>" joined team "Blue"
L 03/20/2014 - 22:27:34: "Ozzzy<54><STEAM_0:0:33986421><Red>" joined team "Blue"
L 03/20/2014 - 22:27:37: "Blizzard (Sean)áƒ¦<27><STEAM_0:1:47938377><Blue>" killed "Persi, the Neko God<12><STEAM_0:1:30286598><Red>" with "spy_cicle" (customkill "backstab") (attacker_position "-2752 3871 -495") (victim_position "-2693 3862 -495")
L 03/20/2014 - 22:27:37: "Yirktos<62><STEAM_0:1:33950017><Blue>" triggered "kill assist" against "Persi, the Neko God<12><STEAM_0:1:30286598><Red>" (assister_position "-2565 3780 -495") (attacker_position "-2752 3871 -495") (victim_position "-2693 3862 -495")
L 03/20/2014 - 22:27:43: "Persi, the Neko God<12><STEAM_0:1:30286598><Red>" joined team "Blue"
L 03/20/2014 - 22:27:45: "Yirktos<62><STEAM_0:1:33950017><Blue>" killed "{BFG} Nikdragon<42><STEAM_0:0:78154965><Red>" with "fryingpan" (attacker_position "-2792 3835 -495") (victim_position "-2805 3823 -495")
L 03/20/2014 - 22:27:45: "Myntey<59><STEAM_0:0:33841019><Blue>" triggered "kill assist" against "{BFG} Nikdragon<42><STEAM_0:0:78154965><Red>" (assister_position "-2627 3724 -495") (attacker_position "-2792 3835 -495") (victim_position "-2805 3823 -495")
L 03/20/2014 - 22:27:46: World triggered "Round_Win" (winner "Blue")
L 03/20/2014 - 22:27:46: World triggered "Round_Length" (seconds "246.99")
L 03/20/2014 - 22:27:46: Team "Red" current score "6" with "1" players
L 03/20/2014 - 22:27:46: Team "Blue" current score "4" with "14" players
L 03/20/2014 - 22:27:46: "RadioactiveSpaceRooster<50><STEAM_0:1:31547919><Blue>" say ":d"
L 03/20/2014 - 22:27:49: "Bilby<60><STEAM_0:0:12379989><Blue>" committed suicide with "world" (attacker_position "-3999 4482 -495")
L 03/20/2014 - 22:27:51: "{BFG} Nikdragon<42><STEAM_0:0:78154965><Red>" joined team "Blue"
L 03/20/2014 - 22:27:54: "Bilby<60><STEAM_0:0:12379989><Blue>" say "nextmap"
L 03/20/2014 - 22:27:56: "Herrocopter<67><STEAM_0:0:50403197><>" connected, address "75.133.216.236:27005"
L 03/20/2014 - 22:27:56: "Herrocopter<67><STEAM_0:0:50403197><>" STEAM USERID validated
L 03/20/2014 - 22:27:57: "Tiera Foxglove<44><STEAM_0:1:42733307><Blue>" committed suicide with "world" (attacker_position "-2915 3911 -495")
L 03/20/2014 - 22:27:58: "{BFG} Nikdragon<42><STEAM_0:0:78154965><Blue>" changed role to "spy"
L 03/20/2014 - 22:27:58: "{BFG} Nikdragon<42><STEAM_0:0:78154965><Blue>" committed suicide with "world" (attacker_position "-1916 3771 -495")
L 03/20/2014 - 22:27:59: "PhD Corvo Charizard<55><STEAM_0:0:33167288><Blue>" disconnected (reason "Disconnect by user.")
L 03/20/2014 - 22:28:00: "Blizzard (Sean)áƒ¦<27><STEAM_0:1:47938377><Blue>" committed suicide with "world" (attacker_position "-5150 2512 -478")
L 03/20/2014 - 22:28:01: World triggered "Game_Over" reason "Reached Time Limit"
L 03/20/2014 - 22:28:01: Team "Red" final score "6" with "0" players
L 03/20/2014 - 22:28:01: Team "Blue" final score "4" with "14" players
L 03/20/2014 - 22:28:01: "Tiera Foxglove<44><STEAM_0:1:42733307><Blue>" say "!nextmap"
L 03/20/2014 - 22:28:03: "Tiera Foxglove<44><STEAM_0:1:42733307><Blue>" say "!nextmap"
L 03/20/2014 - 22:28:06: "Myntey<59><STEAM_0:0:33841019><Blue>" committed suicide with "world" (attacker_position "-5294 2640 -419")
L 03/20/2014 - 22:28:09: "Herrocopter<67><STEAM_0:0:50403197><>" entered the game
L 03/20/2014 - 22:28:10: "É›RRÉœ Dixon B. Tweenerlegs<66><STEAM_0:1:25247145><>" entered the game
L 03/20/2014 - 22:28:11: [META] Loaded 0 plugins (4 already loaded)
L 03/20/2014 - 22:28:11: [META] Loaded 0 plugins (4 already loaded)
L 03/20/2014 - 22:28:11: Loading map "dr_safety_first_final"
L 03/20/2014 - 22:28:11: server cvars start
L 03/20/2014 - 22:28:11: "sm_zf_version" = "4.3.0.0"
L 03/20/2014 - 22:28:11: "tf2items_rnd_normals" = "0"
L 03/20/2014 - 22:28:11: "tf2items_rnd_enabled" = "0"
L 03/20/2014 - 22:28:11: "tf2items_rnd_version" = "1.591"
L 03/20/2014 - 22:28:11: "stripper_version" = "1.2.2"
L 03/20/2014 - 22:28:11: "prophunt_redux_version" = "3.0.2"
L 03/20/2014 - 22:28:11: "sm_uberspawn" = "1.0"
L 03/20/2014 - 22:28:11: "ufov_version" = "1.2.0"
L 03/20/2014 - 22:28:11: "scp_version" = "1.1.5"
L 03/20/2014 - 22:28:11: "rainbowize_version" = "1.6.2"
L 03/20/2014 - 22:28:11: "improved_map_randomizer_version" = "3.4.5"
L 03/20/2014 - 22:28:11: "sm_executeconfigs_version" = "1.2.2"
L 03/20/2014 - 22:28:11: "sm_mapcron_version" = "1.2 RC"
L 03/20/2014 - 22:28:11: "sm_buildrestrict_version" = "0.5.5"
L 03/20/2014 - 22:28:11: "sm_namechangeinfo_version" = "13.0918.1"
L 03/20/2014 - 22:28:11: "sm_tf2ii_version" = "1.8.17.4-20130729"
L 03/20/2014 - 22:28:11: "nativevotes_version" = "0.8.1"
L 03/20/2014 - 22:28:11: "sm_commandcooldowns_version" = "14.0222.0"
L 03/20/2014 - 22:28:11: "sm_tnounlockspls_version" = "0.4.8"
L 03/20/2014 - 22:28:11: "sm_srvcln_version" = "1.2.2"
L 03/20/2014 - 22:28:11: "swapteam_version" = "1.2.5"
L 03/20/2014 - 22:28:11: "scme_version" = "1.0.0"
L 03/20/2014 - 22:28:11: "sm_tnounlockspls_noext_version" = "0.4.0"
L 03/20/2014 - 22:28:11: "sm_fakeandforce_version" = "2.0"
L 03/20/2014 - 22:28:11: "sourcecomms_version" = "0.8.253"
L 03/20/2014 - 22:28:11: "nativevotes_basevotes_version" = "1.5.2"
L 03/20/2014 - 22:28:11: "sb_version" = "1.4.8"
L 03/20/2014 - 22:28:11: "basicdonator_recog_v" = "0.5"
L 03/20/2014 - 22:28:11: "fw_money_balance" = "1000"
L 03/20/2014 - 22:28:11: "fw_money_destroy_sentry" = "75"
L 03/20/2014 - 22:28:11: "fw_money_destroy_dispenser" = "75"
L 03/20/2014 - 22:28:11: "fw_money_backstab" = "50"
L 03/20/2014 - 22:28:11: "fw_money_headshot" = "50"
L 03/20/2014 - 22:28:11: "fw_money_domination" = "300"
L 03/20/2014 - 22:28:11: "fw_money_kill" = "100"
L 03/20/2014 - 22:28:11: "fw_money_win" = "1000"
L 03/20/2014 - 22:28:11: "fw_money_start" = "1000"
L 03/20/2014 - 22:28:11: "fw_unlock_menu_style" = "1"
L 03/20/2014 - 22:28:11: "fw_lulz" = "0"
L 03/20/2014 - 22:28:11: "fw_no_limit_time" = "60"
L 03/20/2014 - 22:28:11: "fw_setup_time" = "-1"
L 03/20/2014 - 22:28:11: "fw_prop_shadows" = "1"
L 03/20/2014 - 22:28:11: "fw_prop_health_multipler" = "1"
L 03/20/2014 - 22:28:11: "fw_stuck_protection" = "1"
L 03/20/2014 - 22:28:11: "fw_custom_spawn" = "0"
L 03/20/2014 - 22:28:11: "fw_spawn_protection" = "2.5"
L 03/20/2014 - 22:28:11: "fw_props_per_player_admin" = "70"
L 03/20/2014 - 22:28:11: "fw_props_per_player" = "70"
L 03/20/2014 - 22:28:11: "fw_props_per_team" = "250"
L 03/20/2014 - 22:28:11: "fw_maps" = "1"
L 03/20/2014 - 22:28:11: "fw_sql" = "1"
L 03/20/2014 - 22:28:11: "fw_version" = "6.52"
L 03/20/2014 - 22:28:11: "sm_testingtime_version" = "1.2"
L 03/20/2014 - 22:28:11: "stockmodels_version" = "1.0"
L 03/20/2014 - 22:28:11: "tf_models_list" = "tf2_modellist"
L 03/20/2014 - 22:28:11: "tf_models_blocktriggers" = "1"
L 03/20/2014 - 22:28:11: "tf_models_delayonspawn" = "0.1"
L 03/20/2014 - 22:28:11: "tf_models_force_admins" = "0"
L 03/20/2014 - 22:28:11: "tf_models_force_users" = "0"
L 03/20/2014 - 22:28:11: "tf_models_announce_plugin" = "1"
L 03/20/2014 - 22:28:11: "tf_models_announce" = "1"
L 03/20/2014 - 22:28:11: "tf_models_admin_override" = "0"
L 03/20/2014 - 22:28:11: "tf_models_admin_flags" = "b"
L 03/20/2014 - 22:28:11: "tf_models_version" = "1.0.3"
L 03/20/2014 - 22:28:11: "adsql_serverid" = "tf2rainbow"
L 03/20/2014 - 22:28:11: "adsql_version" = "2.4.0"
L 03/20/2014 - 22:28:11: "sm_redirect_version" = "1.2"
L 03/20/2014 - 22:28:11: "sm_snake_version" = "1.0"
L 03/20/2014 - 22:28:11: "webshortcutsredux_version" = "1.1"
L 03/20/2014 - 22:28:11: "sm_speechfun_version" = "1.0.2"
L 03/20/2014 - 22:28:11: "sm_hatremoval_version" = "1.1a"
L 03/20/2014 - 22:28:11: "sm_helpmenu_version" = "0.3"
L 03/20/2014 - 22:28:11: "sm_tnounlockspls_announce_version" = "0.4.0"
L 03/20/2014 - 22:28:11: "dts_version" = "1.1"
L 03/20/2014 - 22:28:11: "sm_cannounce_version" = "1.2"
L 03/20/2014 - 22:28:11: "fcg_version" = "1.1"
L 03/20/2014 - 22:28:11: "tf2attributes_version" = "1.1.1"
L 03/20/2014 - 22:28:11: "sm_resize_version" = "1.4.0"
L 03/20/2014 - 22:28:11: "sm_evilrocket_version" = "1.0.110"
L 03/20/2014 - 22:28:11: "sentryfun_version" = "1.3"
L 03/20/2014 - 22:28:11: "sentryfun_enabled" = "1"
L 03/20/2014 - 22:28:11: "sm_tf_maxclass" = "99999"
L 03/20/2014 - 22:28:11: "sm_textreplacer_version" = "0.2"
L 03/20/2014 - 22:28:11: "sm_gscramble_version" = "3.0.13"
L 03/20/2014 - 22:28:11: "gs_enabled" = "1"
L 03/20/2014 - 22:28:11: "sm_rtrigs" = "0"
L 03/20/2014 - 22:28:11: "sm_rtrigs_version" = "1.10"
L 03/20/2014 - 22:28:11: "tf2_decap_ver" = "1.0"
L 03/20/2014 - 22:28:11: "highfiveenemy_version" = "1.0"
L 03/20/2014 - 22:28:11: "sm_tnounlockspls_tf2items_version" = "0.4.0"
L 03/20/2014 - 22:28:11: "tfh_valentines" = "0"
L 03/20/2014 - 22:28:11: "tfh_meetthepyro" = "0"
L 03/20/2014 - 22:28:11: "tfh_winter" = "1"
L 03/20/2014 - 22:28:11: "tfh_birthday" = "0"
L 03/20/2014 - 22:28:11: "tfh_fullmoon" = "1"
L 03/20/2014 - 22:28:11: "tfh_halloween" = "-1"
L 03/20/2014 - 22:28:11: "tfh_use_overrides" = "1"
L 03/20/2014 - 22:28:11: "tfh_enabled" = "1"
L 03/20/2014 - 22:28:11: "tfh_version" = "1.8.1"
L 03/20/2014 - 22:28:11: "sm_customvotes_version" = "1.0"
L 03/20/2014 - 22:28:11: "sm_rtd_version" = "0.4.3.2"
L 03/20/2014 - 22:28:11: "sm_tnounlockspls_menu_version" = "0.4.0"
L 03/20/2014 - 22:28:11: "lights_version" = "0.6"
L 03/20/2014 - 22:28:11: "sm_downloader_version" = "1.4"
L 03/20/2014 - 22:28:11: "sm_spec_players" = "1"
L 03/20/2014 - 22:28:11: "sm_funcommandsx_version" = "2.3"
L 03/20/2014 - 22:28:11: "sm_adminlistmenu_version" = "1.0"
L 03/20/2014 - 22:28:11: "tf2items_manager" = "1"
L 03/20/2014 - 22:28:11: "tf2items_manager_version" = "1.4.1"
L 03/20/2014 - 22:28:11: "sm_respawn_override_version" = "1.0.1-20131019"
L 03/20/2014 - 22:28:11: "sm_setspeed_log" = "1"
L 03/20/2014 - 22:28:11: "sm_setspeed_chat" = "1"
L 03/20/2014 - 22:28:11: "sm_setspeed_version" = "1.3.1"
L 03/20/2014 - 22:28:11: "sm_spray_version" = "5.8a"
L 03/20/2014 - 22:28:11: "goomba_version" = "2.0.2"
L 03/20/2014 - 22:28:11: "sm_adminsmite_version" = "2.1"
L 03/20/2014 - 22:28:11: "mc_version" = "1.1.1"
L 03/20/2014 - 22:28:11: "sm_setplayerclass_version" = "1.0.1"
L 03/20/2014 - 22:28:11: "sm_tetris_version" = "1.0"
L 03/20/2014 - 22:28:11: "sm_hdmgtracker_version" = "1.2.2"
L 03/20/2014 - 22:28:11: "cid_mintime" = "10.0"
L 03/20/2014 - 22:28:11: "cid_maxdist" = "10000.0"
L 03/20/2014 - 22:28:11: "cid_enabled" = "1"
L 03/20/2014 - 22:28:11: "cid_version" = "1.1"
L 03/20/2014 - 22:28:11: "basicdonator_version" = "0.8"
L 03/20/2014 - 22:28:11: "sm_afkm_version" = "3.5.2"
L 03/20/2014 - 22:28:11: "sgadmins_version" = "1.2.0"
L 03/20/2014 - 22:28:11: "melee_version" = "0.4.1"
L 03/20/2014 - 22:28:11: "sm_pregame_slaughter_version" = "1.0.5.1"
L 03/20/2014 - 22:28:11: "fc_version" = "2.0"
L 03/20/2014 - 22:28:11: "jinglenotify_version" = "1.0.0"
L 03/20/2014 - 22:28:11: "sm_tf_captoggle" = "0.0.3"
L 03/20/2014 - 22:28:11: "sm_ignorelist_version" = "0x02"
L 03/20/2014 - 22:28:11: "tf2items_giveweapon_version" = "3.14159"
L 03/20/2014 - 22:28:11: "sm_bsd_version" = "2.0.0"
L 03/20/2014 - 22:28:11: "sm_rweapons_version" = "1.3"
L 03/20/2014 - 22:28:11: "sm_commanddump_version" = "1.1.0"
L 03/20/2014 - 22:28:11: "store_version" = "1.1-alpha"
L 03/20/2014 - 22:28:11: "sm_allchat_version" = "1.1.1"
L 03/20/2014 - 22:28:11: "sm_classrestrict_version" = "0.6"
L 03/20/2014 - 22:28:11: "sm_playersvotes_redux_version" = "1.3"
L 03/20/2014 - 22:28:11: "steamtools_version" = "0.8.3"
L 03/20/2014 - 22:28:11: "tf2items_version" = "1.6.0"
L 03/20/2014 - 22:28:11: "sm_nextmap" = "dr_safety_first_final"
L 03/20/2014 - 22:28:11: "sourcemod_version" = "1.5.3-dev+4004"
L 03/20/2014 - 22:28:11: "metamod_version" = "1.10.1-devV"
L 03/20/2014 - 22:28:11: "tf_playergib" = "1"
L 03/20/2014 - 22:28:11: "tf_allow_player_use" = "0"
L 03/20/2014 - 22:28:11: "tf_mvm_death_penalty" = "0"
L 03/20/2014 - 22:28:11: "sv_maxusrcmdprocessticks" = "24"
L 03/20/2014 - 22:28:11: "mp_teamplay" = "0"
L 03/20/2014 - 22:28:11: "mp_falldamage" = "0"
L 03/20/2014 - 22:28:11: "mp_weaponstay" = "0"
L 03/20/2014 - 22:28:11: "mp_forcerespawn" = "1"
L 03/20/2014 - 22:28:11: "mp_footsteps" = "1"
L 03/20/2014 - 22:28:11: "mp_flashlight" = "1"
L 03/20/2014 - 22:28:11: "mp_autocrosshair" = "1"
L 03/20/2014 - 22:28:11: "decalfrequency" = "10"
L 03/20/2014 - 22:28:11: "mp_teamlist" = "hgrunt;scientist"
L 03/20/2014 - 22:28:11: "mp_allowNPCs" = "1"
L 03/20/2014 - 22:28:11: "sv_alltalk" = "1"
L 03/20/2014 - 22:28:11: "tf_weapon_criticals" = "1"
L 03/20/2014 - 22:28:11: "tf_damage_disablespread" = "1"
L 03/20/2014 - 22:28:11: "tf_player_name_change_time" = "60"
L 03/20/2014 - 22:28:11: "tf_force_holidays_off" = "0"
L 03/20/2014 - 22:28:11: "tf_birthday" = "0"
L 03/20/2014 - 22:28:11: "mp_windifference" = "0"
L 03/20/2014 - 22:28:11: "mp_windifference_min" = "0"
L 03/20/2014 - 22:28:11: "tf_medieval" = "0"
L 03/20/2014 - 22:28:11: "tf_medieval_autorp" = "1"
L 03/20/2014 - 22:28:11: "tf_arena_force_class" = "0"
L 03/20/2014 - 22:28:11: "tf_arena_change_limit" = "1"
L 03/20/2014 - 22:28:11: "tf_arena_override_cap_enable_time" = "-1"
L 03/20/2014 - 22:28:11: "tf_arena_first_blood" = "1"
L 03/20/2014 - 22:28:11: "tf_mvm_min_players_to_start" = "3"
L 03/20/2014 - 22:28:11: "tf_gamemode_arena" = "0"
L 03/20/2014 - 22:28:11: "tf_gamemode_cp" = "1"
L 03/20/2014 - 22:28:11: "tf_gamemode_ctf" = "0"
L 03/20/2014 - 22:28:11: "tf_gamemode_sd" = "0"
L 03/20/2014 - 22:28:11: "tf_gamemode_payload" = "0"
L 03/20/2014 - 22:28:11: "tf_gamemode_mvm" = "0"
L 03/20/2014 - 22:28:11: "tf_bot_count" = "0"
L 03/20/2014 - 22:28:11: "tf_teamtalk" = "0"
L 03/20/2014 - 22:28:11: "tf_ctf_bonus_time" = "10"
L 03/20/2014 - 22:28:11: "tf_maxspeed" = "400"
L 03/20/2014 - 22:28:11: "tf_max_charge_speed" = "750"
L 03/20/2014 - 22:28:11: "tf_use_fixed_weaponspreads" = "0"
L 03/20/2014 - 22:28:11: "tf_overtime_nag" = "0"
L 03/20/2014 - 22:28:11: "mp_tournament" = "0"
L 03/20/2014 - 22:28:11: "mp_highlander" = "0"
L 03/20/2014 - 22:28:11: "mp_maxrounds" = "0"
L 03/20/2014 - 22:28:11: "mp_winlimit" = "0"
L 03/20/2014 - 22:28:11: "mp_disable_respawn_times" = "0"
L 03/20/2014 - 22:28:11: "mp_stalemate_meleeonly" = "0"
L 03/20/2014 - 22:28:11: "mp_forceautoteam" = "0"
L 03/20/2014 - 22:28:11: "mp_autoteambalance" = "0"
L 03/20/2014 - 22:28:11: "mp_stalemate_enable" = "1"
L 03/20/2014 - 22:28:11: "mp_match_end_at_timelimit" = "0"
L 03/20/2014 - 22:28:11: "mp_holiday_nogifts" = "0"
L 03/20/2014 - 22:28:11: "mp_scrambleteams_auto" = "0"
L 03/20/2014 - 22:28:11: "mp_scrambleteams_auto_windifference" = "2"
L 03/20/2014 - 22:28:11: "mp_timelimit" = "27"
L 03/20/2014 - 22:28:11: "mp_fraglimit" = "0"
L 03/20/2014 - 22:28:11: "nextlevel" = ""
L 03/20/2014 - 22:28:11: "sv_gravity" = "800"
L 03/20/2014 - 22:28:11: "sv_stopspeed" = "100"
L 03/20/2014 - 22:28:11: "sv_noclipaccelerate" = "5"
L 03/20/2014 - 22:28:11: "sv_noclipspeed" = "5"
L 03/20/2014 - 22:28:11: "sv_specaccelerate" = "5"
L 03/20/2014 - 22:28:11: "sv_specspeed" = "3"
L 03/20/2014 - 22:28:11: "sv_specnoclip" = "1"
L 03/20/2014 - 22:28:11: "sv_maxspeed" = "320"
L 03/20/2014 - 22:28:11: "sv_accelerate" = "10"
L 03/20/2014 - 22:28:11: "sv_airaccelerate" = "10"
L 03/20/2014 - 22:28:11: "sv_wateraccelerate" = "10"
L 03/20/2014 - 22:28:11: "sv_waterfriction" = "1"
L 03/20/2014 - 22:28:11: "sv_footsteps" = "1"
L 03/20/2014 - 22:28:11: "sv_rollspeed" = "200"
L 03/20/2014 - 22:28:11: "sv_rollangle" = "0"
L 03/20/2014 - 22:28:11: "sv_friction" = "4"
L 03/20/2014 - 22:28:11: "sv_bounce" = "0"
L 03/20/2014 - 22:28:11: "sv_stepsize" = "18"
L 03/20/2014 - 22:28:11: "r_VehicleViewDampen" = "1"
L 03/20/2014 - 22:28:11: "r_JeepViewDampenFreq" = "7.0"
L 03/20/2014 - 22:28:11: "r_JeepViewDampenDamp" = "1.0"
L 03/20/2014 - 22:28:11: "r_JeepViewZHeight" = "10.0"
L 03/20/2014 - 22:28:11: "r_AirboatViewDampenFreq" = "7.0"
L 03/20/2014 - 22:28:11: "r_AirboatViewDampenDamp" = "1.0"
L 03/20/2014 - 22:28:11: "r_AirboatViewZHeight" = "0.0"
L 03/20/2014 - 22:28:11: "mp_fadetoblack" = "0"
L 03/20/2014 - 22:28:11: "tf_mm_servermode" = "0"
L 03/20/2014 - 22:28:11: "tf_mm_strict" = "0"
L 03/20/2014 - 22:28:11: "tf_mm_trusted" = "0"
L 03/20/2014 - 22:28:11: "tf_server_identity_disable_quickplay" = "0"
L 03/20/2014 - 22:28:11: "sv_registration_successful" = "1"
L 03/20/2014 - 22:28:11: "sv_registration_message" = ""
L 03/20/2014 - 22:28:11: "sv_steamgroup" = ""
L 03/20/2014 - 22:28:11: "sv_cheats" = "0"
L 03/20/2014 - 22:28:11: "sv_pausable" = "0"
L 03/20/2014 - 22:28:11: "sv_contact" = "theoneandonly@rowedahelicon.com"
L 03/20/2014 - 22:28:11: "sv_voiceenable" = "1"
L 03/20/2014 - 22:28:11: "tv_enable" = "0"
L 03/20/2014 - 22:28:11: "deathmatch" = "1"
L 03/20/2014 - 22:28:11: "coop" = "0"
L 03/20/2014 - 22:28:11: "tv_password" = ""
L 03/20/2014 - 22:28:11: "tv_relaypassword" = ""
L 03/20/2014 - 22:28:11: "sv_password" = ""
L 03/20/2014 - 22:28:11: server cvars end
L 03/20/2014 - 22:28:19: Started map "dr_safety_first_final" (CRC "e0ee1e0508cdebef02e38b63ed38805e")
L 03/20/2014 - 22:28:19: Executing dedicated server config file server.cfg
L 03/20/2014 - 22:28:24: server_cvar: "tf_gamemode_cp" "0"
L 03/20/2014 - 22:28:24: server_cvar: "tf_gamemode_arena" "1"
L 03/20/2014 - 22:28:25: WARNING: ClientActive, but we don't know his SteamID?
L 03/20/2014 - 22:28:25: "Replay 2: The Replayening<2><BOT><>" entered the game
L 03/20/2014 - 22:28:25: "Replay 2: The Replayening<2><BOT><Unassigned>" joined team "Spectator"
L 03/20/2014 - 22:28:25: server_cvar: "mp_autoteambalance" "1"
L 03/20/2014 - 22:28:25: server_cvar: "tf_models_list" "TF2_ItemList"
L 03/20/2014 - 22:28:25: server_cvar: "mp_timelimit" "30"
L 03/20/2014 - 22:28:25: server_cvar: "sm_rtrigs" "1"
L 03/20/2014 - 22:28:25: server_cvar: "tf_models_list" "tf2_modellist"
L 03/20/2014 - 22:28:25: server_cvar: "mp_timelimit" "25"
L 03/20/2014 - 22:28:25: server_cvar: "gs_enabled" "0"
L 03/20/2014 - 22:28:25: server_cvar: "mp_autoteambalance" "0"
L 03/20/2014 - 22:28:25: server_cvar: "tf_arena_first_blood" "0"
L 03/20/2014 - 22:28:25: server_cvar: "sm_nextmap" "cp_granary"
L 03/20/2014 - 22:28:41: World triggered "Round_Stalemate"
L 03/20/2014 - 22:28:41: Team "Red" current score "0" with "0" players
L 03/20/2014 - 22:28:41: Team "Blue" current score "0" with "0" players
L 03/20/2014 - 22:28:41: server_cvar: "mp_disable_respawn_times" "1"
L 03/20/2014 - 22:28:42: "Herrocopter<67><STEAM_0:0:50403197><>" entered the game
L 03/20/2014 - 22:28:43: "Persi, the Neko God<12><STEAM_0:1:30286598><>" entered the game
L 03/20/2014 - 22:28:43: "Shiny mew<47><STEAM_0:0:43768850><>" disconnected (reason "Map is missing")
L 03/20/2014 - 22:28:44: "Yirktos<62><STEAM_0:1:33950017><>" entered the game
L 03/20/2014 - 22:28:46: "JaÃ¼ri, the Laughing Goddess<68><STEAM_0:1:17091633><>" connected, address "69.170.93.27:27005"
L 03/20/2014 - 22:28:46: "Gord<10><STEAM_0:1:2327125><>" entered the game
L 03/20/2014 - 22:28:46: "Tiera Foxglove<44><STEAM_0:1:42733307><>" entered the game
L 03/20/2014 - 22:28:46: "JaÃ¼ri, the Laughing Goddess<68><STEAM_0:1:17091633><>" STEAM USERID validated
L 03/20/2014 - 22:28:46: "Herrocopter<67><STEAM_0:0:50403197><Unassigned>" joined team "Blue"
L 03/20/2014 - 22:28:46: "RadioactiveSpaceRooster<50><STEAM_0:1:31547919><>" entered the game
L 03/20/2014 - 22:28:47: "Myntey<59><STEAM_0:0:33841019><>" entered the game
L 03/20/2014 - 22:28:48: "Herrocopter<67><STEAM_0:0:50403197><Blue>" changed role to "spy"
L 03/20/2014 - 22:28:48: "Persi, the Neko God<12><STEAM_0:1:30286598><Unassigned>" joined team "Red"
L 03/20/2014 - 22:28:48: "Yirktos<62><STEAM_0:1:33950017><Unassigned>" joined team "Red"
L 03/20/2014 - 22:28:49: "Persi, the Neko God<12><STEAM_0:1:30286598><Red>" changed role to "medic"
L 03/20/2014 - 22:28:50: "Tiera Foxglove<44><STEAM_0:1:42733307><Unassigned>" joined team "Red"
L 03/20/2014 - 22:28:50: "Herrocopter<67><STEAM_0:0:50403197><Blue>" changed role to "scout"
L 03/20/2014 - 22:28:50: "Gord<10><STEAM_0:1:2327125><Unassigned>" joined team "Blue"
L 03/20/2014 - 22:28:51: "Tiera Foxglove<44><STEAM_0:1:42733307><Red>" changed role to "medic"
L 03/20/2014 - 22:28:51: "Herrocopter<67><STEAM_0:0:50403197><Blue>" changed role to "medic"
L 03/20/2014 - 22:28:52: "RadioactiveSpaceRooster<50><STEAM_0:1:31547919><Unassigned>" joined team "Red"
L 03/20/2014 - 22:28:52: "Yirktos<62><STEAM_0:1:33950017><Red>" changed role to "medic"
L 03/20/2014 - 22:28:52: "Gord<10><STEAM_0:1:2327125><Blue>" changed role to "scout"
L 03/20/2014 - 22:28:52: "PhD Corvo Charizard<69><STEAM_0:0:33167288><>" connected, address "98.233.44.21:27005"
L 03/20/2014 - 22:28:53: "PhD Corvo Charizard<69><STEAM_0:0:33167288><>" STEAM USERID validated
L 03/20/2014 - 22:28:53: "RadioactiveSpaceRooster<50><STEAM_0:1:31547919><Red>" changed role to "medic"
L 03/20/2014 - 22:28:54: "Bilby<60><STEAM_0:0:12379989><>" entered the game
L 03/20/2014 - 22:28:54: "Gord<10><STEAM_0:1:2327125><Blue>" changed role to "medic"
L 03/20/2014 - 22:28:56: World triggered "Round_Start"
L 03/20/2014 - 22:28:57: "Bilby<60><STEAM_0:0:12379989><Unassigned>" joined team "Red"
L 03/20/2014 - 22:28:57: "Gord<10><STEAM_0:1:2327125><Blue>" joined team "Red"
L 03/20/2014 - 22:28:57: "Gord<10><STEAM_0:1:2327125><Red>" triggered "medic_death" against "Gord<10><STEAM_0:1:2327125><Red>" (healing "0") (ubercharge "0")
L 03/20/2014 - 22:28:57: "Gord<10><STEAM_0:1:2327125><Red>" committed suicide with "world" (attacker_position "-240 256 -31")
L 03/20/2014 - 22:28:57: "Herrocopter<67><STEAM_0:0:50403197><Blue>" joined team "Red"
L 03/20/2014 - 22:28:57: "Herrocopter<67><STEAM_0:0:50403197><Red>" triggered "medic_death" against "Herrocopter<67><STEAM_0:0:50403197><Red>" (healing "0") (ubercharge "0")
L 03/20/2014 - 22:28:57: "Herrocopter<67><STEAM_0:0:50403197><Red>" committed suicide with "world" (attacker_position "-336 256 -31")
L 03/20/2014 - 22:28:57: "Myntey<59><STEAM_0:0:33841019><Unassigned>" joined team "Red"
L 03/20/2014 - 22:28:58: "Herrocopter<67><STEAM_0:0:50403197><Red>" joined team "Blue"
L 03/20/2014 - 22:28:58: "Herrocopter<67><STEAM_0:0:50403197><Blue>" triggered "medic_death" against "Herrocopter<67><STEAM_0:0:50403197><Blue>" (healing "0") (ubercharge "0")
L 03/20/2014 - 22:28:58: "Herrocopter<67><STEAM_0:0:50403197><Blue>" committed suicide with "world" (attacker_position "24 0 0")
L 03/20/2014 - 22:28:59: "É›RRÉœ Dixon B. Tweenerlegs<66><STEAM_0:1:25247145><>" entered the game
L 03/20/2014 - 22:29:08: "Bilby<60><STEAM_0:0:12379989><Red>" changed role to "medic"
L 03/20/2014 - 22:29:09: server_cvar: "mp_disable_respawn_times" "0"
L 03/20/2014 - 22:29:10: "Blizzard (Sean)áƒ¦<27><STEAM_0:1:47938377><>" entered the game
L 03/20/2014 - 22:29:16: "É›RRÉœ Dixon B. Tweenerlegs<66><STEAM_0:1:25247145><Unassigned>" joined team "Red"
L 03/20/2014 - 22:29:20: "Shiny mew<70><STEAM_0:0:43768850><>" connected, address "67.190.235.102:27005"
L 03/20/2014 - 22:29:20: "Shiny mew<70><STEAM_0:0:43768850><>" STEAM USERID validated
L 03/20/2014 - 22:29:22: "É›RRÉœ Dixon B. Tweenerlegs<66><STEAM_0:1:25247145><Red>" changed role to "heavyweapons"
L 03/20/2014 - 22:29:24: "Myntey<59><STEAM_0:0:33841019><Red>" changed role to "medic"
L 03/20/2014 - 22:29:24: "É›RRÉœ Dixon B. Tweenerlegs<66><STEAM_0:1:25247145><Red>" changed role to "scout"
L 03/20/2014 - 22:29:26: "Myntey<0><STEAM_0:0:33841019><Red>" triggered "medic_death" against "Myntey<59><STEAM_0:0:33841019><Red>" (healing "0") (ubercharge "0")
L 03/20/2014 - 22:29:26: "Myntey<59><STEAM_0:0:33841019><Red>" committed suicide with "world" (attacker_position "72 0 0")
L 03/20/2014 - 22:29:28: "Yirktos<0><STEAM_0:1:33950017><Red>" triggered "medic_death" against "Yirktos<62><STEAM_0:1:33950017><Red>" (healing "0") (ubercharge "0")
L 03/20/2014 - 22:29:28: "Yirktos<62><STEAM_0:1:33950017><Red>" committed suicide with "world" (attacker_position "-36 1657 -151")
L 03/20/2014 - 22:29:29: "Blizzard (Sean)áƒ¦<27><STEAM_0:1:47938377><Unassigned>" joined team "Red"
L 03/20/2014 - 22:29:29: "{SCG}Ezerva<52><STEAM_0:1:65442681><>" entered the game
L 03/20/2014 - 22:29:30: "Blizzard (Sean)áƒ¦<27><STEAM_0:1:47938377><Red>" changed role to "medic"
L 03/20/2014 - 22:29:31: "É›RRÉœ Dixon B. Tweenerlegs<66><STEAM_0:1:25247145><Red>" changed role to "medic"
L 03/20/2014 - 22:29:31: "Shiny mew<70><STEAM_0:0:43768850><>" disconnected (reason "Map is missing")
L 03/20/2014 - 22:29:32: "{BFG} Nikdragon<42><STEAM_0:0:78154965><>" entered the game
L 03/20/2014 - 22:29:34: "É›RRÉœ Dixon B. Tweenerlegs<66><STEAM_0:1:25247145><Red>" say "dem lags"
L 03/20/2014 - 22:29:36: "DannelorG<71><STEAM_0:1:20046983><>" connected, address "74.113.241.236:27005"
L 03/20/2014 - 22:29:36: "DannelorG<71><STEAM_0:1:20046983><>" STEAM USERID validated
L 03/20/2014 - 22:29:38: "Yirktos<62><STEAM_0:1:33950017><Red>" say "!rtv"
L 03/20/2014 - 22:29:40: "{SCG}Ezerva<52><STEAM_0:1:65442681><Unassigned>" disconnected (reason "Disconnect by user.")
L 03/20/2014 - 22:29:41: "É›RRÉœ Dixon B. Tweenerlegs<66><STEAM_0:1:25247145><Red>" disconnected (reason "Disconnect by user.")
L 03/20/2014 - 22:29:47: "Fortune the Don<57><STEAM_0:0:33251108><>" entered the game
L 03/20/2014 - 22:29:48: "toomoos<56><STEAM_0:1:33386821><>" entered the game
L 03/20/2014 - 22:29:53: "toomoos<56><STEAM_0:1:33386821><Unassigned>" joined team "Red"
L 03/20/2014 - 22:29:53: "{BFG} Nikdragon<42><STEAM_0:0:78154965><Unassigned>" joined team "Red"
L 03/20/2014 - 22:29:54: "JaÃ¼ri, the Laughing Goddess<68><STEAM_0:1:17091633><>" entered the game
L 03/20/2014 - 22:29:54: "Fortune the Don<57><STEAM_0:0:33251108><Unassigned>" joined team "Blue"
L 03/20/2014 - 22:29:54: "toomoos<56><STEAM_0:1:33386821><Red>" changed role to "medic"
L 03/20/2014 - 22:29:55: "Fortune the Don<57><STEAM_0:0:33251108><Blue>" changed role to "scout"
L 03/20/2014 - 22:29:55: "{BFG} Nikdragon<42><STEAM_0:0:78154965><Red>" changed role to "medic"
L 03/20/2014 - 22:29:57: "Fortune the Don<57><STEAM_0:0:33251108><Blue>" changed role to "medic"
L 03/20/2014 - 22:30:01: "JaÃ¼ri, the Laughing Goddess<68><STEAM_0:1:17091633><Unassigned>" joined team "Red"
L 03/20/2014 - 22:30:02: "JaÃ¼ri, the Laughing Goddess<68><STEAM_0:1:17091633><Red>" changed role to "medic"
L 03/20/2014 - 22:30:03: "DannelorG<71><STEAM_0:1:20046983><>" entered the game
L 03/20/2014 - 22:30:20: "DannelorG<71><STEAM_0:1:20046983><Unassigned>" joined team "Red"
L 03/20/2014 - 22:30:21: "DannelorG<71><STEAM_0:1:20046983><Red>" changed role to "medic"
L 03/20/2014 - 22:30:29: "RadioactiveSpaceRooster<0><STEAM_0:1:31547919><Red>" triggered "medic_death" against "RadioactiveSpaceRooster<50><STEAM_0:1:31547919><Red>" (healing "0") (ubercharge "0")
L 03/20/2014 - 22:30:29: "RadioactiveSpaceRooster<50><STEAM_0:1:31547919><Red>" committed suicide with "world" (attacker_position "-3827 155 3276")
L 03/20/2014 - 22:30:45: "Gord<0><STEAM_0:1:2327125><Red>" triggered "medic_death" against "Gord<10><STEAM_0:1:2327125><Red>" (healing "0") (ubercharge "0")
L 03/20/2014 - 22:30:45: "Gord<10><STEAM_0:1:2327125><Red>" committed suicide with "world" (attacker_position "-3842 1166 3275")
L 03/20/2014 - 22:30:48: "PhD Corvo Charizard<69><STEAM_0:0:33167288><>" entered the game
L 03/20/2014 - 22:30:51: "Gord<10><STEAM_0:1:2327125><Red>" say "right in the crotch :["
L 03/20/2014 - 22:30:56: "PhD Corvo Charizard<69><STEAM_0:0:33167288><Unassigned>" joined team "Red"
L 03/20/2014 - 22:30:56: "Fortune the Don<57><STEAM_0:0:33251108><Blue>" say "Gord lives among us"
L 03/20/2014 - 22:30:58: "PhD Corvo Charizard<69><STEAM_0:0:33167288><Red>" changed role to "medic"
L 03/20/2014 - 22:31:08: "É›RRÉœ Dixon B. Tweenerlegs<72><STEAM_0:1:25247145><>" connected, address "174.58.58.165:27005"
L 03/20/2014 - 22:31:09: "É›RRÉœ Dixon B. Tweenerlegs<72><STEAM_0:1:25247145><>" STEAM USERID validated
L 03/20/2014 - 22:31:10: "Myntey<59><STEAM_0:0:33841019><Red>" say "The saw has best Gord. All hail the saw."
L 03/20/2014 - 22:31:15: "Myntey<59><STEAM_0:0:33841019><Red>" say "bested*"
L 03/20/2014 - 22:31:25: "Gord<10><STEAM_0:1:2327125><Red>" say "heretic"
L 03/20/2014 - 22:31:29: "Gord<10><STEAM_0:1:2327125><Red>" say "you shall burn"
L 03/20/2014 - 22:31:31: "DannelorG<71><STEAM_0:1:20046983><Red>" say "No, the gord allowed it to do that"
L 03/20/2014 - 22:31:46: "Fortune the Don<57><STEAM_0:0:33251108><Blue>" say "Do not worship the Saw. Thou shalt have no other gords besides Gord."
L 03/20/2014 - 22:31:51: "Yirktos<62><STEAM_0:1:33950017><Red>" say "can gord create a saw so brutal that even he can't overcome it????????Â¿"
L 03/20/2014 - 22:31:53: "Ozzzy<54><STEAM_0:0:33986421><>" entered the game
L 03/20/2014 - 22:32:04: "É›RRÉœ Dixon B. Tweenerlegs<72><STEAM_0:1:25247145><>" entered the game
L 03/20/2014 - 22:32:06: "Ozzzy<54><STEAM_0:0:33986421><Unassigned>" joined team "Red"
L 03/20/2014 - 22:32:08: "Ozzzy<54><STEAM_0:0:33986421><Red>" changed role to "medic"
L 03/20/2014 - 22:32:11: "Ozzzy<54><STEAM_0:0:33986421><Red>" say "hia guys~"
L 03/20/2014 - 22:32:14: "Ozzzy<54><STEAM_0:0:33986421><Red>" say "M A G I C A L"
L 03/20/2014 - 22:32:14: "Fortune the Don<57><STEAM_0:0:33251108><Blue>" say "only if Gord wills that he must die for your spins."
L 03/20/2014 - 22:32:15: "É›RRÉœ Dixon B. Tweenerlegs<72><STEAM_0:1:25247145><Unassigned>" joined team "Red"
L 03/20/2014 - 22:32:17: "É›RRÉœ Dixon B. Tweenerlegs<72><STEAM_0:1:25247145><Red>" changed role to "medic"
L 03/20/2014 - 22:32:23: "Gord<10><STEAM_0:1:2327125><Red>" say "so much profile fodder. gord loves you all."
L 03/20/2014 - 22:32:24: "É›RRÉœ Dixon B. Tweenerlegs<72><STEAM_0:1:25247145><Red>" say "someone said my name?"
L 03/20/2014 - 22:32:25: "Blizzard (Sean)áƒ¦<27><STEAM_0:1:47938377><Red>" say "lol"
L 03/20/2014 - 22:32:26: "É›RRÉœ Dixon B. Tweenerlegs<72><STEAM_0:1:25247145><Red>" say "( Í¡Â° ÍœÊ– Í¡Â°)"
L 03/20/2014 - 22:32:34: "É›RRÉœ Dixon B. Tweenerlegs<72><STEAM_0:1:25247145><Red>" say "á”ª^.=.^á”­"
L 03/20/2014 - 22:32:41: "Ozzzy<54><STEAM_0:0:33986421><Red>" say ":3"
L 03/20/2014 - 22:32:42: "Yirktos<62><STEAM_0:1:33950017><Red>" say "I can draw but only sometimes"
L 03/20/2014 - 22:32:44: "Yirktos<62><STEAM_0:1:33950017><Red>" say ":("
L 03/20/2014 - 22:32:49: "Ozzzy<54><STEAM_0:0:33986421><Red>" say "The walking stuff"
L 03/20/2014 - 22:33:05: "Persi, the Neko God<0><STEAM_0:1:30286598><Red>" triggered "medic_death" against "Persi, the Neko God<12><STEAM_0:1:30286598><Red>" (healing "0") (ubercharge "0")
L 03/20/2014 - 22:33:05: "Persi, the Neko God<12><STEAM_0:1:30286598><Red>" committed suicide with "world" (attacker_position "4056 2926 -33")
L 03/20/2014 - 22:33:07: "Gord<10><STEAM_0:1:2327125><Red>" say "GOD DAMMIT CURL GET IN THE HAUS"
L 03/20/2014 - 22:33:07: "Ozzzy<54><STEAM_0:0:33986421><Red>" say "The stuffing things"
L 03/20/2014 - 22:33:08: "É›RRÉœ Dixon B. Tweenerlegs<72><STEAM_0:1:25247145><Red>" say "( Í¡Â° ÍœÊ– Í¡Â°)"
L 03/20/2014 - 22:33:15: "Bilby<60><STEAM_0:0:12379989><Red>" say "rick is a farmer"
L 03/20/2014 - 22:33:16: "Yirktos<62><STEAM_0:1:33950017><Red>" say "there are too many deities on this server"
L 03/20/2014 - 22:33:27: "Ozzzy<54><STEAM_0:0:33986421><Red>" say "deities?"
L 03/20/2014 - 22:33:28: "Gord<10><STEAM_0:1:2327125><Red>" say "no me and persi are cool"
L 03/20/2014 - 22:33:30: "É›RRÉœ Dixon B. Tweenerlegs<72><STEAM_0:1:25247145><Red>" say "you're screwed"
L 03/20/2014 - 22:33:34: "Ozzzy<54><STEAM_0:0:33986421><Red>" say "I AM THE ONLY GOD"
L 03/20/2014 - 22:33:34: "Gord<10><STEAM_0:1:2327125><Red>" say "he's a gord-born"
L 03/20/2014 - 22:33:45: "Tiera Foxglove<0><STEAM_0:1:42733307><Red>" triggered "medic_death" against "Tiera Foxglove<44><STEAM_0:1:42733307><Red>" (healing "0") (ubercharge "0")
L 03/20/2014 - 22:33:45: "Tiera Foxglove<44><STEAM_0:1:42733307><Red>" committed suicide with "world" (attacker_position "6190 7308 -35")
L 03/20/2014 - 22:33:45: World triggered "Round_Win" (winner "Blue")
L 03/20/2014 - 22:33:45: World triggered "Round_Length" (seconds "288.48")
L 03/20/2014 - 22:33:45: Team "Red" current score "0" with "15" players
L 03/20/2014 - 22:33:45: Team "Blue" current score "1" with "2" players
L 03/20/2014 - 22:33:45: "Ozzzy<54><STEAM_0:0:33986421><Red>" say "WHY DOST THOU WORSHIP OTHER GODS?"
L 03/20/2014 - 22:33:57: "Gord<10><STEAM_0:1:2327125><Red>" say "they don't"
L 03/20/2014 - 22:34:00: World triggered "Round_Start"
L 03/20/2014 - 22:34:00: "Gord<10><STEAM_0:1:2327125><Red>" say "they worship gords"
L 03/20/2014 - 22:34:01: "Herrocopter<67><STEAM_0:0:50403197><Blue>" joined team "Red"
L 03/20/2014 - 22:34:01: "Herrocopter<67><STEAM_0:0:50403197><Red>" triggered "medic_death" against "Herrocopter<67><STEAM_0:0:50403197><Red>" (healing "0") (ubercharge "0")
L 03/20/2014 - 22:34:01: "Herrocopter<67><STEAM_0:0:50403197><Red>" committed suicide with "world" (attacker_position "-240 256 -31")
L 03/20/2014 - 22:34:01: "Fortune the Don<57><STEAM_0:0:33251108><Blue>" joined team "Red"
L 03/20/2014 - 22:34:01: "Fortune the Don<57><STEAM_0:0:33251108><Red>" triggered "medic_death" against "Fortune the Don<57><STEAM_0:0:33251108><Red>" (healing "0") (ubercharge "0")
L 03/20/2014 - 22:34:01: "Fortune the Don<57><STEAM_0:0:33251108><Red>" committed suicide with "world" (attacker_position "-336 256 -31")
L 03/20/2014 - 22:34:02: "RadioactiveSpaceRooster<50><STEAM_0:1:31547919><Red>" joined team "Blue"
L 03/20/2014 - 22:34:02: "RadioactiveSpaceRooster<50><STEAM_0:1:31547919><Blue>" triggered "medic_death" against "RadioactiveSpaceRooster<50><STEAM_0:1:31547919><Blue>" (healing "0") (ubercharge "0")
L 03/20/2014 - 22:34:02: "RadioactiveSpaceRooster<50><STEAM_0:1:31547919><Blue>" committed suicide with "world" (attacker_position "-72 -64 0")
L 03/20/2014 - 22:34:06: "Persi, the Neko God<12><STEAM_0:1:30286598><Red>" say "^"
L 03/20/2014 - 22:34:14: "toomoos<0><STEAM_0:1:33386821><Red>" triggered "medic_death" against "toomoos<56><STEAM_0:1:33386821><Red>" (healing "0") (ubercharge "0")
L 03/20/2014 - 22:34:14: "toomoos<56><STEAM_0:1:33386821><Red>" committed suicide with "world" (attacker_position "-61 853 -31")
L 03/20/2014 - 22:34:16: "Myntey<59><STEAM_0:0:33841019><Red>" say "Bah, what has Gord done for me?"
L 03/20/2014 - 22:34:30: "Herrocopter<0><STEAM_0:0:50403197><Red>" triggered "medic_death" against "Herrocopter<67><STEAM_0:0:50403197><Red>" (healing "0") (ubercharge "0")
L 03/20/2014 - 22:34:30: "Herrocopter<67><STEAM_0:0:50403197><Red>" committed suicide with "world" (attacker_position "27 1454 -151")
L 03/20/2014 - 22:34:35: "Persi, the Neko God<12><STEAM_0:1:30286598><Red>" say "Besides, you can't have Civilization without Neko Gods. :V"
L 03/20/2014 - 22:35:00: "Gord<10><STEAM_0:1:2327125><Red>" say "thou shalt worship false idols so gord can smash them then teabag then"
L 03/20/2014 - 22:35:13: "Persi, the Neko God<12><STEAM_0:1:30286598><Red>" say "Yum... tea"
L 03/20/2014 - 22:35:22: "Fortune the Don<57><STEAM_0:0:33251108><Red>" say "we all got off on the same floor?"
L 03/20/2014 - 22:35:42: "Fortune the Don<0><STEAM_0:0:33251108><Red>" triggered "medic_death" against "Fortune the Don<57><STEAM_0:0:33251108><Red>" (healing "0") (ubercharge "0")
L 03/20/2014 - 22:35:42: "Fortune the Don<57><STEAM_0:0:33251108><Red>" committed suicide with "world" (attacker_position "-3849 523 3322")
L 03/20/2014 - 22:35:52: "Gord<0><STEAM_0:1:2327125><Red>" triggered "medic_death" against "Gord<10><STEAM_0:1:2327125><Red>" (healing "0") (ubercharge "0")
L 03/20/2014 - 22:35:52: "Gord<10><STEAM_0:1:2327125><Red>" committed suicide with "world" (attacker_position "4156 -197 13")
L 03/20/2014 - 22:35:58: "É›RRÉœ Dixon B. Tweenerlegs<0><STEAM_0:1:25247145><Red>" triggered "medic_death" against "É›RRÉœ Dixon B. Tweenerlegs<72><STEAM_0:1:25247145><Red>" (healing "0") (ubercharge "0")
L 03/20/2014 - 22:35:58: "É›RRÉœ Dixon B. Tweenerlegs<72><STEAM_0:1:25247145><Red>" committed suicide with "world" (attacker_position "-3771 988 3305")
L 03/20/2014 - 22:36:03: "{BFG} Nikdragon<0><STEAM_0:0:78154965><Red>" triggered "medic_death" against "{BFG} Nikdragon<42><STEAM_0:0:78154965><Red>" (healing "0") (ubercharge "0")
L 03/20/2014 - 22:36:03: "{BFG} Nikdragon<42><STEAM_0:0:78154965><Red>" committed suicide with "world" (attacker_position "-3887 1130 3268")
L 03/20/2014 - 22:36:04: "É›RRÉœ Dixon B. Tweenerlegs<72><STEAM_0:1:25247145><Red>" say ":c"
L 03/20/2014 - 22:36:19: "PhD Corvo Charizard<0><STEAM_0:0:33167288><Red>" triggered "medic_death" against "PhD Corvo Charizard<69><STEAM_0:0:33167288><Red>" (healing "0") (ubercharge "0")
L 03/20/2014 - 22:36:19: "PhD Corvo Charizard<69><STEAM_0:0:33167288><Red>" committed suicide with "world" (attacker_position "-3920 914 3268")
L 03/20/2014 - 22:36:28: "Myntey<59><STEAM_0:0:33841019><Red>" say "GET OUT OF MY LABORATORY"
L 03/20/2014 - 22:36:35: "Gord<10><STEAM_0:1:2327125><Red>" say "DEEEEEE DEEEEEEEEEE"
L 03/20/2014 - 22:36:56: "Yirktos<0><STEAM_0:1:33950017><Red>" triggered "medic_death" against "Yirktos<62><STEAM_0:1:33950017><Red>" (healing "0") (ubercharge "0")
L 03/20/2014 - 22:36:56: "Yirktos<62><STEAM_0:1:33950017><Red>" committed suicide with "world" (attacker_position "3723 -210 -492")
L 03/20/2014 - 22:37:00: "Gord<10><STEAM_0:1:2327125><Red>" say "we have a pool room at my college campus w/ a tv in it. we have boomerang on 24/7"
L 03/20/2014 - 22:37:04: "Gord<10><STEAM_0:1:2327125><Red>" say "dexter every day at 9"
L 03/20/2014 - 22:37:10: "Bilby<0><STEAM_0:0:12379989><Red>" triggered "medic_death" against "Bilby<60><STEAM_0:0:12379989><Red>" (healing "0") (ubercharge "0")
L 03/20/2014 - 22:37:10: "Bilby<60><STEAM_0:0:12379989><Red>" committed suicide with "world" (attacker_position "3767 -217 -485")
L 03/20/2014 - 22:37:14: "Persi, the Neko God<12><STEAM_0:1:30286598><Red>" say "Nice"
L 03/20/2014 - 22:37:23: "JaÃ¼ri, the Laughing Goddess<0><STEAM_0:1:17091633><Red>" triggered "medic_death" against "JaÃ¼ri, the Laughing Goddess<68><STEAM_0:1:17091633><Red>" (healing "0") (ubercharge "0")
L 03/20/2014 - 22:37:23: "JaÃ¼ri, the Laughing Goddess<68><STEAM_0:1:17091633><Red>" committed suicide with "world" (attacker_position "5360 6252 -34")
L 03/20/2014 - 22:37:24: "Myntey<0><STEAM_0:0:33841019><Red>" triggered "medic_death" against "Myntey<59><STEAM_0:0:33841019><Red>" (healing "0") (ubercharge "0")
L 03/20/2014 - 22:37:24: "Myntey<59><STEAM_0:0:33841019><Red>" committed suicide with "world" (attacker_position "5418 5636 -34")
L 03/20/2014 - 22:37:28: "Yirktos<62><STEAM_0:1:33950017><Red>" say "tfw streaming all cartoons simultaneously"
L 03/20/2014 - 22:37:32: "Ozzzy<0><STEAM_0:0:33986421><Red>" triggered "medic_death" against "Ozzzy<54><STEAM_0:0:33986421><Red>" (healing "0") (ubercharge "0")
L 03/20/2014 - 22:37:32: "Ozzzy<54><STEAM_0:0:33986421><Red>" committed suicide with "world" (attacker_position "5842 6973 -32")
L 03/20/2014 - 22:37:38: "Myntey<59><STEAM_0:0:33841019><Red>" disconnected (reason "Disconnect by user.")
L 03/20/2014 - 22:37:39: "Gord<10><STEAM_0:1:2327125><Red>" say "courage the cowardly dog best cartoon"
L 03/20/2014 - 22:37:43: "Shiny mew<73><STEAM_0:0:43768850><>" connected, address "67.190.235.102:27005"
L 03/20/2014 - 22:37:43: "Shiny mew<73><STEAM_0:0:43768850><>" STEAM USERID validated
L 03/20/2014 - 22:37:48: "Yirktos<62><STEAM_0:1:33950017><Red>" say "courage is pretty good"
L 03/20/2014 - 22:37:57: "Shiny mew<73><STEAM_0:0:43768850><>" disconnected (reason "Map is missing")
L 03/20/2014 - 22:37:58: "Yirktos<62><STEAM_0:1:33950017><Red>" say "i'd say ed, edd & eddy was the best tho"
L 03/20/2014 - 22:37:58: "É›RRÉœ Dixon B. Tweenerlegs<72><STEAM_0:1:25247145><Red>" say "crashbox best cartoon"
L 03/20/2014 - 22:38:07: "É›RRÉœ Dixon B. Tweenerlegs<72><STEAM_0:1:25247145><Red>" say "well not really a cartoon"
L 03/20/2014 - 22:38:07: "Gord<10><STEAM_0:1:2327125><Red>" say "touche"
L 03/20/2014 - 22:38:09: "Blizzard (Sean)áƒ¦<0><STEAM_0:1:47938377><Red>" triggered "medic_death" against "Blizzard (Sean)áƒ¦<27><STEAM_0:1:47938377><Red>" (healing "0") (ubercharge "0")
L 03/20/2014 - 22:38:09: "Blizzard (Sean)áƒ¦<27><STEAM_0:1:47938377><Red>" committed suicide with "world" (attacker_position "7466 7714 -35")
L 03/20/2014 - 22:38:10: "Persi, the Neko God<12><STEAM_0:1:30286598><Red>" say "<3 Edd"
L 03/20/2014 - 22:38:10: "É›RRÉœ Dixon B. Tweenerlegs<72><STEAM_0:1:25247145><Red>" say "but yeah"
L 03/20/2014 - 22:38:12: "Gord<10><STEAM_0:1:2327125><Red>" say "moths have good taste yo"
L 03/20/2014 - 22:38:14: "Blizzard (Sean)áƒ¦<27><STEAM_0:1:47938377><Red>" say "FACK"
L 03/20/2014 - 22:38:16: "Myntey<74><STEAM_0:0:33841019><>" connected, address "86.40.106.89:27005"
L 03/20/2014 - 22:38:17: "Myntey<74><STEAM_0:0:33841019><>" STEAM USERID validated
L 03/20/2014 - 22:38:32: "É›RRÉœ Dixon B. Tweenerlegs<72><STEAM_0:1:25247145><Red>" say "it stops after like 2 minutes"
L 03/20/2014 - 22:38:38: "É›RRÉœ Dixon B. Tweenerlegs<72><STEAM_0:1:25247145><Red>" say "if you don't press the button"
L 03/20/2014 - 22:38:43: "Myntey<74><STEAM_0:0:33841019><>" entered the game
L 03/20/2014 - 22:38:50: "Gord<10><STEAM_0:1:2327125><Red>" say "YALL DICKS"
L 03/20/2014 - 22:38:51: "Gord<10><STEAM_0:1:2327125><Red>" say "PUSH IT"
L 03/20/2014 - 22:38:55: "Myntey<74><STEAM_0:0:33841019><Unassigned>" joined team "Red"
L 03/20/2014 - 22:38:57: "Myntey<74><STEAM_0:0:33841019><Red>" changed role to "medic"
L 03/20/2014 - 22:39:01: STEAMAUTH: Client Myntey received failure code 6
L 03/20/2014 - 22:39:01: "Myntey<74><STEAM_0:0:33841019><Red>" disconnected (reason "Client left game (Steam auth ticket has been canceled)
")
L 03/20/2014 - 22:39:28: "Blizzard (Sean)áƒ¦<27><STEAM_0:1:47938377><Red>" say "LOL"
L 03/20/2014 - 22:39:29: "Gord<10><STEAM_0:1:2327125><Red>" say "ahahaha you're a dick"
L 03/20/2014 - 22:39:32: World triggered "Round_Win" (winner "Red")
L 03/20/2014 - 22:39:32: World triggered "Round_Length" (seconds "332.67")
L 03/20/2014 - 22:39:32: Team "Red" current score "1" with "15" players
L 03/20/2014 - 22:39:32: Team "Blue" current score "1" with "1" players
L 03/20/2014 - 22:39:32: "RadioactiveSpaceRooster<0><STEAM_0:1:31547919><Blue>" triggered "medic_death" against "RadioactiveSpaceRooster<50><STEAM_0:1:31547919><Blue>" (healing "0") (ubercharge "0")
L 03/20/2014 - 22:39:32: "RadioactiveSpaceRooster<50><STEAM_0:1:31547919><Blue>" committed suicide with "world" (attacker_position "6524 12416 -1032")
L 03/20/2014 - 22:39:37: "É›RRÉœ Dixon B. Tweenerlegs<72><STEAM_0:1:25247145><Red>" say "( Í¡Â° ÍœÊ– Í¡Â°)"
L 03/20/2014 - 22:39:38: "Bilby<60><STEAM_0:0:12379989><Red>" say "paul is dead"
L 03/20/2014 - 22:39:40: "Blizzard (Sean)áƒ¦<27><STEAM_0:1:47938377><Red>" say "god damnit i feel terrible for laughing"
L 03/20/2014 - 22:39:45: "Blizzard (Sean)áƒ¦<27><STEAM_0:1:47938377><Red>" say "but HAHAHAHAHA"
L 03/20/2014 - 22:39:47: "Gord<10><STEAM_0:1:2327125><Red>" say "^"
L 03/20/2014 - 22:39:48: World triggered "Round_Start"
L 03/20/2014 - 22:39:49: "RadioactiveSpaceRooster<50><STEAM_0:1:31547919><Blue>" joined team "Red"
L 03/20/2014 - 22:39:49: "RadioactiveSpaceRooster<50><STEAM_0:1:31547919><Red>" triggered "medic_death" against "RadioactiveSpaceRooster<50><STEAM_0:1:31547919><Red>" (healing "0") (ubercharge "0")
L 03/20/2014 - 22:39:49: "RadioactiveSpaceRooster<50><STEAM_0:1:31547919><Red>" committed suicide with "world" (attacker_position "-240 256 -31")
L 03/20/2014 - 22:39:50: "Blizzard (Sean)áƒ¦<27><STEAM_0:1:47938377><Red>" joined team "Blue"
L 03/20/2014 - 22:39:50: "Blizzard (Sean)áƒ¦<27><STEAM_0:1:47938377><Blue>" triggered "medic_death" against "Blizzard (Sean)áƒ¦<27><STEAM_0:1:47938377><Blue>" (healing "0") (ubercharge "0")
L 03/20/2014 - 22:39:50: "Blizzard (Sean)áƒ¦<27><STEAM_0:1:47938377><Blue>" committed suicide with "world" (attacker_position "24 96 0")
L 03/20/2014 - 22:39:54: "Gord<10><STEAM_0:1:2327125><Red>" say "so many foxes"
L 03/20/2014 - 22:39:57: "Gord<10><STEAM_0:1:2327125><Red>" say "wassup wit dat"
L 03/20/2014 - 22:40:19: "RadioactiveSpaceRooster<0><STEAM_0:1:31547919><Red>" triggered "medic_death" against "RadioactiveSpaceRooster<50><STEAM_0:1:31547919><Red>" (healing "0") (ubercharge "0")
L 03/20/2014 - 22:40:19: "RadioactiveSpaceRooster<50><STEAM_0:1:31547919><Red>" committed suicide with "world" (attacker_position "61 2564 -6")
L 03/20/2014 - 22:40:20: "ï¼«ï½…ï½Žï½” ðŸ˜ˆâœŒ<75><STEAM_0:1:37936200><>" connected, address "173.247.2.161:27005"
L 03/20/2014 - 22:40:20: "ï¼«ï½…ï½Žï½” ðŸ˜ˆâœŒ<75><STEAM_0:1:37936200><>" STEAM USERID validated
L 03/20/2014 - 22:40:26: "JaÃ¼ri, the Laughing Goddess<0><STEAM_0:1:17091633><Red>" triggered "medic_death" against "JaÃ¼ri, the Laughing Goddess<68><STEAM_0:1:17091633><Red>" (healing "0") (ubercharge "0")
L 03/20/2014 - 22:40:26: "JaÃ¼ri, the Laughing Goddess<68><STEAM_0:1:17091633><Red>" committed suicide with "world" (attacker_position "876 2809 -31")
L 03/20/2014 - 22:40:28: "Fortune the Don<0><STEAM_0:0:33251108><Red>" triggered "medic_death" against "Fortune the Don<57><STEAM_0:0:33251108><Red>" (healing "0") (ubercharge "0")
L 03/20/2014 - 22:40:28: "Fortune the Don<57><STEAM_0:0:33251108><Red>" committed suicide with "world" (attacker_position "62 2786 -6")
L 03/20/2014 - 22:40:34: "ï¼«ï½…ï½Žï½” ðŸ˜ˆâœŒ<75><STEAM_0:1:37936200><>" entered the game
L 03/20/2014 - 22:40:35: "Myntey<76><STEAM_0:0:33841019><>" connected, address "86.40.106.89:27005"
L 03/20/2014 - 22:40:35: "Myntey<76><STEAM_0:0:33841019><>" STEAM USERID validated
L 03/20/2014 - 22:40:40: "ï¼«ï½…ï½Žï½” ðŸ˜ˆâœŒ<75><STEAM_0:1:37936200><Unassigned>" joined team "Red"
L 03/20/2014 - 22:40:41: "ï¼«ï½…ï½Žï½” ðŸ˜ˆâœŒ<75><STEAM_0:1:37936200><Red>" changed role to "medic"
L 03/20/2014 - 22:40:50: "Herrocopter<0><STEAM_0:0:50403197><Red>" triggered "medic_death" against "Herrocopter<67><STEAM_0:0:50403197><Red>" (healing "0") (ubercharge "0")
L 03/20/2014 - 22:40:50: "Herrocopter<67><STEAM_0:0:50403197><Red>" committed suicide with "world" (attacker_position "-3846 -196 3272")
L 03/20/2014 - 22:40:56: "Myntey<76><STEAM_0:0:33841019><>" entered the game
L 03/20/2014 - 22:41:01: "Myntey<76><STEAM_0:0:33841019><Unassigned>" joined team "Red"
L 03/20/2014 - 22:41:02: "Myntey<76><STEAM_0:0:33841019><Red>" changed role to "medic"
L 03/20/2014 - 22:41:10: "Yirktos<0><STEAM_0:1:33950017><Red>" triggered "medic_death" against "Yirktos<62><STEAM_0:1:33950017><Red>" (healing "0") (ubercharge "0")
L 03/20/2014 - 22:41:10: "Yirktos<62><STEAM_0:1:33950017><Red>" committed suicide with "world" (attacker_position "-3910 1127 3268")
L 03/20/2014 - 22:41:13: "toomoos<0><STEAM_0:1:33386821><Red>" triggered "medic_death" against "toomoos<56><STEAM_0:1:33386821><Red>" (healing "0") (ubercharge "0")
L 03/20/2014 - 22:41:13: "toomoos<56><STEAM_0:1:33386821><Red>" committed suicide with "world" (attacker_position "-3866 994 3268")
L 03/20/2014 - 22:41:22: "É›RRÉœ Dixon B. Tweenerlegs<0><STEAM_0:1:25247145><Red>" triggered "medic_death" against "É›RRÉœ Dixon B. Tweenerlegs<72><STEAM_0:1:25247145><Red>" (healing "0") (ubercharge "0")
L 03/20/2014 - 22:41:22: "É›RRÉœ Dixon B. Tweenerlegs<72><STEAM_0:1:25247145><Red>" committed suicide with "world" (attacker_position "-3792 994 3268")
L 03/20/2014 - 22:41:31: "Ozzzy<0><STEAM_0:0:33986421><Red>" triggered "medic_death" against "Ozzzy<54><STEAM_0:0:33986421><Red>" (healing "0") (ubercharge "0")
L 03/20/2014 - 22:41:31: "Ozzzy<54><STEAM_0:0:33986421><Red>" committed suicide with "world" (attacker_position "-3811 2319 3283")
L 03/20/2014 - 22:41:36: "Bilby<0><STEAM_0:0:12379989><Red>" triggered "medic_death" against "Bilby<60><STEAM_0:0:12379989><Red>" (healing "0") (ubercharge "0")
L 03/20/2014 - 22:41:36: "Bilby<60><STEAM_0:0:12379989><Red>" committed suicide with "world" (attacker_position "-3761 1253 3268")
L 03/20/2014 - 22:42:10: "Gord<10><STEAM_0:1:2327125><Red>" say "gord saves"
L 03/20/2014 - 22:42:22: "Herrocopter<67><STEAM_0:0:50403197><Red>" say "nothing better than tf2 and cheddar jalapeno pretzels"
L 03/20/2014 - 22:42:24: "{BFG} Nikdragon<0><STEAM_0:0:78154965><Red>" triggered "medic_death" against "{BFG} Nikdragon<42><STEAM_0:0:78154965><Red>" (healing "0") (ubercharge "0")
L 03/20/2014 - 22:42:24: "{BFG} Nikdragon<42><STEAM_0:0:78154965><Red>" committed suicide with "world" (attacker_position "4357 923 -471")
L 03/20/2014 - 22:42:26: "Yirktos<62><STEAM_0:1:33950017><Red>" say "Does gord believe in himself?"
L 03/20/2014 - 22:42:31: "Ozzzy<54><STEAM_0:0:33986421><Red>" say "gj niki :U"
L 03/20/2014 - 22:42:38: "Persi, the Neko God<12><STEAM_0:1:30286598><Red>" say "I'm more of a cinnamon pretzel guy"
L 03/20/2014 - 22:42:48: "Herrocopter<67><STEAM_0:0:50403197><Red>" say "oooo that sounds good too"
L 03/20/2014 - 22:42:58: "Yirktos<62><STEAM_0:1:33950017><Red>" say "have you guys had like cinnamon pretzl bits"
L 03/20/2014 - 22:42:59: "Gord<10><STEAM_0:1:2327125><Red>" say "jalapeno pretzels are the shit"
L 03/20/2014 - 22:43:02: "Gord<10><STEAM_0:1:2327125><Red>" say "you're awesome herrocopter"
L 03/20/2014 - 22:43:03: "Yirktos<62><STEAM_0:1:33950017><Red>" say "of like soft pretzl"
L 03/20/2014 - 22:43:10: "Herrocopter<67><STEAM_0:0:50403197><Red>" say ":D thank you"
L 03/20/2014 - 22:43:21: "Yirktos<62><STEAM_0:1:33950017><Red>" say "i forget what the name of the place is, but there is a place for that at the mall"
L 03/20/2014 - 22:43:23: "Yirktos<62><STEAM_0:1:33950017><Red>" say "here"
L 03/20/2014 - 22:43:25: "Herrocopter<67><STEAM_0:0:50403197><Red>" say "gord has noticed me my life is complete"
L 03/20/2014 - 22:43:41: "Fortune the Don<57><STEAM_0:0:33251108><Red>" say "gord notices all but speaks to few"
L 03/20/2014 - 22:43:52: "Myntey<76><STEAM_0:0:33841019><Red>" say "He's usually too busy respawning"
L 03/20/2014 - 22:43:53: "Myntey<76><STEAM_0:0:33841019><Red>" say "OH"
L 03/20/2014 - 22:44:08: "Gord<10><STEAM_0:1:2327125><Red>" say "yirktos gord believes in you who believes in him"
L 03/20/2014 - 22:44:10: "Gord<10><STEAM_0:1:2327125><Red>" say "so yes"
L 03/20/2014 - 22:44:11: "É›RRÉœ Dixon B. Tweenerlegs<72><STEAM_0:1:25247145><Red>" say "It's called Auntie Anne's"
L 03/20/2014 - 22:44:13: "É›RRÉœ Dixon B. Tweenerlegs<72><STEAM_0:1:25247145><Red>" say "( Í¡Â° ÍœÊ– Í¡Â°)"
L 03/20/2014 - 22:44:30: "Yirktos<62><STEAM_0:1:33950017><Red>" say "It's just, you would not expect for a perfect being to believe in something as silly as a perfect being"
L 03/20/2014 - 22:44:36: World triggered "Round_Win" (winner "Red")
L 03/20/2014 - 22:44:36: World triggered "Round_Length" (seconds "288.73")
L 03/20/2014 - 22:44:36: Team "Red" current score "2" with "17" players
L 03/20/2014 - 22:44:36: Team "Blue" current score "1" with "1" players
L 03/20/2014 - 22:44:36: "Blizzard (Sean)áƒ¦<0><STEAM_0:1:47938377><Blue>" triggered "medic_death" against "Blizzard (Sean)áƒ¦<27><STEAM_0:1:47938377><Blue>" (healing "0") (ubercharge "0")
L 03/20/2014 - 22:44:36: "Blizzard (Sean)áƒ¦<27><STEAM_0:1:47938377><Blue>" committed suicide with "world" (attacker_position "6524 12416 -1032")
L 03/20/2014 - 22:44:37: "Bilby<60><STEAM_0:0:12379989><Red>" say "ringo is dead"
L 03/20/2014 - 22:44:41: "Gord<10><STEAM_0:1:2327125><Red>" say "gord is not perfect"
L 03/20/2014 - 22:44:51: World triggered "Round_Start"
L 03/20/2014 - 22:44:52: "Blizzard (Sean)áƒ¦<27><STEAM_0:1:47938377><Blue>" joined team "Red"
L 03/20/2014 - 22:44:52: "Blizzard (Sean)áƒ¦<27><STEAM_0:1:47938377><Red>" triggered "medic_death" against "Blizzard (Sean)áƒ¦<27><STEAM_0:1:47938377><Red>" (healing "0") (ubercharge "0")
L 03/20/2014 - 22:44:52: "Blizzard (Sean)áƒ¦<27><STEAM_0:1:47938377><Red>" committed suicide with "world" (attacker_position "-240 256 -31")
L 03/20/2014 - 22:44:53: "Ozzzy<54><STEAM_0:0:33986421><Red>" joined team "Blue"
L 03/20/2014 - 22:44:53: "Ozzzy<54><STEAM_0:0:33986421><Blue>" triggered "medic_death" against "Ozzzy<54><STEAM_0:0:33986421><Blue>" (healing "0") (ubercharge "0")
L 03/20/2014 - 22:44:53: "Ozzzy<54><STEAM_0:0:33986421><Blue>" committed suicide with "world" (attacker_position "-72 -96 0")
L 03/20/2014 - 22:44:55: "ï¼«ï½…ï½Žï½” ðŸ˜ˆâœŒ<75><STEAM_0:1:37936200><Red>" changed role to "engineer"
L 03/20/2014 - 22:45:09: "É›RRÉœ Dixon B. Tweenerlegs<72><STEAM_0:1:25247145><Red>" say "( Í¡Â° ÍœÊ– Í¡Â°)"
L 03/20/2014 - 22:45:11: "É›RRÉœ Dixon B. Tweenerlegs<72><STEAM_0:1:25247145><Red>" say "(         Í¡Â°         ÍœÊ–         Í¡Â°        ) If you know what I mean."
L 03/20/2014 - 22:45:35: "Persi, the Neko God<0><STEAM_0:1:30286598><Red>" triggered "medic_death" against "Persi, the Neko God<12><STEAM_0:1:30286598><Red>" (healing "0") (ubercharge "0")
L 03/20/2014 - 22:45:35: "Persi, the Neko God<12><STEAM_0:1:30286598><Red>" committed suicide with "world" (attacker_position "24 2183 -31")
L 03/20/2014 - 22:45:37: "Blizzard (Sean)áƒ¦<27><STEAM_0:1:47938377><Red>" say "!slay ^"
L 03/20/2014 - 22:45:40: "Blizzard (Sean)áƒ¦<27><STEAM_0:1:47938377><Red>" say "fack"
L 03/20/2014 - 22:45:40: "Yirktos<0><STEAM_0:1:33950017><Red>" triggered "medic_death" against "Yirktos<62><STEAM_0:1:33950017><Red>" (healing "0") (ubercharge "0")
L 03/20/2014 - 22:45:40: "Yirktos<62><STEAM_0:1:33950017><Red>" committed suicide with "world" (attacker_position "827 2791 -31")
L 03/20/2014 - 22:45:46: "Gord<10><STEAM_0:1:2327125><Red>" say "cool kid express goin up"
L 03/20/2014 - 22:45:47: "É›RRÉœ Dixon B. Tweenerlegs<72><STEAM_0:1:25247145><Red>" say "dem lags"
L 03/20/2014 - 22:45:55: "Blizzard (Sean)áƒ¦<27><STEAM_0:1:47938377><Red>" triggered "medic_death" against "Blizzard (Sean)áƒ¦<27><STEAM_0:1:47938377><Red>" (healing "0") (ubercharge "0")
L 03/20/2014 - 22:45:55: "Blizzard (Sean)áƒ¦<27><STEAM_0:1:47938377><Red>" committed suicide with "world" (attacker_position "176 1429 -78")
L 03/20/2014 - 22:45:58: "Myntey<76><STEAM_0:0:33841019><Red>" say "Breathing my air"
L 03/20/2014 - 22:46:20: "Herrocopter<0><STEAM_0:0:50403197><Red>" triggered "medic_death" against "Herrocopter<67><STEAM_0:0:50403197><Red>" (healing "0") (ubercharge "0")
L 03/20/2014 - 22:46:20: "Herrocopter<67><STEAM_0:0:50403197><Red>" committed suicide with "world" (attacker_position "-3757 1125 3283")
L 03/20/2014 - 22:46:24: "toomoos<0><STEAM_0:1:33386821><Red>" triggered "medic_death" against "toomoos<56><STEAM_0:1:33386821><Red>" (healing "0") (ubercharge "0")
L 03/20/2014 - 22:46:24: "toomoos<56><STEAM_0:1:33386821><Red>" committed suicide with "world" (attacker_position "-3827 858 3268")
L 03/20/2014 - 22:46:29: "Gord<10><STEAM_0:1:2327125><Red>" say "based yirktos"
L 03/20/2014 - 22:46:37: "{BFG} Nikdragon<0><STEAM_0:0:78154965><Red>" triggered "medic_death" against "{BFG} Nikdragon<42><STEAM_0:0:78154965><Red>" (healing "0") (ubercharge "0")
L 03/20/2014 - 22:46:37: "{BFG} Nikdragon<42><STEAM_0:0:78154965><Red>" committed suicide with "world" (attacker_position "-3859 861 3268")
L 03/20/2014 - 22:46:38: "ï¼«ï½…ï½Žï½” ðŸ˜ˆâœŒ<0><STEAM_0:1:37936200><Red>" triggered "medic_death" against "ï¼«ï½…ï½Žï½” ðŸ˜ˆâœŒ<75><STEAM_0:1:37936200><Red>" (healing "698") (ubercharge "0")
L 03/20/2014 - 22:46:38: "ï¼«ï½…ï½Žï½” ðŸ˜ˆâœŒ<75><STEAM_0:1:37936200><Red>" committed suicide with "world" (attacker_position "-3818 145 3276")
L 03/20/2014 - 22:46:39: "RadioactiveSpaceRooster<0><STEAM_0:1:31547919><Red>" triggered "medic_death" against "RadioactiveSpaceRooster<50><STEAM_0:1:31547919><Red>" (healing "0") (ubercharge "0")
L 03/20/2014 - 22:46:39: "RadioactiveSpaceRooster<50><STEAM_0:1:31547919><Red>" committed suicide with "world" (attacker_position "-4609 -565 1414")
L 03/20/2014 - 22:46:49: "toomoos<56><STEAM_0:1:33386821><Red>" disconnected (reason "Disconnect by user.")
L 03/20/2014 - 22:46:55: "ï¼«ï½…ï½Žï½” ðŸ˜ˆâœŒ<75><STEAM_0:1:37936200><Red>" say "I prefer the old version of this map"
L 03/20/2014 - 22:47:10: "ï¼«ï½…ï½Žï½” ðŸ˜ˆâœŒ<75><STEAM_0:1:37936200><Red>" say "You could survive touching the edges of things without INSTA-DEATH"
L 03/20/2014 - 22:47:20: "DannelorG<0><STEAM_0:1:20046983><Red>" triggered "medic_death" against "DannelorG<71><STEAM_0:1:20046983><Red>" (healing "0") (ubercharge "0")
L 03/20/2014 - 22:47:20: "DannelorG<71><STEAM_0:1:20046983><Red>" committed suicide with "world" (attacker_position "4131 177 -24")
L 03/20/2014 - 22:47:34: "É›RRÉœ Dixon B. Tweenerlegs<72><STEAM_0:1:25247145><Red>" say "Super deluxe Ebony mega double bubble donk Bertha booty"
L 03/20/2014 - 22:47:37: "{BFG} Nikdragon<42><STEAM_0:0:78154965><Red>" say "!nominate"
L 03/20/2014 - 22:47:45: "Tiera Foxglove<44><STEAM_0:1:42733307><Red>" say "!revote"
L 03/20/2014 - 22:47:48: "Gord<0><STEAM_0:1:2327125><Red>" triggered "medic_death" against "Gord<10><STEAM_0:1:2327125><Red>" (healing "0") (ubercharge "0")
L 03/20/2014 - 22:47:48: "Gord<10><STEAM_0:1:2327125><Red>" committed suicide with "world" (attacker_position "4083 1495 -707")
L 03/20/2014 - 22:47:54: "Gord<10><STEAM_0:1:2327125><Red>" say "vent trap is activated"
L 03/20/2014 - 22:47:59: "Gord<10><STEAM_0:1:2327125><Red>" say "WOOOOOOW"
L 03/20/2014 - 22:48:01: "RadioactiveSpaceRooster<50><STEAM_0:1:31547919><Red>" disconnected (reason "Disconnect by user.")
L 03/20/2014 - 22:48:02: "Gord<10><STEAM_0:1:2327125><Red>" say "TWO HAT DROPS IN ONE DAY."
L 03/20/2014 - 22:48:04: "Gord<10><STEAM_0:1:2327125><Red>" say "BASED GORD."
L 03/20/2014 - 22:48:18: "Yirktos<62><STEAM_0:1:33950017><Red>" say "Man, not even I'm that lucky"
L 03/20/2014 - 22:48:19: "É›RRÉœ Dixon B. Tweenerlegs<72><STEAM_0:1:25247145><Red>" say "headquarters sucks"
L 03/20/2014 - 22:48:22: "Yirktos<62><STEAM_0:1:33950017><Red>" say "that's fucking ridiculous"
L 03/20/2014 - 22:48:22: "É›RRÉœ Dixon B. Tweenerlegs<72><STEAM_0:1:25247145><Red>" say "come on peopkle"
L 03/20/2014 - 22:48:22: "Oh my gord<10><STEAM_0:1:2327125><Red>" say "EVEN GABEN LOVES GORD"
L 03/20/2014 - 22:48:33: "Fortune the Don<0><STEAM_0:0:33251108><Red>" triggered "medic_death" against "Fortune the Don<57><STEAM_0:0:33251108><Red>" (healing "0") (ubercharge "0")
L 03/20/2014 - 22:48:33: "Fortune the Don<57><STEAM_0:0:33251108><Red>" committed suicide with "world" (attacker_position "3818 468 -495")
L 03/20/2014 - 22:48:35: "Fortune the Don<57><STEAM_0:0:33251108><Red>" say "ayyyy"
L 03/20/2014 - 22:48:44: "Oh my gord<10><STEAM_0:1:2327125><Red>" say "one pyro chef hat and the scout down jacket thing"
L 03/20/2014 - 22:48:57: "Fortune the Don<57><STEAM_0:0:33251108><Red>" say "whoa."
L 03/20/2014 - 22:48:58: "Herrocopter<67><STEAM_0:0:50403197><Red>" say "/revot"
L 03/20/2014 - 22:49:01: "Oh my gord<10><STEAM_0:1:2327125><Red>" say "voted for headquarters just to spite you"
L 03/20/2014 - 22:49:08: "Myntey<0><STEAM_0:0:33841019><Red>" triggered "medic_death" against "Myntey<76><STEAM_0:0:33841019><Red>" (healing "0") (ubercharge "0")
L 03/20/2014 - 22:49:08: "Myntey<76><STEAM_0:0:33841019><Red>" committed suicide with "world" (attacker_position "7229 8253 -35")
L 03/20/2014 - 22:49:11: "{BFG} Nikdragon<42><STEAM_0:0:78154965><Red>" say "oh my gord!"
L 03/20/2014 - 22:49:13: server_cvar: "sm_nextmap" "ph_devils_canyon_a1"
L 03/20/2014 - 22:49:17: "É›RRÉœ Dixon B. Tweenerlegs<72><STEAM_0:1:25247145><Red>" say "( Í¡Â° ÍœÊ– Í¡Â°)"
L 03/20/2014 - 22:49:19: "PhD Corvo Charizard<0><STEAM_0:0:33167288><Red>" triggered "medic_death" against "PhD Corvo Charizard<69><STEAM_0:0:33167288><Red>" (healing "0") (ubercharge "0")
L 03/20/2014 - 22:49:19: "PhD Corvo Charizard<69><STEAM_0:0:33167288><Red>" committed suicide with "world" (attacker_position "7592 7976 -35")
L 03/20/2014 - 22:49:36: "Ozzzy<54><STEAM_0:0:33986421><Blue>" say "mini gaaaame :c"
L 03/20/2014 - 22:49:50: "Oh my gord<10><STEAM_0:1:2327125><Red>" say "the minigame is so"
L 03/20/2014 - 22:49:51: "{SCG}ExcelsiorTheLion(NoVoice)<77><STEAM_0:1:6659757><>" connected, address "76.191.154.141:27005"
L 03/20/2014 - 22:49:51: "Oh my gord<10><STEAM_0:1:2327125><Red>" say "FUCKING"
L 03/20/2014 - 22:49:51: "{SCG}ExcelsiorTheLion(NoVoice)<77><STEAM_0:1:6659757><>" STEAM USERID validated
L 03/20/2014 - 22:49:52: "Oh my gord<10><STEAM_0:1:2327125><Red>" say "BORING"
L 03/20/2014 - 22:49:52: "É›RRÉœ Dixon B. Tweenerlegs<72><STEAM_0:1:25247145><Red>" say "( Í¡Â° ÍœÊ– Í¡Â°)"
L 03/20/2014 - 22:49:56: "Ozzzy<0><STEAM_0:0:33986421><Blue>" triggered "medic_death" against "Ozzzy<54><STEAM_0:0:33986421><Blue>" (healing "0") (ubercharge "0")
L 03/20/2014 - 22:49:56: "Ozzzy<54><STEAM_0:0:33986421><Blue>" committed suicide with "world" (attacker_position "6527 12419 -975")
L 03/20/2014 - 22:49:56: World triggered "Round_Win" (winner "Red")
L 03/20/2014 - 22:49:56: World triggered "Round_Length" (seconds "304.23")
L 03/20/2014 - 22:49:56: Team "Red" current score "3" with "15" players
L 03/20/2014 - 22:49:56: Team "Blue" current score "1" with "1" players
L 03/20/2014 - 22:49:59: "Bilby<60><STEAM_0:0:12379989><Red>" say "holy hell"
L 03/20/2014 - 22:50:05: "Blizzard (Sean)áƒ¦<27><STEAM_0:1:47938377><Red>" say "lol"
L 03/20/2014 - 22:50:11: World triggered "Round_Start"
L 03/20/2014 - 22:50:12: "Ozzzy<54><STEAM_0:0:33986421><Blue>" joined team "Red"
L 03/20/2014 - 22:50:12: "Ozzzy<54><STEAM_0:0:33986421><Red>" triggered "medic_death" against "Ozzzy<54><STEAM_0:0:33986421><Red>" (healing "0") (ubercharge "0")
L 03/20/2014 - 22:50:12: "Ozzzy<54><STEAM_0:0:33986421><Red>" committed suicide with "world" (attacker_position "-240 256 -31")
L 03/20/2014 - 22:50:13: "JaÃ¼ri, the Laughing Goddess<68><STEAM_0:1:17091633><Red>" joined team "Blue"
L 03/20/2014 - 22:50:13: "JaÃ¼ri, the Laughing Goddess<68><STEAM_0:1:17091633><Blue>" triggered "medic_death" against "JaÃ¼ri, the Laughing Goddess<68><STEAM_0:1:17091633><Blue>" (healing "0") (ubercharge "0")
L 03/20/2014 - 22:50:13: "JaÃ¼ri, the Laughing Goddess<68><STEAM_0:1:17091633><Blue>" committed suicide with "world" (attacker_position "24 -64 0")
L 03/20/2014 - 22:50:13: "ï¼«ï½…ï½Žï½” ðŸ˜ˆâœŒ<75><STEAM_0:1:37936200><Red>" changed role to "engineer"
L 03/20/2014 - 22:50:21: "Oh my gord<10><STEAM_0:1:2327125><Red>" say "i whip my gord back and forth"
L 03/20/2014 - 22:50:24: "Oh my gord<0><STEAM_0:1:2327125><Red>" triggered "medic_death" against "Oh my gord<10><STEAM_0:1:2327125><Red>" (healing "0") (ubercharge "0")
L 03/20/2014 - 22:50:24: "Oh my gord<10><STEAM_0:1:2327125><Red>" committed suicide with "world" (attacker_position "87 917 -31")
L 03/20/2014 - 22:50:24: "Fortune the Don<0><STEAM_0:0:33251108><Red>" triggered "medic_death" against "Fortune the Don<57><STEAM_0:0:33251108><Red>" (healing "0") (ubercharge "0")
L 03/20/2014 - 22:50:24: "Fortune the Don<57><STEAM_0:0:33251108><Red>" committed suicide with "world" (attacker_position "3 807 -31")
L 03/20/2014 - 22:50:48: "Persi, the Neko God<12><STEAM_0:1:30286598><Red>" say "Whip your tails instead. :v"
L 03/20/2014 - 22:50:52: "{BFG} Nikdragon<0><STEAM_0:0:78154965><Red>" triggered "medic_death" against "{BFG} Nikdragon<42><STEAM_0:0:78154965><Red>" (healing "0") (ubercharge "0")
L 03/20/2014 - 22:50:52: "{BFG} Nikdragon<42><STEAM_0:0:78154965><Red>" committed suicide with "world" (attacker_position "29 1841 -31")
L 03/20/2014 - 22:50:53: "Herrocopter<0><STEAM_0:0:50403197><Red>" triggered "medic_death" against "Herrocopter<67><STEAM_0:0:50403197><Red>" (healing "0") (ubercharge "0")
L 03/20/2014 - 22:50:53: "Herrocopter<67><STEAM_0:0:50403197><Red>" committed suicide with "world" (attacker_position "846 2791 -31")
L 03/20/2014 - 22:50:55: "Blizzard (Sean)áƒ¦<0><STEAM_0:1:47938377><Red>" triggered "medic_death" against "Blizzard (Sean)áƒ¦<27><STEAM_0:1:47938377><Red>" (healing "0") (ubercharge "0")
L 03/20/2014 - 22:50:55: "Blizzard (Sean)áƒ¦<27><STEAM_0:1:47938377><Red>" committed suicide with "world" (attacker_position "36 1749 -128")
L 03/20/2014 - 22:50:55: "Myntey<0><STEAM_0:0:33841019><Red>" triggered "medic_death" against "Myntey<76><STEAM_0:0:33841019><Red>" (healing "0") (ubercharge "0")
L 03/20/2014 - 22:50:55: "Myntey<76><STEAM_0:0:33841019><Red>" committed suicide with "world" (attacker_position "167 2621 -31")
L 03/20/2014 - 22:50:56: "Persi, the Neko God<12><STEAM_0:1:30286598><Red>" say "Be a pokemon!"
L 03/20/2014 - 22:50:57: "{SCG}ExcelsiorTheLion(NoVoice)<77><STEAM_0:1:6659757><>" entered the game
L 03/20/2014 - 22:51:02: "Oh my gord<10><STEAM_0:1:2327125><Red>" say "red panda gord would smash a muthafucka if he whipped his tail"
L 03/20/2014 - 22:51:06: "{SCG}ExcelsiorTheLion(NoVoice)<77><STEAM_0:1:6659757><Unassigned>" joined team "Red"
L 03/20/2014 - 22:51:07: "{SCG}ExcelsiorTheLion(NoVoice)<77><STEAM_0:1:6659757><Red>" changed role to "medic"
L 03/20/2014 - 22:51:10: "Myntey<76><STEAM_0:0:33841019><Red>" disconnected (reason "Disconnect by user.")
L 03/20/2014 - 22:51:37: "ï¼«ï½…ï½Žï½” ðŸ˜ˆâœŒ<0><STEAM_0:1:37936200><Red>" triggered "medic_death" against "ï¼«ï½…ï½Žï½” ðŸ˜ˆâœŒ<75><STEAM_0:1:37936200><Red>" (healing "98") (ubercharge "0")
L 03/20/2014 - 22:51:37: "ï¼«ï½…ï½Žï½” ðŸ˜ˆâœŒ<75><STEAM_0:1:37936200><Red>" committed suicide with "world" (attacker_position "-3802 144 3276")
L 03/20/2014 - 22:51:41: "DannelorG<0><STEAM_0:1:20046983><Red>" triggered "medic_death" against "DannelorG<71><STEAM_0:1:20046983><Red>" (healing "0") (ubercharge "0")
L 03/20/2014 - 22:51:41: "DannelorG<71><STEAM_0:1:20046983><Red>" committed suicide with "world" (attacker_position "-3888 992 3268")
L 03/20/2014 - 22:51:47: "Persi, the Neko God<0><STEAM_0:1:30286598><Red>" triggered "medic_death" against "Persi, the Neko God<12><STEAM_0:1:30286598><Red>" (healing "0") (ubercharge "0")
L 03/20/2014 - 22:51:47: "Persi, the Neko God<12><STEAM_0:1:30286598><Red>" committed suicide with "world" (attacker_position "-3863 1050 3276")
L 03/20/2014 - 22:51:49: "É›RRÉœ Dixon B. Tweenerlegs<0><STEAM_0:1:25247145><Red>" triggered "medic_death" against "É›RRÉœ Dixon B. Tweenerlegs<72><STEAM_0:1:25247145><Red>" (healing "0") (ubercharge "0")
L 03/20/2014 - 22:51:49: "É›RRÉœ Dixon B. Tweenerlegs<72><STEAM_0:1:25247145><Red>" committed suicide with "world" (attacker_position "-3816 92 3276")
L 03/20/2014 - 22:51:53: "Ozzzy<0><STEAM_0:0:33986421><Red>" triggered "medic_death" against "Ozzzy<54><STEAM_0:0:33986421><Red>" (healing "0") (ubercharge "0")
L 03/20/2014 - 22:51:53: "Ozzzy<54><STEAM_0:0:33986421><Red>" committed suicide with "world" (attacker_position "-3807 1253 3268")
L 03/20/2014 - 22:51:55: "É›RRÉœ Dixon B. Tweenerlegs<72><STEAM_0:1:25247145><Red>" say ":c"
L 03/20/2014 - 22:52:15: "{SCG}ExcelsiorTheLion(NoVoice)<77><STEAM_0:1:6659757><Red>" say "lol, he survived!"
L 03/20/2014 - 22:52:17: "Yirktos<0><STEAM_0:1:33950017><Red>" triggered "medic_death" against "Yirktos<62><STEAM_0:1:33950017><Red>" (healing "0") (ubercharge "0")
L 03/20/2014 - 22:52:17: "Yirktos<62><STEAM_0:1:33950017><Red>" committed suicide with "world" (attacker_position "-3830 2372 3321")
L 03/20/2014 - 22:52:30: "Oh my gord<10><STEAM_0:1:2327125><Red>" say "3"
L 03/20/2014 - 22:52:36: "Oh my gord<10><STEAM_0:1:2327125><Red>" say "you can do it"
L 03/20/2014 - 22:52:39: "Oh my gord<10><STEAM_0:1:2327125><Red>" say "gord has blessed you"
L 03/20/2014 - 22:52:57: "{BFG} Nikdragon<42><STEAM_0:0:78154965><Red>" say "*takes out a pokeball*"
L 03/20/2014 - 22:53:04: "Oh my gord<10><STEAM_0:1:2327125><Red>" say "muthafucka you better not"
L 03/20/2014 - 22:53:06: "Yirktos<62><STEAM_0:1:33950017><Red>" say "*unsheathes katana*"
L 03/20/2014 - 22:53:20: "'<69><STEAM_0:0:33167288><Red>" say "*grabs megastone"
L 03/20/2014 - 22:53:21: "Tiera Foxglove<0><STEAM_0:1:42733307><Red>" triggered "medic_death" against "Tiera Foxglove<44><STEAM_0:1:42733307><Red>" (healing "0") (ubercharge "0")
L 03/20/2014 - 22:53:21: "Tiera Foxglove<44><STEAM_0:1:42733307><Red>" committed suicide with "world" (attacker_position "4141 179 -23")
L 03/20/2014 - 22:53:21: "Ozzzy<54><STEAM_0:0:33986421><Red>" say "woops"
L 03/20/2014 - 22:53:32: "{BFG} Nikdragon<42><STEAM_0:0:78154965><Red>" say "*tosses pokeball at charizard*"
L 03/20/2014 - 22:53:38: "Oh my gord<10><STEAM_0:1:2327125><Red>" say "oh okay that's okay"
L 03/20/2014 - 22:53:50: "Yirktos<62><STEAM_0:1:33950017><Red>" say "*grabs you by the throat* BACK THE FUCK OFF?!?!??!?!?!??!"
L 03/20/2014 - 22:54:02: "Oh my gord<10><STEAM_0:1:2327125><Red>" say "*unzips dick*"
L 03/20/2014 - 22:54:07: "{BFG} Nikdragon<42><STEAM_0:0:78154965><Red>" say "*pokeball was successful"
L 03/20/2014 - 22:54:08: "ï¼«ï½…ï½Žï½” ðŸ˜ˆâœŒ<75><STEAM_0:1:37936200><Red>" say "wat"
L 03/20/2014 - 22:54:11: "Bilby<60><STEAM_0:0:12379989><Red>" say "ow"
L 03/20/2014 - 22:54:16: "Oh my gord<10><STEAM_0:1:2327125><Red>" say "yirktos got it :v"
L 03/20/2014 - 22:54:20: "Yirktos<62><STEAM_0:1:33950017><Red>" say "i did :x"
L 03/20/2014 - 22:54:21: "Ozzzy<54><STEAM_0:0:33986421><Red>" say "STON- errr... CATCH HIM"
L 03/20/2014 - 22:54:28: "{BFG} Nikdragon<42><STEAM_0:0:78154965><Red>" say "*throws a masterball at charizard*"
L 03/20/2014 - 22:54:39: "Yirktos<62><STEAM_0:1:33950017><Red>" say "i can't relaly respond becuase you'd have to link an image in tf2"
L 03/20/2014 - 22:54:53: "Oh my gord<10><STEAM_0:1:2327125><Red>" say "u sik fuk go fuk a whore"
L 03/20/2014 - 22:54:58: "Yirktos<62><STEAM_0:1:33950017><Red>" say "im trying"
L 03/20/2014 - 22:55:05: "'<0><STEAM_0:0:33167288><Red>" triggered "medic_death" against "'<69><STEAM_0:0:33167288><Red>" (healing "0") (ubercharge "0")
L 03/20/2014 - 22:55:05: "'<69><STEAM_0:0:33167288><Red>" committed suicide with "world" (attacker_position "6047 6973 -32")
L 03/20/2014 - 22:55:06: "Ozzzy<54><STEAM_0:0:33986421><Red>" say "U WOT M8"
L 03/20/2014 - 22:55:11: "Bilby<0><STEAM_0:0:12379989><Red>" triggered "medic_death" against "Bilby<60><STEAM_0:0:12379989><Red>" (healing "0") (ubercharge "0")
L 03/20/2014 - 22:55:11: "Bilby<60><STEAM_0:0:12379989><Red>" committed suicide with "world" (attacker_position "5954 6121 -35")
L 03/20/2014 - 22:55:11: World triggered "Round_Win" (winner "Blue")
L 03/20/2014 - 22:55:11: World triggered "Round_Length" (seconds "299.78")
L 03/20/2014 - 22:55:11: Team "Red" current score "3" with "15" players
L 03/20/2014 - 22:55:11: Team "Blue" current score "2" with "1" players
L 03/20/2014 - 22:55:12: "Oh my gord<10><STEAM_0:1:2327125><Red>" say "you're pretty cool yirktos."
L 03/20/2014 - 22:55:15: "Oh my gord<10><STEAM_0:1:2327125><Red>" say "+10 gord points."
L 03/20/2014 - 22:55:15: "Yirktos<62><STEAM_0:1:33950017><Red>" say "dat anouncemnet"
L 03/20/2014 - 22:55:17: "Shiny Charizard<69><STEAM_0:0:33167288><Red>" disconnected (reason "Disconnect by user.")
L 03/20/2014 - 22:55:20: "ï¼«ï½…ï½Žï½” ðŸ˜ˆâœŒ<75><STEAM_0:1:37936200><Red>" disconnected (reason "Disconnect by user.")
L 03/20/2014 - 22:55:26: World triggered "Game_Over" reason "Reached Time Limit"
L 03/20/2014 - 22:55:26: Team "Red" final score "3" with "13" players
L 03/20/2014 - 22:55:26: Team "Blue" final score "2" with "1" players
L 03/20/2014 - 22:55:27: "Tiera Foxglove<44><STEAM_0:1:42733307><Red>" say "!nextmap"
L 03/20/2014 - 22:55:36: [META] Loaded 0 plugins (4 already loaded)
L 03/20/2014 - 22:55:36: [META] Loaded 0 plugins (4 already loaded)
L 03/20/2014 - 22:55:36: Loading map "ph_devils_canyon_a1"
L 03/20/2014 - 22:55:36: server cvars start
L 03/20/2014 - 22:55:36: "sm_zf_version" = "4.3.0.0"
L 03/20/2014 - 22:55:36: "tf2items_rnd_normals" = "0"
L 03/20/2014 - 22:55:36: "tf2items_rnd_enabled" = "0"
L 03/20/2014 - 22:55:36: "tf2items_rnd_version" = "1.591"
L 03/20/2014 - 22:55:36: "stripper_version" = "1.2.2"
L 03/20/2014 - 22:55:36: "prophunt_redux_version" = "3.0.2"
L 03/20/2014 - 22:55:36: "sm_uberspawn" = "1.0"
L 03/20/2014 - 22:55:36: "ufov_version" = "1.2.0"
L 03/20/2014 - 22:55:36: "scp_version" = "1.1.5"
L 03/20/2014 - 22:55:36: "rainbowize_version" = "1.6.2"
L 03/20/2014 - 22:55:36: "improved_map_randomizer_version" = "3.4.5"
L 03/20/2014 - 22:55:36: "sm_executeconfigs_version" = "1.2.2"
L 03/20/2014 - 22:55:36: "sm_mapcron_version" = "1.2 RC"
L 03/20/2014 - 22:55:36: "sm_buildrestrict_version" = "0.5.5"
L 03/20/2014 - 22:55:36: "sm_namechangeinfo_version" = "13.0918.1"
L 03/20/2014 - 22:55:36: "sm_tf2ii_version" = "1.8.17.4-20130729"
L 03/20/2014 - 22:55:36: "nativevotes_version" = "0.8.1"
L 03/20/2014 - 22:55:36: "sm_commandcooldowns_version" = "14.0222.0"
L 03/20/2014 - 22:55:36: "sm_tnounlockspls_version" = "0.4.8"
L 03/20/2014 - 22:55:36: "sm_srvcln_version" = "1.2.2"
L 03/20/2014 - 22:55:36: "swapteam_version" = "1.2.5"
L 03/20/2014 - 22:55:36: "scme_version" = "1.0.0"
L 03/20/2014 - 22:55:36: "sm_tnounlockspls_noext_version" = "0.4.0"
L 03/20/2014 - 22:55:36: "sm_fakeandforce_version" = "2.0"
L 03/20/2014 - 22:55:36: "sourcecomms_version" = "0.8.253"
L 03/20/2014 - 22:55:36: "nativevotes_basevotes_version" = "1.5.2"
L 03/20/2014 - 22:55:36: "sb_version" = "1.4.8"
L 03/20/2014 - 22:55:36: "basicdonator_recog_v" = "0.5"
L 03/20/2014 - 22:55:36: "fw_money_balance" = "1000"
L 03/20/2014 - 22:55:36: "fw_money_destroy_sentry" = "75"
L 03/20/2014 - 22:55:36: "fw_money_destroy_dispenser" = "75"
L 03/20/2014 - 22:55:36: "fw_money_backstab" = "50"
L 03/20/2014 - 22:55:36: "fw_money_headshot" = "50"
L 03/20/2014 - 22:55:36: "fw_money_domination" = "300"
L 03/20/2014 - 22:55:36: "fw_money_kill" = "100"
L 03/20/2014 - 22:55:36: "fw_money_win" = "1000"
L 03/20/2014 - 22:55:36: "fw_money_start" = "1000"
L 03/20/2014 - 22:55:36: "fw_unlock_menu_style" = "1"
L 03/20/2014 - 22:55:36: "fw_lulz" = "0"
L 03/20/2014 - 22:55:36: "fw_no_limit_time" = "60"
L 03/20/2014 - 22:55:36: "fw_setup_time" = "-1"
L 03/20/2014 - 22:55:36: "fw_prop_shadows" = "1"
L 03/20/2014 - 22:55:36: "fw_prop_health_multipler" = "1"
L 03/20/2014 - 22:55:36: "fw_stuck_protection" = "1"
L 03/20/2014 - 22:55:36: "fw_custom_spawn" = "0"
L 03/20/2014 - 22:55:36: "fw_spawn_protection" = "2.5"
L 03/20/2014 - 22:55:36: "fw_props_per_player_admin" = "70"
L 03/20/2014 - 22:55:36: "fw_props_per_player" = "70"
L 03/20/2014 - 22:55:36: "fw_props_per_team" = "250"
L 03/20/2014 - 22:55:36: "fw_maps" = "1"
L 03/20/2014 - 22:55:36: "fw_sql" = "1"
L 03/20/2014 - 22:55:36: "fw_version" = "6.52"
L 03/20/2014 - 22:55:36: "sm_testingtime_version" = "1.2"
L 03/20/2014 - 22:55:36: "stockmodels_version" = "1.0"
L 03/20/2014 - 22:55:36: "tf_models_list" = "tf2_modellist"
L 03/20/2014 - 22:55:36: "tf_models_blocktriggers" = "1"
L 03/20/2014 - 22:55:36: "tf_models_delayonspawn" = "0.1"
L 03/20/2014 - 22:55:36: "tf_models_force_admins" = "0"
L 03/20/2014 - 22:55:36: "tf_models_force_users" = "0"
L 03/20/2014 - 22:55:36: "tf_models_announce_plugin" = "1"
L 03/20/2014 - 22:55:36: "tf_models_announce" = "1"
L 03/20/2014 - 22:55:36: "tf_models_admin_override" = "0"
L 03/20/2014 - 22:55:36: "tf_models_admin_flags" = "b"
L 03/20/2014 - 22:55:36: "tf_models_version" = "1.0.3"
L 03/20/2014 - 22:55:36: "adsql_serverid" = "tf2rainbow"
L 03/20/2014 - 22:55:36: "adsql_version" = "2.4.0"
L 03/20/2014 - 22:55:36: "sm_redirect_version" = "1.2"
L 03/20/2014 - 22:55:36: "sm_snake_version" = "1.0"
L 03/20/2014 - 22:55:36: "webshortcutsredux_version" = "1.1"
L 03/20/2014 - 22:55:36: "sm_speechfun_version" = "1.0.2"
L 03/20/2014 - 22:55:36: "sm_hatremoval_version" = "1.1a"
L 03/20/2014 - 22:55:36: "sm_helpmenu_version" = "0.3"
L 03/20/2014 - 22:55:36: "sm_tnounlockspls_announce_version" = "0.4.0"
L 03/20/2014 - 22:55:36: "dts_version" = "1.1"
L 03/20/2014 - 22:55:36: "sm_cannounce_version" = "1.2"
L 03/20/2014 - 22:55:36: "fcg_version" = "1.1"
L 03/20/2014 - 22:55:36: "tf2attributes_version" = "1.1.1"
L 03/20/2014 - 22:55:36: "sm_resize_version" = "1.4.0"
L 03/20/2014 - 22:55:36: "sm_evilrocket_version" = "1.0.110"
L 03/20/2014 - 22:55:36: "sentryfun_version" = "1.3"
L 03/20/2014 - 22:55:36: "sentryfun_enabled" = "1"
L 03/20/2014 - 22:55:36: "sm_tf_maxclass" = "99999"
L 03/20/2014 - 22:55:36: "sm_textreplacer_version" = "0.2"
L 03/20/2014 - 22:55:36: "sm_gscramble_version" = "3.0.13"
L 03/20/2014 - 22:55:36: "gs_enabled" = "0"
L 03/20/2014 - 22:55:36: "sm_rtrigs" = "1"
L 03/20/2014 - 22:55:36: "sm_rtrigs_version" = "1.10"
L 03/20/2014 - 22:55:36: "tf2_decap_ver" = "1.0"
L 03/20/2014 - 22:55:36: "highfiveenemy_version" = "1.0"
L 03/20/2014 - 22:55:36: "sm_tnounlockspls_tf2items_version" = "0.4.0"
L 03/20/2014 - 22:55:36: "tfh_valentines" = "0"
L 03/20/2014 - 22:55:36: "tfh_meetthepyro" = "0"
L 03/20/2014 - 22:55:36: "tfh_winter" = "1"
L 03/20/2014 - 22:55:36: "tfh_birthday" = "0"
L 03/20/2014 - 22:55:36: "tfh_fullmoon" = "1"
L 03/20/2014 - 22:55:36: "tfh_halloween" = "-1"
L 03/20/2014 - 22:55:36: "tfh_use_overrides" = "1"
L 03/20/2014 - 22:55:36: "tfh_enabled" = "1"
L 03/20/2014 - 22:55:36: "tfh_version" = "1.8.1"
L 03/20/2014 - 22:55:36: "sm_customvotes_version" = "1.0"
L 03/20/2014 - 22:55:36: "sm_rtd_version" = "0.4.3.2"
L 03/20/2014 - 22:55:36: "sm_tnounlockspls_menu_version" = "0.4.0"
L 03/20/2014 - 22:55:36: "lights_version" = "0.6"
L 03/20/2014 - 22:55:36: "sm_downloader_version" = "1.4"
L 03/20/2014 - 22:55:36: "sm_spec_players" = "1"
L 03/20/2014 - 22:55:36: "sm_funcommandsx_version" = "2.3"
L 03/20/2014 - 22:55:36: "sm_adminlistmenu_version" = "1.0"
L 03/20/2014 - 22:55:36: "tf2items_manager" = "1"
L 03/20/2014 - 22:55:36: "tf2items_manager_version" = "1.4.1"
L 03/20/2014 - 22:55:36: "sm_respawn_override_version" = "1.0.1-20131019"
L 03/20/2014 - 22:55:36: "sm_setspeed_log" = "1"
L 03/20/2014 - 22:55:36: "sm_setspeed_chat" = "1"
L 03/20/2014 - 22:55:36: "sm_setspeed_version" = "1.3.1"
L 03/20/2014 - 22:55:36: "sm_spray_version" = "5.8a"
L 03/20/2014 - 22:55:36: "goomba_version" = "2.0.2"
L 03/20/2014 - 22:55:36: "sm_adminsmite_version" = "2.1"
L 03/20/2014 - 22:55:36: "mc_version" = "1.1.1"
L 03/20/2014 - 22:55:36: "sm_setplayerclass_version" = "1.0.1"
L 03/20/2014 - 22:55:36: "sm_tetris_version" = "1.0"
L 03/20/2014 - 22:55:36: "sm_hdmgtracker_version" = "1.2.2"
L 03/20/2014 - 22:55:36: "cid_mintime" = "10.0"
L 03/20/2014 - 22:55:36: "cid_maxdist" = "10000.0"
L 03/20/2014 - 22:55:36: "cid_enabled" = "1"
L 03/20/2014 - 22:55:36: "cid_version" = "1.1"
L 03/20/2014 - 22:55:36: "basicdonator_version" = "0.8"
L 03/20/2014 - 22:55:36: "sm_afkm_version" = "3.5.2"
L 03/20/2014 - 22:55:36: "sgadmins_version" = "1.2.0"
L 03/20/2014 - 22:55:36: "melee_version" = "0.4.1"
L 03/20/2014 - 22:55:36: "sm_pregame_slaughter_version" = "1.0.5.1"
L 03/20/2014 - 22:55:36: "fc_version" = "2.0"
L 03/20/2014 - 22:55:36: "jinglenotify_version" = "1.0.0"
L 03/20/2014 - 22:55:36: "sm_tf_captoggle" = "0.0.3"
L 03/20/2014 - 22:55:36: "sm_ignorelist_version" = "0x02"
L 03/20/2014 - 22:55:36: "tf2items_giveweapon_version" = "3.14159"
L 03/20/2014 - 22:55:36: "sm_bsd_version" = "2.0.0"
L 03/20/2014 - 22:55:36: "sm_rweapons_version" = "1.3"
L 03/20/2014 - 22:55:36: "sm_commanddump_version" = "1.1.0"
L 03/20/2014 - 22:55:36: "store_version" = "1.1-alpha"
L 03/20/2014 - 22:55:36: "sm_allchat_version" = "1.1.1"
L 03/20/2014 - 22:55:36: "sm_classrestrict_version" = "0.6"
L 03/20/2014 - 22:55:36: "sm_playersvotes_redux_version" = "1.3"
L 03/20/2014 - 22:55:36: "steamtools_version" = "0.8.3"
L 03/20/2014 - 22:55:36: "tf2items_version" = "1.6.0"
L 03/20/2014 - 22:55:36: "sm_nextmap" = "ph_devils_canyon_a1"
L 03/20/2014 - 22:55:36: "sourcemod_version" = "1.5.3-dev+4004"
L 03/20/2014 - 22:55:36: "metamod_version" = "1.10.1-devV"
L 03/20/2014 - 22:55:36: "tf_playergib" = "1"
L 03/20/2014 - 22:55:36: "tf_allow_player_use" = "0"
L 03/20/2014 - 22:55:36: "tf_mvm_death_penalty" = "0"
L 03/20/2014 - 22:55:36: "sv_maxusrcmdprocessticks" = "24"
L 03/20/2014 - 22:55:36: "mp_teamplay" = "0"
L 03/20/2014 - 22:55:36: "mp_falldamage" = "0"
L 03/20/2014 - 22:55:36: "mp_weaponstay" = "0"
L 03/20/2014 - 22:55:36: "mp_forcerespawn" = "1"
L 03/20/2014 - 22:55:36: "mp_footsteps" = "1"
L 03/20/2014 - 22:55:36: "mp_flashlight" = "1"
L 03/20/2014 - 22:55:36: "mp_autocrosshair" = "1"
L 03/20/2014 - 22:55:36: "decalfrequency" = "10"
L 03/20/2014 - 22:55:36: "mp_teamlist" = "hgrunt;scientist"
L 03/20/2014 - 22:55:36: "mp_allowNPCs" = "1"
L 03/20/2014 - 22:55:36: "sv_alltalk" = "1"
L 03/20/2014 - 22:55:36: "tf_weapon_criticals" = "1"
L 03/20/2014 - 22:55:36: "tf_damage_disablespread" = "1"
L 03/20/2014 - 22:55:36: "tf_player_name_change_time" = "60"
L 03/20/2014 - 22:55:36: "tf_force_holidays_off" = "0"
L 03/20/2014 - 22:55:36: "tf_birthday" = "0"
L 03/20/2014 - 22:55:36: "mp_windifference" = "0"
L 03/20/2014 - 22:55:36: "mp_windifference_min" = "0"
L 03/20/2014 - 22:55:36: "tf_medieval" = "0"
L 03/20/2014 - 22:55:36: "tf_medieval_autorp" = "1"
L 03/20/2014 - 22:55:36: "tf_arena_force_class" = "0"
L 03/20/2014 - 22:55:36: "tf_arena_change_limit" = "1"
L 03/20/2014 - 22:55:36: "tf_arena_override_cap_enable_time" = "-1"
L 03/20/2014 - 22:55:36: "tf_arena_first_blood" = "0"
L 03/20/2014 - 22:55:36: "tf_mvm_min_players_to_start" = "3"
L 03/20/2014 - 22:55:36: "tf_gamemode_arena" = "1"
L 03/20/2014 - 22:55:36: "tf_gamemode_cp" = "0"
L 03/20/2014 - 22:55:36: "tf_gamemode_ctf" = "0"
L 03/20/2014 - 22:55:36: "tf_gamemode_sd" = "0"
L 03/20/2014 - 22:55:36: "tf_gamemode_payload" = "0"
L 03/20/2014 - 22:55:36: "tf_gamemode_mvm" = "0"
L 03/20/2014 - 22:55:36: "tf_bot_count" = "0"
L 03/20/2014 - 22:55:36: "tf_teamtalk" = "0"
L 03/20/2014 - 22:55:36: "tf_ctf_bonus_time" = "10"
L 03/20/2014 - 22:55:36: "tf_maxspeed" = "400"
L 03/20/2014 - 22:55:36: "tf_max_charge_speed" = "750"
L 03/20/2014 - 22:55:36: "tf_use_fixed_weaponspreads" = "0"
L 03/20/2014 - 22:55:36: "tf_overtime_nag" = "0"
L 03/20/2014 - 22:55:36: "mp_tournament" = "0"
L 03/20/2014 - 22:55:36: "mp_highlander" = "0"
L 03/20/2014 - 22:55:36: "mp_maxrounds" = "0"
L 03/20/2014 - 22:55:36: "mp_winlimit" = "0"
L 03/20/2014 - 22:55:36: "mp_disable_respawn_times" = "0"
L 03/20/2014 - 22:55:36: "mp_stalemate_meleeonly" = "0"
L 03/20/2014 - 22:55:36: "mp_forceautoteam" = "0"
L 03/20/2014 - 22:55:36: "mp_autoteambalance" = "0"
L 03/20/2014 - 22:55:36: "mp_stalemate_enable" = "1"
L 03/20/2014 - 22:55:36: "mp_match_end_at_timelimit" = "0"
L 03/20/2014 - 22:55:36: "mp_holiday_nogifts" = "0"
L 03/20/2014 - 22:55:36: "mp_scrambleteams_auto" = "0"
L 03/20/2014 - 22:55:36: "mp_scrambleteams_auto_windifference" = "2"
L 03/20/2014 - 22:55:36: "mp_timelimit" = "25"
L 03/20/2014 - 22:55:36: "mp_fraglimit" = "0"
L 03/20/2014 - 22:55:36: "nextlevel" = ""
L 03/20/2014 - 22:55:36: "sv_gravity" = "800"
L 03/20/2014 - 22:55:36: "sv_stopspeed" = "100"
L 03/20/2014 - 22:55:36: "sv_noclipaccelerate" = "5"
L 03/20/2014 - 22:55:36: "sv_noclipspeed" = "5"
L 03/20/2014 - 22:55:36: "sv_specaccelerate" = "5"
L 03/20/2014 - 22:55:36: "sv_specspeed" = "3"
L 03/20/2014 - 22:55:36: "sv_specnoclip" = "1"
L 03/20/2014 - 22:55:36: "sv_maxspeed" = "320"
L 03/20/2014 - 22:55:36: "sv_accelerate" = "10"
L 03/20/2014 - 22:55:36: "sv_airaccelerate" = "10"
L 03/20/2014 - 22:55:36: "sv_wateraccelerate" = "10"
L 03/20/2014 - 22:55:36: "sv_waterfriction" = "1"
L 03/20/2014 - 22:55:36: "sv_footsteps" = "1"
L 03/20/2014 - 22:55:36: "sv_rollspeed" = "200"
L 03/20/2014 - 22:55:36: "sv_rollangle" = "0"
L 03/20/2014 - 22:55:36: "sv_friction" = "4"
L 03/20/2014 - 22:55:36: "sv_bounce" = "0"
L 03/20/2014 - 22:55:36: "sv_stepsize" = "18"
L 03/20/2014 - 22:55:36: "r_VehicleViewDampen" = "1"
L 03/20/2014 - 22:55:36: "r_JeepViewDampenFreq" = "7.0"
L 03/20/2014 - 22:55:36: "r_JeepViewDampenDamp" = "1.0"
L 03/20/2014 - 22:55:36: "r_JeepViewZHeight" = "10.0"
L 03/20/2014 - 22:55:36: "r_AirboatViewDampenFreq" = "7.0"
L 03/20/2014 - 22:55:36: "r_AirboatViewDampenDamp" = "1.0"
L 03/20/2014 - 22:55:36: "r_AirboatViewZHeight" = "0.0"
L 03/20/2014 - 22:55:36: "mp_fadetoblack" = "0"
L 03/20/2014 - 22:55:36: "tf_mm_servermode" = "0"
L 03/20/2014 - 22:55:36: "tf_mm_strict" = "0"
L 03/20/2014 - 22:55:36: "tf_mm_trusted" = "0"
L 03/20/2014 - 22:55:36: "tf_server_identity_disable_quickplay" = "0"
L 03/20/2014 - 22:55:36: "sv_registration_successful" = "1"
L 03/20/2014 - 22:55:36: "sv_registration_message" = ""
L 03/20/2014 - 22:55:36: "sv_steamgroup" = ""
L 03/20/2014 - 22:55:36: "sv_cheats" = "0"
L 03/20/2014 - 22:55:36: "sv_pausable" = "0"
L 03/20/2014 - 22:55:36: "sv_contact" = "theoneandonly@rowedahelicon.com"
L 03/20/2014 - 22:55:36: "sv_voiceenable" = "1"
L 03/20/2014 - 22:55:36: "tv_enable" = "0"
L 03/20/2014 - 22:55:36: "deathmatch" = "1"
L 03/20/2014 - 22:55:36: "coop" = "0"
L 03/20/2014 - 22:55:36: "tv_password" = ""
L 03/20/2014 - 22:55:36: "tv_relaypassword" = ""
L 03/20/2014 - 22:55:36: "sv_password" = ""
L 03/20/2014 - 22:55:36: server cvars end
L 03/20/2014 - 22:55:38: Started map "ph_devils_canyon_a1" (CRC "7020ed9a1c054a2e3d00fb2eed7cadd2")
L 03/20/2014 - 22:55:38: Executing dedicated server config file server.cfg
L 03/20/2014 - 22:55:43: server_cvar: "tf_gamemode_arena" "0"
L 03/20/2014 - 22:55:43: server_cvar: "tf_gamemode_arena" "1"
L 03/20/2014 - 22:55:43: server_cvar: "mp_autoteambalance" "1"
L 03/20/2014 - 22:55:43: server_cvar: "tf_arena_first_blood" "1"
L 03/20/2014 - 22:55:43: server_cvar: "mp_scrambleteams_auto" "1"
L 03/20/2014 - 22:55:43: WARNING: ClientActive, but we don't know his SteamID?
L 03/20/2014 - 22:55:43: "Replay 2: The Replayening<2><BOT><>" entered the game
L 03/20/2014 - 22:55:43: "Replay 2: The Replayening<2><BOT><Unassigned>" joined team "Spectator"
L 03/20/2014 - 22:55:44: server_cvar: "tf_models_list" "TF2_ItemList"
L 03/20/2014 - 22:55:44: server_cvar: "mp_timelimit" "30"
L 03/20/2014 - 22:55:44: server_cvar: "tf_models_list" "tf2_modellist"
L 03/20/2014 - 22:55:44: server_cvar: "mp_autoteambalance" "0"
L 03/20/2014 - 22:55:44: server_cvar: "gs_enabled" "1"
L 03/20/2014 - 22:55:44: "É›RRÉœ Dixon B. Tweenerlegs<72><STEAM_0:1:25247145><>" disconnected (reason "Disconnect by user.")
L 03/20/2014 - 22:55:44: server_cvar: "mp_timelimit" "18"
L 03/20/2014 - 22:55:44: server_cvar: "sm_rtrigs" "0"
L 03/20/2014 - 22:55:44: server_cvar: "mp_autoteambalance" "1"
L 03/20/2014 - 22:55:44: server_cvar: "sm_nextmap" "cp_well"
L 03/20/2014 - 22:55:50: server_cvar: "sv_gravity" "500"
L 03/20/2014 - 22:55:50: server_cvar: "tf_arena_override_cap_enable_time" "3600"
L 03/20/2014 - 22:55:59: "Herrocopter<67><STEAM_0:0:50403197><>" entered the game
L 03/20/2014 - 22:55:59: "Persi, the Neko God<12><STEAM_0:1:30286598><>" entered the game
L 03/20/2014 - 22:56:00: server_cvar: "mp_disable_respawn_times" "1"
L 03/20/2014 - 22:56:01: "Gord<10><STEAM_0:1:2327125><>" entered the game
L 03/20/2014 - 22:56:01: "Tiera Foxglove<44><STEAM_0:1:42733307><>" entered the game
L 03/20/2014 - 22:56:02: "DannelorG<71><STEAM_0:1:20046983><>" entered the game
L 03/20/2014 - 22:56:03: "Fortune the Don<57><STEAM_0:0:33251108><>" entered the game
L 03/20/2014 - 22:56:04: "Herrocopter<67><STEAM_0:0:50403197><Unassigned>" joined team "Blue"
L 03/20/2014 - 22:56:04: "Yirktos<62><STEAM_0:1:33950017><>" entered the game
L 03/20/2014 - 22:56:04: "Tiera Foxglove<44><STEAM_0:1:42733307><Unassigned>" joined team "Red"
L 03/20/2014 - 22:56:05: "Gord<10><STEAM_0:1:2327125><Unassigned>" joined team "Blue"
L 03/20/2014 - 22:56:05: "{SCG}ExcelsiorTheLion(NoVoice)<77><STEAM_0:1:6659757><>" entered the game
L 03/20/2014 - 22:56:05: "Herrocopter<67><STEAM_0:0:50403197><Blue>" changed role to "sniper"
L 03/20/2014 - 22:56:06: "Tiera Foxglove<44><STEAM_0:1:42733307><Red>" changed role to "scout"
L 03/20/2014 - 22:56:06: "Bilby<60><STEAM_0:0:12379989><>" entered the game
L 03/20/2014 - 22:56:07: "Gord<10><STEAM_0:1:2327125><Blue>" changed role to "pyro"
L 03/20/2014 - 22:56:08: "Tiera Foxglove<44><STEAM_0:1:42733307><Red>" say "!propmenu"
L 03/20/2014 - 22:56:09: "Yirktos<62><STEAM_0:1:33950017><Unassigned>" joined team "Red"
L 03/20/2014 - 22:56:09: "Gord<10><STEAM_0:1:2327125><Blue>" changed role to "heavyweapons"
L 03/20/2014 - 22:56:10: "Yirktos<62><STEAM_0:1:33950017><Red>" changed role to "soldier"
L 03/20/2014 - 22:56:11: "DannelorG<71><STEAM_0:1:20046983><Unassigned>" joined team "Red"
L 03/20/2014 - 22:56:12: "DannelorG<71><STEAM_0:1:20046983><Red>" changed role to "sniper"
L 03/20/2014 - 22:56:14: "DannelorG<71><STEAM_0:1:20046983><Red>" changed role to "scout"
L 03/20/2014 - 22:56:15: "Blizzard (Sean)áƒ¦<27><STEAM_0:1:47938377><>" entered the game
L 03/20/2014 - 22:56:15: "JaÃ¼ri, the Laughing Goddess<68><STEAM_0:1:17091633><>" entered the game
L 03/20/2014 - 22:56:16: "{SCG}ExcelsiorTheLion(NoVoice)<77><STEAM_0:1:6659757><Unassigned>" joined team "Blue"
L 03/20/2014 - 22:56:17: server_cvar: "mp_disable_respawn_times" "0"
L 03/20/2014 - 22:56:17: "Ozzzy<54><STEAM_0:0:33986421><>" entered the game
L 03/20/2014 - 22:56:18: "{SCG}ExcelsiorTheLion(NoVoice)<77><STEAM_0:1:6659757><Blue>" changed role to "heavyweapons"
L 03/20/2014 - 22:56:19: "Persi, the Neko God<12><STEAM_0:1:30286598><Unassigned>" joined team "Blue"
L 03/20/2014 - 22:56:20: "Fortune the Don<57><STEAM_0:0:33251108><Unassigned>" joined team "Red"
L 03/20/2014 - 22:56:20: "JaÃ¼ri, the Laughing Goddess<68><STEAM_0:1:17091633><Unassigned>" joined team "Red"
L 03/20/2014 - 22:56:21: "{BFG} Nikdragon<42><STEAM_0:0:78154965><>" entered the game
L 03/20/2014 - 22:56:21: "Persi, the Neko God<12><STEAM_0:1:30286598><Blue>" changed role to "pyro"
L 03/20/2014 - 22:56:21: "Fortune the Don<57><STEAM_0:0:33251108><Red>" changed role to "sniper"
L 03/20/2014 - 22:56:22: "JaÃ¼ri, the Laughing Goddess<68><STEAM_0:1:17091633><Red>" changed role to "scout"
L 03/20/2014 - 22:56:22: "Ozzzy<54><STEAM_0:0:33986421><Unassigned>" joined team "Blue"
L 03/20/2014 - 22:56:22: "{SCG}ExcelsiorTheLion(NoVoice)<77><STEAM_0:1:6659757><Blue>" changed role to "pyro"
L 03/20/2014 - 22:56:25: "Ozzzy<54><STEAM_0:0:33986421><Blue>" changed role to "pyro"
L 03/20/2014 - 22:56:27: "{BFG} Sabre<78><STEAM_0:1:31072961><>" connected, address "67.182.76.160:27005"
L 03/20/2014 - 22:56:28: "{BFG} Sabre<78><STEAM_0:1:31072961><>" STEAM USERID validated
L 03/20/2014 - 22:56:29: "{BFG} Nikdragon<42><STEAM_0:0:78154965><Unassigned>" joined team "Red"
L 03/20/2014 - 22:56:30: "Gord<10><STEAM_0:1:2327125><Blue>" say "HAW HAWWWW"
L 03/20/2014 - 22:56:32: "{BFG} Nikdragon<42><STEAM_0:0:78154965><Red>" changed role to "demoman"
L 03/20/2014 - 22:56:34: "{BFG} Sabre<78><STEAM_0:1:31072961><>" disconnected (reason "Connection closing")
L 03/20/2014 - 22:56:34: "{BFG} Sabre<79><STEAM_0:1:31072961><>" connected, address "67.182.76.160:27005"
L 03/20/2014 - 22:56:34: "{BFG} Sabre<79><STEAM_0:1:31072961><>" STEAM USERID validated
L 03/20/2014 - 22:56:40: World triggered "Round_Setup_End"
L 03/20/2014 - 22:56:51: "Blizzard (Sean)áƒ¦<27><STEAM_0:1:47938377><Unassigned>" joined team "Blue"
L 03/20/2014 - 22:56:52: "Bilby<60><STEAM_0:0:12379989><Unassigned>" joined team "Blue"
L 03/20/2014 - 22:56:53: "Bilby<60><STEAM_0:0:12379989><Blue>" changed role to "scout"
L 03/20/2014 - 22:56:54: "Blizzard (Sean)áƒ¦<27><STEAM_0:1:47938377><Blue>" changed role to "pyro"
L 03/20/2014 - 22:57:16: "Gord<10><STEAM_0:1:2327125><Blue>" committed suicide with "world" (attacker_position "-1223 -601 -2208")
L 03/20/2014 - 22:57:26: "É›RRÉœ Dixon B. Tweenerlegs<80><STEAM_0:1:25247145><>" connected, address "174.58.58.165:27005"
L 03/20/2014 - 22:57:27: "É›RRÉœ Dixon B. Tweenerlegs<80><STEAM_0:1:25247145><>" STEAM USERID validated
L 03/20/2014 - 22:57:38: "Gord<10><STEAM_0:1:2327125><Blue>" say "well this is a load of hay"
L 03/20/2014 - 22:57:49: "Yirktos<62><STEAM_0:1:33950017><Red>" say "Blu is really grasping at straws here"
L 03/20/2014 - 22:57:57: "Gord<10><STEAM_0:1:2327125><Blue>" say "shanahashanasha"
L 03/20/2014 - 22:57:59: "É›RRÉœ Dixon B. Tweenerlegs<80><STEAM_0:1:25247145><>" entered the game
L 03/20/2014 - 22:58:05: "É›RRÉœ Dixon B. Tweenerlegs<80><STEAM_0:1:25247145><Unassigned>" joined team "Red"
L 03/20/2014 - 22:58:07: "É›RRÉœ Dixon B. Tweenerlegs<80><STEAM_0:1:25247145><Red>" changed role to "scout"
L 03/20/2014 - 22:58:09: "Fortune the Don<57><STEAM_0:0:33251108><Red>" say "have you ever met haystacks calhoun? he was a mountain of a man"
L 03/20/2014 - 22:58:15: "Herrocopter<67><STEAM_0:0:50403197><Blue>" killed "Tiera Foxglove<44><STEAM_0:1:42733307><Red>" with "shahanshah" (attacker_position "10 -217 -1273") (victim_position "-45 -285 -1273")
L 03/20/2014 - 22:58:15: World triggered "Round_Win" (winner "Blue")
L 03/20/2014 - 22:58:15: World triggered "Round_Length" (seconds "145.11")
L 03/20/2014 - 22:58:15: Team "Red" current score "0" with "7" players
L 03/20/2014 - 22:58:15: Team "Blue" current score "1" with "7" players
L 03/20/2014 - 22:58:20: "É›RRÉœ Dixon B. Tweenerlegs<80><STEAM_0:1:25247145><Red>" say "gg"
L 03/20/2014 - 22:58:21: "Gord<10><STEAM_0:1:2327125><Blue>" say "like finding a haystack in a haystack"
L 03/20/2014 - 22:58:30: "Tiera Foxglove<44><STEAM_0:1:42733307><Red>" joined team "Blue"
L 03/20/2014 - 22:58:30: "Bilby<60><STEAM_0:0:12379989><Blue>" joined team "Red"
L 03/20/2014 - 22:58:30: "{SCG}ExcelsiorTheLion(NoVoice)<77><STEAM_0:1:6659757><Blue>" joined team "Red"
L 03/20/2014 - 22:58:30: "JaÃ¼ri, the Laughing Goddess<68><STEAM_0:1:17091633><Red>" joined team "Blue"
L 03/20/2014 - 22:58:30: "Gord<10><STEAM_0:1:2327125><Blue>" joined team "Red"
L 03/20/2014 - 22:58:30: "É›RRÉœ Dixon B. Tweenerlegs<80><STEAM_0:1:25247145><Red>" joined team "Blue"
L 03/20/2014 - 22:58:30: "Persi, the Neko God<12><STEAM_0:1:30286598><Blue>" joined team "Red"
L 03/20/2014 - 22:58:30: "Herrocopter<67><STEAM_0:0:50403197><Blue>" joined team "Red"
L 03/20/2014 - 22:58:30: "DannelorG<71><STEAM_0:1:20046983><Red>" joined team "Blue"
L 03/20/2014 - 22:58:30: "Blizzard (Sean)áƒ¦<27><STEAM_0:1:47938377><Blue>" joined team "Red"
L 03/20/2014 - 22:58:30: "{BFG} Nikdragon<42><STEAM_0:0:78154965><Red>" joined team "Blue"
L 03/20/2014 - 22:58:30: "Ozzzy<54><STEAM_0:0:33986421><Blue>" joined team "Red"
L 03/20/2014 - 22:58:30: "Fortune the Don<57><STEAM_0:0:33251108><Red>" joined team "Blue"
L 03/20/2014 - 22:58:30: "Yirktos<62><STEAM_0:1:33950017><Red>" joined team "Blue"
L 03/20/2014 - 22:58:30: World triggered "Round_Start"
L 03/20/2014 - 22:58:31: "Yirktos<62><STEAM_0:1:33950017><Blue>" say "hat finds all day"
L 03/20/2014 - 22:58:34: "Yirktos<62><STEAM_0:1:33950017><Blue>" say "day of happiness for real"
L 03/20/2014 - 22:58:35: "Gord<10><STEAM_0:1:2327125><Red>" say "!propmenu"
L 03/20/2014 - 22:58:39: "Blizzard (Sean)áƒ¦<27><STEAM_0:1:47938377><Red>" say "!propmenu"
L 03/20/2014 - 22:58:42: "Yirktos<62><STEAM_0:1:33950017><Blue>" changed role to "pyro"
L 03/20/2014 - 22:58:49: "Fortune the Don<57><STEAM_0:0:33251108><Blue>" say "!propmenu"
L 03/20/2014 - 22:58:50: "Gord<10><STEAM_0:1:2327125><Red>" say "gord loves you :>"
L 03/20/2014 - 22:59:03: "{BFG} Nikdragon<42><STEAM_0:0:78154965><Blue>" say "â€¢Ï‰â€¢â€¢Ï‰â€¢â€¢Ï‰â€¢â€¢Ï‰â€¢â€¢Ï‰â€¢"
L 03/20/2014 - 22:59:09: "É›RRÉœ Dixon B. Tweenerlegs<80><STEAM_0:1:25247145><Blue>" say ":Éœ"
L 03/20/2014 - 22:59:14: "Gord<10><STEAM_0:1:2327125><Red>" say "!propmenu"
L 03/20/2014 - 22:59:20: World triggered "Round_Setup_End"
L 03/20/2014 - 22:59:39: "Yirktos<62><STEAM_0:1:33950017><Blue>" killed "Ozzzy<54><STEAM_0:0:33986421><Red>" with "degreaser" (attacker_position "483 -960 -925") (victim_position "674 -846 -871")
L 03/20/2014 - 22:59:44: "Herrocopter<67><STEAM_0:0:50403197><Red>" say "shh im not here"
L 03/20/2014 - 22:59:49: "Fortune the Don<57><STEAM_0:0:33251108><Blue>" triggered "jarate_attack" against "Gord<10><STEAM_0:1:2327125><Red>" with "tf_weapon_jar" (attacker_position "834 -33 -1265") (victim_position "911 -504 -1201")
L 03/20/2014 - 23:00:02: "Gord<10><STEAM_0:1:2327125><Red>" say "lel"
L 03/20/2014 - 23:00:08: "Yirktos<62><STEAM_0:1:33950017><Blue>" committed suicide with "world" (attacker_position "-178 2083 -2273")
L 03/20/2014 - 23:00:08: "Gord<10><STEAM_0:1:2327125><Red>" say "gord.tv"
L 03/20/2014 - 23:00:12: "Tiera Foxglove<44><STEAM_0:1:42733307><Blue>" killed "Blizzard (Sean)áƒ¦<27><STEAM_0:1:47938377><Red>" with "rainblower" (attacker_position "-168 -51 -1430") (victim_position "-102 -27 -1447")
L 03/20/2014 - 23:00:13: "DannelorG<71><STEAM_0:1:20046983><Blue>" killed "Bilby<60><STEAM_0:0:12379989><Red>" with "degreaser" (attacker_position "550 -3233 -743") (victim_position "545 -3185 -743")
L 03/20/2014 - 23:00:18: "Myntey<81><STEAM_0:0:33841019><>" connected, address "86.40.106.89:27005"
L 03/20/2014 - 23:00:19: "Yirktos<62><STEAM_0:1:33950017><Blue>" say "i don't like lel/lyl/kek/etc."
L 03/20/2014 - 23:00:19: "Myntey<81><STEAM_0:0:33841019><>" STEAM USERID validated
L 03/20/2014 - 23:00:37: "Gord<10><STEAM_0:1:2327125><Red>" committed suicide with "world" (attacker_position "244 1022 -2207")
L 03/20/2014 - 23:00:38: "Gord<10><STEAM_0:1:2327125><Red>" say "fuck"
L 03/20/2014 - 23:00:40: "Herrocopter<67><STEAM_0:0:50403197><Red>" say "am i that invisible?"
L 03/20/2014 - 23:00:40: "Myntey<81><STEAM_0:0:33841019><>" entered the game
L 03/20/2014 - 23:00:46: "Gord<10><STEAM_0:1:2327125><Red>" say "understandible. -2 gord points"
L 03/20/2014 - 23:00:54: "JaÃ¼ri, the Laughing Goddess<68><STEAM_0:1:17091633><Blue>" killed "{SCG}ExcelsiorTheLion(NoVoice)<77><STEAM_0:1:6659757><Red>" with "flamethrower" (attacker_position "-762 362 -545") (victim_position "-712 517 -500")
L 03/20/2014 - 23:00:59: "Gord<10><STEAM_0:1:2327125><Red>" say "herrocopter"
L 03/20/2014 - 23:01:00: "Gord<10><STEAM_0:1:2327125><Red>" say "HOW"
L 03/20/2014 - 23:01:02: "Gord<10><STEAM_0:1:2327125><Red>" say "HOOOOOOOW"
L 03/20/2014 - 23:01:05: "Herrocopter<67><STEAM_0:0:50403197><Red>" say ":D"
L 03/20/2014 - 23:01:08: "Bilby<60><STEAM_0:0:12379989><Red>" say "lol"
L 03/20/2014 - 23:01:13: "Gord<10><STEAM_0:1:2327125><Red>" say "FUCK"
L 03/20/2014 - 23:01:16: "Myntey<81><STEAM_0:0:33841019><Unassigned>" disconnected (reason "Disconnect by user.")
L 03/20/2014 - 23:01:17: "{BFG} Nikdragon<42><STEAM_0:0:78154965><Blue>" committed suicide with "ullapool_caber_explosion" (attacker_position "-624 716 -1273")
L 03/20/2014 - 23:01:23: "É›RRÉœ Dixon B. Tweenerlegs<80><STEAM_0:1:25247145><Blue>" committed suicide with "world" (attacker_position "283 -1449 -2218")
L 03/20/2014 - 23:01:24: "É›RRÉœ Dixon B. Tweenerlegs<80><STEAM_0:1:25247145><Blue>" say "dammit"
L 03/20/2014 - 23:01:25: "{SCG}ExcelsiorTheLion(NoVoice)<77><STEAM_0:1:6659757><Red>" say "for a while there I thought blue was blind as they did not see me!"
L 03/20/2014 - 23:01:37: "Yirktos<62><STEAM_0:1:33950017><Blue>" say "how many gord points does friendship cost?"
L 03/20/2014 - 23:01:39: "Tiera Foxglove<44><STEAM_0:1:42733307><Blue>" killed "Persi, the Neko God<12><STEAM_0:1:30286598><Red>" with "rainblower" (attacker_position "1315 702 -1233") (victim_position "1288 612 -1233")
L 03/20/2014 - 23:01:44: "Yirktos<62><STEAM_0:1:33950017><Blue>" say "how about genuine friendship?"
L 03/20/2014 - 23:01:45: "Gord<10><STEAM_0:1:2327125><Red>" say "what's yer offer"
L 03/20/2014 - 23:02:02: "Yirktos<62><STEAM_0:1:33950017><Blue>" say "i'm pretty sure you've only given me the eight so far"
L 03/20/2014 - 23:02:12: "É›RRÉœ Dixon B. Tweenerlegs<80><STEAM_0:1:25247145><Blue>" say "( Í¡Â° ÍœÊ– Í¡Â°)"
L 03/20/2014 - 23:02:12: "Gord<10><STEAM_0:1:2327125><Red>" say "WHAT'S YER OFFER"
L 03/20/2014 - 23:02:18: "Yirktos<62><STEAM_0:1:33950017><Blue>" say "two?"
L 03/20/2014 - 23:02:20: World triggered "Round_Win" (winner "Red")
L 03/20/2014 - 23:02:20: World triggered "Round_Length" (seconds "230.02")
L 03/20/2014 - 23:02:20: Team "Red" current score "1" with "7" players
L 03/20/2014 - 23:02:20: Team "Blue" current score "1" with "7" players
L 03/20/2014 - 23:02:23: "É›RRÉœ Dixon B. Tweenerlegs<80><STEAM_0:1:25247145><Blue>" say "( Í¡Â° ÍœÊ– Í¡Â°)"
L 03/20/2014 - 23:02:25: "Gord<10><STEAM_0:1:2327125><Red>" say "you're killin me here"
L 03/20/2014 - 23:02:27: "{SCG}ExcelsiorTheLion(NoVoice)<77><STEAM_0:1:6659757><Red>" say "!rocketme"
L 03/20/2014 - 23:02:28: "Gord<10><STEAM_0:1:2327125><Red>" say "i can do four"
L 03/20/2014 - 23:02:35: "Tiera Foxglove<44><STEAM_0:1:42733307><Blue>" joined team "Red"
L 03/20/2014 - 23:02:35: "Bilby<60><STEAM_0:0:12379989><Red>" joined team "Blue"
L 03/20/2014 - 23:02:35: "{SCG}ExcelsiorTheLion(NoVoice)<77><STEAM_0:1:6659757><Red>" joined team "Blue"
L 03/20/2014 - 23:02:35: "JaÃ¼ri, the Laughing Goddess<68><STEAM_0:1:17091633><Blue>" joined team "Red"
L 03/20/2014 - 23:02:35: "Gord<10><STEAM_0:1:2327125><Red>" joined team "Blue"
L 03/20/2014 - 23:02:35: "É›RRÉœ Dixon B. Tweenerlegs<80><STEAM_0:1:25247145><Blue>" joined team "Red"
L 03/20/2014 - 23:02:35: "Persi, the Neko God<12><STEAM_0:1:30286598><Red>" joined team "Blue"
L 03/20/2014 - 23:02:35: "Herrocopter<67><STEAM_0:0:50403197><Red>" joined team "Blue"
L 03/20/2014 - 23:02:35: "DannelorG<71><STEAM_0:1:20046983><Blue>" joined team "Red"
L 03/20/2014 - 23:02:35: "Blizzard (Sean)áƒ¦<27><STEAM_0:1:47938377><Red>" joined team "Blue"
L 03/20/2014 - 23:02:35: "{BFG} Nikdragon<42><STEAM_0:0:78154965><Blue>" joined team "Red"
L 03/20/2014 - 23:02:35: "Ozzzy<54><STEAM_0:0:33986421><Red>" joined team "Blue"
L 03/20/2014 - 23:02:35: "Fortune the Don<57><STEAM_0:0:33251108><Blue>" joined team "Red"
L 03/20/2014 - 23:02:35: "Yirktos<62><STEAM_0:1:33950017><Blue>" joined team "Red"
L 03/20/2014 - 23:02:35: World triggered "Round_Start"
L 03/20/2014 - 23:02:36: "Yirktos<62><STEAM_0:1:33950017><Red>" say "three, then?"
L 03/20/2014 - 23:02:39: "Tiera Foxglove<44><STEAM_0:1:42733307><Red>" say "!propmenu"
L 03/20/2014 - 23:02:39: "É›RRÉœ Dixon B. Tweenerlegs<80><STEAM_0:1:25247145><Red>" say "/pwopmenu"
L 03/20/2014 - 23:02:39: "Herrocopter<67><STEAM_0:0:50403197><Blue>" changed role to "sniper"
L 03/20/2014 - 23:02:40: "DannelorG<71><STEAM_0:1:20046983><Red>" say "!propmenu"
L 03/20/2014 - 23:02:42: "{SCG}ExcelsiorTheLion(NoVoice)<77><STEAM_0:1:6659757><Blue>" say_team "blue was very blind for not seeing a HUGE loco! lol"
L 03/20/2014 - 23:02:42: "{BFG} Nikdragon<42><STEAM_0:0:78154965><Red>" say "!propmenu"
L 03/20/2014 - 23:02:44: "Fortune the Don<57><STEAM_0:0:33251108><Red>" say "!propmenu"
L 03/20/2014 - 23:02:46: "Gord<10><STEAM_0:1:2327125><Blue>" say "SHREWD NEGOTIATOR"
L 03/20/2014 - 23:02:47: "JaÃ¼ri, the Laughing Goddess<68><STEAM_0:1:17091633><Red>" say "!propmenu"
L 03/20/2014 - 23:02:50: "Gord<10><STEAM_0:1:2327125><Blue>" say "three's good"
L 03/20/2014 - 23:02:53: "Ozzzy<54><STEAM_0:0:33986421><Blue>" say "pwop"
L 03/20/2014 - 23:02:54: "Fortune the Don<57><STEAM_0:0:33251108><Red>" say "!propmenu"
L 03/20/2014 - 23:03:11: "{BFG} Nikdragon<42><STEAM_0:0:78154965><Red>" committed suicide with "world" (attacker_position "467 1010 -2264")
L 03/20/2014 - 23:03:15: "JaÃ¼ri, the Laughing Goddess<68><STEAM_0:1:17091633><Red>" say "!propmenu"
L 03/20/2014 - 23:03:26: World triggered "Round_Setup_End"
L 03/20/2014 - 23:03:39: "Fortune the Don<57><STEAM_0:0:33251108><Red>" say "!propmenu"
L 03/20/2014 - 23:03:40: "Ozzzy<54><STEAM_0:0:33986421><Blue>" killed "Yirktos<62><STEAM_0:1:33950017><Red>" with "degreaser" (attacker_position "-1466 60 -1429") (victim_position "-1470 172 -1429")
L 03/20/2014 - 23:03:49: "Ozzzy<54><STEAM_0:0:33986421><Blue>" say "yirk, that's MY spot"
L 03/20/2014 - 23:03:53: "É›RRÉœ Dixon B. Tweenerlegs<80><STEAM_0:1:25247145><Red>" say "( Í¡Â° ÍœÊ– Í¡Â°)"
L 03/20/2014 - 23:03:57: "Ozzzy<54><STEAM_0:0:33986421><Blue>" say ">:c"
L 03/20/2014 - 23:04:00: "Bilby<60><STEAM_0:0:12379989><Blue>" killed "DannelorG<71><STEAM_0:1:20046983><Red>" with "flamethrower" (attacker_position "-100 -2848 -608") (victim_position "-61 -2780 -608")
L 03/20/2014 - 23:04:05: "DannelorG<71><STEAM_0:1:20046983><Red>" disconnected (reason "Disconnect by user.")
L 03/20/2014 - 23:04:26: "PhD Corvo Charizard<82><STEAM_0:0:33167288><>" connected, address "98.233.44.21:27005"
L 03/20/2014 - 23:04:26: "PhD Corvo Charizard<82><STEAM_0:0:33167288><>" STEAM USERID validated
L 03/20/2014 - 23:04:44: "PhD Corvo Charizard<82><STEAM_0:0:33167288><>" entered the game
L 03/20/2014 - 23:04:46: "Yirktos<62><STEAM_0:1:33950017><Red>" say "okay"
L 03/20/2014 - 23:04:51: "PhD Corvo Charizard<82><STEAM_0:0:33167288><Unassigned>" joined team "Red"
L 03/20/2014 - 23:04:52: "Yirktos<62><STEAM_0:1:33950017><Red>" say "i'll remember to check there next time, then"
L 03/20/2014 - 23:04:53: "PhD Corvo Charizard<82><STEAM_0:0:33167288><Red>" changed role to "scout"
L 03/20/2014 - 23:04:59: "Gord<10><STEAM_0:1:2327125><Blue>" committed suicide with "world" (attacker_position "-308 -2710 -2258")
L 03/20/2014 - 23:05:11: "Persi, the Neko God<12><STEAM_0:1:30286598><Blue>" killed "Tiera Foxglove<44><STEAM_0:1:42733307><Red>" with "flamethrower" (attacker_position "252 -923 -1273") (victim_position "204 -968 -1202")
L 03/20/2014 - 23:05:28: "É›RRÉœ Dixon B. Tweenerlegs<80><STEAM_0:1:25247145><Red>" say "( Í¡Â° ÍœÊ– Í¡Â°)"
L 03/20/2014 - 23:05:35: "Fortune the Don<57><STEAM_0:0:33251108><Red>" committed suicide with "world" (attacker_position "-129 1334 -2223")
L 03/20/2014 - 23:05:39: "Gord<10><STEAM_0:1:2327125><Blue>" say "lol"
L 03/20/2014 - 23:05:41: "Fortune the Don<57><STEAM_0:0:33251108><Red>" say ":[."
L 03/20/2014 - 23:05:42: "É›RRÉœ Dixon B. Tweenerlegs<80><STEAM_0:1:25247145><Red>" say "( Í¡Â° ÍœÊ– Í¡Â°)"
L 03/20/2014 - 23:05:52: "Gord<10><STEAM_0:1:2327125><Blue>" say "i am glad the bunny died so he was not murdered in cold blood"
L 03/20/2014 - 23:05:55: "Persi, the Neko God<12><STEAM_0:1:30286598><Blue>" killed "É›RRÉœ Dixon B. Tweenerlegs<80><STEAM_0:1:25247145><Red>" with "flamethrower" (attacker_position "1683 678 -949") (victim_position "1650 796 -949")
L 03/20/2014 - 23:05:58: "É›RRÉœ Dixon B. Tweenerlegs<80><STEAM_0:1:25247145><Red>" say "damn"
L 03/20/2014 - 23:06:04: "Fortune the Don<57><STEAM_0:0:33251108><Red>" say "if that is gord's will :["
L 03/20/2014 - 23:06:04: "É›RRÉœ Dixon B. Tweenerlegs<80><STEAM_0:1:25247145><Red>" say ":c"
L 03/20/2014 - 23:06:07: "JaÃ¼ri, the Laughing Goddess<68><STEAM_0:1:17091633><Red>" say "I'm a new guy?"
L 03/20/2014 - 23:06:11: "Bilby<60><STEAM_0:0:12379989><Blue>" committed suicide with "world" (attacker_position "-235 12 -2213")
L 03/20/2014 - 23:06:12: "Gord<10><STEAM_0:1:2327125><Blue>" say "THE NEW GUY"
L 03/20/2014 - 23:06:14: "Bilby<60><STEAM_0:0:12379989><Blue>" disconnected (reason "Disconnect by user.")
L 03/20/2014 - 23:06:18: "Fortune the Don<57><STEAM_0:0:33251108><Red>" say "THE NNNNNNNEEEEEEEEWWWWWW"
L 03/20/2014 - 23:06:22: "Fortune the Don<57><STEAM_0:0:33251108><Red>" say "gi"
L 03/20/2014 - 23:06:23: "Persi, the Neko God<12><STEAM_0:1:30286598><Blue>" committed suicide with "world" (attacker_position "-143 136 -2231")
L 03/20/2014 - 23:06:26: World triggered "Round_Win" (winner "Red")
L 03/20/2014 - 23:06:26: World triggered "Round_Length" (seconds "230.02")
L 03/20/2014 - 23:06:26: Team "Red" current score "2" with "7" players
L 03/20/2014 - 23:06:26: Team "Blue" current score "1" with "6" players
L 03/20/2014 - 23:06:30: "JaÃ¼ri, the Laughing Goddess<68><STEAM_0:1:17091633><Red>" killed "{SCG}ExcelsiorTheLion(NoVoice)<77><STEAM_0:1:6659757><Blue>" with "scattergun" (attacker_position "-351 229 -1273") (victim_position "-605 20 -1273")
L 03/20/2014 - 23:06:31: "JaÃ¼ri, the Laughing Goddess<68><STEAM_0:1:17091633><Red>" killed "Blizzard (Sean)áƒ¦<27><STEAM_0:1:47938377><Blue>" with "scattergun" (attacker_position "-478 215 -1273") (victim_position "-280 203 -1273")
L 03/20/2014 - 23:06:33: "É›RRÉœ Dixon B. Tweenerlegs<80><STEAM_0:1:25247145><Red>" say "( Í¡Â° ÍœÊ– Í¡Â°)"
L 03/20/2014 - 23:06:33: "JaÃ¼ri, the Laughing Goddess<68><STEAM_0:1:17091633><Red>" killed "Ozzzy<54><STEAM_0:0:33986421><Blue>" with "scattergun" (attacker_position "54 165 -1273") (victim_position "13 59 -1273")
L 03/20/2014 - 23:06:34: "Herrocopter<67><STEAM_0:0:50403197><Blue>" committed suicide with "world" (attacker_position "73 -2009 -2209")
L 03/20/2014 - 23:06:36: "Yirktos<62><STEAM_0:1:33950017><Red>" say "gi... isn't that like, karate-kid-outfits?"
L 03/20/2014 - 23:06:40: "Tiera Foxglove<44><STEAM_0:1:42733307><Red>" joined team "Blue"
L 03/20/2014 - 23:06:40: "{SCG}ExcelsiorTheLion(NoVoice)<77><STEAM_0:1:6659757><Blue>" joined team "Red"
L 03/20/2014 - 23:06:40: "JaÃ¼ri, the Laughing Goddess<68><STEAM_0:1:17091633><Red>" joined team "Blue"
L 03/20/2014 - 23:06:40: "Gord<10><STEAM_0:1:2327125><Blue>" joined team "Red"
L 03/20/2014 - 23:06:40: "É›RRÉœ Dixon B. Tweenerlegs<80><STEAM_0:1:25247145><Red>" joined team "Blue"
L 03/20/2014 - 23:06:40: "Persi, the Neko God<12><STEAM_0:1:30286598><Blue>" joined team "Red"
L 03/20/2014 - 23:06:40: "Herrocopter<67><STEAM_0:0:50403197><Blue>" joined team "Red"
L 03/20/2014 - 23:06:40: "PhD Corvo Charizard<82><STEAM_0:0:33167288><Red>" joined team "Blue"
L 03/20/2014 - 23:06:40: "Blizzard (Sean)áƒ¦<27><STEAM_0:1:47938377><Blue>" joined team "Red"
L 03/20/2014 - 23:06:40: "{BFG} Nikdragon<42><STEAM_0:0:78154965><Red>" joined team "Blue"
L 03/20/2014 - 23:06:40: "Ozzzy<54><STEAM_0:0:33986421><Blue>" joined team "Red"
L 03/20/2014 - 23:06:40: "Fortune the Don<57><STEAM_0:0:33251108><Red>" joined team "Blue"
L 03/20/2014 - 23:06:40: "Yirktos<62><STEAM_0:1:33950017><Red>" joined team "Blue"
L 03/20/2014 - 23:06:41: World triggered "Round_Start"
L 03/20/2014 - 23:06:47: "Fortune the Don<57><STEAM_0:0:33251108><Blue>" say "si"
L 03/20/2014 - 23:06:47: "Blizzard (Sean)áƒ¦<27><STEAM_0:1:47938377><Red>" say "!propmenu"
L 03/20/2014 - 23:06:48: "Ozzzy<54><STEAM_0:0:33986421><Red>" committed suicide with "world" (attacker_position "1506 680 -1232")
L 03/20/2014 - 23:06:49: "Gord<10><STEAM_0:1:2327125><Red>" say "!propmenu"
L 03/20/2014 - 23:06:52: "Fortune the Don<57><STEAM_0:0:33251108><Blue>" say "!propmenu"
L 03/20/2014 - 23:07:19: "{SCG}ExcelsiorTheLion(NoVoice)<77><STEAM_0:1:6659757><Red>" committed suicide with "world" (attacker_position "-267 1014 -2196")
L 03/20/2014 - 23:07:29: "Persi, the Neko God<12><STEAM_0:1:30286598><Red>" say_team "!propmenu"
L 03/20/2014 - 23:07:31: World triggered "Round_Setup_End"
L 03/20/2014 - 23:07:38: "Persi, the Neko God<12><STEAM_0:1:30286598><Red>" say_team "!propmenu"
L 03/20/2014 - 23:07:46: "{BFG} Nikdragon<42><STEAM_0:0:78154965><Blue>" say "!nominate"
L 03/20/2014 - 23:08:08: "Gord<10><STEAM_0:1:2327125><Red>" say "this spot"
L 03/20/2014 - 23:08:10: "JaÃ¼ri, the Laughing Goddess<68><STEAM_0:1:17091633><Blue>" killed "Persi, the Neko God<12><STEAM_0:1:30286598><Red>" with "degreaser" (attacker_position "-642 369 -1262") (victim_position "-683 204 -1273")
L 03/20/2014 - 23:08:21: "Gord<10><STEAM_0:1:2327125><Red>" say "check it out, persi"
L 03/20/2014 - 23:08:24: "Gord<10><STEAM_0:1:2327125><Red>" say "WHERE'S YOUR GORD NOW"
L 03/20/2014 - 23:08:25: "Fortune the Don<57><STEAM_0:0:33251108><Blue>" say "this chair blows"
L 03/20/2014 - 23:08:38: "Gord<10><STEAM_0:1:2327125><Red>" say "a prop"
L 03/20/2014 - 23:08:40: "{BFG} Nikdragon<42><STEAM_0:0:78154965><Blue>" committed suicide with "world" (attacker_position "49 -2550 -2208")
L 03/20/2014 - 23:08:43: "Gord<10><STEAM_0:1:2327125><Red>" say "SH"
L 03/20/2014 - 23:08:56: "Tiera Foxglove<44><STEAM_0:1:42733307><Blue>" killed "Blizzard (Sean)áƒ¦<27><STEAM_0:1:47938377><Red>" with "world" (attacker_position "644 -988 -593") (victim_position "915 -515 -2238")
L 03/20/2014 - 23:08:58: "Gord<10><STEAM_0:1:2327125><Red>" say "gord.tv"
L 03/20/2014 - 23:09:20: "JaÃ¼ri, the Laughing Goddess<68><STEAM_0:1:17091633><Blue>" killed "Herrocopter<67><STEAM_0:0:50403197><Red>" with "scorchshot" (attacker_position "-1321 -689 -591") (victim_position "-720 -679 -507")
L 03/20/2014 - 23:09:25: "Fortune the Don<57><STEAM_0:0:33251108><Blue>" say "sorry my friend told me to :<"
L 03/20/2014 - 23:09:32: server_cvar: "sm_nextmap" "koth_trainsawlaser_b3"
L 03/20/2014 - 23:09:45: "Yirktos<62><STEAM_0:1:33950017><Blue>" committed suicide with "world" (attacker_position "-168 -2143 -1025")
L 03/20/2014 - 23:09:52: "Gord<10><STEAM_0:1:2327125><Red>" say "i advocate gordicide"
L 03/20/2014 - 23:10:04: "Herrocopter<67><STEAM_0:0:50403197><Red>" say "*slow claps gord*"
L 03/20/2014 - 23:10:18: "Gord<10><STEAM_0:1:2327125><Red>" say ":D"
L 03/20/2014 - 23:10:18: "Yirktos<62><STEAM_0:1:33950017><Blue>" say "what about gordification?"
L 03/20/2014 - 23:10:20: "Persi, the Neko God<12><STEAM_0:1:30286598><Red>" say "gg, Gord will carry"
L 03/20/2014 - 23:10:24: "Gord<10><STEAM_0:1:2327125><Red>" say "is that like californication"
L 03/20/2014 - 23:10:29: "Yirktos<62><STEAM_0:1:33950017><Blue>" say "sure, why not?"
L 03/20/2014 - 23:10:31: World triggered "Round_Win" (winner "Red")
L 03/20/2014 - 23:10:31: World triggered "Round_Length" (seconds "230.07")
L 03/20/2014 - 23:10:31: Team "Red" current score "3" with "6" players
L 03/20/2014 - 23:10:31: Team "Blue" current score "1" with "7" players
L 03/20/2014 - 23:10:39: "É›RRÉœ Dixon B. Tweenerlegs<80><STEAM_0:1:25247145><Blue>" committed suicide with "world" (attacker_position "714 -1276 286")
L 03/20/2014 - 23:10:40: "Ozzzy<54><STEAM_0:0:33986421><Red>" committed suicide with "world" (attacker_position "214 131 -1273")
L 03/20/2014 - 23:10:46: "Tiera Foxglove<44><STEAM_0:1:42733307><Blue>" joined team "Red"
L 03/20/2014 - 23:10:46: "{SCG}ExcelsiorTheLion(NoVoice)<77><STEAM_0:1:6659757><Red>" joined team "Blue"
L 03/20/2014 - 23:10:46: "JaÃ¼ri, the Laughing Goddess<68><STEAM_0:1:17091633><Blue>" joined team "Red"
L 03/20/2014 - 23:10:46: "Gord<10><STEAM_0:1:2327125><Red>" joined team "Blue"
L 03/20/2014 - 23:10:46: "É›RRÉœ Dixon B. Tweenerlegs<80><STEAM_0:1:25247145><Blue>" joined team "Red"
L 03/20/2014 - 23:10:46: "Persi, the Neko God<12><STEAM_0:1:30286598><Red>" joined team "Blue"
L 03/20/2014 - 23:10:46: "Herrocopter<67><STEAM_0:0:50403197><Red>" joined team "Blue"
L 03/20/2014 - 23:10:46: "PhD Corvo Charizard<82><STEAM_0:0:33167288><Blue>" joined team "Red"
L 03/20/2014 - 23:10:46: "Blizzard (Sean)áƒ¦<27><STEAM_0:1:47938377><Red>" joined team "Blue"
L 03/20/2014 - 23:10:46: "{BFG} Nikdragon<42><STEAM_0:0:78154965><Blue>" joined team "Red"
L 03/20/2014 - 23:10:46: "Ozzzy<54><STEAM_0:0:33986421><Red>" joined team "Blue"
L 03/20/2014 - 23:10:46: "Fortune the Don<57><STEAM_0:0:33251108><Blue>" joined team "Red"
L 03/20/2014 - 23:10:46: "Yirktos<62><STEAM_0:1:33950017><Blue>" joined team "Red"
L 03/20/2014 - 23:10:46: World triggered "Round_Start"
L 03/20/2014 - 23:10:48: "Herrocopter<67><STEAM_0:0:50403197><Blue>" changed role to "sniper"
L 03/20/2014 - 23:10:51: "Tiera Foxglove<44><STEAM_0:1:42733307><Red>" say "!propmenu"
L 03/20/2014 - 23:10:52: "JaÃ¼ri, the Laughing Goddess<68><STEAM_0:1:17091633><Red>" say "!propmenu"
L 03/20/2014 - 23:10:52: "PhD Corvo Charizard<82><STEAM_0:0:33167288><Red>" say "!propmenu"
L 03/20/2014 - 23:10:53: "{BFG} Nikdragon<42><STEAM_0:0:78154965><Red>" say "!propmenu"
L 03/20/2014 - 23:10:55: "É›RRÉœ Dixon B. Tweenerlegs<80><STEAM_0:1:25247145><Red>" say "/PROPMENU"
L 03/20/2014 - 23:10:59: "Fortune the Don<57><STEAM_0:0:33251108><Red>" say "gord may be the final frontier but it's made in a hollywood basement :["
L 03/20/2014 - 23:11:04: "Gord<10><STEAM_0:1:2327125><Blue>" say "ahahaha"
L 03/20/2014 - 23:11:14: "Gord<10><STEAM_0:1:2327125><Blue>" say "i gotta take it on the gordicide"
L 03/20/2014 - 23:11:19: "Fortune the Don<57><STEAM_0:0:33251108><Red>" say "hahahah"
L 03/20/2014 - 23:11:23: "Yirktos<62><STEAM_0:1:33950017><Red>" say "!propmenu"
L 03/20/2014 - 23:11:25: "Fortune the Don<57><STEAM_0:0:33251108><Red>" say "gord tissue that you wish you sawww"
L 03/20/2014 - 23:11:28: "Fortune the Don<57><STEAM_0:0:33251108><Red>" say "!propmenu"
L 03/20/2014 - 23:11:36: World triggered "Round_Setup_End"
L 03/20/2014 - 23:11:47: "Persi, the Neko God<12><STEAM_0:1:30286598><Blue>" killed "Yirktos<62><STEAM_0:1:33950017><Red>" with "flamethrower" (attacker_position "-679 -340 -1273") (victim_position "-733 -527 -1273")
L 03/20/2014 - 23:11:53: "Gord<10><STEAM_0:1:2327125><Blue>" say "that was my spot yirktos >:C"
L 03/20/2014 - 23:12:04: "É›RRÉœ Dixon B. Tweenerlegs<80><STEAM_0:1:25247145><Red>" committed suicide with "world" (attacker_position "303 -1312 -2219")
L 03/20/2014 - 23:12:09: "É›RRÉœ Dixon B. Tweenerlegs<80><STEAM_0:1:25247145><Red>" say "the worst"
L 03/20/2014 - 23:12:13: "Ozzzy<54><STEAM_0:0:33986421><Blue>" killed "{BFG} Nikdragon<42><STEAM_0:0:78154965><Red>" with "degreaser" (attacker_position "761 74 -1415") (victim_position "1025 95 -1417")
L 03/20/2014 - 23:12:13: "É›RRÉœ Dixon B. Tweenerlegs<80><STEAM_0:1:25247145><Red>" say "ever"
L 03/20/2014 - 23:12:18: "Gord<10><STEAM_0:1:2327125><Blue>" killed "Fortune the Don<57><STEAM_0:0:33251108><Red>" with "flamethrower" (attacker_position "-677 129 -1273") (victim_position "-701 219 -1259")
L 03/20/2014 - 23:12:20: "Persi, the Neko God<12><STEAM_0:1:30286598><Blue>" committed suicide with "world" (attacker_position "-250 89 -2202")
L 03/20/2014 - 23:12:26: "Gord<10><STEAM_0:1:2327125><Blue>" say "gord.tv"
L 03/20/2014 - 23:12:29: "É›RRÉœ Dixon B. Tweenerlegs<80><STEAM_0:1:25247145><Red>" say "( Í¡Â° ÍœÊ– Í¡Â°)"
L 03/20/2014 - 23:12:36: "Gord<10><STEAM_0:1:2327125><Blue>" say "it should be"
L 03/20/2014 - 23:12:53: "{BFG} Nikdragon<42><STEAM_0:0:78154965><Red>" say_team "lol perfect hiding place XD"
L 03/20/2014 - 23:13:23: "É›RRÉœ Dixon B. Tweenerlegs<80><STEAM_0:1:25247145><Red>" say "( Í¡Â° ÍœÊ– Í¡Â°)"
L 03/20/2014 - 23:13:33: "Gord<10><STEAM_0:1:2327125><Blue>" killed "PhD Corvo Charizard<82><STEAM_0:0:33167288><Red>" with "flamethrower" (attacker_position "-10 -3233 -799") (victim_position "37 -3233 -813")
L 03/20/2014 - 23:13:51: "Gord<10><STEAM_0:1:2327125><Blue>" committed suicide with "world" (attacker_position "376 -2284 -2202")
L 03/20/2014 - 23:14:08: "Ozzzy<54><STEAM_0:0:33986421><Blue>" killed "Tiera Foxglove<44><STEAM_0:1:42733307><Red>" with "mailbox" (attacker_position "-630 1035 -1273") (victim_position "-624 1010 -1273")
L 03/20/2014 - 23:14:11: "Blizzard (Sean)áƒ¦<27><STEAM_0:1:47938377><Blue>" committed suicide with "world" (attacker_position "161 -893 -378")
L 03/20/2014 - 23:14:18: "É›RRÉœ Dixon B. Tweenerlegs<80><STEAM_0:1:25247145><Red>" say "( Í¡Â° ÍœÊ– Í¡Â°)"
L 03/20/2014 - 23:14:23: "Fortune the Don<57><STEAM_0:0:33251108><Red>" say "back to the oooooooooooooold gy."
L 03/20/2014 - 23:14:24: "É›RRÉœ Dixon B. Tweenerlegs<80><STEAM_0:1:25247145><Red>" say "again"
L 03/20/2014 - 23:14:24: "Gord<10><STEAM_0:1:2327125><Blue>" say "damn jauri's good at prophunt"
L 03/20/2014 - 23:14:30: "JaÃ¼ri, the Laughing Goddess<68><STEAM_0:1:17091633><Red>" say "I'm horrid."
L 03/20/2014 - 23:14:36: World triggered "Round_Win" (winner "Red")
L 03/20/2014 - 23:14:36: World triggered "Round_Length" (seconds "230.03")
L 03/20/2014 - 23:14:36: Team "Red" current score "4" with "7" players
L 03/20/2014 - 23:14:36: Team "Blue" current score "1" with "6" players
L 03/20/2014 - 23:14:39: "Gord<10><STEAM_0:1:2327125><Blue>" say "got the most points"
L 03/20/2014 - 23:14:40: "JaÃ¼ri, the Laughing Goddess<68><STEAM_0:1:17091633><Red>" killed "Herrocopter<67><STEAM_0:0:50403197><Blue>" with "scattergun" (attacker_position "-207 89 -1107") (victim_position "-32 230 -1193")
L 03/20/2014 - 23:14:42: "Gord<10><STEAM_0:1:2327125><Blue>" say "deities ftw"
L 03/20/2014 - 23:14:43: "Yirktos<62><STEAM_0:1:33950017><Red>" say "i'm bad at games, why do i even like them"
L 03/20/2014 - 23:14:48: "leftwardfoil<83><STEAM_0:1:41907207><>" connected, address "71.23.204.172:27005"
L 03/20/2014 - 23:14:48: "leftwardfoil<83><STEAM_0:1:41907207><>" STEAM USERID validated
L 03/20/2014 - 23:14:49: "Yirktos<62><STEAM_0:1:33950017><Red>" say "!rocketme"
L 03/20/2014 - 23:14:51: "Tiera Foxglove<44><STEAM_0:1:42733307><Red>" joined team "Blue"
L 03/20/2014 - 23:14:51: "{SCG}ExcelsiorTheLion(NoVoice)<77><STEAM_0:1:6659757><Blue>" joined team "Red"
L 03/20/2014 - 23:14:51: "JaÃ¼ri, the Laughing Goddess<68><STEAM_0:1:17091633><Red>" joined team "Blue"
L 03/20/2014 - 23:14:51: "Gord<10><STEAM_0:1:2327125><Blue>" joined team "Red"
L 03/20/2014 - 23:14:51: "É›RRÉœ Dixon B. Tweenerlegs<80><STEAM_0:1:25247145><Red>" joined team "Blue"
L 03/20/2014 - 23:14:51: "Persi, the Neko God<12><STEAM_0:1:30286598><Blue>" joined team "Red"
L 03/20/2014 - 23:14:51: "Herrocopter<67><STEAM_0:0:50403197><Blue>" joined team "Red"
L 03/20/2014 - 23:14:51: "PhD Corvo Charizard<82><STEAM_0:0:33167288><Red>" joined team "Blue"
L 03/20/2014 - 23:14:51: "Blizzard (Sean)áƒ¦<27><STEAM_0:1:47938377><Blue>" joined team "Red"
L 03/20/2014 - 23:14:51: "{BFG} Nikdragon<42><STEAM_0:0:78154965><Red>" joined team "Blue"
L 03/20/2014 - 23:14:51: "Ozzzy<54><STEAM_0:0:33986421><Blue>" joined team "Red"
L 03/20/2014 - 23:14:51: "Fortune the Don<57><STEAM_0:0:33251108><Red>" joined team "Blue"
L 03/20/2014 - 23:14:51: "Yirktos<62><STEAM_0:1:33950017><Red>" joined team "Blue"
L 03/20/2014 - 23:14:51: World triggered "Game_Over" reason "Reached Time Limit"
L 03/20/2014 - 23:14:51: Team "Red" final score "4" with "6" players
L 03/20/2014 - 23:14:51: Team "Blue" final score "1" with "7" players
L 03/20/2014 - 23:14:53: "Tiera Foxglove<44><STEAM_0:1:42733307><Blue>" say "!nextmap"
L 03/20/2014 - 23:14:54: "Ozzzy<54><STEAM_0:0:33986421><Red>" committed suicide with "world" (attacker_position "-616 1063 -925")
L 03/20/2014 - 23:14:59: "Gord<10><STEAM_0:1:2327125><Red>" disconnected (reason "Disconnect by user.")
L 03/20/2014 - 23:15:00: "Ozzzy<54><STEAM_0:0:33986421><Red>" say "!slap @all 1000"
L 03/20/2014 - 23:15:00: "{SCG}ExcelsiorTheLion(NoVoice)<77><STEAM_0:1:6659757><Red>" committed suicide with "world" (attacker_position "431 60 -1415")
L 03/20/2014 - 23:15:00: "JaÃ¼ri, the Laughing Goddess<68><STEAM_0:1:17091633><Blue>" committed suicide with "world" (attacker_position "243 -452 -503")
L 03/20/2014 - 23:15:01: server_cvar: "sv_gravity" "800"
L 03/20/2014 - 23:15:01: server_cvar: "tf_arena_override_cap_enable_time" "-1"
L 03/20/2014 - 23:15:01: [META] Loaded 1 plugin (3 already loaded)
L 03/20/2014 - 23:15:01: [META] Loaded 0 plugins (4 already loaded)
L 03/20/2014 - 23:15:01: Loading map "koth_trainsawlaser_b3"
L 03/20/2014 - 23:15:01: server cvars start
L 03/20/2014 - 23:15:01: "stripper_version" = "1.2.2"
L 03/20/2014 - 23:15:01: "sm_zf_version" = "4.3.0.0"
L 03/20/2014 - 23:15:01: "tf2items_rnd_normals" = "0"
L 03/20/2014 - 23:15:01: "tf2items_rnd_enabled" = "0"
L 03/20/2014 - 23:15:01: "tf2items_rnd_version" = "1.591"
L 03/20/2014 - 23:15:01: "prophunt_redux_version" = "3.0.2"
L 03/20/2014 - 23:15:01: "sm_uberspawn" = "1.0"
L 03/20/2014 - 23:15:01: "ufov_version" = "1.2.0"
L 03/20/2014 - 23:15:01: "scp_version" = "1.1.5"
L 03/20/2014 - 23:15:01: "rainbowize_version" = "1.6.2"
L 03/20/2014 - 23:15:01: "improved_map_randomizer_version" = "3.4.5"
L 03/20/2014 - 23:15:01: "sm_executeconfigs_version" = "1.2.2"
L 03/20/2014 - 23:15:01: "sm_mapcron_version" = "1.2 RC"
L 03/20/2014 - 23:15:01: "sm_buildrestrict_version" = "0.5.5"
L 03/20/2014 - 23:15:01: "sm_namechangeinfo_version" = "13.0918.1"
L 03/20/2014 - 23:15:01: "sm_tf2ii_version" = "1.8.17.4-20130729"
L 03/20/2014 - 23:15:01: "nativevotes_version" = "0.8.1"
L 03/20/2014 - 23:15:01: "sm_commandcooldowns_version" = "14.0222.0"
L 03/20/2014 - 23:15:01: "sm_tnounlockspls_version" = "0.4.8"
L 03/20/2014 - 23:15:01: "sm_srvcln_version" = "1.2.2"
L 03/20/2014 - 23:15:01: "swapteam_version" = "1.2.5"
L 03/20/2014 - 23:15:01: "scme_version" = "1.0.0"
L 03/20/2014 - 23:15:01: "sm_tnounlockspls_noext_version" = "0.4.0"
L 03/20/2014 - 23:15:01: "sm_fakeandforce_version" = "2.0"
L 03/20/2014 - 23:15:01: "sourcecomms_version" = "0.8.253"
L 03/20/2014 - 23:15:01: "nativevotes_basevotes_version" = "1.5.2"
L 03/20/2014 - 23:15:01: "sb_version" = "1.4.8"
L 03/20/2014 - 23:15:01: "basicdonator_recog_v" = "0.5"
L 03/20/2014 - 23:15:01: "fw_money_balance" = "1000"
L 03/20/2014 - 23:15:01: "fw_money_destroy_sentry" = "75"
L 03/20/2014 - 23:15:01: "fw_money_destroy_dispenser" = "75"
L 03/20/2014 - 23:15:01: "fw_money_backstab" = "50"
L 03/20/2014 - 23:15:01: "fw_money_headshot" = "50"
L 03/20/2014 - 23:15:01: "fw_money_domination" = "300"
L 03/20/2014 - 23:15:01: "fw_money_kill" = "100"
L 03/20/2014 - 23:15:01: "fw_money_win" = "1000"
L 03/20/2014 - 23:15:01: "fw_money_start" = "1000"
L 03/20/2014 - 23:15:01: "fw_unlock_menu_style" = "1"
L 03/20/2014 - 23:15:01: "fw_lulz" = "0"
L 03/20/2014 - 23:15:01: "fw_no_limit_time" = "60"
L 03/20/2014 - 23:15:01: "fw_setup_time" = "-1"
L 03/20/2014 - 23:15:01: "fw_prop_shadows" = "1"
L 03/20/2014 - 23:15:01: "fw_prop_health_multipler" = "1"
L 03/20/2014 - 23:15:01: "fw_stuck_protection" = "1"
L 03/20/2014 - 23:15:01: "fw_custom_spawn" = "0"
L 03/20/2014 - 23:15:01: "fw_spawn_protection" = "2.5"
L 03/20/2014 - 23:15:01: "fw_props_per_player_admin" = "70"
L 03/20/2014 - 23:15:01: "fw_props_per_player" = "70"
L 03/20/2014 - 23:15:01: "fw_props_per_team" = "250"
L 03/20/2014 - 23:15:01: "fw_maps" = "1"
L 03/20/2014 - 23:15:01: "fw_sql" = "1"
L 03/20/2014 - 23:15:01: "fw_version" = "6.52"
L 03/20/2014 - 23:15:01: "sm_testingtime_version" = "1.2"
L 03/20/2014 - 23:15:01: "stockmodels_version" = "1.0"
L 03/20/2014 - 23:15:01: "tf_models_list" = "tf2_modellist"
L 03/20/2014 - 23:15:01: "tf_models_blocktriggers" = "1"
L 03/20/2014 - 23:15:01: "tf_models_delayonspawn" = "0.1"
L 03/20/2014 - 23:15:01: "tf_models_force_admins" = "0"
L 03/20/2014 - 23:15:01: "tf_models_force_users" = "0"
L 03/20/2014 - 23:15:01: "tf_models_announce_plugin" = "1"
L 03/20/2014 - 23:15:01: "tf_models_announce" = "1"
L 03/20/2014 - 23:15:01: "tf_models_admin_override" = "0"
L 03/20/2014 - 23:15:01: "tf_models_admin_flags" = "b"
L 03/20/2014 - 23:15:01: "tf_models_version" = "1.0.3"
L 03/20/2014 - 23:15:01: "adsql_serverid" = "tf2rainbow"
L 03/20/2014 - 23:15:01: "adsql_version" = "2.4.0"
L 03/20/2014 - 23:15:01: "sm_redirect_version" = "1.2"
L 03/20/2014 - 23:15:01: "sm_snake_version" = "1.0"
L 03/20/2014 - 23:15:01: "webshortcutsredux_version" = "1.1"
L 03/20/2014 - 23:15:01: "sm_speechfun_version" = "1.0.2"
L 03/20/2014 - 23:15:01: "sm_hatremoval_version" = "1.1a"
L 03/20/2014 - 23:15:01: "sm_helpmenu_version" = "0.3"
L 03/20/2014 - 23:15:01: "sm_tnounlockspls_announce_version" = "0.4.0"
L 03/20/2014 - 23:15:01: "dts_version" = "1.1"
L 03/20/2014 - 23:15:01: "sm_cannounce_version" = "1.2"
L 03/20/2014 - 23:15:01: "fcg_version" = "1.1"
L 03/20/2014 - 23:15:01: "tf2attributes_version" = "1.1.1"
L 03/20/2014 - 23:15:01: "sm_resize_version" = "1.4.0"
L 03/20/2014 - 23:15:01: "sm_evilrocket_version" = "1.0.110"
L 03/20/2014 - 23:15:01: "sentryfun_version" = "1.3"
L 03/20/2014 - 23:15:01: "sentryfun_enabled" = "1"
L 03/20/2014 - 23:15:01: "sm_tf_maxclass" = "99999"
L 03/20/2014 - 23:15:01: "sm_textreplacer_version" = "0.2"
L 03/20/2014 - 23:15:01: "sm_gscramble_version" = "3.0.13"
L 03/20/2014 - 23:15:01: "gs_enabled" = "1"
L 03/20/2014 - 23:15:01: "sm_rtrigs" = "0"
L 03/20/2014 - 23:15:01: "sm_rtrigs_version" = "1.10"
L 03/20/2014 - 23:15:01: "tf2_decap_ver" = "1.0"
L 03/20/2014 - 23:15:01: "highfiveenemy_version" = "1.0"
L 03/20/2014 - 23:15:01: "sm_tnounlockspls_tf2items_version" = "0.4.0"
L 03/20/2014 - 23:15:01: "tfh_valentines" = "0"
L 03/20/2014 - 23:15:01: "tfh_meetthepyro" = "0"
L 03/20/2014 - 23:15:01: "tfh_winter" = "1"
L 03/20/2014 - 23:15:01: "tfh_birthday" = "0"
L 03/20/2014 - 23:15:01: "tfh_fullmoon" = "1"
L 03/20/2014 - 23:15:01: "tfh_halloween" = "-1"
L 03/20/2014 - 23:15:01: "tfh_use_overrides" = "1"
L 03/20/2014 - 23:15:01: "tfh_enabled" = "1"
L 03/20/2014 - 23:15:01: "tfh_version" = "1.8.1"
L 03/20/2014 - 23:15:01: "sm_customvotes_version" = "1.0"
L 03/20/2014 - 23:15:01: "sm_rtd_version" = "0.4.3.2"
L 03/20/2014 - 23:15:01: "sm_tnounlockspls_menu_version" = "0.4.0"
L 03/20/2014 - 23:15:01: "lights_version" = "0.6"
L 03/20/2014 - 23:15:01: "sm_downloader_version" = "1.4"
L 03/20/2014 - 23:15:01: "sm_spec_players" = "1"
L 03/20/2014 - 23:15:01: "sm_funcommandsx_version" = "2.3"
L 03/20/2014 - 23:15:01: "sm_adminlistmenu_version" = "1.0"
L 03/20/2014 - 23:15:01: "tf2items_manager" = "1"
L 03/20/2014 - 23:15:01: "tf2items_manager_version" = "1.4.1"
L 03/20/2014 - 23:15:01: "sm_respawn_override_version" = "1.0.1-20131019"
L 03/20/2014 - 23:15:01: "sm_setspeed_log" = "1"
L 03/20/2014 - 23:15:01: "sm_setspeed_chat" = "1"
L 03/20/2014 - 23:15:01: "sm_setspeed_version" = "1.3.1"
L 03/20/2014 - 23:15:01: "sm_spray_version" = "5.8a"
L 03/20/2014 - 23:15:01: "goomba_version" = "2.0.2"
L 03/20/2014 - 23:15:01: "sm_adminsmite_version" = "2.1"
L 03/20/2014 - 23:15:01: "mc_version" = "1.1.1"
L 03/20/2014 - 23:15:01: "sm_setplayerclass_version" = "1.0.1"
L 03/20/2014 - 23:15:01: "sm_tetris_version" = "1.0"
L 03/20/2014 - 23:15:01: "sm_hdmgtracker_version" = "1.2.2"
L 03/20/2014 - 23:15:01: "cid_mintime" = "10.0"
L 03/20/2014 - 23:15:01: "cid_maxdist" = "10000.0"
L 03/20/2014 - 23:15:01: "cid_enabled" = "1"
L 03/20/2014 - 23:15:01: "cid_version" = "1.1"
L 03/20/2014 - 23:15:01: "basicdonator_version" = "0.8"
L 03/20/2014 - 23:15:01: "sm_afkm_version" = "3.5.2"
L 03/20/2014 - 23:15:01: "sgadmins_version" = "1.2.0"
L 03/20/2014 - 23:15:01: "melee_version" = "0.4.1"
L 03/20/2014 - 23:15:01: "sm_pregame_slaughter_version" = "1.0.5.1"
L 03/20/2014 - 23:15:01: "fc_version" = "2.0"
L 03/20/2014 - 23:15:01: "jinglenotify_version" = "1.0.0"
L 03/20/2014 - 23:15:01: "sm_tf_captoggle" = "0.0.3"
L 03/20/2014 - 23:15:01: "sm_ignorelist_version" = "0x02"
L 03/20/2014 - 23:15:01: "tf2items_giveweapon_version" = "3.14159"
L 03/20/2014 - 23:15:01: "sm_bsd_version" = "2.0.0"
L 03/20/2014 - 23:15:01: "sm_rweapons_version" = "1.3"
L 03/20/2014 - 23:15:01: "sm_commanddump_version" = "1.1.0"
L 03/20/2014 - 23:15:01: "store_version" = "1.1-alpha"
L 03/20/2014 - 23:15:01: "sm_allchat_version" = "1.1.1"
L 03/20/2014 - 23:15:01: "sm_classrestrict_version" = "0.6"
L 03/20/2014 - 23:15:01: "sm_playersvotes_redux_version" = "1.3"
L 03/20/2014 - 23:15:01: "steamtools_version" = "0.8.3"
L 03/20/2014 - 23:15:01: "tf2items_version" = "1.6.0"
L 03/20/2014 - 23:15:01: "sm_nextmap" = "koth_trainsawlaser_b3"
L 03/20/2014 - 23:15:01: "sourcemod_version" = "1.5.3-dev+4004"
L 03/20/2014 - 23:15:01: "metamod_version" = "1.10.1-devV"
L 03/20/2014 - 23:15:01: "tf_playergib" = "1"
L 03/20/2014 - 23:15:01: "tf_allow_player_use" = "0"
L 03/20/2014 - 23:15:01: "tf_mvm_death_penalty" = "0"
L 03/20/2014 - 23:15:01: "sv_maxusrcmdprocessticks" = "24"
L 03/20/2014 - 23:15:01: "mp_teamplay" = "0"
L 03/20/2014 - 23:15:01: "mp_falldamage" = "0"
L 03/20/2014 - 23:15:01: "mp_weaponstay" = "0"
L 03/20/2014 - 23:15:01: "mp_forcerespawn" = "1"
L 03/20/2014 - 23:15:01: "mp_footsteps" = "1"
L 03/20/2014 - 23:15:01: "mp_flashlight" = "1"
L 03/20/2014 - 23:15:01: "mp_autocrosshair" = "1"
L 03/20/2014 - 23:15:01: "decalfrequency" = "10"
L 03/20/2014 - 23:15:01: "mp_teamlist" = "hgrunt;scientist"
L 03/20/2014 - 23:15:01: "mp_allowNPCs" = "1"
L 03/20/2014 - 23:15:01: "sv_alltalk" = "1"
L 03/20/2014 - 23:15:01: "tf_weapon_criticals" = "1"
L 03/20/2014 - 23:15:01: "tf_damage_disablespread" = "1"
L 03/20/2014 - 23:15:01: "tf_player_name_change_time" = "60"
L 03/20/2014 - 23:15:01: "tf_force_holidays_off" = "0"
L 03/20/2014 - 23:15:01: "tf_birthday" = "0"
L 03/20/2014 - 23:15:01: "mp_windifference" = "0"
L 03/20/2014 - 23:15:01: "mp_windifference_min" = "0"
L 03/20/2014 - 23:15:01: "tf_medieval" = "0"
L 03/20/2014 - 23:15:01: "tf_medieval_autorp" = "1"
L 03/20/2014 - 23:15:01: "tf_arena_force_class" = "0"
L 03/20/2014 - 23:15:01: "tf_arena_change_limit" = "1"
L 03/20/2014 - 23:15:01: "tf_arena_override_cap_enable_time" = "-1"
L 03/20/2014 - 23:15:01: "tf_arena_first_blood" = "1"
L 03/20/2014 - 23:15:01: "tf_mvm_min_players_to_start" = "3"
L 03/20/2014 - 23:15:01: "tf_gamemode_arena" = "1"
L 03/20/2014 - 23:15:01: "tf_gamemode_cp" = "0"
L 03/20/2014 - 23:15:01: "tf_gamemode_ctf" = "0"
L 03/20/2014 - 23:15:01: "tf_gamemode_sd" = "0"
L 03/20/2014 - 23:15:01: "tf_gamemode_payload" = "0"
L 03/20/2014 - 23:15:01: "tf_gamemode_mvm" = "0"
L 03/20/2014 - 23:15:01: "tf_bot_count" = "0"
L 03/20/2014 - 23:15:01: "tf_teamtalk" = "0"
L 03/20/2014 - 23:15:01: "tf_ctf_bonus_time" = "10"
L 03/20/2014 - 23:15:01: "tf_maxspeed" = "400"
L 03/20/2014 - 23:15:01: "tf_max_charge_speed" = "750"
L 03/20/2014 - 23:15:01: "tf_use_fixed_weaponspreads" = "0"
L 03/20/2014 - 23:15:01: "tf_overtime_nag" = "0"
L 03/20/2014 - 23:15:01: "mp_tournament" = "0"
L 03/20/2014 - 23:15:01: "mp_highlander" = "0"
L 03/20/2014 - 23:15:01: "mp_maxrounds" = "0"
L 03/20/2014 - 23:15:01: "mp_winlimit" = "0"
L 03/20/2014 - 23:15:01: "mp_disable_respawn_times" = "0"
L 03/20/2014 - 23:15:01: "mp_stalemate_meleeonly" = "0"
L 03/20/2014 - 23:15:01: "mp_forceautoteam" = "0"
L 03/20/2014 - 23:15:01: "mp_autoteambalance" = "1"
L 03/20/2014 - 23:15:01: "mp_stalemate_enable" = "1"
L 03/20/2014 - 23:15:01: "mp_match_end_at_timelimit" = "0"
L 03/20/2014 - 23:15:01: "mp_holiday_nogifts" = "0"
L 03/20/2014 - 23:15:01: "mp_scrambleteams_auto" = "1"
L 03/20/2014 - 23:15:01: "mp_scrambleteams_auto_windifference" = "2"
L 03/20/2014 - 23:15:01: "mp_timelimit" = "18"
L 03/20/2014 - 23:15:01: "mp_fraglimit" = "0"
L 03/20/2014 - 23:15:01: "nextlevel" = ""
L 03/20/2014 - 23:15:01: "sv_gravity" = "800"
L 03/20/2014 - 23:15:01: "sv_stopspeed" = "100"
L 03/20/2014 - 23:15:01: "sv_noclipaccelerate" = "5"
L 03/20/2014 - 23:15:01: "sv_noclipspeed" = "5"
L 03/20/2014 - 23:15:01: "sv_specaccelerate" = "5"
L 03/20/2014 - 23:15:01: "sv_specspeed" = "3"
L 03/20/2014 - 23:15:01: "sv_specnoclip" = "1"
L 03/20/2014 - 23:15:01: "sv_maxspeed" = "320"
L 03/20/2014 - 23:15:01: "sv_accelerate" = "10"
L 03/20/2014 - 23:15:01: "sv_airaccelerate" = "10"
L 03/20/2014 - 23:15:01: "sv_wateraccelerate" = "10"
L 03/20/2014 - 23:15:01: "sv_waterfriction" = "1"
L 03/20/2014 - 23:15:01: "sv_footsteps" = "1"
L 03/20/2014 - 23:15:01: "sv_rollspeed" = "200"
L 03/20/2014 - 23:15:01: "sv_rollangle" = "0"
L 03/20/2014 - 23:15:01: "sv_friction" = "4"
L 03/20/2014 - 23:15:01: "sv_bounce" = "0"
L 03/20/2014 - 23:15:01: "sv_stepsize" = "18"
L 03/20/2014 - 23:15:01: "r_VehicleViewDampen" = "1"
L 03/20/2014 - 23:15:01: "r_JeepViewDampenFreq" = "7.0"
L 03/20/2014 - 23:15:01: "r_JeepViewDampenDamp" = "1.0"
L 03/20/2014 - 23:15:01: "r_JeepViewZHeight" = "10.0"
L 03/20/2014 - 23:15:01: "r_AirboatViewDampenFreq" = "7.0"
L 03/20/2014 - 23:15:01: "r_AirboatViewDampenDamp" = "1.0"
L 03/20/2014 - 23:15:01: "r_AirboatViewZHeight" = "0.0"
L 03/20/2014 - 23:15:01: "mp_fadetoblack" = "0"
L 03/20/2014 - 23:15:01: "tf_mm_servermode" = "0"
L 03/20/2014 - 23:15:01: "tf_mm_strict" = "0"
L 03/20/2014 - 23:15:01: "tf_mm_trusted" = "0"
L 03/20/2014 - 23:15:01: "tf_server_identity_disable_quickplay" = "0"
L 03/20/2014 - 23:15:01: "sv_registration_successful" = "1"
L 03/20/2014 - 23:15:01: "sv_registration_message" = ""
L 03/20/2014 - 23:15:01: "sv_steamgroup" = ""
L 03/20/2014 - 23:15:01: "sv_cheats" = "0"
L 03/20/2014 - 23:15:01: "sv_pausable" = "0"
L 03/20/2014 - 23:15:01: "sv_contact" = "theoneandonly@rowedahelicon.com"
L 03/20/2014 - 23:15:01: "sv_voiceenable" = "1"
L 03/20/2014 - 23:15:01: "tv_enable" = "0"
L 03/20/2014 - 23:15:01: "deathmatch" = "1"
L 03/20/2014 - 23:15:01: "coop" = "0"
L 03/20/2014 - 23:15:01: "tv_password" = ""
L 03/20/2014 - 23:15:01: "tv_relaypassword" = ""
L 03/20/2014 - 23:15:01: "sv_password" = ""
L 03/20/2014 - 23:15:01: server cvars end
L 03/20/2014 - 23:15:03: Started map "koth_trainsawlaser_b3" (CRC "55b627b769ec9aabced6394a665da03e")
L 03/20/2014 - 23:15:03: Executing dedicated server config file server.cfg
L 03/20/2014 - 23:15:09: server_cvar: "tf_gamemode_arena" "0"
L 03/20/2014 - 23:15:09: server_cvar: "tf_gamemode_cp" "1"
L 03/20/2014 - 23:15:09: WARNING: ClientActive, but we don't know his SteamID?
L 03/20/2014 - 23:15:09: "Replay 2: The Replayening<2><BOT><>" entered the game
L 03/20/2014 - 23:15:09: "Replay 2: The Replayening<2><BOT><Unassigned>" joined team "Spectator"
L 03/20/2014 - 23:15:09: server_cvar: "tf_models_list" "TF2_ItemList"
L 03/20/2014 - 23:15:09: server_cvar: "mp_timelimit" "30"
L 03/20/2014 - 23:15:10: server_cvar: "sm_rtrigs" "1"
L 03/20/2014 - 23:15:10: server_cvar: "tf_models_list" "tf2_modellist"
L 03/20/2014 - 23:15:10: STEAMAUTH: Client É›RRÉœ Dixon B. Tweenerlegs received failure code 6
L 03/20/2014 - 23:15:10: "É›RRÉœ Dixon B. Tweenerlegs<80><STEAM_0:1:25247145><>" disconnected (reason "Client left game (Steam auth ticket has been canceled)
")
L 03/20/2014 - 23:15:10: server_cvar: "mp_match_end_at_timelimit" "1"
L 03/20/2014 - 23:15:10: server_cvar: "sm_nextmap" "cp_coldfront"
L 03/20/2014 - 23:15:16: server_cvar: "mp_autoteambalance" "0"
L 03/20/2014 - 23:15:16: server_cvar: "mp_scrambleteams_auto" "0"
L 03/20/2014 - 23:15:16: server_cvar: "mp_timelimit" "10"
L 03/20/2014 - 23:15:26: server_cvar: "mp_disable_respawn_times" "1"
L 03/20/2014 - 23:15:28: "Fortune the Don<57><STEAM_0:0:33251108><>" entered the game
L 03/20/2014 - 23:15:33: "leftwardfoil<83><STEAM_0:1:41907207><>" entered the game
L 03/20/2014 - 23:15:36: "Persi, the Neko God<12><STEAM_0:1:30286598><>" entered the game
L 03/20/2014 - 23:15:41: "Persi, the Neko God<12><STEAM_0:1:30286598><Unassigned>" joined team "Blue"
L 03/20/2014 - 23:15:42: "Fortune the Don<57><STEAM_0:0:33251108><Unassigned>" joined team "Red"
L 03/20/2014 - 23:15:43: "{BFG} Nikdragon<42><STEAM_0:0:78154965><>" entered the game
L 03/20/2014 - 23:15:43: "Fortune the Don<57><STEAM_0:0:33251108><Red>" changed role to "scout"
L 03/20/2014 - 23:15:45: "Persi, the Neko God<12><STEAM_0:1:30286598><Blue>" changed role to "medic"
L 03/20/2014 - 23:15:50: "Persi, the Neko God<12><STEAM_0:1:30286598><Blue>" changed role to "heavyweapons"
L 03/20/2014 - 23:15:50: "{BFG} Nikdragon<42><STEAM_0:0:78154965><Unassigned>" joined team "Red"
L 03/20/2014 - 23:15:52: "{BFG} Nikdragon<42><STEAM_0:0:78154965><Red>" changed role to "heavyweapons"
L 03/20/2014 - 23:15:56: "Herrocopter<67><STEAM_0:0:50403197><>" entered the game
L 03/20/2014 - 23:16:06: "Herrocopter<67><STEAM_0:0:50403197><Unassigned>" joined team "Blue"
L 03/20/2014 - 23:16:07: "Herrocopter<67><STEAM_0:0:50403197><Blue>" changed role to "demoman"
L 03/20/2014 - 23:16:10: "{SCG}ExcelsiorTheLion(NoVoice)<77><STEAM_0:1:6659757><>" disconnected (reason "{SCG}ExcelsiorTheLion(NoVoice) timed out")
L 03/20/2014 - 23:16:10: "Tiera Foxglove<44><STEAM_0:1:42733307><>" entered the game
L 03/20/2014 - 23:16:11: "leftwardfoil<83><STEAM_0:1:41907207><Unassigned>" joined team "Blue"
L 03/20/2014 - 23:16:11: "leftwardfoil<83><STEAM_0:1:41907207><Blue>" changed role to "spy"
L 03/20/2014 - 23:16:12: "Yirktos<62><STEAM_0:1:33950017><>" entered the game
L 03/20/2014 - 23:16:14: "Tiera Foxglove<44><STEAM_0:1:42733307><Unassigned>" joined team "Red"
L 03/20/2014 - 23:16:15: "Tiera Foxglove<44><STEAM_0:1:42733307><Red>" changed role to "sniper"
L 03/20/2014 - 23:16:16: "Yirktos<62><STEAM_0:1:33950017><Unassigned>" joined team "Red"
L 03/20/2014 - 23:16:18: "JaÃ¼ri, the Laughing Goddess<68><STEAM_0:1:17091633><>" disconnected (reason "JaÃ¼ri, the Laughing Goddess timed out")
L 03/20/2014 - 23:16:19: "Yirktos<62><STEAM_0:1:33950017><Red>" changed role to "sniper"
L 03/20/2014 - 23:16:25: "PhD Corvo Charizard<82><STEAM_0:0:33167288><>" entered the game
L 03/20/2014 - 23:16:32: "PhD Corvo Charizard<82><STEAM_0:0:33167288><Unassigned>" joined team "Blue"
L 03/20/2014 - 23:16:35: "PhD Corvo Charizard<82><STEAM_0:0:33167288><Blue>" changed role to "scout"
L 03/20/2014 - 23:16:44: World triggered "Round_Start"
L 03/20/2014 - 23:16:50: "Yirktos<62><STEAM_0:1:33950017><Red>" committed suicide with "world" (attacker_position "3526 126 -77")
L 03/20/2014 - 23:16:52: "Persi, the Neko God<12><STEAM_0:1:30286598><Blue>" changed role to "scout"
L 03/20/2014 - 23:17:04: "É›RRÉœ Dixon B. Tweenerlegs<84><STEAM_0:1:25247145><>" connected, address "174.58.58.165:27005"
L 03/20/2014 - 23:17:04: "É›RRÉœ Dixon B. Tweenerlegs<84><STEAM_0:1:25247145><>" STEAM USERID validated
L 03/20/2014 - 23:17:08: "{SCG}ExcelsiorTheLion(NoVoice)<85><STEAM_0:1:6659757><>" connected, address "76.191.154.141:27005"
L 03/20/2014 - 23:17:09: "{SCG}ExcelsiorTheLion(NoVoice)<85><STEAM_0:1:6659757><>" STEAM USERID validated
L 03/20/2014 - 23:17:15: "JaÃ¼ri, the Laughing Goddess<86><STEAM_0:1:17091633><>" connected, address "69.170.93.27:27005"
L 03/20/2014 - 23:17:15: "JaÃ¼ri, the Laughing Goddess<86><STEAM_0:1:17091633><>" STEAM USERID validated
L 03/20/2014 - 23:17:22: "leftwardfoil<83><STEAM_0:1:41907207><Blue>" killed "Yirktos<62><STEAM_0:1:33950017><Red>" with "ambassador" (attacker_position "710 -445 -47") (victim_position "1216 -428 -175")
L 03/20/2014 - 23:17:27: "Fortune the Don<57><STEAM_0:0:33251108><Red>" killed "leftwardfoil<83><STEAM_0:1:41907207><Blue>" with "scattergun" (customkill "feign_death") (attacker_position "1383 -65 -175") (victim_position "1231 -67 -114")
L 03/20/2014 - 23:17:29: "Herrocopter<67><STEAM_0:0:50403197><Blue>" committed suicide with "world" (attacker_position "-1 -658 -95")
L 03/20/2014 - 23:17:40: "Fortune the Don<57><STEAM_0:0:33251108><Red>" killed "PhD Corvo Charizard<82><STEAM_0:0:33167288><Blue>" with "sandman" (attacker_position "1460 -355 -175") (victim_position "1431 -391 -175")
L 03/20/2014 - 23:17:41: "leftwardfoil<83><STEAM_0:1:41907207><Blue>" killed "Tiera Foxglove<44><STEAM_0:1:42733307><Red>" with "ambassador" (attacker_position "822 691 96") (victim_position "685 504 96")
L 03/20/2014 - 23:17:46: "Fortune the Don<57><STEAM_0:0:33251108><Red>" killed "Persi, the Neko God<12><STEAM_0:1:30286598><Blue>" with "scattergun" (attacker_position "1346 -547 -175") (victim_position "1389 -398 -175")
L 03/20/2014 - 23:17:46: "Yirktos<62><STEAM_0:1:33950017><Red>" triggered "kill assist" against "Persi, the Neko God<12><STEAM_0:1:30286598><Blue>" (assister_position "1770 -568 -127") (attacker_position "1346 -547 -175") (victim_position "1389 -398 -175")
L 03/20/2014 - 23:17:49: "{SCG}ExcelsiorTheLion(NoVoice)<85><STEAM_0:1:6659757><>" entered the game
L 03/20/2014 - 23:17:51: "Fortune the Don<57><STEAM_0:0:33251108><Red>" committed suicide with "world" (customkill "saw") (attacker_position "594 230 -32")
L 03/20/2014 - 23:17:52: "Herrocopter<67><STEAM_0:0:50403197><Blue>" triggered "captureblocked" (cp "0") (cpname "Train Saw Laser") (position "-53 -74 7")
L 03/20/2014 - 23:17:52: "Herrocopter<67><STEAM_0:0:50403197><Blue>" killed "{BFG} Nikdragon<42><STEAM_0:0:78154965><Red>" with "paintrain" (attacker_position "-53 -74 7") (victim_position "-1 -95 7")
L 03/20/2014 - 23:17:53: "JaÃ¼ri, the Laughing Goddess<86><STEAM_0:1:17091633><>" entered the game
L 03/20/2014 - 23:17:58: "JaÃ¼ri, the Laughing Goddess<86><STEAM_0:1:17091633><Unassigned>" joined team "Red"
L 03/20/2014 - 23:17:58: "Tiera Foxglove<44><STEAM_0:1:42733307><Red>" triggered "jarate_attack" against "Herrocopter<67><STEAM_0:0:50403197><Blue>" with "tf_weapon_jar" (attacker_position "1303 807 56") (victim_position "1273 153 -175")
L 03/20/2014 - 23:17:59: "JaÃ¼ri, the Laughing Goddess<86><STEAM_0:1:17091633><Red>" changed role to "sniper"
L 03/20/2014 - 23:17:59: server_cvar: "mp_disable_respawn_times" "0"
L 03/20/2014 - 23:18:00: "{SCG}ExcelsiorTheLion(NoVoice)<85><STEAM_0:1:6659757><Unassigned>" joined team "Blue"
L 03/20/2014 - 23:18:02: "{SCG}ExcelsiorTheLion(NoVoice)<85><STEAM_0:1:6659757><Blue>" changed role to "heavyweapons"
L 03/20/2014 - 23:18:03: "Yirktos<62><STEAM_0:1:33950017><Red>" killed "Herrocopter<67><STEAM_0:0:50403197><Blue>" with "sniperrifle" (attacker_position "1562 462 -175") (victim_position "1458 394 -175")
L 03/20/2014 - 23:18:03: "Tiera Foxglove<44><STEAM_0:1:42733307><Red>" triggered "kill assist" against "Herrocopter<67><STEAM_0:0:50403197><Blue>" (assister_position "1126 590 96") (attacker_position "1562 462 -175") (victim_position "1458 394 -175")
L 03/20/2014 - 23:18:04: Team "Blue" triggered "pointcaptured" (cp "0") (cpname "Train Saw Laser") (numcappers "2") (player1 "Persi, the Neko God<12><STEAM_0:1:30286598><Blue>") (position1 "-62 -70 7") (player2 "PhD Corvo Charizard<82><STEAM_0:0:33167288><Blue>") (position2 "-121 -73 0") 
L 03/20/2014 - 23:18:09: "Fortune the Don<57><STEAM_0:0:33251108><Red>" say "oh i thought this was an arena map :["
L 03/20/2014 - 23:18:10: "JaÃ¼ri, the Laughing Goddess<86><STEAM_0:1:17091633><Red>" say "Wot?"
L 03/20/2014 - 23:18:10: "Persi, the Neko God<12><STEAM_0:1:30286598><Blue>" killed "Yirktos<62><STEAM_0:1:33950017><Red>" with "scattergun" (attacker_position "1634 759 -53") (victim_position "1403 771 6")
L 03/20/2014 - 23:18:20: "PhD Corvo Charizard<82><STEAM_0:0:33167288><Blue>" committed suicide with "world" (customkill "saw") (attacker_position "564 87 -47")
L 03/20/2014 - 23:18:22: "leftwardfoil<83><STEAM_0:1:41907207><Blue>" killed "JaÃ¼ri, the Laughing Goddess<86><STEAM_0:1:17091633><Red>" with "ambassador" (attacker_position "1414 0 -175") (victim_position "1685 83 -169")
L 03/20/2014 - 23:18:27: "Tiera Foxglove<44><STEAM_0:1:42733307><Red>" triggered "jarate_attack" against "{SCG}ExcelsiorTheLion(NoVoice)<85><STEAM_0:1:6659757><Blue>" with "tf_weapon_jar" (attacker_position "-26 11 7") (victim_position "-701 554 96")
L 03/20/2014 - 23:18:27: "Persi, the Neko God<12><STEAM_0:1:30286598><Blue>" committed suicide with "world" (attacker_position "22 160 0")
L 03/20/2014 - 23:18:30: "Herrocopter<67><STEAM_0:0:50403197><Blue>" triggered "captureblocked" (cp "0") (cpname "Train Saw Laser") (position "-261 -106 112")
L 03/20/2014 - 23:18:33: "Herrocopter<67><STEAM_0:0:50403197><Blue>" killed "Tiera Foxglove<44><STEAM_0:1:42733307><Red>" with "paintrain" (attacker_position "368 -279 -47") (victim_position "366 -220 -47")
L 03/20/2014 - 23:18:33: "{SCG}ExcelsiorTheLion(NoVoice)<85><STEAM_0:1:6659757><Blue>" triggered "kill assist" against "Tiera Foxglove<44><STEAM_0:1:42733307><Red>" (assister_position "-489 344 -47") (attacker_position "368 -279 -47") (victim_position "366 -220 -47")
L 03/20/2014 - 23:18:44: "Fortune the Don<57><STEAM_0:0:33251108><Red>" killed "{SCG}ExcelsiorTheLion(NoVoice)<85><STEAM_0:1:6659757><Blue>" with "scattergun" (attacker_position "447 -220 -47") (victim_position "43 -14 7")
L 03/20/2014 - 23:18:48: "leftwardfoil<83><STEAM_0:1:41907207><Blue>" killed "Yirktos<62><STEAM_0:1:33950017><Red>" with "voodoo_pin" (customkill "backstab") (attacker_position "732 -114 176") (victim_position "684 -126 176")
L 03/20/2014 - 23:18:48: "Herrocopter<67><STEAM_0:0:50403197><Blue>" killed "JaÃ¼ri, the Laughing Goddess<86><STEAM_0:1:17091633><Red>" with "paintrain" (attacker_position "886 351 -79") (victim_position "858 295 -70")
L 03/20/2014 - 23:18:50: "JaÃ¼ri, the Laughing Goddess<86><STEAM_0:1:17091633><Red>" killed "Herrocopter<67><STEAM_0:0:50403197><Blue>" with "world" (attacker_position "838 305 11") (victim_position "633 249 -47")
L 03/20/2014 - 23:18:50: "leftwardfoil<83><STEAM_0:1:41907207><Blue>" triggered "captureblocked" (cp "0") (cpname "Train Saw Laser") (position "97 -70 5")
L 03/20/2014 - 23:18:50: "leftwardfoil<83><STEAM_0:1:41907207><Blue>" killed "{BFG} Nikdragon<42><STEAM_0:0:78154965><Red>" with "voodoo_pin" (customkill "backstab") (attacker_position "97 -70 5") (victim_position "49 -30 7")
L 03/20/2014 - 23:18:50: "Persi, the Neko God<12><STEAM_0:1:30286598><Blue>" triggered "kill assist" against "{BFG} Nikdragon<42><STEAM_0:0:78154965><Red>" (assister_position "-514 -470 -47") (attacker_position "97 -70 5") (victim_position "49 -30 7")
L 03/20/2014 - 23:18:57: "leftwardfoil<83><STEAM_0:1:41907207><Blue>" committed suicide with "world" (customkill "saw") (attacker_position "559 128 -47")
L 03/20/2014 - 23:18:57: "Persi, the Neko God<12><STEAM_0:1:30286598><Blue>" committed suicide with "world" (attacker_position "-31 192 0")
L 03/20/2014 - 23:18:57: "{SCG}ExcelsiorTheLion(NoVoice)<85><STEAM_0:1:6659757><Blue>" changed role to "pyro"
L 03/20/2014 - 23:18:58: "{BFG} Nikdragon<42><STEAM_0:0:78154965><Red>" changed role to "demoman"
L 03/20/2014 - 23:18:59: "Yirktos<62><STEAM_0:1:33950017><Red>" committed suicide with "world" (attacker_position "3477 238 -79")
L 03/20/2014 - 23:19:03: "Ozzzy<54><STEAM_0:0:33986421><>" entered the game
L 03/20/2014 - 23:19:05: Team "Red" triggered "pointcaptured" (cp "0") (cpname "Train Saw Laser") (numcappers "1") (player1 "Fortune the Don<57><STEAM_0:0:33251108><Red>") (position1 "132 -120 0") 
L 03/20/2014 - 23:19:11: "Ozzzy<54><STEAM_0:0:33986421><Unassigned>" joined team "Red"
L 03/20/2014 - 23:19:12: "Ozzzy<54><STEAM_0:0:33986421><Red>" changed role to "demoman"
L 03/20/2014 - 23:19:15: "Tiera Foxglove<44><STEAM_0:1:42733307><Red>" killed "PhD Corvo Charizard<82><STEAM_0:0:33167288><Blue>" with "tf_projectile_arrow" (customkill "headshot") (attacker_position "1087 561 96") (victim_position "-185 -116 0")
L 03/20/2014 - 23:19:19: "JaÃ¼ri, the Laughing Goddess<86><STEAM_0:1:17091633><Red>" committed suicide with "world" (attacker_position "183 -303 -47")
L 03/20/2014 - 23:19:21: "Persi, the Neko God<12><STEAM_0:1:30286598><Blue>" committed suicide with "world" (customkill "saw") (attacker_position "-561 164 -47")
L 03/20/2014 - 23:19:31: "{SCG}ExcelsiorTheLion(NoVoice)<85><STEAM_0:1:6659757><Blue>" killed "Fortune the Don<57><STEAM_0:0:33251108><Red>" with "flamethrower" (attacker_position "338 -30 -31") (victim_position "290 -26 -7")
L 03/20/2014 - 23:19:33: "JaÃ¼ri, the Laughing Goddess<86><STEAM_0:1:17091633><Red>" committed suicide with "world" (attacker_position "3520 127 -78")
L 03/20/2014 - 23:19:34: "Herrocopter<67><STEAM_0:0:50403197><Blue>" killed "Yirktos<62><STEAM_0:1:33950017><Red>" with "paintrain" (attacker_position "843 -507 -65") (victim_position "796 -514 -49")
L 03/20/2014 - 23:19:34: "Ozzzy<54><STEAM_0:0:33986421><Red>" killed "{SCG}ExcelsiorTheLion(NoVoice)<85><STEAM_0:1:6659757><Blue>" with "tf_projectile_pipe" (attacker_position "-2 -777 -87") (victim_position "27 -406 -47")
L 03/20/2014 - 23:19:37: "toomoos<87><STEAM_0:1:33386821><>" connected, address "24.6.48.141:27005"
L 03/20/2014 - 23:19:38: "toomoos<87><STEAM_0:1:33386821><>" STEAM USERID validated
L 03/20/2014 - 23:19:50: "Ozzzy<54><STEAM_0:0:33986421><Red>" killed "Herrocopter<67><STEAM_0:0:50403197><Blue>" with "demokatana" (attacker_position "-788 -400 -47") (victim_position "-824 -376 -25")
L 03/20/2014 - 23:19:51: "Zingy Zigzagoon<88><STEAM_0:1:38093875><>" connected, address "71.83.109.153:24477"
L 03/20/2014 - 23:19:52: "Zingy Zigzagoon<88><STEAM_0:1:38093875><>" STEAM USERID validated
L 03/20/2014 - 23:19:53: "leftwardfoil<83><STEAM_0:1:41907207><Blue>" killed "Tiera Foxglove<44><STEAM_0:1:42733307><Red>" with "ambassador" (attacker_position "1021 711 96") (victim_position "825 744 96")
L 03/20/2014 - 23:19:55: "Fortune the Don<57><STEAM_0:0:33251108><Red>" killed "PhD Corvo Charizard<82><STEAM_0:0:33167288><Blue>" with "scattergun" (attacker_position "409 -301 -47") (victim_position "216 -217 -5")
L 03/20/2014 - 23:20:07: "Persi, the Neko God<12><STEAM_0:1:30286598><Blue>" committed suicide with "world" (customkill "saw") (attacker_position "623 254 -8")
L 03/20/2014 - 23:20:07: "Yirktos<62><STEAM_0:1:33950017><Red>" triggered "jarate_attack" against "leftwardfoil<83><STEAM_0:1:41907207><Blue>" with "tf_weapon_jar" (attacker_position "773 654 96") (victim_position "408 157 -47")
L 03/20/2014 - 23:20:09: "Ozzzy<54><STEAM_0:0:33986421><Red>" killed "leftwardfoil<83><STEAM_0:1:41907207><Blue>" with "demokatana" (attacker_position "411 29 -47") (victim_position "381 108 -47")
L 03/20/2014 - 23:20:09: "Yirktos<62><STEAM_0:1:33950017><Red>" triggered "kill assist" against "leftwardfoil<83><STEAM_0:1:41907207><Blue>" (assister_position "957 676 96") (attacker_position "411 29 -47") (victim_position "381 108 -47")
L 03/20/2014 - 23:20:11: "toomoos<87><STEAM_0:1:33386821><>" entered the game
L 03/20/2014 - 23:20:12: "leftwardfoil<83><STEAM_0:1:41907207><Blue>" changed role to "demoman"
L 03/20/2014 - 23:20:15: "Tiera Foxglove<44><STEAM_0:1:42733307><Red>" triggered "jarate_attack" against "Herrocopter<67><STEAM_0:0:50403197><Blue>" with "tf_weapon_jar" (attacker_position "1414 89 -175") (victim_position "1345 -285 -175")
L 03/20/2014 - 23:20:17: "Yirktos<62><STEAM_0:1:33950017><Red>" committed suicide with "world" (customkill "saw") (attacker_position "644 232 1")
L 03/20/2014 - 23:20:18: "Fortune the Don<57><STEAM_0:0:33251108><Red>" killed "Herrocopter<67><STEAM_0:0:50403197><Blue>" with "scattergun" (attacker_position "1206 25 -160") (victim_position "1181 -169 -63")
L 03/20/2014 - 23:20:18: "Tiera Foxglove<44><STEAM_0:1:42733307><Red>" triggered "kill assist" against "Herrocopter<67><STEAM_0:0:50403197><Blue>" (assister_position "1059 -244 -47") (attacker_position "1206 25 -160") (victim_position "1181 -169 -63")
L 03/20/2014 - 23:20:22: "Blizzard (Sean)áƒ¦<27><STEAM_0:1:47938377><>" disconnected (reason "Blizzard (Sean)áƒ¦ timed out")
L 03/20/2014 - 23:20:23: "PhD Corvo Charizard<82><STEAM_0:0:33167288><Blue>" killed "{BFG} Nikdragon<42><STEAM_0:0:78154965><Red>" with "pep_brawlerblaster" (attacker_position "-2245 -388 -127") (victim_position "-1998 -487 -127")
L 03/20/2014 - 23:20:23: "Persi, the Neko God<12><STEAM_0:1:30286598><Blue>" triggered "kill assist" against "{BFG} Nikdragon<42><STEAM_0:0:78154965><Red>" (assister_position "-2445 -481 -127") (attacker_position "-2245 -388 -127") (victim_position "-1998 -487 -127")
L 03/20/2014 - 23:20:23: "Persi, the Neko God<12><STEAM_0:1:30286598><Blue>" committed suicide with "world" (customkill "train") (attacker_position "-2445 -481 -127")
L 03/20/2014 - 23:20:23: "JaÃ¼ri, the Laughing Goddess<86><STEAM_0:1:17091633><Red>" committed suicide with "world" (customkill "saw") (attacker_position "18 -13 -433")
L 03/20/2014 - 23:20:25: "toomoos<87><STEAM_0:1:33386821><Unassigned>" joined team "Blue"
L 03/20/2014 - 23:20:26: "toomoos<87><STEAM_0:1:33386821><Blue>" changed role to "scout"
L 03/20/2014 - 23:20:29: "Ozzzy<54><STEAM_0:0:33986421><Red>" killed "PhD Corvo Charizard<82><STEAM_0:0:33167288><Blue>" with "tf_projectile_pipe" (attacker_position "150 -398 -47") (victim_position "-74 -312 -47")
L 03/20/2014 - 23:20:30: "Ozzzy<54><STEAM_0:0:33986421><Red>" killed "{SCG}ExcelsiorTheLion(NoVoice)<85><STEAM_0:1:6659757><Blue>" with "tf_projectile_pipe" (attacker_position "41 -437 -47") (victim_position "-87 -350 -47")
L 03/20/2014 - 23:20:34: "Ozzzy<54><STEAM_0:0:33986421><Red>" killed "leftwardfoil<83><STEAM_0:1:41907207><Blue>" with "tf_projectile_pipe" (attacker_position "191 -257 -47") (victim_position "407 -355 -47")
L 03/20/2014 - 23:20:34: "Fortune the Don<57><STEAM_0:0:33251108><Red>" triggered "kill assist" against "leftwardfoil<83><STEAM_0:1:41907207><Blue>" (assister_position "1128 -405 -71") (attacker_position "191 -257 -47") (victim_position "407 -355 -47")
L 03/20/2014 - 23:20:48: "leftwardfoil<83><STEAM_0:1:41907207><Blue>" changed role to "spy"
L 03/20/2014 - 23:20:51: "Ozzzy<54><STEAM_0:0:33986421><Red>" killed "PhD Corvo Charizard<82><STEAM_0:0:33167288><Blue>" with "demokatana" (attacker_position "-1363 264 -175") (victim_position "-1308 229 -175")
L 03/20/2014 - 23:21:01: "Zingy Zigzagoon<88><STEAM_0:1:38093875><>" entered the game
L 03/20/2014 - 23:21:02: "toomoos<87><STEAM_0:1:33386821><Blue>" killed "Ozzzy<54><STEAM_0:0:33986421><Red>" with "world" (attacker_position "-820 -38 176") (victim_position "153 -383 -15")
L 03/20/2014 - 23:21:04: "leftwardfoil<83><STEAM_0:1:41907207><Blue>" disconnected (reason "Disconnect by user.")
L 03/20/2014 - 23:21:05: "{SCG}ExcelsiorTheLion(NoVoice)<85><STEAM_0:1:6659757><Blue>" killed "Yirktos<62><STEAM_0:1:33950017><Red>" with "flamethrower" (attacker_position "-442 -317 -47") (victim_position "-587 -478 -47")
L 03/20/2014 - 23:21:09: "Persi, the Neko God<12><STEAM_0:1:30286598><Blue>" killed "Fortune the Don<57><STEAM_0:0:33251108><Red>" with "scattergun" (attacker_position "795 -431 -49") (victim_position "531 -174 -47")
L 03/20/2014 - 23:21:09: "Zingy Zigzagoon<88><STEAM_0:1:38093875><Unassigned>" joined team "Blue"
L 03/20/2014 - 23:21:10: "Yirktos<62><STEAM_0:1:33950017><Red>" changed role to "soldier"
L 03/20/2014 - 23:21:10: Team "Blue" triggered "pointcaptured" (cp "0") (cpname "Train Saw Laser") (numcappers "1") (player1 "Herrocopter<67><STEAM_0:0:50403197><Blue>") (position1 "-22 -59 7") 
L 03/20/2014 - 23:21:10: "Tiera Foxglove<44><STEAM_0:1:42733307><Red>" killed "{SCG}ExcelsiorTheLion(NoVoice)<85><STEAM_0:1:6659757><Blue>" with "tf_projectile_arrow" (attacker_position "791 545 96") (victim_position "242 -215 -47")
L 03/20/2014 - 23:21:11: "toomoos<87><STEAM_0:1:33386821><Blue>" killed "JaÃ¼ri, the Laughing Goddess<86><STEAM_0:1:17091633><Red>" with "holy_mackerel" (attacker_position "-283 226 -47") (victim_position "-258 292 -47")
L 03/20/2014 - 23:21:11: "Zingy Zigzagoon<88><STEAM_0:1:38093875><Blue>" changed role to "spy"
L 03/20/2014 - 23:21:14: "toomoos<87><STEAM_0:1:33386821><Blue>" committed suicide with "world" (attacker_position "-27 279 0")
L 03/20/2014 - 23:21:15: "Ozzzy<54><STEAM_0:0:33986421><Red>" committed suicide with "world" (customkill "train") (attacker_position "3067 471 -127")
L 03/20/2014 - 23:21:16: "Persi, the Neko God<12><STEAM_0:1:30286598><Blue>" committed suicide with "world" (customkill "train") (attacker_position "135 -29 0")
L 03/20/2014 - 23:21:16: "{BFG} Nikdragon<42><STEAM_0:0:78154965><Red>" committed suicide with "world" (customkill "saw") (attacker_position "87 32 -270")
L 03/20/2014 - 23:21:19: "Ozzzy<54><STEAM_0:0:33986421><Red>" say "WAIT WHAT"
L 03/20/2014 - 23:21:21: "Tiera Foxglove<44><STEAM_0:1:42733307><Red>" triggered "jarate_attack" against "Herrocopter<67><STEAM_0:0:50403197><Blue>" with "tf_weapon_jar" (attacker_position "791 545 96") (victim_position "598 341 -47")
L 03/20/2014 - 23:21:31: "Tiera Foxglove<44><STEAM_0:1:42733307><Red>" killed "Herrocopter<67><STEAM_0:0:50403197><Blue>" with "tf_projectile_arrow" (customkill "headshot") (attacker_position "597 602 96") (victim_position "596 650 96")
L 03/20/2014 - 23:21:32: server_cvar: "sm_nextmap" "tfdb_redcourt_intox"
L 03/20/2014 - 23:21:34: "Fortune the Don<57><STEAM_0:0:33251108><Red>" killed "PhD Corvo Charizard<82><STEAM_0:0:33167288><Blue>" with "scattergun" (attacker_position "1190 397 -175") (victim_position "1186 319 -175")
L 03/20/2014 - 23:21:38: "Zingy Zigzagoon<88><STEAM_0:1:38093875><Blue>" killed "Yirktos<62><STEAM_0:1:33950017><Red>" with "voodoo_pin" (customkill "backstab") (attacker_position "1114 -458 -155") (victim_position "1079 -447 -120")
L 03/20/2014 - 23:21:40: "JaÃ¼ri, the Laughing Goddess<86><STEAM_0:1:17091633><Red>" committed suicide with "world" (customkill "saw") (attacker_position "50 -2 -437")
L 03/20/2014 - 23:21:41: "Zingy Zigzagoon<88><STEAM_0:1:38093875><Blue>" killed "Ozzzy<54><STEAM_0:0:33986421><Red>" with "voodoo_pin" (customkill "backstab") (attacker_position "492 -250 -47") (victim_position "439 -289 -47")
L 03/20/2014 - 23:21:41: "Persi, the Neko God<12><STEAM_0:1:30286598><Blue>" triggered "kill assist" against "Ozzzy<54><STEAM_0:0:33986421><Red>" (assister_position "299 -286 -47") (attacker_position "492 -250 -47") (victim_position "439 -289 -47")
L 03/20/2014 - 23:21:44: "Fortune the Don<57><STEAM_0:0:33251108><Red>" killed "Persi, the Neko God<12><STEAM_0:1:30286598><Blue>" with "scattergun" (attacker_position "460 -32 -47") (victim_position "365 138 -47")
L 03/20/2014 - 23:21:48: Team "Red" triggered "pointcaptured" (cp "0") (cpname "Train Saw Laser") (numcappers "1") (player1 "Fortune the Don<57><STEAM_0:0:33251108><Red>") (position1 "233 -34 0") 
L 03/20/2014 - 23:21:52: "The Mutagen(enraged)<89><STEAM_0:0:49010827><>" connected, address "107.209.255.38:27005"
L 03/20/2014 - 23:21:52: "toomoos<87><STEAM_0:1:33386821><Blue>" committed suicide with "world" (customkill "train") (attacker_position "-464 240 99")
L 03/20/2014 - 23:21:53: "Yirktos<62><STEAM_0:1:33950017><Red>" committed suicide with "world" (customkill "train") (attacker_position "2979 522 -78")
L 03/20/2014 - 23:21:53: "The Mutagen(enraged)<89><STEAM_0:0:49010827><>" STEAM USERID validated
L 03/20/2014 - 23:21:54: "Zingy Zigzagoon<88><STEAM_0:1:38093875><Blue>" committed suicide with "world" (customkill "train") (attacker_position "1343 429 -207")
L 03/20/2014 - 23:21:56: "JaÃ¼ri, the Laughing Goddess<86><STEAM_0:1:17091633><Red>" committed suicide with "world" (customkill "train") (attacker_position "2403 -436 -127")
L 03/20/2014 - 23:22:01: Team "Blue" triggered "pointcaptured" (cp "0") (cpname "Train Saw Laser") (numcappers "2") (player1 "Herrocopter<67><STEAM_0:0:50403197><Blue>") (position1 "57 52 7") (player2 "PhD Corvo Charizard<82><STEAM_0:0:33167288><Blue>") (position2 "-4 -110 5") 
L 03/20/2014 - 23:22:05: "Tiera Foxglove<44><STEAM_0:1:42733307><Red>" triggered "jarate_attack" against "Herrocopter<67><STEAM_0:0:50403197><Blue>" with "tf_weapon_jar" (attacker_position "827 730 96") (victim_position "131 -82 0")
L 03/20/2014 - 23:22:05: "PhD Corvo Charizard<82><STEAM_0:0:33167288><Blue>" committed suicide with "world" (customkill "train") (attacker_position "-455 219 -47")
L 03/20/2014 - 23:22:07: "Persi, the Neko God<12><STEAM_0:1:30286598><Blue>" killed "{BFG} Nikdragon<42><STEAM_0:0:78154965><Red>" with "scattergun" (attacker_position "-821 -425 -57") (victim_position "-1047 -540 -133")
L 03/20/2014 - 23:22:07: "PhD Corvo Charizard<82><STEAM_0:0:33167288><Blue>" triggered "kill assist" against "{BFG} Nikdragon<42><STEAM_0:0:78154965><Red>" (assister_position "-455 219 -33") (attacker_position "-821 -425 -57") (victim_position "-1047 -540 -133")
L 03/20/2014 - 23:22:10: "É›RRÉœ Dixon B. Tweenerlegs<84><STEAM_0:1:25247145><>" disconnected (reason "É›RRÉœ Dixon B. Tweenerlegs timed out")
L 03/20/2014 - 23:22:14: "Fortune the Don<57><STEAM_0:0:33251108><Red>" killed "Herrocopter<67><STEAM_0:0:50403197><Blue>" with "scattergun" (attacker_position "1405 -66 -175") (victim_position "1484 -212 -164")
L 03/20/2014 - 23:22:14: "Tiera Foxglove<44><STEAM_0:1:42733307><Red>" triggered "kill assist" against "Herrocopter<67><STEAM_0:0:50403197><Blue>" (assister_position "772 731 96") (attacker_position "1405 -66 -175") (victim_position "1484 -212 -164")
L 03/20/2014 - 23:22:15: "Ozzzy<54><STEAM_0:0:33986421><Red>" killed "{SCG}ExcelsiorTheLion(NoVoice)<85><STEAM_0:1:6659757><Blue>" with "tf_projectile_pipe" (attacker_position "532 -5 -47") (victim_position "117 -9 3")
L 03/20/2014 - 23:22:16: "Ozzzy<54><STEAM_0:0:33986421><Red>" committed suicide with "world" (customkill "saw") (attacker_position "567 71 -47")
L 03/20/2014 - 23:22:19: "Fortune the Don<57><STEAM_0:0:33251108><Red>" killed "toomoos<87><STEAM_0:1:33386821><Blue>" with "world" (attacker_position "569 414 -47") (victim_position "555 151 -47")
L 03/20/2014 - 23:22:19: "Ozzzy<54><STEAM_0:0:33986421><Red>" say "jesus"
L 03/20/2014 - 23:22:24: "Ozzzy<54><STEAM_0:0:33986421><Red>" say "this map"
L 03/20/2014 - 23:22:25: Team "Red" triggered "pointcaptured" (cp "0") (cpname "Train Saw Laser") (numcappers "1") (player1 "Fortune the Don<57><STEAM_0:0:33251108><Red>") (position1 "27 -149 0") 
L 03/20/2014 - 23:22:29: "Fortune the Don<57><STEAM_0:0:33251108><Red>" killed "Persi, the Neko God<12><STEAM_0:1:30286598><Blue>" with "scattergun" (attacker_position "744 359 -47") (victim_position "1287 316 -126")
L 03/20/2014 - 23:22:30: "JaÃ¼ri, the Laughing Goddess<86><STEAM_0:1:17091633><Red>" committed suicide with "world" (customkill "train") (attacker_position "-866 -114 -244")
L 03/20/2014 - 23:22:31: "É›RRÉœ Dixon B. Tweenerlegs<90><STEAM_0:1:25247145><>" connected, address "174.58.58.165:27005"
L 03/20/2014 - 23:22:31: "É›RRÉœ Dixon B. Tweenerlegs<90><STEAM_0:1:25247145><>" STEAM USERID validated
L 03/20/2014 - 23:22:37: "PhD Corvo Charizard<82><STEAM_0:0:33167288><Blue>" committed suicide with "world" (attacker_position "-174 -6 0")
L 03/20/2014 - 23:22:39: "Zingy Zigzagoon<88><STEAM_0:1:38093875><Blue>" killed "Yirktos<62><STEAM_0:1:33950017><Red>" with "voodoo_pin" (customkill "backstab") (attacker_position "432 168 -47") (victim_position "426 96 -47")
L 03/20/2014 - 23:22:42: "É›RRÉœ Dixon B. Tweenerlegs<90><STEAM_0:1:25247145><>" entered the game
L 03/20/2014 - 23:22:44: Team "Blue" triggered "pointcaptured" (cp "0") (cpname "Train Saw Laser") (numcappers "2") (player1 "toomoos<87><STEAM_0:1:33386821><Blue>") (position1 "-40 -68 7") (player2 "Herrocopter<67><STEAM_0:0:50403197><Blue>") (position2 "38 146 0") 
L 03/20/2014 - 23:22:45: "Zingy Zigzagoon<88><STEAM_0:1:38093875><Blue>" killed "Fortune the Don<57><STEAM_0:0:33251108><Red>" with "voodoo_pin" (customkill "backstab") (attacker_position "582 -502 -47") (victim_position "528 -500 -47")
L 03/20/2014 - 23:22:47: "Herrocopter<67><STEAM_0:0:50403197><Blue>" killed "Ozzzy<54><STEAM_0:0:33986421><Red>" with "world" (attacker_position "521 -37 -47") (victim_position "561 99 -47")
L 03/20/2014 - 23:22:48: "Ozzzy<54><STEAM_0:0:33986421><Red>" killed "toomoos<87><STEAM_0:1:33386821><Blue>" with "world" (attacker_position "561 99 -33") (victim_position "366 -227 -47")
L 03/20/2014 - 23:22:49: "{BFG} Nikdragon<42><STEAM_0:0:78154965><Red>" committed suicide with "world" (customkill "saw") (attacker_position "275 74 -47")
L 03/20/2014 - 23:22:52: "Ozzzy<54><STEAM_0:0:33986421><Red>" say "argh, those blades"
L 03/20/2014 - 23:22:52: "toomoos<87><STEAM_0:1:33386821><Blue>" changed role to "demoman"
L 03/20/2014 - 23:22:54: "JaÃ¼ri, the Laughing Goddess<86><STEAM_0:1:17091633><Red>" killed "Zingy Zigzagoon<88><STEAM_0:1:38093875><Blue>" with "club" (attacker_position "1358 -187 -175") (victim_position "1327 -154 -175")
L 03/20/2014 - 23:22:55: "É›RRÉœ Dixon B. Tweenerlegs<90><STEAM_0:1:25247145><Unassigned>" joined team "Blue"
L 03/20/2014 - 23:22:57: "É›RRÉœ Dixon B. Tweenerlegs<90><STEAM_0:1:25247145><Blue>" changed role to "heavyweapons"
L 03/20/2014 - 23:22:58: "Tiera Foxglove<44><STEAM_0:1:42733307><Red>" triggered "jarate_attack" against "Herrocopter<67><STEAM_0:0:50403197><Blue>" with "tf_weapon_jar" (attacker_position "1117 631 96") (victim_position "1090 753 96")
L 03/20/2014 - 23:23:01: "Herrocopter<67><STEAM_0:0:50403197><Blue>" killed "Tiera Foxglove<44><STEAM_0:1:42733307><Red>" with "paintrain" (attacker_position "1299 454 -175") (victim_position "1251 426 -175")
L 03/20/2014 - 23:23:05: "{BFG} Nikdragon<42><STEAM_0:0:78154965><Red>" changed role to "pyro"
L 03/20/2014 - 23:23:06: "Yirktos<62><STEAM_0:1:33950017><Red>" killed "Persi, the Neko God<12><STEAM_0:1:30286598><Blue>" with "quake_rl" (attacker_position "1178 775 64") (victim_position "1552 707 -31")
L 03/20/2014 - 23:23:06: "Ozzzy<54><STEAM_0:0:33986421><Red>" triggered "kill assist" against "Persi, the Neko God<12><STEAM_0:1:30286598><Blue>" (assister_position "2032 725 -127") (attacker_position "1178 775 64") (victim_position "1552 707 -31")
L 03/20/2014 - 23:23:09: "{SCG}ExcelsiorTheLion(NoVoice)<85><STEAM_0:1:6659757><Blue>" committed suicide with "world" (customkill "train") (attacker_position "604 -895 -261")
L 03/20/2014 - 23:23:12: "Fortune the Don<57><STEAM_0:0:33251108><Red>" killed "Herrocopter<67><STEAM_0:0:50403197><Blue>" with "sandman" (attacker_position "561 -347 -47") (victim_position "541 -303 -47")
L 03/20/2014 - 23:23:16: "toomoos<87><STEAM_0:1:33386821><Blue>" killed "Yirktos<62><STEAM_0:1:33950017><Red>" with "loch_n_load" (attacker_position "341 154 0") (victim_position "339 -14 -32")
L 03/20/2014 - 23:23:17: Team "Red" triggered "pointcaptured" (cp "0") (cpname "Train Saw Laser") (numcappers "2") (player1 "Ozzzy<54><STEAM_0:0:33986421><Red>") (position1 "2 -36 7") (player2 "Fortune the Don<57><STEAM_0:0:33251108><Red>") (position2 "142 -92 0") 
L 03/20/2014 - 23:23:18: "toomoos<87><STEAM_0:1:33386821><Blue>" committed suicide with "world" (attacker_position "-45 272 0")
L 03/20/2014 - 23:23:20: "Fortune the Don<57><STEAM_0:0:33251108><Red>" committed suicide with "world" (customkill "saw") (attacker_position "565 81 -47")
L 03/20/2014 - 23:23:22: "{BFG} Nikdragon<42><STEAM_0:0:78154965><Red>" committed suicide with "world" (customkill "train") (attacker_position "387 -199 -47")
L 03/20/2014 - 23:23:22: "toomoos<87><STEAM_0:1:33386821><Blue>" changed role to "scout"
L 03/20/2014 - 23:23:23: "Persi, the Neko God<12><STEAM_0:1:30286598><Blue>" committed suicide with "world" (customkill "train") (attacker_position "-2564 -369 -127")
L 03/20/2014 - 23:23:27: "É›RRÉœ Dixon B. Tweenerlegs<90><STEAM_0:1:25247145><Blue>" say "( Í¡Â° ÍœÊ– Í¡Â°)"
L 03/20/2014 - 23:23:37: "Tiera Foxglove<44><STEAM_0:1:42733307><Red>" triggered "jarate_attack" against "Herrocopter<67><STEAM_0:0:50403197><Blue>" with "tf_weapon_jar" (attacker_position "756 676 96") (victim_position "146 -55 0")
L 03/20/2014 - 23:23:39: Team "Blue" triggered "pointcaptured" (cp "0") (cpname "Train Saw Laser") (numcappers "2") (player1 "toomoos<87><STEAM_0:1:33386821><Blue>") (position1 "-30 -2 7") (player2 "Herrocopter<67><STEAM_0:0:50403197><Blue>") (position2 "56 55 7") 
L 03/20/2014 - 23:23:41: "É›RRÉœ Dixon B. Tweenerlegs<90><STEAM_0:1:25247145><Blue>" committed suicide with "world" (customkill "saw") (attacker_position "-584 48 -47")
L 03/20/2014 - 23:23:42: "Tiera Foxglove<44><STEAM_0:1:42733307><Red>" killed "Herrocopter<67><STEAM_0:0:50403197><Blue>" with "tf_projectile_arrow" (attacker_position "442 340 -47") (victim_position "466 -210 -14")
L 03/20/2014 - 23:23:42: "Fortune the Don<57><STEAM_0:0:33251108><Red>" triggered "kill assist" against "Herrocopter<67><STEAM_0:0:50403197><Blue>" (assister_position "503 -12 -47") (attacker_position "442 340 -47") (victim_position "466 -210 -14")
L 03/20/2014 - 23:23:42: "Fortune the Don<57><STEAM_0:0:33251108><Red>" triggered "domination" against "Herrocopter<67><STEAM_0:0:50403197><Blue>" (assist "1")
L 03/20/2014 - 23:23:44: "{BFG} Nikdragon<42><STEAM_0:0:78154965><Red>" committed suicide with "world" (customkill "train") (attacker_position "2968 503 -127")
L 03/20/2014 - 23:23:44: "{SCG}ExcelsiorTheLion(NoVoice)<85><STEAM_0:1:6659757><Blue>" killed "JaÃ¼ri, the Laughing Goddess<86><STEAM_0:1:17091633><Red>" with "world" (attacker_position "-716 -209 176") (victim_position "1455 -519 -175")
L 03/20/2014 - 23:23:44: "Zingy Zigzagoon<88><STEAM_0:1:38093875><Blue>" killed "Tiera Foxglove<44><STEAM_0:1:42733307><Red>" with "world" (attacker_position "471 84 -47") (victim_position "495 301 -47")
L 03/20/2014 - 23:23:45: "Ozzzy<54><STEAM_0:0:33986421><Red>" committed suicide with "world" (customkill "saw") (attacker_position "-196 0 0")
L 03/20/2014 - 23:23:46: "Fortune the Don<57><STEAM_0:0:33251108><Red>" killed "Zingy Zigzagoon<88><STEAM_0:1:38093875><Blue>" with "scattergun" (attacker_position "683 -401 -47") (victim_position "716 -173 -47")
L 03/20/2014 - 23:23:48: "JaÃ¼ri, the Laughing Goddess<86><STEAM_0:1:17091633><Red>" changed role to "spy"
L 03/20/2014 - 23:23:50: "É›RRÉœ Dixon B. Tweenerlegs<90><STEAM_0:1:25247145><Blue>" changed role to "engineer"
L 03/20/2014 - 23:23:59: "{SCG}ExcelsiorTheLion(NoVoice)<85><STEAM_0:1:6659757><Blue>" killed "Yirktos<62><STEAM_0:1:33950017><Red>" with "flamethrower" (attacker_position "1021 -457 -124") (victim_position "1317 -223 -175")
L 03/20/2014 - 23:23:59: "Persi, the Neko God<12><STEAM_0:1:30286598><Blue>" triggered "kill assist" against "Yirktos<62><STEAM_0:1:33950017><Red>" (assister_position "1426 -249 -108") (attacker_position "1021 -457 -124") (victim_position "1317 -223 -175")
L 03/20/2014 - 23:24:03: World triggered "Round_Overtime"
L 03/20/2014 - 23:24:03: "Persi, the Neko God<12><STEAM_0:1:30286598><Blue>" killed "Fortune the Don<57><STEAM_0:0:33251108><Red>" with "scattergun" (attacker_position "597 -296 -47") (victim_position "272 -1 19")
L 03/20/2014 - 23:24:03: "toomoos<87><STEAM_0:1:33386821><Blue>" triggered "kill assist" against "Fortune the Don<57><STEAM_0:0:33251108><Red>" (assister_position "-54 -53 7") (attacker_position "597 -296 -47") (victim_position "272 -1 19")
L 03/20/2014 - 23:24:06: "Persi, the Neko God<12><STEAM_0:1:30286598><Blue>" committed suicide with "world" (customkill "saw") (attacker_position "617 245 -47")
L 03/20/2014 - 23:24:06: "É›RRÉœ Dixon B. Tweenerlegs<90><STEAM_0:1:25247145><Blue>" triggered "builtobject" (object "OBJ_SENTRYGUN") (position "-429 45 -47")
L 03/20/2014 - 23:24:10: "{SCG}ExcelsiorTheLion(NoVoice)<85><STEAM_0:1:6659757><Blue>" triggered "captureblocked" (cp "0") (cpname "Train Saw Laser") (position "26 -80 7")
L 03/20/2014 - 23:24:10: "{SCG}ExcelsiorTheLion(NoVoice)<85><STEAM_0:1:6659757><Blue>" killed "Ozzzy<54><STEAM_0:0:33986421><Red>" with "flamethrower" (attacker_position "26 -80 7") (victim_position "-21 -97 7")
L 03/20/2014 - 23:24:13: World triggered "Round_Win" (winner "Blue")
L 03/20/2014 - 23:24:13: World triggered "Round_Length" (seconds "448.99")
L 03/20/2014 - 23:24:13: Team "Red" current score "0" with "6" players
L 03/20/2014 - 23:24:13: Team "Blue" current score "1" with "7" players
L 03/20/2014 - 23:24:18: "Tiera Foxglove<44><STEAM_0:1:42733307><Red>" committed suicide with "world" (customkill "train") (attacker_position "-3 -865 -505")
L 03/20/2014 - 23:24:19: "toomoos<87><STEAM_0:1:33386821><Blue>" killed "{BFG} Nikdragon<42><STEAM_0:0:78154965><Red>" with "holy_mackerel" (attacker_position "2096 -96 -127") (victim_position "2151 -103 -93")
L 03/20/2014 - 23:24:20: "Herrocopter<67><STEAM_0:0:50403197><Blue>" committed suicide with "tf_pumpkin_bomb" (attacker_position "2095 -102 -127")
L 03/20/2014 - 23:24:24: "Zingy Zigzagoon<88><STEAM_0:1:38093875><Blue>" killed "Yirktos<62><STEAM_0:1:33950017><Red>" with "voodoo_pin" (customkill "backstab") (attacker_position "3095 -205 -127") (victim_position "3089 -152 -127")
L 03/20/2014 - 23:24:28: World triggered "Game_Over" reason "Reached Time Limit"
L 03/20/2014 - 23:24:28: Team "Red" final score "0" with "6" players
L 03/20/2014 - 23:24:28: Team "Blue" final score "1" with "7" players
L 03/20/2014 - 23:24:28: "Yirktos<62><STEAM_0:1:33950017><Red>" disconnected (reason "Disconnect by user.")
L 03/20/2014 - 23:24:29: "Zingy Zigzagoon<88><STEAM_0:1:38093875><Blue>" committed suicide with "world" (attacker_position "3525 120 -127")
L 03/20/2014 - 23:24:35: "Fortune the Don<57><STEAM_0:0:33251108><Red>" disconnected (reason "Disconnect by user.")
L 03/20/2014 - 23:24:37: "Ozzzy<54><STEAM_0:0:33986421><Red>" say "mapchange already?"
L 03/20/2014 - 23:24:38: [META] Loaded 0 plugins (4 already loaded)
L 03/20/2014 - 23:24:38: [META] Loaded 0 plugins (4 already loaded)
L 03/20/2014 - 23:24:38: Loading map "tfdb_redcourt_intox"
L 03/20/2014 - 23:24:38: server cvars start
L 03/20/2014 - 23:24:38: "stripper_version" = "1.2.2"
L 03/20/2014 - 23:24:38: "sm_zf_version" = "4.3.0.0"
L 03/20/2014 - 23:24:38: "tf2items_rnd_normals" = "0"
L 03/20/2014 - 23:24:38: "tf2items_rnd_enabled" = "0"
L 03/20/2014 - 23:24:38: "tf2items_rnd_version" = "1.591"
L 03/20/2014 - 23:24:38: "prophunt_redux_version" = "3.0.2"
L 03/20/2014 - 23:24:38: "sm_uberspawn" = "1.0"
L 03/20/2014 - 23:24:38: "ufov_version" = "1.2.0"
L 03/20/2014 - 23:24:38: "scp_version" = "1.1.5"
L 03/20/2014 - 23:24:38: "rainbowize_version" = "1.6.2"
L 03/20/2014 - 23:24:38: "improved_map_randomizer_version" = "3.4.5"
L 03/20/2014 - 23:24:38: "sm_executeconfigs_version" = "1.2.2"
L 03/20/2014 - 23:24:38: "sm_mapcron_version" = "1.2 RC"
L 03/20/2014 - 23:24:38: "sm_buildrestrict_version" = "0.5.5"
L 03/20/2014 - 23:24:38: "sm_namechangeinfo_version" = "13.0918.1"
L 03/20/2014 - 23:24:38: "sm_tf2ii_version" = "1.8.17.4-20130729"
L 03/20/2014 - 23:24:38: "nativevotes_version" = "0.8.1"
L 03/20/2014 - 23:24:38: "sm_commandcooldowns_version" = "14.0222.0"
L 03/20/2014 - 23:24:38: "sm_tnounlockspls_version" = "0.4.8"
L 03/20/2014 - 23:24:38: "sm_srvcln_version" = "1.2.2"
L 03/20/2014 - 23:24:38: "swapteam_version" = "1.2.5"
L 03/20/2014 - 23:24:38: "scme_version" = "1.0.0"
L 03/20/2014 - 23:24:38: "sm_tnounlockspls_noext_version" = "0.4.0"
L 03/20/2014 - 23:24:38: "sm_fakeandforce_version" = "2.0"
L 03/20/2014 - 23:24:38: "sourcecomms_version" = "0.8.253"
L 03/20/2014 - 23:24:38: "nativevotes_basevotes_version" = "1.5.2"
L 03/20/2014 - 23:24:38: "sb_version" = "1.4.8"
L 03/20/2014 - 23:24:38: "basicdonator_recog_v" = "0.5"
L 03/20/2014 - 23:24:38: "fw_money_balance" = "1000"
L 03/20/2014 - 23:24:38: "fw_money_destroy_sentry" = "75"
L 03/20/2014 - 23:24:38: "fw_money_destroy_dispenser" = "75"
L 03/20/2014 - 23:24:38: "fw_money_backstab" = "50"
L 03/20/2014 - 23:24:38: "fw_money_headshot" = "50"
L 03/20/2014 - 23:24:38: "fw_money_domination" = "300"
L 03/20/2014 - 23:24:38: "fw_money_kill" = "100"
L 03/20/2014 - 23:24:38: "fw_money_win" = "1000"
L 03/20/2014 - 23:24:38: "fw_money_start" = "1000"
L 03/20/2014 - 23:24:38: "fw_unlock_menu_style" = "1"
L 03/20/2014 - 23:24:38: "fw_lulz" = "0"
L 03/20/2014 - 23:24:38: "fw_no_limit_time" = "60"
L 03/20/2014 - 23:24:38: "fw_setup_time" = "-1"
L 03/20/2014 - 23:24:38: "fw_prop_shadows" = "1"
L 03/20/2014 - 23:24:38: "fw_prop_health_multipler" = "1"
L 03/20/2014 - 23:24:38: "fw_stuck_protection" = "1"
L 03/20/2014 - 23:24:38: "fw_custom_spawn" = "0"
L 03/20/2014 - 23:24:38: "fw_spawn_protection" = "2.5"
L 03/20/2014 - 23:24:38: "fw_props_per_player_admin" = "70"
L 03/20/2014 - 23:24:38: "fw_props_per_player" = "70"
L 03/20/2014 - 23:24:38: "fw_props_per_team" = "250"
L 03/20/2014 - 23:24:38: "fw_maps" = "1"
L 03/20/2014 - 23:24:38: "fw_sql" = "1"
L 03/20/2014 - 23:24:38: "fw_version" = "6.52"
L 03/20/2014 - 23:24:38: "sm_testingtime_version" = "1.2"
L 03/20/2014 - 23:24:38: "stockmodels_version" = "1.0"
L 03/20/2014 - 23:24:38: "tf_models_list" = "tf2_modellist"
L 03/20/2014 - 23:24:38: "tf_models_blocktriggers" = "1"
L 03/20/2014 - 23:24:38: "tf_models_delayonspawn" = "0.1"
L 03/20/2014 - 23:24:38: "tf_models_force_admins" = "0"
L 03/20/2014 - 23:24:38: "tf_models_force_users" = "0"
L 03/20/2014 - 23:24:38: "tf_models_announce_plugin" = "1"
L 03/20/2014 - 23:24:38: "tf_models_announce" = "1"
L 03/20/2014 - 23:24:38: "tf_models_admin_override" = "0"
L 03/20/2014 - 23:24:38: "tf_models_admin_flags" = "b"
L 03/20/2014 - 23:24:38: "tf_models_version" = "1.0.3"
L 03/20/2014 - 23:24:38: "adsql_serverid" = "tf2rainbow"
L 03/20/2014 - 23:24:38: "adsql_version" = "2.4.0"
L 03/20/2014 - 23:24:38: "sm_redirect_version" = "1.2"
L 03/20/2014 - 23:24:38: "sm_snake_version" = "1.0"
L 03/20/2014 - 23:24:38: "webshortcutsredux_version" = "1.1"
L 03/20/2014 - 23:24:38: "sm_speechfun_version" = "1.0.2"
L 03/20/2014 - 23:24:38: "sm_hatremoval_version" = "1.1a"
L 03/20/2014 - 23:24:38: "sm_helpmenu_version" = "0.3"
L 03/20/2014 - 23:24:38: "sm_tnounlockspls_announce_version" = "0.4.0"
L 03/20/2014 - 23:24:38: "dts_version" = "1.1"
L 03/20/2014 - 23:24:38: "sm_cannounce_version" = "1.2"
L 03/20/2014 - 23:24:38: "fcg_version" = "1.1"
L 03/20/2014 - 23:24:38: "tf2attributes_version" = "1.1.1"
L 03/20/2014 - 23:24:38: "sm_resize_version" = "1.4.0"
L 03/20/2014 - 23:24:38: "sm_evilrocket_version" = "1.0.110"
L 03/20/2014 - 23:24:38: "sentryfun_version" = "1.3"
L 03/20/2014 - 23:24:38: "sentryfun_enabled" = "1"
L 03/20/2014 - 23:24:38: "sm_tf_maxclass" = "99999"
L 03/20/2014 - 23:24:38: "sm_textreplacer_version" = "0.2"
L 03/20/2014 - 23:24:38: "sm_gscramble_version" = "3.0.13"
L 03/20/2014 - 23:24:38: "gs_enabled" = "1"
L 03/20/2014 - 23:24:38: "sm_rtrigs" = "1"
L 03/20/2014 - 23:24:38: "sm_rtrigs_version" = "1.10"
L 03/20/2014 - 23:24:38: "tf2_decap_ver" = "1.0"
L 03/20/2014 - 23:24:38: "highfiveenemy_version" = "1.0"
L 03/20/2014 - 23:24:38: "sm_tnounlockspls_tf2items_version" = "0.4.0"
L 03/20/2014 - 23:24:38: "tfh_valentines" = "0"
L 03/20/2014 - 23:24:38: "tfh_meetthepyro" = "0"
L 03/20/2014 - 23:24:38: "tfh_winter" = "1"
L 03/20/2014 - 23:24:38: "tfh_birthday" = "0"
L 03/20/2014 - 23:24:38: "tfh_fullmoon" = "1"
L 03/20/2014 - 23:24:38: "tfh_halloween" = "-1"
L 03/20/2014 - 23:24:38: "tfh_use_overrides" = "1"
L 03/20/2014 - 23:24:38: "tfh_enabled" = "1"
L 03/20/2014 - 23:24:38: "tfh_version" = "1.8.1"
L 03/20/2014 - 23:24:38: "sm_customvotes_version" = "1.0"
L 03/20/2014 - 23:24:38: "sm_rtd_version" = "0.4.3.2"
L 03/20/2014 - 23:24:38: "sm_tnounlockspls_menu_version" = "0.4.0"
L 03/20/2014 - 23:24:38: "lights_version" = "0.6"
L 03/20/2014 - 23:24:38: "sm_downloader_version" = "1.4"
L 03/20/2014 - 23:24:38: "sm_spec_players" = "1"
L 03/20/2014 - 23:24:38: "sm_funcommandsx_version" = "2.3"
L 03/20/2014 - 23:24:38: "sm_adminlistmenu_version" = "1.0"
L 03/20/2014 - 23:24:38: "tf2items_manager" = "1"
L 03/20/2014 - 23:24:38: "tf2items_manager_version" = "1.4.1"
L 03/20/2014 - 23:24:38: "sm_respawn_override_version" = "1.0.1-20131019"
L 03/20/2014 - 23:24:38: "sm_setspeed_log" = "1"
L 03/20/2014 - 23:24:38: "sm_setspeed_chat" = "1"
L 03/20/2014 - 23:24:38: "sm_setspeed_version" = "1.3.1"
L 03/20/2014 - 23:24:38: "sm_spray_version" = "5.8a"
L 03/20/2014 - 23:24:38: "goomba_version" = "2.0.2"
L 03/20/2014 - 23:24:38: "sm_adminsmite_version" = "2.1"
L 03/20/2014 - 23:24:38: "mc_version" = "1.1.1"
L 03/20/2014 - 23:24:38: "sm_setplayerclass_version" = "1.0.1"
L 03/20/2014 - 23:24:38: "sm_tetris_version" = "1.0"
L 03/20/2014 - 23:24:38: "sm_hdmgtracker_version" = "1.2.2"
L 03/20/2014 - 23:24:38: "cid_mintime" = "10.0"
L 03/20/2014 - 23:24:38: "cid_maxdist" = "10000.0"
L 03/20/2014 - 23:24:38: "cid_enabled" = "1"
L 03/20/2014 - 23:24:38: "cid_version" = "1.1"
L 03/20/2014 - 23:24:38: "basicdonator_version" = "0.8"
L 03/20/2014 - 23:24:38: "sm_afkm_version" = "3.5.2"
L 03/20/2014 - 23:24:38: "sgadmins_version" = "1.2.0"
L 03/20/2014 - 23:24:38: "melee_version" = "0.4.1"
L 03/20/2014 - 23:24:38: "sm_pregame_slaughter_version" = "1.0.5.1"
L 03/20/2014 - 23:24:38: "fc_version" = "2.0"
L 03/20/2014 - 23:24:38: "jinglenotify_version" = "1.0.0"
L 03/20/2014 - 23:24:38: "sm_tf_captoggle" = "0.0.3"
L 03/20/2014 - 23:24:38: "sm_ignorelist_version" = "0x02"
L 03/20/2014 - 23:24:38: "tf2items_giveweapon_version" = "3.14159"
L 03/20/2014 - 23:24:38: "sm_bsd_version" = "2.0.0"
L 03/20/2014 - 23:24:38: "sm_rweapons_version" = "1.3"
L 03/20/2014 - 23:24:38: "sm_commanddump_version" = "1.1.0"
L 03/20/2014 - 23:24:38: "store_version" = "1.1-alpha"
L 03/20/2014 - 23:24:38: "sm_allchat_version" = "1.1.1"
L 03/20/2014 - 23:24:38: "sm_classrestrict_version" = "0.6"
L 03/20/2014 - 23:24:38: "sm_playersvotes_redux_version" = "1.3"
L 03/20/2014 - 23:24:38: "steamtools_version" = "0.8.3"
L 03/20/2014 - 23:24:38: "tf2items_version" = "1.6.0"
L 03/20/2014 - 23:24:38: "sm_nextmap" = "tfdb_redcourt_intox"
L 03/20/2014 - 23:24:38: "sourcemod_version" = "1.5.3-dev+4004"
L 03/20/2014 - 23:24:38: "metamod_version" = "1.10.1-devV"
L 03/20/2014 - 23:24:38: "tf_playergib" = "1"
L 03/20/2014 - 23:24:38: "tf_allow_player_use" = "0"
L 03/20/2014 - 23:24:38: "tf_mvm_death_penalty" = "0"
L 03/20/2014 - 23:24:38: "sv_maxusrcmdprocessticks" = "24"
L 03/20/2014 - 23:24:38: "mp_teamplay" = "0"
L 03/20/2014 - 23:24:38: "mp_falldamage" = "0"
L 03/20/2014 - 23:24:38: "mp_weaponstay" = "0"
L 03/20/2014 - 23:24:38: "mp_forcerespawn" = "1"
L 03/20/2014 - 23:24:38: "mp_footsteps" = "1"
L 03/20/2014 - 23:24:38: "mp_flashlight" = "1"
L 03/20/2014 - 23:24:38: "mp_autocrosshair" = "1"
L 03/20/2014 - 23:24:38: "decalfrequency" = "10"
L 03/20/2014 - 23:24:38: "mp_teamlist" = "hgrunt;scientist"
L 03/20/2014 - 23:24:38: "mp_allowNPCs" = "1"
L 03/20/2014 - 23:24:38: "sv_alltalk" = "1"
L 03/20/2014 - 23:24:38: "tf_weapon_criticals" = "1"
L 03/20/2014 - 23:24:38: "tf_damage_disablespread" = "1"
L 03/20/2014 - 23:24:38: "tf_player_name_change_time" = "60"
L 03/20/2014 - 23:24:38: "tf_force_holidays_off" = "0"
L 03/20/2014 - 23:24:38: "tf_birthday" = "0"
L 03/20/2014 - 23:24:38: "mp_windifference" = "0"
L 03/20/2014 - 23:24:38: "mp_windifference_min" = "0"
L 03/20/2014 - 23:24:38: "tf_medieval" = "0"
L 03/20/2014 - 23:24:38: "tf_medieval_autorp" = "1"
L 03/20/2014 - 23:24:38: "tf_arena_force_class" = "0"
L 03/20/2014 - 23:24:38: "tf_arena_change_limit" = "1"
L 03/20/2014 - 23:24:38: "tf_arena_override_cap_enable_time" = "-1"
L 03/20/2014 - 23:24:38: "tf_arena_first_blood" = "1"
L 03/20/2014 - 23:24:38: "tf_mvm_min_players_to_start" = "3"
L 03/20/2014 - 23:24:38: "tf_gamemode_arena" = "0"
L 03/20/2014 - 23:24:38: "tf_gamemode_cp" = "1"
L 03/20/2014 - 23:24:38: "tf_gamemode_ctf" = "0"
L 03/20/2014 - 23:24:38: "tf_gamemode_sd" = "0"
L 03/20/2014 - 23:24:38: "tf_gamemode_payload" = "0"
L 03/20/2014 - 23:24:38: "tf_gamemode_mvm" = "0"
L 03/20/2014 - 23:24:38: "tf_bot_count" = "0"
L 03/20/2014 - 23:24:38: "tf_teamtalk" = "0"
L 03/20/2014 - 23:24:38: "tf_ctf_bonus_time" = "10"
L 03/20/2014 - 23:24:38: "tf_maxspeed" = "400"
L 03/20/2014 - 23:24:38: "tf_max_charge_speed" = "750"
L 03/20/2014 - 23:24:38: "tf_use_fixed_weaponspreads" = "0"
L 03/20/2014 - 23:24:38: "tf_overtime_nag" = "0"
L 03/20/2014 - 23:24:38: "mp_tournament" = "0"
L 03/20/2014 - 23:24:38: "mp_highlander" = "0"
L 03/20/2014 - 23:24:38: "mp_maxrounds" = "0"
L 03/20/2014 - 23:24:38: "mp_winlimit" = "0"
L 03/20/2014 - 23:24:38: "mp_disable_respawn_times" = "0"
L 03/20/2014 - 23:24:38: "mp_stalemate_meleeonly" = "0"
L 03/20/2014 - 23:24:38: "mp_forceautoteam" = "0"
L 03/20/2014 - 23:24:38: "mp_autoteambalance" = "0"
L 03/20/2014 - 23:24:38: "mp_stalemate_enable" = "1"
L 03/20/2014 - 23:24:38: "mp_match_end_at_timelimit" = "1"
L 03/20/2014 - 23:24:38: "mp_holiday_nogifts" = "0"
L 03/20/2014 - 23:24:38: "mp_scrambleteams_auto" = "0"
L 03/20/2014 - 23:24:38: "mp_scrambleteams_auto_windifference" = "2"
L 03/20/2014 - 23:24:38: "mp_timelimit" = "10"
L 03/20/2014 - 23:24:38: "mp_fraglimit" = "0"
L 03/20/2014 - 23:24:38: "nextlevel" = ""
L 03/20/2014 - 23:24:38: "sv_gravity" = "800"
L 03/20/2014 - 23:24:38: "sv_stopspeed" = "100"
L 03/20/2014 - 23:24:38: "sv_noclipaccelerate" = "5"
L 03/20/2014 - 23:24:38: "sv_noclipspeed" = "5"
L 03/20/2014 - 23:24:38: "sv_specaccelerate" = "5"
L 03/20/2014 - 23:24:38: "sv_specspeed" = "3"
L 03/20/2014 - 23:24:38: "sv_specnoclip" = "1"
L 03/20/2014 - 23:24:38: "sv_maxspeed" = "320"
L 03/20/2014 - 23:24:38: "sv_accelerate" = "10"
L 03/20/2014 - 23:24:38: "sv_airaccelerate" = "10"
L 03/20/2014 - 23:24:38: "sv_wateraccelerate" = "10"
L 03/20/2014 - 23:24:38: "sv_waterfriction" = "1"
L 03/20/2014 - 23:24:38: "sv_footsteps" = "1"
L 03/20/2014 - 23:24:38: "sv_rollspeed" = "200"
L 03/20/2014 - 23:24:38: "sv_rollangle" = "0"
L 03/20/2014 - 23:24:38: "sv_friction" = "4"
L 03/20/2014 - 23:24:38: "sv_bounce" = "0"
L 03/20/2014 - 23:24:38: "sv_stepsize" = "18"
L 03/20/2014 - 23:24:38: "r_VehicleViewDampen" = "1"
L 03/20/2014 - 23:24:38: "r_JeepViewDampenFreq" = "7.0"
L 03/20/2014 - 23:24:38: "r_JeepViewDampenDamp" = "1.0"
L 03/20/2014 - 23:24:38: "r_JeepViewZHeight" = "10.0"
L 03/20/2014 - 23:24:38: "r_AirboatViewDampenFreq" = "7.0"
L 03/20/2014 - 23:24:38: "r_AirboatViewDampenDamp" = "1.0"
L 03/20/2014 - 23:24:38: "r_AirboatViewZHeight" = "0.0"
L 03/20/2014 - 23:24:38: "mp_fadetoblack" = "0"
L 03/20/2014 - 23:24:38: "tf_mm_servermode" = "0"
L 03/20/2014 - 23:24:38: "tf_mm_strict" = "0"
L 03/20/2014 - 23:24:38: "tf_mm_trusted" = "0"
L 03/20/2014 - 23:24:38: "tf_server_identity_disable_quickplay" = "0"
L 03/20/2014 - 23:24:38: "sv_registration_successful" = "1"
L 03/20/2014 - 23:24:38: "sv_registration_message" = ""
L 03/20/2014 - 23:24:38: "sv_steamgroup" = ""
L 03/20/2014 - 23:24:38: "sv_cheats" = "0"
L 03/20/2014 - 23:24:38: "sv_pausable" = "0"
L 03/20/2014 - 23:24:38: "sv_contact" = "theoneandonly@rowedahelicon.com"
L 03/20/2014 - 23:24:38: "sv_voiceenable" = "1"
L 03/20/2014 - 23:24:38: "tv_enable" = "0"
L 03/20/2014 - 23:24:38: "deathmatch" = "1"
L 03/20/2014 - 23:24:38: "coop" = "0"
L 03/20/2014 - 23:24:38: "tv_password" = ""
L 03/20/2014 - 23:24:38: "tv_relaypassword" = ""
L 03/20/2014 - 23:24:38: "sv_password" = ""
L 03/20/2014 - 23:24:38: server cvars end
L 03/20/2014 - 23:24:39: Started map "tfdb_redcourt_intox" (CRC "2743bc160e4c526960479de02e00f744")
L 03/20/2014 - 23:24:39: Executing dedicated server config file server.cfg
L 03/20/2014 - 23:24:44: server_cvar: "tf_gamemode_cp" "0"
L 03/20/2014 - 23:24:44: server_cvar: "tf_gamemode_arena" "1"
L 03/20/2014 - 23:24:45: WARNING: ClientActive, but we don't know his SteamID?
L 03/20/2014 - 23:24:45: "Replay 2: The Replayening<2><BOT><>" entered the game
L 03/20/2014 - 23:24:45: "Replay 2: The Replayening<2><BOT><Unassigned>" joined team "Spectator"
L 03/20/2014 - 23:24:45: server_cvar: "mp_match_end_at_timelimit" "0"
L 03/20/2014 - 23:24:45: server_cvar: "tf_models_list" "TF2_ItemList"
L 03/20/2014 - 23:24:45: server_cvar: "mp_autoteambalance" "1"
L 03/20/2014 - 23:24:45: server_cvar: "mp_timelimit" "30"
L 03/20/2014 - 23:24:45: server_cvar: "tf_models_list" "tf2_modellist"
L 03/20/2014 - 23:24:45: "PhD Corvo Charizard<82><STEAM_0:0:33167288><>" disconnected (reason "Disconnect by user.")
L 03/20/2014 - 23:24:45: "É›RRÉœ Dixon B. Tweenerlegs<90><STEAM_0:1:25247145><>" disconnected (reason "Disconnect by user.")
L 03/20/2014 - 23:24:45: server_cvar: "sm_rtrigs" "0"
L 03/20/2014 - 23:24:45: server_cvar: "mp_timelimit" "10"
L 03/20/2014 - 23:24:45: server_cvar: "sm_nextmap" "cp_yukon_final"
L 03/20/2014 - 23:24:52: server_cvar: "mp_autoteambalance" "0"
L 03/20/2014 - 23:24:52: "Zim the Faggy Fox <3<91><STEAM_0:0:24988511><>" connected, address "200.116.182.167:27005"
L 03/20/2014 - 23:24:52: "Zim the Faggy Fox <3<91><STEAM_0:0:24988511><>" STEAM USERID validated
L 03/20/2014 - 23:24:59: "Persi, the Neko God<12><STEAM_0:1:30286598><>" entered the game
L 03/20/2014 - 23:25:02: World triggered "Round_Stalemate"
L 03/20/2014 - 23:25:02: Team "Red" current score "0" with "0" players
L 03/20/2014 - 23:25:02: Team "Blue" current score "0" with "0" players
L 03/20/2014 - 23:25:02: "Persi, the Neko God<12><STEAM_0:1:30286598><Unassigned>" joined team "Red"
L 03/20/2014 - 23:25:02: server_cvar: "mp_disable_respawn_times" "1"
L 03/20/2014 - 23:25:03: "Persi, the Neko God<12><STEAM_0:1:30286598><Red>" changed role to "pyro"
L 03/20/2014 - 23:25:09: "Zim the Faggy Fox <3<91><STEAM_0:0:24988511><>" entered the game
L 03/20/2014 - 23:25:11: "{BFG} Nikdragon<42><STEAM_0:0:78154965><>" entered the game
L 03/20/2014 - 23:25:16: "Blizzard (Sean)áƒ¦<92><STEAM_0:1:47938377><>" connected, address "98.234.113.98:27005"
L 03/20/2014 - 23:25:16: "Blizzard (Sean)áƒ¦<92><STEAM_0:1:47938377><>" STEAM USERID validated
L 03/20/2014 - 23:25:17: World triggered "Round_Start"
L 03/20/2014 - 23:25:17: World triggered "Round_Setup_Begin"
L 03/20/2014 - 23:25:24: "Zingy Zigzagoon<88><STEAM_0:1:38093875><>" entered the game
L 03/20/2014 - 23:25:24: "Zim the Faggy Fox <3<91><STEAM_0:0:24988511><Unassigned>" joined team "Blue"
L 03/20/2014 - 23:25:24: World triggered "Round_Start"
L 03/20/2014 - 23:25:24: World triggered "Round_Setup_Begin"
L 03/20/2014 - 23:25:25: "Zim the Faggy Fox <3<91><STEAM_0:0:24988511><Blue>" changed role to "soldier"
L 03/20/2014 - 23:25:27: "Zingy Zigzagoon<88><STEAM_0:1:38093875><Unassigned>" joined team "Blue"
L 03/20/2014 - 23:25:28: "Zingy Zigzagoon<88><STEAM_0:1:38093875><Blue>" changed role to "spy"
L 03/20/2014 - 23:25:31: "toomoos<87><STEAM_0:1:33386821><>" entered the game
L 03/20/2014 - 23:25:32: "Herrocopter<67><STEAM_0:0:50403197><>" entered the game
L 03/20/2014 - 23:25:35: "toomoos<87><STEAM_0:1:33386821><Unassigned>" joined team "Red"
L 03/20/2014 - 23:25:35: "Herrocopter<67><STEAM_0:0:50403197><Unassigned>" joined team "Red"
L 03/20/2014 - 23:25:37: "Herrocopter<67><STEAM_0:0:50403197><Red>" changed role to "pyro"
L 03/20/2014 - 23:25:38: "The Mutagen(enraged)<89><STEAM_0:0:49010827><>" entered the game
L 03/20/2014 - 23:25:41: "manuel_90<93><STEAM_0:1:84647931><>" connected, address "76.217.2.36:27005"
L 03/20/2014 - 23:25:41: "manuel_90<93><STEAM_0:1:84647931><>" STEAM USERID validated
L 03/20/2014 - 23:25:43: "JaÃ¼ri, the Laughing Goddess<86><STEAM_0:1:17091633><>" entered the game
L 03/20/2014 - 23:25:43: "Tiera Foxglove<44><STEAM_0:1:42733307><>" entered the game
L 03/20/2014 - 23:25:46: "Zim the Faggy Fox <3<91><STEAM_0:0:24988511><Blue>" killed "Persi, the Neko God<12><STEAM_0:1:30286598><Red>" with "deflect_rocket" (attacker_position "-147 26 -462") (victim_position "-856 1153 -463")
L 03/20/2014 - 23:25:46: World triggered "Round_Win" (winner "Blue")
L 03/20/2014 - 23:25:46: World triggered "Round_Length" (seconds "21.96")
L 03/20/2014 - 23:25:46: Team "Red" current score "0" with "3" players
L 03/20/2014 - 23:25:46: Team "Blue" current score "1" with "2" players
L 03/20/2014 - 23:25:46: "JaÃ¼ri, the Laughing Goddess<86><STEAM_0:1:17091633><Unassigned>" joined team "Blue"
L 03/20/2014 - 23:25:47: "toomoos<87><STEAM_0:1:33386821><Red>" changed role to "pyro"
L 03/20/2014 - 23:25:47: "Tiera Foxglove<44><STEAM_0:1:42733307><Unassigned>" joined team "Red"
L 03/20/2014 - 23:25:48: "JaÃ¼ri, the Laughing Goddess<86><STEAM_0:1:17091633><Blue>" changed role to "pyro"
L 03/20/2014 - 23:25:48: "Tiera Foxglove<44><STEAM_0:1:42733307><Red>" changed role to "pyro"
L 03/20/2014 - 23:25:49: "The Mutagen(enraged)<89><STEAM_0:0:49010827><Unassigned>" joined team "Blue"
L 03/20/2014 - 23:25:50: "The Mutagen(enraged)<89><STEAM_0:0:49010827><Blue>" changed role to "pyro"
L 03/20/2014 - 23:25:53: server_cvar: "mp_disable_respawn_times" "0"
L 03/20/2014 - 23:25:55: "Fortune the Don<94><STEAM_0:0:33251108><>" connected, address "98.240.215.7:27005"
L 03/20/2014 - 23:25:55: "Fortune the Don<94><STEAM_0:0:33251108><>" STEAM USERID validated
L 03/20/2014 - 23:25:57: "{SCG}ExcelsiorTheLion(NoVoice)<85><STEAM_0:1:6659757><>" entered the game
L 03/20/2014 - 23:25:58: "Zingy Zigzagoon<88><STEAM_0:1:38093875><Blue>" committed suicide with "world" (attacker_position "-27 1212 -462")
L 03/20/2014 - 23:26:01: World triggered "Round_Start"
L 03/20/2014 - 23:26:01: World triggered "Round_Setup_Begin"
L 03/20/2014 - 23:26:03: "Fortune the Don<94><STEAM_0:0:33251108><>" entered the game
L 03/20/2014 - 23:26:04: "The Mutagen(enraged)<89><STEAM_0:0:49010827><Blue>" say "son of a bitch, i was late for trainsawlazer"
L 03/20/2014 - 23:26:04: "{SCG}ExcelsiorTheLion(NoVoice)<85><STEAM_0:1:6659757><Unassigned>" joined team "Blue"
L 03/20/2014 - 23:26:06: "{SCG}ExcelsiorTheLion(NoVoice)<85><STEAM_0:1:6659757><Blue>" changed role to "pyro"
L 03/20/2014 - 23:26:07: "The Mutagen(enraged)<89><STEAM_0:0:49010827><Blue>" say "(â•¯Â°â–¡Â°ï¼‰â•¯ï¸µ â”»â”â”»"
L 03/20/2014 - 23:26:11: "Fortune the Don<94><STEAM_0:0:33251108><Unassigned>" joined team "Red"
L 03/20/2014 - 23:26:13: "Fortune the Don<94><STEAM_0:0:33251108><Red>" changed role to "scout"
L 03/20/2014 - 23:26:21: "Fortune the Don<94><STEAM_0:0:33251108><Red>" say "ziggggg how are you brudda"
L 03/20/2014 - 23:26:26: "Tiera Foxglove<44><STEAM_0:1:42733307><Red>" killed "Herrocopter<67><STEAM_0:0:50403197><Blue>" with "deflect_rocket" (attacker_position "-901 1189 -463") (victim_position "-812 -1117 -463")
L 03/20/2014 - 23:26:33: "The Mutagen(enraged)<89><STEAM_0:0:49010827><Blue>" killed "Persi, the Neko God<12><STEAM_0:1:30286598><Red>" with "deflect_rocket" (attacker_position "-923 -1068 -463") (victim_position "-61 1009 -422")
L 03/20/2014 - 23:26:41: "toomoos<87><STEAM_0:1:33386821><Blue>" killed "JaÃ¼ri, the Laughing Goddess<86><STEAM_0:1:17091633><Red>" with "deflect_rocket" (attacker_position "-642 -1015 -463") (victim_position "-16 1256 -462")
L 03/20/2014 - 23:26:48: "The Mutagen(enraged)<89><STEAM_0:0:49010827><Blue>" say "(ï¾‰â‰§âˆ€â‰¦)ï¾‰"
L 03/20/2014 - 23:26:48: "manuel_90<93><STEAM_0:1:84647931><>" entered the game
L 03/20/2014 - 23:26:49: "toomoos<87><STEAM_0:1:33386821><Blue>" committed suicide with "world" (attacker_position "-224 -1001 -462")
L 03/20/2014 - 23:26:49: "JaÃ¼ri, the Laughing Goddess<86><STEAM_0:1:17091633><Red>" killed "{SCG}ExcelsiorTheLion(NoVoice)<85><STEAM_0:1:6659757><Blue>" with "player" (attacker_position "-724 995 -462") (victim_position "647 -1034 -463")
L 03/20/2014 - 23:26:49: "The Mutagen(enraged)<89><STEAM_0:0:49010827><Blue>" committed suicide with "world" (attacker_position "-872 -695 -413")
L 03/20/2014 - 23:26:53: "Zim the Faggy Fox <3<91><STEAM_0:0:24988511><Blue>" killed "Tiera Foxglove<44><STEAM_0:1:42733307><Red>" with "deflect_rocket" (attacker_position "768 682 -463") (victim_position "-834 1074 -463")
L 03/20/2014 - 23:26:54: "The Mutagen(enraged)<89><STEAM_0:0:49010827><Blue>" say "(â•¯Â°â–¡Â°ï¼‰â•¯ï¸µ â”»â”â”»"
L 03/20/2014 - 23:27:00: "Zim the Faggy Fox <3<91><STEAM_0:0:24988511><Blue>" killed "Zingy Zigzagoon<88><STEAM_0:1:38093875><Red>" with "deflect_rocket" (attacker_position "696 886 -463") (victim_position "-469 561 -463")
L 03/20/2014 - 23:27:00: World triggered "Round_Win" (winner "Blue")
L 03/20/2014 - 23:27:00: World triggered "Round_Length" (seconds "58.35")
L 03/20/2014 - 23:27:00: Team "Red" current score "0" with "5" players
L 03/20/2014 - 23:27:00: Team "Blue" current score "2" with "5" players
L 03/20/2014 - 23:27:09: "Zim the Faggy Fox <3<91><STEAM_0:0:24988511><Blue>" committed suicide with "world" (attacker_position "1314 1595 -463")
L 03/20/2014 - 23:27:09: "{BFG} Nikdragon<42><STEAM_0:0:78154965><Unassigned>" joined team "Red"
L 03/20/2014 - 23:27:10: "The Mutagen(enraged)<89><STEAM_0:0:49010827><Blue>" say "ï¼ˆã€ƒãƒ»Ï‰ãƒ»ã€ƒï¼‰"
L 03/20/2014 - 23:27:15: World triggered "Round_Start"
L 03/20/2014 - 23:27:15: World triggered "Round_Setup_Begin"
L 03/20/2014 - 23:27:15: "{BFG} Nikdragon<42><STEAM_0:0:78154965><Red>" changed role to "pyro"
L 03/20/2014 - 23:27:24: "manuel_90<93><STEAM_0:1:84647931><Unassigned>" joined team "Blue"
L 03/20/2014 - 23:27:29: "Zingy Zigzagoon<88><STEAM_0:1:38093875><Blue>" killed "Zim the Faggy Fox <3<91><STEAM_0:0:24988511><Red>" with "deflect_rocket" (attacker_position "-341 27 -463") (victim_position "-177 147 -462")
L 03/20/2014 - 23:27:33: "manuel_90<93><STEAM_0:1:84647931><Blue>" changed role to "scout"
L 03/20/2014 - 23:27:37: "manuel_90<93><STEAM_0:1:84647931><Blue>" changed role to "soldier"
L 03/20/2014 - 23:27:40: "Tiera Foxglove<44><STEAM_0:1:42733307><Red>" killed "JaÃ¼ri, the Laughing Goddess<86><STEAM_0:1:17091633><Blue>" with "deflect_rocket" (attacker_position "-851 919 -463") (victim_position "-694 -1278 -463")
L 03/20/2014 - 23:27:41: "The Mutagen(enraged)<89><STEAM_0:0:49010827><Blue>" say "(â€¢Ì€âŒ„â€¢Ì)"
L 03/20/2014 - 23:27:44: "Ozzzy<54><STEAM_0:0:33986421><>" entered the game
L 03/20/2014 - 23:27:45: "Tiera Foxglove<44><STEAM_0:1:42733307><Red>" killed "Persi, the Neko God<12><STEAM_0:1:30286598><Blue>" with "deflect_rocket" (attacker_position "-836 1037 -463") (victim_position "-59 -1052 -437")
L 03/20/2014 - 23:27:48: "manuel_90<93><STEAM_0:1:84647931><Blue>" changed role to "pyro"
L 03/20/2014 - 23:27:55: "Tiera Foxglove<44><STEAM_0:1:42733307><Red>" killed "The Mutagen(enraged)<89><STEAM_0:0:49010827><Blue>" with "deflect_rocket" (attacker_position "-556 1028 -463") (victim_position "875 -1214 -463")
L 03/20/2014 - 23:27:57: "TheMagicNipples<95><STEAM_0:1:42113544><>" connected, address "98.220.248.33:27005"
L 03/20/2014 - 23:27:58: "TheMagicNipples<95><STEAM_0:1:42113544><>" STEAM USERID validated
L 03/20/2014 - 23:27:58: "The Mutagen(enraged)<89><STEAM_0:0:49010827><Blue>" say "(â•¯Â°â–¡Â°ï¼‰â•¯ï¸µ â”»â”â”»"
L 03/20/2014 - 23:28:01: "toomoos<87><STEAM_0:1:33386821><Red>" killed "Fortune the Don<94><STEAM_0:0:33251108><Blue>" with "world" (attacker_position "718 1139 -462") (victim_position "-537 -1488 -463")
L 03/20/2014 - 23:28:03: "Herrocopter<67><STEAM_0:0:50403197><Red>" killed "Zingy Zigzagoon<88><STEAM_0:1:38093875><Blue>" with "deflect_rocket" (attacker_position "774 1069 -463") (victim_position "199 975 -461")
L 03/20/2014 - 23:28:03: World triggered "Round_Win" (winner "Red")
L 03/20/2014 - 23:28:03: World triggered "Round_Length" (seconds "48.06")
L 03/20/2014 - 23:28:03: Team "Red" current score "1" with "6" players
L 03/20/2014 - 23:28:03: Team "Blue" current score "2" with "6" players
L 03/20/2014 - 23:28:07: "Tiera Foxglove<44><STEAM_0:1:42733307><Red>" committed suicide with "world" (attacker_position "-935 1043 -463")
L 03/20/2014 - 23:28:09: "Herrocopter<67><STEAM_0:0:50403197><Red>" committed suicide with "world" (attacker_position "529 1608 -463")
L 03/20/2014 - 23:28:15: "The Mutagen(enraged)<89><STEAM_0:0:49010827><Blue>" say "ï½¡ï½¥ï¾Ÿï¾Ÿï½¥(>Ð´<)ï½¥ï¾Ÿï¾Ÿï½¥ï½¡"
L 03/20/2014 - 23:28:18: World triggered "Round_Start"
L 03/20/2014 - 23:28:18: World triggered "Round_Setup_Begin"
L 03/20/2014 - 23:28:18: "Ozzzy<54><STEAM_0:0:33986421><Unassigned>" joined team "Red"
L 03/20/2014 - 23:28:20: "Ozzzy<54><STEAM_0:0:33986421><Blue>" changed role to "pyro"
L 03/20/2014 - 23:28:21: "The Mutagen(enraged)<89><STEAM_0:0:49010827><Blue>" say "(â•¯Â°Ð”Â°ï¼‰â•¯ï¸µ/(.â–¡ . \)"
L 03/20/2014 - 23:28:24: "Ozzzy<54><STEAM_0:0:33986421><Blue>" say "pffbfbfbfbt"
L 03/20/2014 - 23:28:31: "Ozzzy<54><STEAM_0:0:33986421><Blue>" say "dodgeball -n-"
L 03/20/2014 - 23:28:41: "Tiera Foxglove<44><STEAM_0:1:42733307><Red>" killed "{SCG}ExcelsiorTheLion(NoVoice)<85><STEAM_0:1:6659757><Blue>" with "deflect_rocket" (attacker_position "-862 1168 -463") (victim_position "-253 -1137 -462")
L 03/20/2014 - 23:28:42: "TheMagicNipples<95><STEAM_0:1:42113544><>" entered the game
L 03/20/2014 - 23:28:46: "Zingy Zigzagoon<88><STEAM_0:1:38093875><Blue>" killed "toomoos<87><STEAM_0:1:33386821><Red>" with "deflect_rocket" (attacker_position "-296 346 -463") (victim_position "671 1174 -463")
L 03/20/2014 - 23:28:46: "TheMagicNipples<95><STEAM_0:1:42113544><Unassigned>" joined team "Red"
L 03/20/2014 - 23:28:47: "TheMagicNipples<95><STEAM_0:1:42113544><Red>" changed role to "pyro"
L 03/20/2014 - 23:28:50: "Ozzzy<54><STEAM_0:0:33986421><Blue>" say "hi Zimmy"
L 03/20/2014 - 23:28:51: "Tiera Foxglove<44><STEAM_0:1:42733307><Red>" killed "The Mutagen(enraged)<89><STEAM_0:0:49010827><Blue>" with "deflect_rocket" (attacker_position "-921 1137 -463") (victim_position "-701 -731 -463")
L 03/20/2014 - 23:28:51: "manuel_90<93><STEAM_0:1:84647931><Blue>" committed suicide with "world" (attacker_position "105 647 -463")
L 03/20/2014 - 23:28:51: "Fortune the Don<94><STEAM_0:0:33251108><Red>" committed suicide with "world" (attacker_position "57 612 -463")
L 03/20/2014 - 23:28:51: "Zingy Zigzagoon<88><STEAM_0:1:38093875><Blue>" committed suicide with "world" (attacker_position "-538 1121 -463")
L 03/20/2014 - 23:28:59: "The Mutagen(enraged)<89><STEAM_0:0:49010827><Blue>" say "voteissue"
L 03/20/2014 - 23:29:00: "The Mutagen(enraged)<89><STEAM_0:0:49010827><Blue>" say "(â•¯Â°â–¡Â°ï¼‰â•¯ï¸µ â”»â”â”»"
L 03/20/2014 - 23:29:02: "{BFG} Nikdragon<42><STEAM_0:0:78154965><Red>" committed suicide with "world" (attacker_position "51 845 -462")
L 03/20/2014 - 23:29:02: "Zim the Faggy Fox <3<91><STEAM_0:0:24988511><Blue>" killed "Persi, the Neko God<12><STEAM_0:1:30286598><Red>" with "deflect_rocket" (attacker_position "-838 -944 -463") (victim_position "-366 810 -463")
L 03/20/2014 - 23:29:04: "toomoos<87><STEAM_0:1:33386821><Red>" disconnected (reason "Disconnect by user.")
L 03/20/2014 - 23:29:04: "toomoos<96><STEAM_0:1:33386821><>" connected, address "24.6.48.141:27005"
L 03/20/2014 - 23:29:04: "toomoos<96><STEAM_0:1:33386821><>" STEAM USERID validated
L 03/20/2014 - 23:29:06: "Herrocopter<67><STEAM_0:0:50403197><Blue>" killed "Tiera Foxglove<44><STEAM_0:1:42733307><Red>" with "deflect_rocket" (attacker_position "592 -1224 -463") (victim_position "-895 1153 -463")
L 03/20/2014 - 23:29:10: "toomoos<96><STEAM_0:1:33386821><>" entered the game
L 03/20/2014 - 23:29:11: "The Mutagen(enraged)<89><STEAM_0:0:49010827><Blue>" say "THIS IS NOT MY DAY OF HAPPINESS"
L 03/20/2014 - 23:29:16: "toomoos<96><STEAM_0:1:33386821><Unassigned>" disconnected (reason "Disconnect by user.")
L 03/20/2014 - 23:29:16: "The Mutagen(enraged)<89><STEAM_0:0:49010827><Blue>" say "(â€¢Ì€âŒ„â€¢Ì)"
L 03/20/2014 - 23:29:17: "Ozzzy<54><STEAM_0:0:33986421><Blue>" killed "JaÃ¼ri, the Laughing Goddess<86><STEAM_0:1:17091633><Red>" with "deflect_rocket" (attacker_position "-1470 423 -262") (victim_position "-526 -1219 -463")
L 03/20/2014 - 23:29:17: World triggered "Round_Win" (winner "Blue")
L 03/20/2014 - 23:29:17: World triggered "Round_Length" (seconds "59.40")
L 03/20/2014 - 23:29:17: Team "Red" current score "1" with "6" players
L 03/20/2014 - 23:29:17: Team "Blue" current score "3" with "7" players
L 03/20/2014 - 23:29:24: "Zim the Faggy Fox <3<91><STEAM_0:0:24988511><Blue>" say "u"
L 03/20/2014 - 23:29:29: "Herrocopter<67><STEAM_0:0:50403197><Blue>" committed suicide with "world" (attacker_position "1246 -1241 -463")
L 03/20/2014 - 23:29:31: "Ozzzy<54><STEAM_0:0:33986421><Blue>" committed suicide with "world" (attacker_position "-704 -1561 -463")
L 03/20/2014 - 23:29:32: World triggered "Round_Start"
L 03/20/2014 - 23:29:32: World triggered "Round_Setup_Begin"
L 03/20/2014 - 23:29:35: "The Mutagen(enraged)<89><STEAM_0:0:49010827><Blue>" say "oh yay, deathrun"
L 03/20/2014 - 23:29:38: "The Mutagen(enraged)<89><STEAM_0:0:49010827><Blue>" say "(ï¾‰â‰§âˆ€â‰¦)ï¾‰"
L 03/20/2014 - 23:29:48: "The Swedish Murder Machine<97><STEAM_0:1:32357807><>" connected, address "75.142.123.135:27005"
L 03/20/2014 - 23:29:49: "The Swedish Murder Machine<97><STEAM_0:1:32357807><>" STEAM USERID validated
L 03/20/2014 - 23:29:55: server_cvar: "sm_nextmap" "dr_wintervalley_beta3"
L 03/20/2014 - 23:29:57: "Herrocopter<67><STEAM_0:0:50403197><Blue>" killed "Ozzzy<54><STEAM_0:0:33986421><Red>" with "deflect_rocket" (attacker_position "-850 -958 -463") (victim_position "1438 455 -279")
L 03/20/2014 - 23:30:02: "Herrocopter<67><STEAM_0:0:50403197><Blue>" killed "manuel_90<93><STEAM_0:1:84647931><Red>" with "deflect_rocket" (attacker_position "-738 -1252 -462") (victim_position "273 930 -462")
L 03/20/2014 - 23:30:03: "TheMagicNipples<95><STEAM_0:1:42113544><Blue>" killed "JaÃ¼ri, the Laughing Goddess<86><STEAM_0:1:17091633><Red>" with "deflect_rocket" (attacker_position "455 -999 -463") (victim_position "988 -1382 -463")
L 03/20/2014 - 23:30:08: "The Mutagen(enraged)<89><STEAM_0:0:49010827><Blue>" say "(ï¾‰â‰§âˆ€â‰¦)ï¾‰"
L 03/20/2014 - 23:30:13: "TheMagicNipples<95><STEAM_0:1:42113544><Blue>" killed "{SCG}ExcelsiorTheLion(NoVoice)<85><STEAM_0:1:6659757><Red>" with "deflect_rocket" (attacker_position "-490 -761 -463") (victim_position "205 873 -462")
L 03/20/2014 - 23:30:16: "The Mutagen(enraged)<89><STEAM_0:0:49010827><Blue>" killed "Fortune the Don<94><STEAM_0:0:33251108><Red>" with "deflect_rocket" (attacker_position "-775 -980 -463") (victim_position "-290 749 -463")
L 03/20/2014 - 23:30:21: "Tiera Foxglove<44><STEAM_0:1:42733307><Red>" killed "TheMagicNipples<95><STEAM_0:1:42113544><Blue>" with "deflect_rocket" (attacker_position "-791 848 -463") (victim_position "-757 328 -463")
L 03/20/2014 - 23:30:21: "Zingy Zigzagoon<88><STEAM_0:1:38093875><Blue>" committed suicide with "world" (attacker_position "-162 680 -428")
L 03/20/2014 - 23:30:24: "Blizzard (Sean)áƒ¦<92><STEAM_0:1:47938377><>" disconnected (reason "Blizzard (Sean)áƒ¦ timed out")
L 03/20/2014 - 23:30:26: "TheMagicNipples<95><STEAM_0:1:42113544><Blue>" say "ded"
L 03/20/2014 - 23:30:27: "The Mutagen(enraged)<89><STEAM_0:0:49010827><Blue>" say "(ï¾‰â‰§âˆ€â‰¦)ï¾‰"
L 03/20/2014 - 23:30:29: "Tiera Foxglove<44><STEAM_0:1:42733307><Red>" committed suicide with "world" (attacker_position "-469 781 -463")
L 03/20/2014 - 23:30:44: "Persi, the Neko God<12><STEAM_0:1:30286598><Blue>" committed suicide with "world" (attacker_position "-387 456 -463")
L 03/20/2014 - 23:30:44: "Persi, the Neko God<12><STEAM_0:1:30286598><Blue>" killed "Zim the Faggy Fox <3<91><STEAM_0:0:24988511><Red>" with "deflect_rocket" (attacker_position "-387 456 -395") (victim_position "400 -1177 -463")
L 03/20/2014 - 23:30:44: World triggered "Round_Win" (winner "Blue")
L 03/20/2014 - 23:30:44: World triggered "Round_Length" (seconds "71.97")
L 03/20/2014 - 23:30:44: Team "Red" current score "1" with "7" players
L 03/20/2014 - 23:30:44: Team "Blue" current score "4" with "6" players
L 03/20/2014 - 23:30:47: "The Mutagen(enraged)<89><STEAM_0:0:49010827><Blue>" say "(ï¾‰â‰§âˆ€â‰¦)ï¾‰"
L 03/20/2014 - 23:30:49: "TheMagicNipples<95><STEAM_0:1:42113544><Blue>" say "!timeleft"
L 03/20/2014 - 23:30:59: World triggered "Round_Start"
L 03/20/2014 - 23:30:59: World triggered "Round_Setup_Begin"
L 03/20/2014 - 23:31:27: "manuel_90<93><STEAM_0:1:84647931><Blue>" committed suicide with "world" (attacker_position "-659 -1165 -463")
L 03/20/2014 - 23:31:40: "Tiera Foxglove<44><STEAM_0:1:42733307><Blue>" killed "{SCG}ExcelsiorTheLion(NoVoice)<85><STEAM_0:1:6659757><Red>" with "deflect_rocket" (attacker_position "898 -1377 -463") (victim_position "-542 1029 -463")
L 03/20/2014 - 23:31:40: "{SCG}ExcelsiorTheLion(NoVoice)<85><STEAM_0:1:6659757><Red>" killed "Tiera Foxglove<44><STEAM_0:1:42733307><Blue>" with "deflect_rocket" (attacker_position "-542 1029 -449") (victim_position "996 -1372 -463")
L 03/20/2014 - 23:31:42: "The Mutagen(enraged)<89><STEAM_0:0:49010827><Red>" committed suicide with "world" (attacker_position "440 -1223 -463")
L 03/20/2014 - 23:31:51: "Blizzard (Sean)áƒ¦<98><STEAM_0:1:47938377><>" connected, address "98.234.113.98:27005"
L 03/20/2014 - 23:31:51: "Blizzard (Sean)áƒ¦<98><STEAM_0:1:47938377><>" STEAM USERID validated
L 03/20/2014 - 23:31:52: "Fortune the Don<94><STEAM_0:0:33251108><Blue>" committed suicide with "world" (attacker_position "142 -729 -448")
L 03/20/2014 - 23:31:52: "JaÃ¼ri, the Laughing Goddess<86><STEAM_0:1:17091633><Red>" say "That is I."
L 03/20/2014 - 23:31:54: "TheMagicNipples<95><STEAM_0:1:42113544><Blue>" killed "JaÃ¼ri, the Laughing Goddess<86><STEAM_0:1:17091633><Red>" with "deflect_rocket" (attacker_position "-606 1223 -463") (victim_position "952 -1308 -463")
L 03/20/2014 - 23:31:58: "TheMagicNipples<95><STEAM_0:1:42113544><Blue>" killed "Zingy Zigzagoon<88><STEAM_0:1:38093875><Red>" with "deflect_rocket" (attacker_position "-500 1027 -444") (victim_position "231 -766 -461")
L 03/20/2014 - 23:32:01: "Blizzard (Sean)áƒ¦<98><STEAM_0:1:47938377><>" entered the game
L 03/20/2014 - 23:32:03: "Zim the Faggy Fox <3<91><STEAM_0:0:24988511><Red>" killed "TheMagicNipples<95><STEAM_0:1:42113544><Blue>" with "deflect_rocket" (attacker_position "-832 -590 -463") (victim_position "-726 907 -463")
L 03/20/2014 - 23:32:04: "TheMagicNipples<95><STEAM_0:1:42113544><Blue>" killed "Persi, the Neko God<12><STEAM_0:1:30286598><Red>" with "deflect_rocket" (attacker_position "-726 907 -395") (victim_position "-637 -519 -463")
L 03/20/2014 - 23:32:04: "TheMagicNipples<95><STEAM_0:1:42113544><Blue>" killed "Zim the Faggy Fox <3<91><STEAM_0:0:24988511><Red>" with "deflect_rocket" (attacker_position "-726 907 -395") (victim_position "-734 -537 -463")
L 03/20/2014 - 23:32:06: "Herrocopter<67><STEAM_0:0:50403197><Blue>" killed "{BFG} Nikdragon<42><STEAM_0:0:78154965><Red>" with "deflect_rocket" (attacker_position "1415 23 -295") (victim_position "212 1063 -462")
L 03/20/2014 - 23:32:06: World triggered "Round_Win" (winner "Blue")
L 03/20/2014 - 23:32:06: World triggered "Round_Length" (seconds "66.52")
L 03/20/2014 - 23:32:06: Team "Red" current score "1" with "7" players
L 03/20/2014 - 23:32:06: Team "Blue" current score "5" with "6" players
L 03/20/2014 - 23:32:09: "TheMagicNipples<95><STEAM_0:1:42113544><Blue>" say "~"
L 03/20/2014 - 23:32:17: "manuel_90<93><STEAM_0:1:84647931><Blue>" say "aaaaaaaaaaaaaahhhhhhhhhhhhhhhhhhhhhhhhh"
L 03/20/2014 - 23:32:21: World triggered "Round_Start"
L 03/20/2014 - 23:32:21: World triggered "Round_Setup_Begin"
L 03/20/2014 - 23:32:25: "TheMagicNipples<95><STEAM_0:1:42113544><Red>" say "Cant hear, blaring music"
L 03/20/2014 - 23:32:25: "The Mutagen(enraged)<89><STEAM_0:0:49010827><Red>" say "(ï¾‰â‰§âˆ€â‰¦)ï¾‰"
L 03/20/2014 - 23:32:44: "The Mutagen(enraged)<89><STEAM_0:0:49010827><Red>" killed "Herrocopter<67><STEAM_0:0:50403197><Blue>" with "deflect_rocket" (attacker_position "-269 1165 -462") (victim_position "-1470 913 -262")
L 03/20/2014 - 23:32:48: "The Mutagen(enraged)<89><STEAM_0:0:49010827><Red>" killed "{SCG}ExcelsiorTheLion(NoVoice)<85><STEAM_0:1:6659757><Blue>" with "deflect_rocket" (attacker_position "-348 761 -463") (victim_position "-79 -993 -461")
L 03/20/2014 - 23:32:57: "Ozzzy<54><STEAM_0:0:33986421><Red>" disconnected (reason "Ozzzy timed out")
L 03/20/2014 - 23:33:01: "Blizzard (Sean)áƒ¦<98><STEAM_0:1:47938377><Unassigned>" joined team "Spectator"
L 03/20/2014 - 23:33:02: "manuel_90<93><STEAM_0:1:84647931><Red>" committed suicide with "world" (attacker_position "203 1748 -463")
L 03/20/2014 - 23:33:02: "Fortune the Don<94><STEAM_0:0:33251108><Red>" killed "{BFG} Nikdragon<42><STEAM_0:0:78154965><Blue>" with "deflect_rocket" (attacker_position "-718 1401 -461") (victim_position "1479 -662 -255")
L 03/20/2014 - 23:33:02: "Fortune the Don<94><STEAM_0:0:33251108><Red>" committed suicide with "world" (attacker_position "-709 1419 -461")
L 03/20/2014 - 23:33:08: "TheMagicNipples<95><STEAM_0:1:42113544><Red>" killed "Zim the Faggy Fox <3<91><STEAM_0:0:24988511><Blue>" with "deflect_rocket" (attacker_position "-424 -818 -463") (victim_position "698 972 -462")
L 03/20/2014 - 23:33:10: "Zingy Zigzagoon<88><STEAM_0:1:38093875><Blue>" killed "Tiera Foxglove<44><STEAM_0:1:42733307><Red>" with "deflect_rocket" (attacker_position "448 854 -463") (victim_position "961 1190 -463")
L 03/20/2014 - 23:33:20: "TheMagicNipples<95><STEAM_0:1:42113544><Red>" killed "Persi, the Neko God<12><STEAM_0:1:30286598><Blue>" with "deflect_rocket" (attacker_position "-438 -676 -462") (victim_position "1404 237 -295")
L 03/20/2014 - 23:33:23: "Blizzard (Sean)áƒ¦<98><STEAM_0:1:47938377><Spectator>" joined team "Blue"
L 03/20/2014 - 23:33:26: "JaÃ¼ri, the Laughing Goddess<86><STEAM_0:1:17091633><Red>" killed "Zingy Zigzagoon<88><STEAM_0:1:38093875><Blue>" with "deflect_rocket" (attacker_position "738 -1269 -462") (victim_position "755 640 -463")
L 03/20/2014 - 23:33:26: World triggered "Round_Win" (winner "Red")
L 03/20/2014 - 23:33:26: World triggered "Round_Length" (seconds "64.98")
L 03/20/2014 - 23:33:26: Team "Red" current score "2" with "6" players
L 03/20/2014 - 23:33:26: Team "Blue" current score "5" with "7" players
L 03/20/2014 - 23:33:27: "Blizzard (Sean)áƒ¦<98><STEAM_0:1:47938377><Blue>" changed role to "pyro"
L 03/20/2014 - 23:33:30: "The Mutagen(enraged)<89><STEAM_0:0:49010827><Red>" committed suicide with "world" (attacker_position "-648 -1068 -463")
L 03/20/2014 - 23:33:41: World triggered "Round_Start"
L 03/20/2014 - 23:33:41: World triggered "Round_Setup_Begin"
L 03/20/2014 - 23:34:07: "Zingy Zigzagoon<88><STEAM_0:1:38093875><Red>" killed "Tiera Foxglove<44><STEAM_0:1:42733307><Blue>" with "deflect_rocket" (attacker_position "616 -600 -463") (victim_position "748 -1203 -462")
L 03/20/2014 - 23:34:13: "manuel_90<93><STEAM_0:1:84647931><Red>" killed "{SCG}ExcelsiorTheLion(NoVoice)<85><STEAM_0:1:6659757><Blue>" with "deflect_rocket" (attacker_position "725 1071 -462") (victim_position "-89 -998 -461")
L 03/20/2014 - 23:34:13: "manuel_90<93><STEAM_0:1:84647931><Red>" killed "{BFG} Nikdragon<42><STEAM_0:0:78154965><Blue>" with "deflect_rocket" (attacker_position "725 1071 -462") (victim_position "-38 -914 -462")
L 03/20/2014 - 23:34:17: "manuel_90<93><STEAM_0:1:84647931><Red>" committed suicide with "world" (attacker_position "-372 1404 -461")
L 03/20/2014 - 23:34:21: "Fortune the Don<94><STEAM_0:0:33251108><Red>" killed "Blizzard (Sean)áƒ¦<98><STEAM_0:1:47938377><Blue>" with "deflect_rocket" (attacker_position "-162 1045 -462") (victim_position "623 -653 -463")
L 03/20/2014 - 23:34:23: "The Mutagen(enraged)<89><STEAM_0:0:49010827><Blue>" killed "Fortune the Don<94><STEAM_0:0:33251108><Red>" with "deflect_rocket" (attacker_position "-658 -696 -463") (victim_position "206 1136 -462")
L 03/20/2014 - 23:34:26: "The Mutagen(enraged)<89><STEAM_0:0:49010827><Blue>" committed suicide with "world" (attacker_position "-668 -417 -441")
L 03/20/2014 - 23:34:29: "Fortune the Don<94><STEAM_0:0:33251108><Red>" say "penis"
L 03/20/2014 - 23:34:31: "Fortune the Don<94><STEAM_0:0:33251108><Red>" disconnected (reason "Disconnect by user.")
L 03/20/2014 - 23:34:37: "JaÃ¼ri, the Laughing Goddess<86><STEAM_0:1:17091633><Blue>" killed "Zim the Faggy Fox <3<91><STEAM_0:0:24988511><Red>" with "deflect_rocket" (attacker_position "-880 1313 -463") (victim_position "60 -1382 -462")
L 03/20/2014 - 23:34:37: "Zingy Zigzagoon<88><STEAM_0:1:38093875><Red>" committed suicide with "world" (attacker_position "-205 -1002 -462")
L 03/20/2014 - 23:34:39: "JaÃ¼ri, the Laughing Goddess<86><STEAM_0:1:17091633><Blue>" killed "Persi, the Neko God<12><STEAM_0:1:30286598><Red>" with "deflect_rocket" (attacker_position "-863 1246 -463") (victim_position "481 787 -463")
L 03/20/2014 - 23:34:48: "JaÃ¼ri, the Laughing Goddess<86><STEAM_0:1:17091633><Blue>" killed "Herrocopter<67><STEAM_0:0:50403197><Red>" with "deflect_rocket" (attacker_position "-764 1227 -462") (victim_position "750 1187 -462")
L 03/20/2014 - 23:34:48: World triggered "Round_Win" (winner "Blue")
L 03/20/2014 - 23:34:48: World triggered "Round_Length" (seconds "66.81")
L 03/20/2014 - 23:34:48: Team "Red" current score "2" with "5" players
L 03/20/2014 - 23:34:48: Team "Blue" current score "6" with "7" players
L 03/20/2014 - 23:34:52: "Ozzzy<99><STEAM_0:0:33986421><>" connected, address "201.124.84.191:63452"
L 03/20/2014 - 23:34:53: "Ozzzy<99><STEAM_0:0:33986421><>" STEAM USERID validated
L 03/20/2014 - 23:34:58: "Ozzzy<99><STEAM_0:0:33986421><>" entered the game
L 03/20/2014 - 23:35:01: "The Swedish Murder Machine<97><STEAM_0:1:32357807><>" disconnected (reason "The Swedish Murder Machine timed out")
L 03/20/2014 - 23:35:03: World triggered "Game_Over" reason "Reached Time Limit"
L 03/20/2014 - 23:35:03: Team "Red" final score "2" with "5" players
L 03/20/2014 - 23:35:03: Team "Blue" final score "6" with "7" players
L 03/20/2014 - 23:35:03: "Blizzard (Sean)áƒ¦<98><STEAM_0:1:47938377><Blue>" disconnected (reason "Disconnect by user.")
L 03/20/2014 - 23:35:05: "TheMagicNipples<95><STEAM_0:1:42113544><Blue>" say "aww"
L 03/20/2014 - 23:35:07: "JaÃ¼ri, the Laughing Goddess<86><STEAM_0:1:17091633><Blue>" committed suicide with "world" (attacker_position "-1404 1335 -463")
L 03/20/2014 - 23:35:11: "TheMagicNipples<95><STEAM_0:1:42113544><Blue>" say "fave mode bye"
L 03/20/2014 - 23:35:12: "The Swedish Murder Machine<100><STEAM_0:1:32357807><>" connected, address "75.142.123.135:27005"
L 03/20/2014 - 23:35:12: "The Swedish Murder Machine<100><STEAM_0:1:32357807><>" STEAM USERID validated
L 03/20/2014 - 23:35:13: [META] Loaded 0 plugins (4 already loaded)
L 03/20/2014 - 23:35:13: [META] Loaded 0 plugins (4 already loaded)
L 03/20/2014 - 23:35:13: Loading map "dr_wintervalley_beta3"
L 03/20/2014 - 23:35:13: server cvars start
L 03/20/2014 - 23:35:13: "thirdperson_version" = "2.1.0"
L 03/20/2014 - 23:35:13: "stripper_version" = "1.2.2"
L 03/20/2014 - 23:35:13: "sm_zf_version" = "4.3.0.0"
L 03/20/2014 - 23:35:13: "tf2items_rnd_normals" = "0"
L 03/20/2014 - 23:35:13: "tf2items_rnd_enabled" = "0"
L 03/20/2014 - 23:35:13: "tf2items_rnd_version" = "1.591"
L 03/20/2014 - 23:35:13: "prophunt_redux_version" = "3.0.2"
L 03/20/2014 - 23:35:13: "sm_uberspawn" = "1.0"
L 03/20/2014 - 23:35:13: "ufov_version" = "1.2.0"
L 03/20/2014 - 23:35:13: "scp_version" = "1.1.5"
L 03/20/2014 - 23:35:13: "rainbowize_version" = "1.6.2"
L 03/20/2014 - 23:35:13: "improved_map_randomizer_version" = "3.4.5"
L 03/20/2014 - 23:35:13: "sm_executeconfigs_version" = "1.2.2"
L 03/20/2014 - 23:35:13: "sm_mapcron_version" = "1.2 RC"
L 03/20/2014 - 23:35:13: "sm_buildrestrict_version" = "0.5.5"
L 03/20/2014 - 23:35:13: "sm_namechangeinfo_version" = "13.0918.1"
L 03/20/2014 - 23:35:13: "sm_tf2ii_version" = "1.8.17.4-20130729"
L 03/20/2014 - 23:35:13: "nativevotes_version" = "0.8.1"
L 03/20/2014 - 23:35:13: "sm_commandcooldowns_version" = "14.0222.0"
L 03/20/2014 - 23:35:13: "sm_tnounlockspls_version" = "0.4.8"
L 03/20/2014 - 23:35:13: "sm_srvcln_version" = "1.2.2"
L 03/20/2014 - 23:35:13: "swapteam_version" = "1.2.5"
L 03/20/2014 - 23:35:13: "scme_version" = "1.0.0"
L 03/20/2014 - 23:35:13: "sm_tnounlockspls_noext_version" = "0.4.0"
L 03/20/2014 - 23:35:13: "sm_fakeandforce_version" = "2.0"
L 03/20/2014 - 23:35:13: "sourcecomms_version" = "0.8.253"
L 03/20/2014 - 23:35:13: "nativevotes_basevotes_version" = "1.5.2"
L 03/20/2014 - 23:35:13: "sb_version" = "1.4.8"
L 03/20/2014 - 23:35:13: "basicdonator_recog_v" = "0.5"
L 03/20/2014 - 23:35:13: "fw_money_balance" = "1000"
L 03/20/2014 - 23:35:13: "fw_money_destroy_sentry" = "75"
L 03/20/2014 - 23:35:13: "fw_money_destroy_dispenser" = "75"
L 03/20/2014 - 23:35:13: "fw_money_backstab" = "50"
L 03/20/2014 - 23:35:13: "fw_money_headshot" = "50"
L 03/20/2014 - 23:35:13: "fw_money_domination" = "300"
L 03/20/2014 - 23:35:13: "fw_money_kill" = "100"
L 03/20/2014 - 23:35:13: "fw_money_win" = "1000"
L 03/20/2014 - 23:35:13: "fw_money_start" = "1000"
L 03/20/2014 - 23:35:13: "fw_unlock_menu_style" = "1"
L 03/20/2014 - 23:35:13: "fw_lulz" = "0"
L 03/20/2014 - 23:35:13: "fw_no_limit_time" = "60"
L 03/20/2014 - 23:35:13: "fw_setup_time" = "-1"
L 03/20/2014 - 23:35:13: "fw_prop_shadows" = "1"
L 03/20/2014 - 23:35:13: "fw_prop_health_multipler" = "1"
L 03/20/2014 - 23:35:13: "fw_stuck_protection" = "1"
L 03/20/2014 - 23:35:13: "fw_custom_spawn" = "0"
L 03/20/2014 - 23:35:13: "fw_spawn_protection" = "2.5"
L 03/20/2014 - 23:35:13: "fw_props_per_player_admin" = "70"
L 03/20/2014 - 23:35:13: "fw_props_per_player" = "70"
L 03/20/2014 - 23:35:13: "fw_props_per_team" = "250"
L 03/20/2014 - 23:35:13: "fw_maps" = "1"
L 03/20/2014 - 23:35:13: "fw_sql" = "1"
L 03/20/2014 - 23:35:13: "fw_version" = "6.52"
L 03/20/2014 - 23:35:13: "sm_testingtime_version" = "1.2"
L 03/20/2014 - 23:35:13: "stockmodels_version" = "1.0"
L 03/20/2014 - 23:35:13: "tf_models_list" = "tf2_modellist"
L 03/20/2014 - 23:35:13: "tf_models_blocktriggers" = "1"
L 03/20/2014 - 23:35:13: "tf_models_delayonspawn" = "0.1"
L 03/20/2014 - 23:35:13: "tf_models_force_admins" = "0"
L 03/20/2014 - 23:35:13: "tf_models_force_users" = "0"
L 03/20/2014 - 23:35:13: "tf_models_announce_plugin" = "1"
L 03/20/2014 - 23:35:13: "tf_models_announce" = "1"
L 03/20/2014 - 23:35:13: "tf_models_admin_override" = "0"
L 03/20/2014 - 23:35:13: "tf_models_admin_flags" = "b"
L 03/20/2014 - 23:35:13: "tf_models_version" = "1.0.3"
L 03/20/2014 - 23:35:13: "adsql_serverid" = "tf2rainbow"
L 03/20/2014 - 23:35:13: "adsql_version" = "2.4.0"
L 03/20/2014 - 23:35:13: "sm_redirect_version" = "1.2"
L 03/20/2014 - 23:35:13: "sm_snake_version" = "1.0"
L 03/20/2014 - 23:35:13: "webshortcutsredux_version" = "1.1"
L 03/20/2014 - 23:35:13: "sm_speechfun_version" = "1.0.2"
L 03/20/2014 - 23:35:13: "sm_hatremoval_version" = "1.1a"
L 03/20/2014 - 23:35:13: "sm_helpmenu_version" = "0.3"
L 03/20/2014 - 23:35:13: "sm_tnounlockspls_announce_version" = "0.4.0"
L 03/20/2014 - 23:35:13: "dts_version" = "1.1"
L 03/20/2014 - 23:35:13: "sm_cannounce_version" = "1.2"
L 03/20/2014 - 23:35:13: "fcg_version" = "1.1"
L 03/20/2014 - 23:35:13: "tf2attributes_version" = "1.1.1"
L 03/20/2014 - 23:35:13: "sm_resize_version" = "1.4.0"
L 03/20/2014 - 23:35:13: "sm_evilrocket_version" = "1.0.110"
L 03/20/2014 - 23:35:13: "sentryfun_version" = "1.3"
L 03/20/2014 - 23:35:13: "sentryfun_enabled" = "1"
L 03/20/2014 - 23:35:13: "sm_tf_maxclass" = "99999"
L 03/20/2014 - 23:35:13: "sm_textreplacer_version" = "0.2"
L 03/20/2014 - 23:35:13: "sm_gscramble_version" = "3.0.13"
L 03/20/2014 - 23:35:13: "gs_enabled" = "1"
L 03/20/2014 - 23:35:13: "sm_rtrigs" = "0"
L 03/20/2014 - 23:35:13: "sm_rtrigs_version" = "1.10"
L 03/20/2014 - 23:35:13: "tf2_decap_ver" = "1.0"
L 03/20/2014 - 23:35:13: "highfiveenemy_version" = "1.0"
L 03/20/2014 - 23:35:13: "sm_tnounlockspls_tf2items_version" = "0.4.0"
L 03/20/2014 - 23:35:13: "tfh_valentines" = "0"
L 03/20/2014 - 23:35:13: "tfh_meetthepyro" = "0"
L 03/20/2014 - 23:35:13: "tfh_winter" = "1"
L 03/20/2014 - 23:35:13: "tfh_birthday" = "0"
L 03/20/2014 - 23:35:13: "tfh_fullmoon" = "1"
L 03/20/2014 - 23:35:13: "tfh_halloween" = "-1"
L 03/20/2014 - 23:35:13: "tfh_use_overrides" = "1"
L 03/20/2014 - 23:35:13: "tfh_enabled" = "1"
L 03/20/2014 - 23:35:13: "tfh_version" = "1.8.1"
L 03/20/2014 - 23:35:13: "sm_customvotes_version" = "1.0"
L 03/20/2014 - 23:35:13: "sm_rtd_version" = "0.4.3.2"
L 03/20/2014 - 23:35:13: "sm_tnounlockspls_menu_version" = "0.4.0"
L 03/20/2014 - 23:35:13: "lights_version" = "0.6"
L 03/20/2014 - 23:35:13: "sm_downloader_version" = "1.4"
L 03/20/2014 - 23:35:13: "sm_spec_players" = "1"
L 03/20/2014 - 23:35:13: "sm_funcommandsx_version" = "2.3"
L 03/20/2014 - 23:35:13: "sm_adminlistmenu_version" = "1.0"
L 03/20/2014 - 23:35:13: "tf2items_manager" = "1"
L 03/20/2014 - 23:35:13: "tf2items_manager_version" = "1.4.1"
L 03/20/2014 - 23:35:13: "sm_respawn_override_version" = "1.0.1-20131019"
L 03/20/2014 - 23:35:13: "sm_setspeed_log" = "1"
L 03/20/2014 - 23:35:13: "sm_setspeed_chat" = "1"
L 03/20/2014 - 23:35:13: "sm_setspeed_version" = "1.3.1"
L 03/20/2014 - 23:35:13: "sm_spray_version" = "5.8a"
L 03/20/2014 - 23:35:13: "goomba_version" = "2.0.2"
L 03/20/2014 - 23:35:13: "sm_adminsmite_version" = "2.1"
L 03/20/2014 - 23:35:13: "mc_version" = "1.1.1"
L 03/20/2014 - 23:35:13: "sm_setplayerclass_version" = "1.0.1"
L 03/20/2014 - 23:35:13: "sm_tetris_version" = "1.0"
L 03/20/2014 - 23:35:13: "sm_hdmgtracker_version" = "1.2.2"
L 03/20/2014 - 23:35:13: "cid_mintime" = "10.0"
L 03/20/2014 - 23:35:13: "cid_maxdist" = "10000.0"
L 03/20/2014 - 23:35:13: "cid_enabled" = "1"
L 03/20/2014 - 23:35:13: "cid_version" = "1.1"
L 03/20/2014 - 23:35:13: "basicdonator_version" = "0.8"
L 03/20/2014 - 23:35:13: "sm_afkm_version" = "3.5.2"
L 03/20/2014 - 23:35:13: "sgadmins_version" = "1.2.0"
L 03/20/2014 - 23:35:13: "melee_version" = "0.4.1"
L 03/20/2014 - 23:35:13: "sm_pregame_slaughter_version" = "1.0.5.1"
L 03/20/2014 - 23:35:13: "fc_version" = "2.0"
L 03/20/2014 - 23:35:13: "jinglenotify_version" = "1.0.0"
L 03/20/2014 - 23:35:13: "sm_tf_captoggle" = "0.0.3"
L 03/20/2014 - 23:35:13: "sm_ignorelist_version" = "0x02"
L 03/20/2014 - 23:35:13: "tf2items_giveweapon_version" = "3.14159"
L 03/20/2014 - 23:35:13: "sm_bsd_version" = "2.0.0"
L 03/20/2014 - 23:35:13: "sm_rweapons_version" = "1.3"
L 03/20/2014 - 23:35:13: "sm_commanddump_version" = "1.1.0"
L 03/20/2014 - 23:35:13: "store_version" = "1.1-alpha"
L 03/20/2014 - 23:35:13: "sm_allchat_version" = "1.1.1"
L 03/20/2014 - 23:35:13: "sm_classrestrict_version" = "0.6"
L 03/20/2014 - 23:35:13: "sm_playersvotes_redux_version" = "1.3"
L 03/20/2014 - 23:35:13: "steamtools_version" = "0.8.3"
L 03/20/2014 - 23:35:13: "tf2items_version" = "1.6.0"
L 03/20/2014 - 23:35:13: "sm_nextmap" = "dr_wintervalley_beta3"
L 03/20/2014 - 23:35:13: "sourcemod_version" = "1.5.3-dev+4004"
L 03/20/2014 - 23:35:13: "metamod_version" = "1.10.1-devV"
L 03/20/2014 - 23:35:13: "tf_playergib" = "1"
L 03/20/2014 - 23:35:13: "tf_allow_player_use" = "0"
L 03/20/2014 - 23:35:13: "tf_mvm_death_penalty" = "0"
L 03/20/2014 - 23:35:13: "sv_maxusrcmdprocessticks" = "24"
L 03/20/2014 - 23:35:13: "mp_teamplay" = "0"
L 03/20/2014 - 23:35:13: "mp_falldamage" = "0"
L 03/20/2014 - 23:35:13: "mp_weaponstay" = "0"
L 03/20/2014 - 23:35:13: "mp_forcerespawn" = "1"
L 03/20/2014 - 23:35:13: "mp_footsteps" = "1"
L 03/20/2014 - 23:35:13: "mp_flashlight" = "1"
L 03/20/2014 - 23:35:13: "mp_autocrosshair" = "1"
L 03/20/2014 - 23:35:13: "decalfrequency" = "10"
L 03/20/2014 - 23:35:13: "mp_teamlist" = "hgrunt;scientist"
L 03/20/2014 - 23:35:13: "mp_allowNPCs" = "1"
L 03/20/2014 - 23:35:13: "sv_alltalk" = "1"
L 03/20/2014 - 23:35:13: "tf_weapon_criticals" = "1"
L 03/20/2014 - 23:35:13: "tf_damage_disablespread" = "1"
L 03/20/2014 - 23:35:13: "tf_player_name_change_time" = "60"
L 03/20/2014 - 23:35:13: "tf_force_holidays_off" = "0"
L 03/20/2014 - 23:35:13: "tf_birthday" = "0"
L 03/20/2014 - 23:35:13: "mp_windifference" = "0"
L 03/20/2014 - 23:35:13: "mp_windifference_min" = "0"
L 03/20/2014 - 23:35:13: "tf_medieval" = "0"
L 03/20/2014 - 23:35:13: "tf_medieval_autorp" = "1"
L 03/20/2014 - 23:35:13: "tf_arena_force_class" = "0"
L 03/20/2014 - 23:35:13: "tf_arena_change_limit" = "1"
L 03/20/2014 - 23:35:13: "tf_arena_override_cap_enable_time" = "-1"
L 03/20/2014 - 23:35:13: "tf_arena_first_blood" = "1"
L 03/20/2014 - 23:35:13: "tf_mvm_min_players_to_start" = "3"
L 03/20/2014 - 23:35:13: "tf_gamemode_arena" = "1"
L 03/20/2014 - 23:35:13: "tf_gamemode_cp" = "0"
L 03/20/2014 - 23:35:13: "tf_gamemode_ctf" = "0"
L 03/20/2014 - 23:35:13: "tf_gamemode_sd" = "0"
L 03/20/2014 - 23:35:13: "tf_gamemode_payload" = "0"
L 03/20/2014 - 23:35:13: "tf_gamemode_mvm" = "0"
L 03/20/2014 - 23:35:13: "tf_bot_count" = "0"
L 03/20/2014 - 23:35:13: "tf_teamtalk" = "0"
L 03/20/2014 - 23:35:13: "tf_ctf_bonus_time" = "10"
L 03/20/2014 - 23:35:13: "tf_maxspeed" = "400"
L 03/20/2014 - 23:35:13: "tf_max_charge_speed" = "750"
L 03/20/2014 - 23:35:13: "tf_use_fixed_weaponspreads" = "0"
L 03/20/2014 - 23:35:13: "tf_overtime_nag" = "0"
L 03/20/2014 - 23:35:13: "mp_tournament" = "0"
L 03/20/2014 - 23:35:13: "mp_highlander" = "0"
L 03/20/2014 - 23:35:13: "mp_maxrounds" = "0"
L 03/20/2014 - 23:35:13: "mp_winlimit" = "0"
L 03/20/2014 - 23:35:13: "mp_disable_respawn_times" = "0"
L 03/20/2014 - 23:35:13: "mp_stalemate_meleeonly" = "0"
L 03/20/2014 - 23:35:13: "mp_forceautoteam" = "0"
L 03/20/2014 - 23:35:13: "mp_autoteambalance" = "0"
L 03/20/2014 - 23:35:13: "mp_stalemate_enable" = "1"
L 03/20/2014 - 23:35:13: "mp_match_end_at_timelimit" = "0"
L 03/20/2014 - 23:35:13: "mp_holiday_nogifts" = "0"
L 03/20/2014 - 23:35:13: "mp_scrambleteams_auto" = "0"
L 03/20/2014 - 23:35:13: "mp_scrambleteams_auto_windifference" = "2"
L 03/20/2014 - 23:35:13: "mp_timelimit" = "10"
L 03/20/2014 - 23:35:13: "mp_fraglimit" = "0"
L 03/20/2014 - 23:35:13: "nextlevel" = ""
L 03/20/2014 - 23:35:13: "sv_gravity" = "800"
L 03/20/2014 - 23:35:13: "sv_stopspeed" = "100"
L 03/20/2014 - 23:35:13: "sv_noclipaccelerate" = "5"
L 03/20/2014 - 23:35:13: "sv_noclipspeed" = "5"
L 03/20/2014 - 23:35:13: "sv_specaccelerate" = "5"
L 03/20/2014 - 23:35:13: "sv_specspeed" = "3"
L 03/20/2014 - 23:35:13: "sv_specnoclip" = "1"
L 03/20/2014 - 23:35:13: "sv_maxspeed" = "320"
L 03/20/2014 - 23:35:13: "sv_accelerate" = "10"
L 03/20/2014 - 23:35:13: "sv_airaccelerate" = "10"
L 03/20/2014 - 23:35:13: "sv_wateraccelerate" = "10"
L 03/20/2014 - 23:35:13: "sv_waterfriction" = "1"
L 03/20/2014 - 23:35:13: "sv_footsteps" = "1"
L 03/20/2014 - 23:35:13: "sv_rollspeed" = "200"
L 03/20/2014 - 23:35:13: "sv_rollangle" = "0"
L 03/20/2014 - 23:35:13: "sv_friction" = "4"
L 03/20/2014 - 23:35:13: "sv_bounce" = "0"
L 03/20/2014 - 23:35:13: "sv_stepsize" = "18"
L 03/20/2014 - 23:35:13: "r_VehicleViewDampen" = "1"
L 03/20/2014 - 23:35:13: "r_JeepViewDampenFreq" = "7.0"
L 03/20/2014 - 23:35:13: "r_JeepViewDampenDamp" = "1.0"
L 03/20/2014 - 23:35:13: "r_JeepViewZHeight" = "10.0"
L 03/20/2014 - 23:35:13: "r_AirboatViewDampenFreq" = "7.0"
L 03/20/2014 - 23:35:13: "r_AirboatViewDampenDamp" = "1.0"
L 03/20/2014 - 23:35:13: "r_AirboatViewZHeight" = "0.0"
L 03/20/2014 - 23:35:13: "mp_fadetoblack" = "0"
L 03/20/2014 - 23:35:13: "tf_mm_servermode" = "0"
L 03/20/2014 - 23:35:13: "tf_mm_strict" = "0"
L 03/20/2014 - 23:35:13: "tf_mm_trusted" = "0"
L 03/20/2014 - 23:35:13: "tf_server_identity_disable_quickplay" = "0"
L 03/20/2014 - 23:35:13: "sv_registration_successful" = "1"
L 03/20/2014 - 23:35:13: "sv_registration_message" = ""
L 03/20/2014 - 23:35:13: "sv_steamgroup" = ""
L 03/20/2014 - 23:35:13: "sv_cheats" = "0"
L 03/20/2014 - 23:35:13: "sv_pausable" = "0"
L 03/20/2014 - 23:35:13: "sv_contact" = "theoneandonly@rowedahelicon.com"
L 03/20/2014 - 23:35:13: "sv_voiceenable" = "1"
L 03/20/2014 - 23:35:13: "tv_enable" = "0"
L 03/20/2014 - 23:35:13: "deathmatch" = "1"
L 03/20/2014 - 23:35:13: "coop" = "0"
L 03/20/2014 - 23:35:13: "tv_password" = ""
L 03/20/2014 - 23:35:13: "tv_relaypassword" = ""
L 03/20/2014 - 23:35:13: "sv_password" = ""
L 03/20/2014 - 23:35:13: server cvars end
L 03/20/2014 - 23:35:17: Started map "dr_wintervalley_beta3" (CRC "591ab8bc27864988cd4f291b42a5f2ea")
L 03/20/2014 - 23:35:17: Executing dedicated server config file server.cfg
L 03/20/2014 - 23:35:23: server_cvar: "tf_gamemode_arena" "0"
L 03/20/2014 - 23:35:23: server_cvar: "tf_gamemode_arena" "1"
L 03/20/2014 - 23:35:24: WARNING: ClientActive, but we don't know his SteamID?
L 03/20/2014 - 23:35:24: "Replay 2: The Replayening<2><BOT><>" entered the game
L 03/20/2014 - 23:35:24: "Replay 2: The Replayening<2><BOT><Unassigned>" joined team "Spectator"
L 03/20/2014 - 23:35:24: server_cvar: "tf_models_list" "TF2_ItemList"
L 03/20/2014 - 23:35:24: server_cvar: "mp_autoteambalance" "1"
L 03/20/2014 - 23:35:24: server_cvar: "mp_timelimit" "30"
L 03/20/2014 - 23:35:24: server_cvar: "sm_rtrigs" "1"
L 03/20/2014 - 23:35:24: server_cvar: "tf_models_list" "tf2_modellist"
L 03/20/2014 - 23:35:24: server_cvar: "mp_timelimit" "25"
L 03/20/2014 - 23:35:24: server_cvar: "gs_enabled" "0"
L 03/20/2014 - 23:35:24: server_cvar: "mp_autoteambalance" "0"
L 03/20/2014 - 23:35:24: server_cvar: "tf_arena_first_blood" "0"
L 03/20/2014 - 23:35:24: server_cvar: "sm_nextmap" "cp_badlands"
L 03/20/2014 - 23:35:39: "Herrocopter<67><STEAM_0:0:50403197><>" entered the game
L 03/20/2014 - 23:35:39: "Persi, the Neko God<12><STEAM_0:1:30286598><>" entered the game
L 03/20/2014 - 23:35:40: "Zim the Faggy Fox <3<91><STEAM_0:0:24988511><>" entered the game
L 03/20/2014 - 23:35:41: World triggered "Round_Stalemate"
L 03/20/2014 - 23:35:41: Team "Red" current score "0" with "0" players
L 03/20/2014 - 23:35:41: Team "Blue" current score "0" with "0" players
L 03/20/2014 - 23:35:41: server_cvar: "mp_disable_respawn_times" "1"
L 03/20/2014 - 23:35:41: "Tiera Foxglove<44><STEAM_0:1:42733307><>" entered the game
L 03/20/2014 - 23:35:43: "The Mutagen(enraged)<89><STEAM_0:0:49010827><>" entered the game
L 03/20/2014 - 23:35:43: "Persi, the Neko God<12><STEAM_0:1:30286598><Unassigned>" joined team "Blue"
L 03/20/2014 - 23:35:44: "Zingy Zigzagoon<88><STEAM_0:1:38093875><>" entered the game
L 03/20/2014 - 23:35:45: "Persi, the Neko God<12><STEAM_0:1:30286598><Blue>" changed role to "medic"
L 03/20/2014 - 23:35:45: "Zim the Faggy Fox <3<91><STEAM_0:0:24988511><Unassigned>" joined team "Red"
L 03/20/2014 - 23:35:46: "Tiera Foxglove<44><STEAM_0:1:42733307><Unassigned>" joined team "Red"
L 03/20/2014 - 23:35:46: "Herrocopter<67><STEAM_0:0:50403197><Unassigned>" joined team "Red"
L 03/20/2014 - 23:35:47: "Herrocopter<67><STEAM_0:0:50403197><Red>" changed role to "medic"
L 03/20/2014 - 23:35:48: "Tiera Foxglove<44><STEAM_0:1:42733307><Red>" changed role to "medic"
L 03/20/2014 - 23:35:48: "Zingy Zigzagoon<88><STEAM_0:1:38093875><Unassigned>" joined team "Blue"
L 03/20/2014 - 23:35:49: "manuel_90<93><STEAM_0:1:84647931><>" entered the game
L 03/20/2014 - 23:35:49: "Zim the Faggy Fox <3<91><STEAM_0:0:24988511><Red>" changed role to "medic"
L 03/20/2014 - 23:35:50: "Zingy Zigzagoon<88><STEAM_0:1:38093875><Blue>" changed role to "sniper"
L 03/20/2014 - 23:35:52: "Zingy Zigzagoon<88><STEAM_0:1:38093875><Blue>" changed role to "medic"
L 03/20/2014 - 23:35:55: "{SCG}ExcelsiorTheLion(NoVoice)<85><STEAM_0:1:6659757><>" disconnected (reason "{SCG}ExcelsiorTheLion(NoVoice) timed out")
L 03/20/2014 - 23:35:56: World triggered "Round_Start"
L 03/20/2014 - 23:35:57: "The Mutagen(enraged)<89><STEAM_0:0:49010827><Unassigned>" joined team "Red"
L 03/20/2014 - 23:35:57: "Persi, the Neko God<12><STEAM_0:1:30286598><Blue>" joined team "Red"
L 03/20/2014 - 23:35:57: "Persi, the Neko God<12><STEAM_0:1:30286598><Red>" triggered "medic_death" against "Persi, the Neko God<12><STEAM_0:1:30286598><Red>" (healing "0") (ubercharge "0")
L 03/20/2014 - 23:35:57: "Persi, the Neko God<12><STEAM_0:1:30286598><Red>" committed suicide with "world" (attacker_position "80 10336 2")
L 03/20/2014 - 23:35:57: "Zingy Zigzagoon<88><STEAM_0:1:38093875><Blue>" joined team "Red"
L 03/20/2014 - 23:35:57: "Zingy Zigzagoon<88><STEAM_0:1:38093875><Red>" triggered "medic_death" against "Zingy Zigzagoon<88><STEAM_0:1:38093875><Red>" (healing "0") (ubercharge "0")
L 03/20/2014 - 23:35:57: "Zingy Zigzagoon<88><STEAM_0:1:38093875><Red>" committed suicide with "world" (attacker_position "80 10336 2")
L 03/20/2014 - 23:35:57: "manuel_90<93><STEAM_0:1:84647931><Unassigned>" joined team "Red"
L 03/20/2014 - 23:35:57: "Ozzzy<99><STEAM_0:0:33986421><>" entered the game
L 03/20/2014 - 23:35:58: "Herrocopter<67><STEAM_0:0:50403197><Red>" joined team "Blue"
L 03/20/2014 - 23:35:58: "Herrocopter<67><STEAM_0:0:50403197><Blue>" triggered "medic_death" against "Herrocopter<67><STEAM_0:0:50403197><Blue>" (healing "0") (ubercharge "0")
L 03/20/2014 - 23:35:58: "Herrocopter<67><STEAM_0:0:50403197><Blue>" committed suicide with "world" (attacker_position "-640 12600 -6")
L 03/20/2014 - 23:36:05: "Ozzzy<99><STEAM_0:0:33986421><Unassigned>" joined team "Blue"
L 03/20/2014 - 23:36:06: "Ozzzy<99><STEAM_0:0:33986421><Blue>" changed role to "demoman"
L 03/20/2014 - 23:36:07: "Ozzzy<99><STEAM_0:0:33986421><Blue>" changed role to "medic"
L 03/20/2014 - 23:36:09: "The Mutagen(enraged)<89><STEAM_0:0:49010827><Red>" changed role to "medic"
L 03/20/2014 - 23:36:12: "The Swedish Murder Machine<100><STEAM_0:1:32357807><>" disconnected (reason "Disconnect by user.")
L 03/20/2014 - 23:36:17: "manuel_90<93><STEAM_0:1:84647931><Red>" changed role to "pyro"
L 03/20/2014 - 23:36:17: "The Mutagen(enraged)<89><STEAM_0:0:49010827><Red>" say "i got here late!"
L 03/20/2014 - 23:36:18: "The Mutagen(enraged)<89><STEAM_0:0:49010827><Red>" say "(â•¯Â°â–¡Â°ï¼‰â•¯ï¸µ â”»â”â”»"
L 03/20/2014 - 23:36:19: "{BFG} Nikdragon<42><STEAM_0:0:78154965><>" entered the game
L 03/20/2014 - 23:36:21: "manuel_90<93><STEAM_0:1:84647931><Red>" changed role to "pyro"
L 03/20/2014 - 23:36:23: "manuel_90<93><STEAM_0:1:84647931><Red>" changed role to "pyro"
L 03/20/2014 - 23:36:25: "manuel_90<93><STEAM_0:1:84647931><Red>" changed role to "scout"
L 03/20/2014 - 23:36:27: "manuel_90<93><STEAM_0:1:84647931><Red>" changed role to "soldier"
L 03/20/2014 - 23:36:29: "{BFG} Nikdragon<42><STEAM_0:0:78154965><Unassigned>" joined team "Red"
L 03/20/2014 - 23:36:30: server_cvar: "mp_disable_respawn_times" "0"
L 03/20/2014 - 23:36:30: "{BFG} Nikdragon<42><STEAM_0:0:78154965><Red>" changed role to "medic"
L 03/20/2014 - 23:36:31: "TheMagicNipples<95><STEAM_0:1:42113544><>" entered the game
L 03/20/2014 - 23:36:34: "manuel_90<93><STEAM_0:1:84647931><Red>" changed role to "spy"
L 03/20/2014 - 23:36:36: "TheMagicNipples<95><STEAM_0:1:42113544><Unassigned>" joined team "Red"
L 03/20/2014 - 23:36:37: "TheMagicNipples<95><STEAM_0:1:42113544><Red>" changed role to "medic"
L 03/20/2014 - 23:36:46: "Zim the Faggy Fox <3<0><STEAM_0:0:24988511><Red>" triggered "medic_death" against "Zim the Faggy Fox <3<91><STEAM_0:0:24988511><Red>" (healing "0") (ubercharge "0")
L 03/20/2014 - 23:36:46: "Zim the Faggy Fox <3<91><STEAM_0:0:24988511><Red>" committed suicide with "world" (attacker_position "-2486 12169 -4958")
L 03/20/2014 - 23:36:46: "manuel_90<93><STEAM_0:1:84647931><Red>" changed role to "pyro"
L 03/20/2014 - 23:36:48: "manuel_90<93><STEAM_0:1:84647931><Red>" changed role to "demoman"
L 03/20/2014 - 23:36:50: "manuel_90<93><STEAM_0:1:84647931><Red>" changed role to "medic"
L 03/20/2014 - 23:37:03: "{SCG}ExcelsiorTheLion(NoVoice)<101><STEAM_0:1:6659757><>" connected, address "76.191.154.141:27005"
L 03/20/2014 - 23:37:03: "{SCG}ExcelsiorTheLion(NoVoice)<101><STEAM_0:1:6659757><>" STEAM USERID validated
L 03/20/2014 - 23:37:07: "JaÃ¼ri, the Laughing Goddess<86><STEAM_0:1:17091633><>" entered the game
L 03/20/2014 - 23:37:14: "JaÃ¼ri, the Laughing Goddess<86><STEAM_0:1:17091633><Unassigned>" joined team "Blue"
L 03/20/2014 - 23:37:15: "JaÃ¼ri, the Laughing Goddess<86><STEAM_0:1:17091633><Blue>" changed role to "medic"
L 03/20/2014 - 23:37:16: "Blizzard (Sean)áƒ¦<102><STEAM_0:1:47938377><>" connected, address "98.234.113.98:27005"
L 03/20/2014 - 23:37:16: "Blizzard (Sean)áƒ¦<102><STEAM_0:1:47938377><>" STEAM USERID validated
L 03/20/2014 - 23:37:17: "The Mutagen(enraged)<89><STEAM_0:0:49010827><Red>" say "(ï¾‰â‰§âˆ€â‰¦)ï¾‰ Excited Days!"
L 03/20/2014 - 23:37:21: "The Mutagen(enraged)<89><STEAM_0:0:49010827><Red>" say "hooray!"
L 03/20/2014 - 23:37:26: "The Mutagen(enraged)<89><STEAM_0:0:49010827><Red>" say "OH NO"
L 03/20/2014 - 23:37:26: "Tiera Foxglove<0><STEAM_0:1:42733307><Red>" triggered "medic_death" against "Tiera Foxglove<44><STEAM_0:1:42733307><Red>" (healing "0") (ubercharge "0")
L 03/20/2014 - 23:37:26: "Tiera Foxglove<44><STEAM_0:1:42733307><Red>" committed suicide with "world" (attacker_position "-929 10260 -5567")
L 03/20/2014 - 23:37:35: "The Mutagen(enraged)<89><STEAM_0:0:49010827><Red>" say "tiera ;w;"
L 03/20/2014 - 23:37:37: "{SCG}ExcelsiorTheLion(NoVoice)<101><STEAM_0:1:6659757><>" entered the game
L 03/20/2014 - 23:37:48: "{SCG}ExcelsiorTheLion(NoVoice)<101><STEAM_0:1:6659757><Unassigned>" joined team "Red"
L 03/20/2014 - 23:37:51: "{SCG}ExcelsiorTheLion(NoVoice)<101><STEAM_0:1:6659757><Red>" changed role to "medic"
L 03/20/2014 - 23:37:53: "äºžShaMedäºžThe Doctor(Mr.Lime)<103><STEAM_0:0:50448345><>" connected, address "24.144.211.178:27005"
L 03/20/2014 - 23:37:53: "äºžShaMedäºžThe Doctor(Mr.Lime)<103><STEAM_0:0:50448345><>" STEAM USERID validated
L 03/20/2014 - 23:37:56: "{SCG}Sgt-Fox<104><STEAM_0:0:62985111><>" connected, address "139.168.115.85:49600"
L 03/20/2014 - 23:37:56: "{SCG}Sgt-Fox<104><STEAM_0:0:62985111><>" STEAM USERID validated
L 03/20/2014 - 23:37:59: "Ninja Pig<105><STEAM_0:0:49592773><>" connected, address "71.93.149.22:27005"
L 03/20/2014 - 23:38:00: "Ninja Pig<105><STEAM_0:0:49592773><>" STEAM USERID validated
L 03/20/2014 - 23:38:04: "Zingy Zigzagoon<0><STEAM_0:1:38093875><Red>" triggered "medic_death" against "Zingy Zigzagoon<88><STEAM_0:1:38093875><Red>" (healing "0") (ubercharge "0")
L 03/20/2014 - 23:38:04: "Zingy Zigzagoon<88><STEAM_0:1:38093875><Red>" committed suicide with "world" (attacker_position "-551 5732 0")
L 03/20/2014 - 23:38:09: "Blizzard (Sean)áƒ¦<102><STEAM_0:1:47938377><>" entered the game
L 03/20/2014 - 23:38:16: "äºžShaMedäºžThe Doctor(Mr.Lime)<103><STEAM_0:0:50448345><>" disconnected (reason "Disconnect by user.")
L 03/20/2014 - 23:38:18: "Ninja Pig<105><STEAM_0:0:49592773><>" disconnected (reason "Disconnect by user.")
L 03/20/2014 - 23:38:29: "The Mutagen(enraged)<89><STEAM_0:0:49010827><Red>" say "ï½¡ï½¥ï¾Ÿï¾Ÿï½¥(>Ð´<)ï½¥ï¾Ÿï¾Ÿï½¥ï½¡ Sad Days!"
L 03/20/2014 - 23:38:37: "{SCG}Sgt-Fox<104><STEAM_0:0:62985111><>" entered the game
L 03/20/2014 - 23:38:43: "{SCG}Sgt-Fox<104><STEAM_0:0:62985111><Unassigned>" joined team "Red"
L 03/20/2014 - 23:38:44: "{SCG}Sgt-Fox<104><STEAM_0:0:62985111><Red>" changed role to "medic"
L 03/20/2014 - 23:38:59: "{SCG}Sgt-Fox<104><STEAM_0:0:62985111><Red>" say "Heya."
L 03/20/2014 - 23:39:00: "TheMagicNipples<95><STEAM_0:1:42113544><Red>" say "weeeeeeeee~"
L 03/20/2014 - 23:39:00: "Persi, the Neko God<0><STEAM_0:1:30286598><Red>" triggered "medic_death" against "Persi, the Neko God<12><STEAM_0:1:30286598><Red>" (healing "0") (ubercharge "0")
L 03/20/2014 - 23:39:00: "Persi, the Neko God<12><STEAM_0:1:30286598><Red>" committed suicide with "world" (attacker_position "-2627 1035 -5554")
L 03/20/2014 - 23:39:00: World triggered "Round_Win" (winner "Blue")
L 03/20/2014 - 23:39:00: World triggered "Round_Length" (seconds "184.42")
L 03/20/2014 - 23:39:00: Team "Red" current score "0" with "10" players
L 03/20/2014 - 23:39:00: Team "Blue" current score "1" with "3" players
L 03/20/2014 - 23:39:05: "Blizzard (Sean)áƒ¦<102><STEAM_0:1:47938377><Unassigned>" joined team "Red"
L 03/20/2014 - 23:39:05: "Zim the Faggy Fox <3<91><STEAM_0:0:24988511><Red>" say "Hey :3"
L 03/20/2014 - 23:39:07: "Blizzard (Sean)áƒ¦<102><STEAM_0:1:47938377><Red>" changed role to "medic"
L 03/20/2014 - 23:39:10: "Persi, the Neko God<12><STEAM_0:1:30286598><Red>" say "Hallo"
L 03/20/2014 - 23:39:15: World triggered "Round_Start"
L 03/20/2014 - 23:39:17: "JaÃ¼ri, the Laughing Goddess<86><STEAM_0:1:17091633><Blue>" joined team "Red"
L 03/20/2014 - 23:39:17: "JaÃ¼ri, the Laughing Goddess<86><STEAM_0:1:17091633><Red>" triggered "medic_death" against "JaÃ¼ri, the Laughing Goddess<86><STEAM_0:1:17091633><Red>" (healing "0") (ubercharge "0")
L 03/20/2014 - 23:39:17: "JaÃ¼ri, the Laughing Goddess<86><STEAM_0:1:17091633><Red>" committed suicide with "world" (attacker_position "80 10336 2")
L 03/20/2014 - 23:39:17: "Herrocopter<67><STEAM_0:0:50403197><Blue>" joined team "Red"
L 03/20/2014 - 23:39:17: "Herrocopter<67><STEAM_0:0:50403197><Red>" triggered "medic_death" against "Herrocopter<67><STEAM_0:0:50403197><Red>" (healing "0") (ubercharge "0")
L 03/20/2014 - 23:39:17: "Herrocopter<67><STEAM_0:0:50403197><Red>" committed suicide with "world" (attacker_position "80 10263 0")
L 03/20/2014 - 23:39:17: "Ozzzy<99><STEAM_0:0:33986421><Blue>" joined team "Red"
L 03/20/2014 - 23:39:17: "Ozzzy<99><STEAM_0:0:33986421><Red>" triggered "medic_death" against "Ozzzy<99><STEAM_0:0:33986421><Red>" (healing "0") (ubercharge "0")
L 03/20/2014 - 23:39:17: "Ozzzy<99><STEAM_0:0:33986421><Red>" committed suicide with "world" (attacker_position "80 10336 2")
L 03/20/2014 - 23:39:18: "Ozzzy<99><STEAM_0:0:33986421><Red>" joined team "Blue"
L 03/20/2014 - 23:39:18: "Ozzzy<99><STEAM_0:0:33986421><Blue>" triggered "medic_death" against "Ozzzy<99><STEAM_0:0:33986421><Blue>" (healing "0") (ubercharge "0")
L 03/20/2014 - 23:39:18: "Ozzzy<99><STEAM_0:0:33986421><Blue>" committed suicide with "world" (attacker_position "-640 12088 0")
L 03/20/2014 - 23:39:19: "manuel_90<93><STEAM_0:1:84647931><Red>" say "hi"
L 03/20/2014 - 23:39:54: "Herrocopter<0><STEAM_0:0:50403197><Red>" triggered "medic_death" against "Herrocopter<67><STEAM_0:0:50403197><Red>" (healing "0") (ubercharge "0")
L 03/20/2014 - 23:39:54: "Herrocopter<67><STEAM_0:0:50403197><Red>" committed suicide with "world" (attacker_position "-432 9230 -371")
L 03/20/2014 - 23:40:05: "The Mutagen(enraged)<89><STEAM_0:0:49010827><Red>" say "oh no, i covered zimmies spray!"
L 03/20/2014 - 23:40:06: "The Mutagen(enraged)<89><STEAM_0:0:49010827><Red>" say "ï½¡ï½¥ï¾Ÿï¾Ÿï½¥(>Ð´<)ï½¥ï¾Ÿï¾Ÿï½¥ï½¡ Sad Days!"
L 03/20/2014 - 23:41:52: "Blizzard (Sean)áƒ¦<0><STEAM_0:1:47938377><Red>" triggered "medic_death" against "Blizzard (Sean)áƒ¦<102><STEAM_0:1:47938377><Red>" (healing "0") (ubercharge "0")
L 03/20/2014 - 23:41:52: "Blizzard (Sean)áƒ¦<102><STEAM_0:1:47938377><Red>" committed suicide with "world" (attacker_position "-2561 998 -5538")
L 03/20/2014 - 23:42:03: "The Mutagen(enraged)<89><STEAM_0:0:49010827><Red>" say "ï½¡ï½¥ï¾Ÿï¾Ÿï½¥(>Ð´<)ï½¥ï¾Ÿï¾Ÿï½¥ï½¡ Sad Days!"
L 03/20/2014 - 23:42:12: "The Mutagen(enraged)<89><STEAM_0:0:49010827><Red>" say "(ï¾‰â‰§âˆ€â‰¦)ï¾‰ Excited Days!"
L 03/20/2014 - 23:42:39: "Lucian, Subject 114<106><STEAM_0:0:16269470><>" connected, address "98.250.106.68:27005"
L 03/20/2014 - 23:42:40: "Lucian, Subject 114<106><STEAM_0:0:16269470><>" STEAM USERID validated
L 03/20/2014 - 23:42:45: "{SCG}Sgt-Fox<0><STEAM_0:0:62985111><Red>" triggered "medic_death" against "{SCG}Sgt-Fox<104><STEAM_0:0:62985111><Red>" (healing "0") (ubercharge "0")
L 03/20/2014 - 23:42:45: "{SCG}Sgt-Fox<104><STEAM_0:0:62985111><Red>" committed suicide with "world" (attacker_position "-1332 -1423 12")
L 03/20/2014 - 23:42:55: "{BFG} Sabre<79><STEAM_0:1:31072961><>" entered the game
L 03/20/2014 - 23:42:56: "Zingy Zigzagoon<88><STEAM_0:1:38093875><Red>" say "x3"
L 03/20/2014 - 23:42:57: "{SCG}Sgt-Fox<104><STEAM_0:0:62985111><Red>" say "The doors :c"
L 03/20/2014 - 23:43:08: "Blizzard (Sean)áƒ¦<102><STEAM_0:1:47938377><Red>" say "GO"
L 03/20/2014 - 23:43:09: "{SCG}ExcelsiorTheLion(NoVoice)<101><STEAM_0:1:6659757><Red>" say "never could get those cars to explode"
L 03/20/2014 - 23:43:11: "Blizzard (Sean)áƒ¦<102><STEAM_0:1:47938377><Red>" say "NAO"
L 03/20/2014 - 23:43:12: "JaÃ¼ri, the Laughing Goddess<0><STEAM_0:1:17091633><Red>" triggered "medic_death" against "JaÃ¼ri, the Laughing Goddess<86><STEAM_0:1:17091633><Red>" (healing "0") (ubercharge "0")
L 03/20/2014 - 23:43:12: "JaÃ¼ri, the Laughing Goddess<86><STEAM_0:1:17091633><Red>" committed suicide with "world" (attacker_position "-669 -4915 -503")
L 03/20/2014 - 23:43:18: "Zim the Faggy Fox <3<0><STEAM_0:0:24988511><Red>" triggered "medic_death" against "Zim the Faggy Fox <3<91><STEAM_0:0:24988511><Red>" (healing "0") (ubercharge "0")
L 03/20/2014 - 23:43:18: "Zim the Faggy Fox <3<91><STEAM_0:0:24988511><Red>" committed suicide with "world" (attacker_position "-484 -2772 -215")
L 03/20/2014 - 23:43:18: "{BFG} Nikdragon<0><STEAM_0:0:78154965><Red>" triggered "medic_death" against "{BFG} Nikdragon<42><STEAM_0:0:78154965><Red>" (healing "0") (ubercharge "0")
L 03/20/2014 - 23:43:18: "{BFG} Nikdragon<42><STEAM_0:0:78154965><Red>" committed suicide with "world" (attacker_position "-442 -2792 -234")
L 03/20/2014 - 23:43:20: "The Mutagen(enraged)<0><STEAM_0:0:49010827><Red>" triggered "medic_death" against "The Mutagen(enraged)<89><STEAM_0:0:49010827><Red>" (healing "0") (ubercharge "0")
L 03/20/2014 - 23:43:20: "The Mutagen(enraged)<89><STEAM_0:0:49010827><Red>" committed suicide with "world" (attacker_position "-545 -8262 -447")
L 03/20/2014 - 23:43:26: "{SCG}ExcelsiorTheLion(NoVoice)<0><STEAM_0:1:6659757><Red>" triggered "medic_death" against "{SCG}ExcelsiorTheLion(NoVoice)<101><STEAM_0:1:6659757><Red>" (healing "0") (ubercharge "0")
L 03/20/2014 - 23:43:26: "{SCG}ExcelsiorTheLion(NoVoice)<101><STEAM_0:1:6659757><Red>" committed suicide with "world" (attacker_position "-507 -4864 -513")
L 03/20/2014 - 23:43:29: "The Mutagen(enraged)<89><STEAM_0:0:49010827><Red>" say "ï½¡ï½¥ï¾Ÿï¾Ÿï½¥(>Ð´<)ï½¥ï¾Ÿï¾Ÿï½¥ï½¡ Sad Days!"
L 03/20/2014 - 23:43:33: "Lucian, Subject 114<106><STEAM_0:0:16269470><>" disconnected (reason "Disconnect by user.")
L 03/20/2014 - 23:43:33: "Blizzard (Sean)áƒ¦<102><STEAM_0:1:47938377><Red>" say "(*â‰§â–½â‰¦) Kawaii days!"
L 03/20/2014 - 23:43:34: "Blizzard (Sean)áƒ¦<102><STEAM_0:1:47938377><Red>" say "(*â‰§â–½â‰¦) Kawaii days!"
L 03/20/2014 - 23:43:38: "The Mutagen(enraged)<89><STEAM_0:0:49010827><Red>" say "(ï¾‰â‰§âˆ€â‰¦)ï¾‰ Excited Days!"
L 03/20/2014 - 23:43:55: "{BFG} Sabre<79><STEAM_0:1:31072961><Unassigned>" joined team "Spectator"
L 03/20/2014 - 23:43:57: "Zim the Faggy Fox <3<91><STEAM_0:0:24988511><Red>" say "Manuel, jump and crouch."
L 03/20/2014 - 23:44:01: "{SCG}Sgt-Fox<104><STEAM_0:0:62985111><Red>" say "^"
L 03/20/2014 - 23:44:20: "manuel_90<0><STEAM_0:1:84647931><Red>" triggered "medic_death" against "manuel_90<93><STEAM_0:1:84647931><Red>" (healing "0") (ubercharge "0")
L 03/20/2014 - 23:44:20: "manuel_90<93><STEAM_0:1:84647931><Red>" committed suicide with "world" (attacker_position "-180 7818 -315")
L 03/20/2014 - 23:44:38: "Zingy Zigzagoon<0><STEAM_0:1:38093875><Red>" triggered "medic_death" against "Zingy Zigzagoon<88><STEAM_0:1:38093875><Red>" (healing "0") (ubercharge "0")
L 03/20/2014 - 23:44:38: "Zingy Zigzagoon<88><STEAM_0:1:38093875><Red>" committed suicide with "world" (attacker_position "-496 -6560 -496")
L 03/20/2014 - 23:44:38: "TheMagicNipples<0><STEAM_0:1:42113544><Red>" triggered "medic_death" against "TheMagicNipples<95><STEAM_0:1:42113544><Red>" (healing "0") (ubercharge "0")
L 03/20/2014 - 23:44:38: "TheMagicNipples<95><STEAM_0:1:42113544><Red>" committed suicide with "world" (attacker_position "-496 -6560 -496")
L 03/20/2014 - 23:44:38: "Tiera Foxglove<0><STEAM_0:1:42733307><Red>" triggered "medic_death" against "Tiera Foxglove<44><STEAM_0:1:42733307><Red>" (healing "0") (ubercharge "0")
L 03/20/2014 - 23:44:38: "Tiera Foxglove<44><STEAM_0:1:42733307><Red>" committed suicide with "world" (attacker_position "-496 -6560 -496")
L 03/20/2014 - 23:44:41: "TheMagicNipples<95><STEAM_0:1:42113544><Red>" say ":D"
L 03/20/2014 - 23:44:46: "The Mutagen(unstable)<89><STEAM_0:0:49010827><Red>" say "ï½¡ï½¥ï¾Ÿï¾Ÿï½¥(>Ð´<)ï½¥ï¾Ÿï¾Ÿï½¥ï½¡ Sad Days!"
L 03/20/2014 - 23:44:48: "Persi, the Neko God<0><STEAM_0:1:30286598><Red>" triggered "medic_death" against "Persi, the Neko God<12><STEAM_0:1:30286598><Red>" (healing "0") (ubercharge "0")
L 03/20/2014 - 23:44:48: "Persi, the Neko God<12><STEAM_0:1:30286598><Red>" committed suicide with "world" (attacker_position "-1151 -9952 -514")
L 03/20/2014 - 23:44:48: World triggered "Round_Win" (winner "Blue")
L 03/20/2014 - 23:44:48: World triggered "Round_Length" (seconds "332.45")
L 03/20/2014 - 23:44:48: Team "Red" current score "0" with "13" players
L 03/20/2014 - 23:44:48: Team "Blue" current score "2" with "1" players
L 03/20/2014 - 23:45:02: "Ozzzy<99><STEAM_0:0:33986421><Blue>" say ":3"
L 03/20/2014 - 23:45:02: "manuel_90<93><STEAM_0:1:84647931><Red>" say "how do you crouch"
L 03/20/2014 - 23:45:03: World triggered "Round_Start"
L 03/20/2014 - 23:45:04: "{BFG} Sabre<79><STEAM_0:1:31072961><Spectator>" joined team "Red"
L 03/20/2014 - 23:45:04: "Ozzzy<99><STEAM_0:0:33986421><Blue>" joined team "Red"
L 03/20/2014 - 23:45:04: "Ozzzy<99><STEAM_0:0:33986421><Red>" triggered "medic_death" against "Ozzzy<99><STEAM_0:0:33986421><Red>" (healing "0") (ubercharge "0")
L 03/20/2014 - 23:45:04: "Ozzzy<99><STEAM_0:0:33986421><Red>" committed suicide with "world" (attacker_position "80 10335 2")
L 03/20/2014 - 23:45:05: "TheMagicNipples<95><STEAM_0:1:42113544><Red>" joined team "Blue"
L 03/20/2014 - 23:45:05: "TheMagicNipples<95><STEAM_0:1:42113544><Blue>" triggered "medic_death" against "TheMagicNipples<95><STEAM_0:1:42113544><Blue>" (healing "0") (ubercharge "0")
L 03/20/2014 - 23:45:05: "TheMagicNipples<95><STEAM_0:1:42113544><Blue>" committed suicide with "world" (attacker_position "-576 12088 -10")
L 03/20/2014 - 23:45:06: "TheMagicNipples<95><STEAM_0:1:42113544><Blue>" say "wat"
L 03/20/2014 - 23:45:09: "Zim the Faggy Fox <3<91><STEAM_0:0:24988511><Red>" say "control"
L 03/20/2014 - 23:45:44: "Ozzzy<0><STEAM_0:0:33986421><Red>" triggered "medic_death" against "Ozzzy<99><STEAM_0:0:33986421><Red>" (healing "0") (ubercharge "0")
L 03/20/2014 - 23:45:44: "Ozzzy<99><STEAM_0:0:33986421><Red>" committed suicide with "world" (attacker_position "-430 10216 -5567")
L 03/20/2014 - 23:46:08: "{BFG} Nikdragon<42><STEAM_0:0:78154965><Red>" joined team "Spectator"
L 03/20/2014 - 23:46:26: "{SCG}Sgt-Fox<0><STEAM_0:0:62985111><Red>" triggered "medic_death" against "{SCG}Sgt-Fox<104><STEAM_0:0:62985111><Red>" (healing "0") (ubercharge "0")
L 03/20/2014 - 23:46:26: "{SCG}Sgt-Fox<104><STEAM_0:0:62985111><Red>" committed suicide with "world" (attacker_position "-549 5732 0")
L 03/20/2014 - 23:46:27: "Ozzzy<99><STEAM_0:0:33986421><Red>" say "Blizzard"
L 03/20/2014 - 23:46:31: "Ozzzy<99><STEAM_0:0:33986421><Red>" say "are you roshi?"
L 03/20/2014 - 23:46:46: "Ozzzy<99><STEAM_0:0:33986421><Red>" say "Master Roshi"
L 03/20/2014 - 23:46:50: "Ozzzy<99><STEAM_0:0:33986421><Red>" say "look at his loadout"
L 03/20/2014 - 23:47:13: "The Mutagen(unstable)<0><STEAM_0:0:49010827><Red>" triggered "medic_death" against "The Mutagen(unstable)<89><STEAM_0:0:49010827><Red>" (healing "0") (ubercharge "0")
L 03/20/2014 - 23:47:13: "The Mutagen(unstable)<89><STEAM_0:0:49010827><Red>" committed suicide with "world" (attacker_position "-2834 20 -5567")
L 03/20/2014 - 23:47:14: "The Mutagen(unstable)<89><STEAM_0:0:49010827><Red>" say "ï½¡ï½¥ï¾Ÿï¾Ÿï½¥(>Ð´<)ï½¥ï¾Ÿï¾Ÿï½¥ï½¡ Sad Days!"
L 03/20/2014 - 23:47:23: "TheMagicNipples<95><STEAM_0:1:42113544><Blue>" say "x3"
L 03/20/2014 - 23:47:29: "Zingy Zigzagoon<0><STEAM_0:1:38093875><Red>" triggered "medic_death" against "Zingy Zigzagoon<88><STEAM_0:1:38093875><Red>" (healing "0") (ubercharge "0")
L 03/20/2014 - 23:47:29: "Zingy Zigzagoon<88><STEAM_0:1:38093875><Red>" committed suicide with "world" (attacker_position "-482 -2792 -246")
L 03/20/2014 - 23:47:40: "The Mutagen(unstable)<89><STEAM_0:0:49010827><Red>" say "ï¼ˆã€ƒãƒ»Ï‰ãƒ»ã€ƒï¼‰ Happy Days!"
L 03/20/2014 - 23:47:46: "TheMagicNipples<95><STEAM_0:1:42113544><Blue>" say "I thought you could switch the bomb cart"
L 03/20/2014 - 23:47:52: "TheMagicNipples<95><STEAM_0:1:42113544><Blue>" say ":c"
L 03/20/2014 - 23:48:12: "Herrocopter<0><STEAM_0:0:50403197><Red>" triggered "medic_death" against "Herrocopter<67><STEAM_0:0:50403197><Red>" (healing "0") (ubercharge "0")
L 03/20/2014 - 23:48:12: "Herrocopter<67><STEAM_0:0:50403197><Red>" committed suicide with "world" (attacker_position "-377 -4915 -509")
L 03/20/2014 - 23:48:12: "{SCG}ExcelsiorTheLion(NoVoice)<0><STEAM_0:1:6659757><Red>" triggered "medic_death" against "{SCG}ExcelsiorTheLion(NoVoice)<101><STEAM_0:1:6659757><Red>" (healing "0") (ubercharge "0")
L 03/20/2014 - 23:48:12: "{SCG}ExcelsiorTheLion(NoVoice)<101><STEAM_0:1:6659757><Red>" committed suicide with "world" (attacker_position "-562 -4908 -511")
L 03/20/2014 - 23:48:13: "Blizzard (Sean)áƒ¦<0><STEAM_0:1:47938377><Red>" triggered "medic_death" against "Blizzard (Sean)áƒ¦<102><STEAM_0:1:47938377><Red>" (healing "0") (ubercharge "0")
L 03/20/2014 - 23:48:13: "Blizzard (Sean)áƒ¦<102><STEAM_0:1:47938377><Red>" committed suicide with "world" (attacker_position "-490 -5081 -519")
L 03/20/2014 - 23:48:34: "TheMagicNipples<95><STEAM_0:1:42113544><Blue>" say "break him"
L 03/20/2014 - 23:48:57: "Ozzzy<99><STEAM_0:0:33986421><Red>" disconnected (reason "Ozzzy timed out")
L 03/20/2014 - 23:49:06: "JaÃ¼ri, the Laughing Goddess<0><STEAM_0:1:17091633><Red>" triggered "medic_death" against "JaÃ¼ri, the Laughing Goddess<86><STEAM_0:1:17091633><Red>" (healing "0") (ubercharge "0")
L 03/20/2014 - 23:49:06: "JaÃ¼ri, the Laughing Goddess<86><STEAM_0:1:17091633><Red>" committed suicide with "world" (attacker_position "-496 -6560 -496")
L 03/20/2014 - 23:49:08: "TheMagicNipples<95><STEAM_0:1:42113544><Blue>" say "spooky scary skeletons"
L 03/20/2014 - 23:49:09: "ï¼«ï½…ï½Žï½” ðŸ˜ˆâœŒ<107><STEAM_0:1:37936200><>" connected, address "173.247.2.161:27005"
L 03/20/2014 - 23:49:09: "ï¼«ï½…ï½Žï½” ðŸ˜ˆâœŒ<107><STEAM_0:1:37936200><>" STEAM USERID validated
L 03/20/2014 - 23:49:13: "{BFG} Nikdragon<42><STEAM_0:0:78154965><Spectator>" disconnected (reason "[AFK Manager] You were kicked for being AFK too long.")
L 03/20/2014 - 23:49:21: "ï¼«ï½…ï½Žï½” ðŸ˜ˆâœŒ<107><STEAM_0:1:37936200><>" entered the game
L 03/20/2014 - 23:49:29: "ï¼«ï½…ï½Žï½” ðŸ˜ˆâœŒ<107><STEAM_0:1:37936200><Unassigned>" joined team "Red"
L 03/20/2014 - 23:49:29: "ï¼«ï½…ï½Žï½” ðŸ˜ˆâœŒ<107><STEAM_0:1:37936200><Red>" changed role to "medic"
L 03/20/2014 - 23:49:43: "{BFG} Nikdragon<108><STEAM_0:0:78154965><>" connected, address "68.228.219.104:27005"
L 03/20/2014 - 23:49:43: "{BFG} Nikdragon<108><STEAM_0:0:78154965><>" STEAM USERID validated
L 03/20/2014 - 23:49:43: "manuel_90<0><STEAM_0:1:84647931><Red>" triggered "medic_death" against "manuel_90<93><STEAM_0:1:84647931><Red>" (healing "0") (ubercharge "0")
L 03/20/2014 - 23:49:43: "manuel_90<93><STEAM_0:1:84647931><Red>" committed suicide with "world" (attacker_position "-514 10335 -449")
L 03/20/2014 - 23:49:51: "Tiera Foxglove<0><STEAM_0:1:42733307><Red>" triggered "medic_death" against "Tiera Foxglove<44><STEAM_0:1:42733307><Red>" (healing "0") (ubercharge "0")
L 03/20/2014 - 23:49:51: "Tiera Foxglove<44><STEAM_0:1:42733307><Red>" committed suicide with "world" (attacker_position "-1188 -9914 -513")
L 03/20/2014 - 23:49:57: "{BFG} Nikdragon<108><STEAM_0:0:78154965><>" entered the game
L 03/20/2014 - 23:50:23: "{BFG} Nikdragon<108><STEAM_0:0:78154965><Unassigned>" joined team "Red"
L 03/20/2014 - 23:50:23: "Zim the Faggy Fox <3<0><STEAM_0:0:24988511><Red>" triggered "medic_death" against "Zim the Faggy Fox <3<91><STEAM_0:0:24988511><Red>" (healing "0") (ubercharge "0")
L 03/20/2014 - 23:50:23: "Zim the Faggy Fox <3<91><STEAM_0:0:24988511><Red>" committed suicide with "world" (attacker_position "-604 -12367 -1489")
L 03/20/2014 - 23:50:24: "{BFG} Nikdragon<108><STEAM_0:0:78154965><Red>" changed role to "medic"
L 03/20/2014 - 23:50:25: "TheMagicNipples<95><STEAM_0:1:42113544><Blue>" say "O_O"
L 03/20/2014 - 23:50:31: "Ozzzy<109><STEAM_0:0:33986421><>" connected, address "201.124.84.191:63452"
L 03/20/2014 - 23:50:32: "Ozzzy<109><STEAM_0:0:33986421><>" STEAM USERID validated
L 03/20/2014 - 23:50:39: "Ozzzy<109><STEAM_0:0:33986421><>" entered the game
L 03/20/2014 - 23:50:46: "Ozzzy<109><STEAM_0:0:33986421><Unassigned>" joined team "Red"
L 03/20/2014 - 23:50:47: "Ozzzy<109><STEAM_0:0:33986421><Red>" changed role to "medic"
L 03/20/2014 - 23:50:49: "{BFG} Nikdragon<108><STEAM_0:0:78154965><Red>" say "the blizzard is behind you"
L 03/20/2014 - 23:50:53: "Ozzzy<109><STEAM_0:0:33986421><Red>" say "i hate my network ;w;"
L 03/20/2014 - 23:51:08: World triggered "Round_Win" (winner "Red")
L 03/20/2014 - 23:51:08: World triggered "Round_Length" (seconds "364.78")
L 03/20/2014 - 23:51:08: Team "Red" current score "1" with "15" players
L 03/20/2014 - 23:51:08: Team "Blue" current score "2" with "1" players
L 03/20/2014 - 23:51:10: "Persi, the Neko God<12><STEAM_0:1:30286598><Red>" triggered "medic_death" against "TheMagicNipples<95><STEAM_0:1:42113544><Blue>" (healing "0") (ubercharge "0")
L 03/20/2014 - 23:51:10: "Persi, the Neko God<12><STEAM_0:1:30286598><Red>" killed "TheMagicNipples<95><STEAM_0:1:42113544><Blue>" with "saxxy" (attacker_position "1143 -11960 -511") (victim_position "1145 -11909 -479")
L 03/20/2014 - 23:51:22: "{SCG}ExcelsiorTheLion(NoVoice)<101><STEAM_0:1:6659757><Red>" disconnected (reason "Disconnect by user.")
L 03/20/2014 - 23:51:23: World triggered "Round_Start"
L 03/20/2014 - 23:51:24: "TheMagicNipples<95><STEAM_0:1:42113544><Blue>" joined team "Red"
L 03/20/2014 - 23:51:24: "TheMagicNipples<95><STEAM_0:1:42113544><Red>" triggered "medic_death" against "TheMagicNipples<95><STEAM_0:1:42113544><Red>" (healing "0") (ubercharge "0")
L 03/20/2014 - 23:51:24: "TheMagicNipples<95><STEAM_0:1:42113544><Red>" committed suicide with "world" (attacker_position "80 10336 2")
L 03/20/2014 - 23:51:25: "manuel_90<93><STEAM_0:1:84647931><Red>" joined team "Blue"
L 03/20/2014 - 23:51:25: "manuel_90<93><STEAM_0:1:84647931><Blue>" triggered "medic_death" against "manuel_90<93><STEAM_0:1:84647931><Blue>" (healing "0") (ubercharge "0")
L 03/20/2014 - 23:51:25: "manuel_90<93><STEAM_0:1:84647931><Blue>" committed suicide with "world" (attacker_position "-384 12088 13")
L 03/20/2014 - 23:51:28: "ï¼«ï½…ï½Žï½” ðŸ˜ˆâœŒ<107><STEAM_0:1:37936200><Red>" changed role to "engineer"
L 03/20/2014 - 23:53:33: "Zim the Faggy Fox <3<91><STEAM_0:0:24988511><Red>" say "Manuel, hit the buttons to activate the traps"
L 03/20/2014 - 23:53:40: "Persi, the Neko God<0><STEAM_0:1:30286598><Red>" triggered "medic_death" against "Persi, the Neko God<12><STEAM_0:1:30286598><Red>" (healing "0") (ubercharge "0")
L 03/20/2014 - 23:53:40: "Persi, the Neko God<12><STEAM_0:1:30286598><Red>" committed suicide with "world" (attacker_position "-578 -1424 12")
L 03/20/2014 - 23:53:44: "TheMagicNipples<95><STEAM_0:1:42113544><Red>" say "PERSI NO"
L 03/20/2014 - 23:54:23: "ï¼«ï½…ï½Žï½” ðŸ˜ˆâœŒ<0><STEAM_0:1:37936200><Red>" triggered "medic_death" against "ï¼«ï½…ï½Žï½” ðŸ˜ˆâœŒ<107><STEAM_0:1:37936200><Red>" (healing "153") (ubercharge "0")
L 03/20/2014 - 23:54:23: "ï¼«ï½…ï½Žï½” ðŸ˜ˆâœŒ<107><STEAM_0:1:37936200><Red>" committed suicide with "world" (attacker_position "-639 -8059 -447")
L 03/20/2014 - 23:54:27: "{SCG}Sgt-Fox<0><STEAM_0:0:62985111><Red>" triggered "medic_death" against "{SCG}Sgt-Fox<104><STEAM_0:0:62985111><Red>" (healing "0") (ubercharge "0")
L 03/20/2014 - 23:54:27: "{SCG}Sgt-Fox<104><STEAM_0:0:62985111><Red>" committed suicide with "world" (attacker_position "-361 -8297 -447")
L 03/20/2014 - 23:54:29: "Blizzard (Sean)áƒ¦<0><STEAM_0:1:47938377><Red>" triggered "medic_death" against "Blizzard (Sean)áƒ¦<102><STEAM_0:1:47938377><Red>" (healing "0") (ubercharge "0")
L 03/20/2014 - 23:54:29: "Blizzard (Sean)áƒ¦<102><STEAM_0:1:47938377><Red>" committed suicide with "world" (attacker_position "-1475 -11439 -5567")
L 03/20/2014 - 23:54:53: "{BFG} Nikdragon<0><STEAM_0:0:78154965><Red>" triggered "medic_death" against "{BFG} Nikdragon<108><STEAM_0:0:78154965><Red>" (healing "0") (ubercharge "0")
L 03/20/2014 - 23:54:53: "{BFG} Nikdragon<108><STEAM_0:0:78154965><Red>" committed suicide with "world" (attacker_position "-1151 -10655 -5567")
L 03/20/2014 - 23:54:58: "Herrocopter<0><STEAM_0:0:50403197><Red>" triggered "medic_death" against "Herrocopter<67><STEAM_0:0:50403197><Red>" (healing "0") (ubercharge "0")
L 03/20/2014 - 23:54:58: "Herrocopter<67><STEAM_0:0:50403197><Red>" committed suicide with "world" (attacker_position "3073 -9691 -2751")
L 03/20/2014 - 23:54:59: "TheMagicNipples<0><STEAM_0:1:42113544><Red>" triggered "medic_death" against "TheMagicNipples<95><STEAM_0:1:42113544><Red>" (healing "0") (ubercharge "0")
L 03/20/2014 - 23:54:59: "TheMagicNipples<95><STEAM_0:1:42113544><Red>" committed suicide with "world" (customkill "train") (attacker_position "3859 -9608 -2751")
L 03/20/2014 - 23:55:01: "TheMagicNipples<95><STEAM_0:1:42113544><Red>" say "WAT"
L 03/20/2014 - 23:55:03: "TheMagicNipples<95><STEAM_0:1:42113544><Red>" say "TRAINS?"
L 03/20/2014 - 23:55:05: "JaÃ¼ri, the Laughing Goddess<0><STEAM_0:1:17091633><Red>" triggered "medic_death" against "JaÃ¼ri, the Laughing Goddess<86><STEAM_0:1:17091633><Red>" (healing "0") (ubercharge "0")
L 03/20/2014 - 23:55:05: "JaÃ¼ri, the Laughing Goddess<86><STEAM_0:1:17091633><Red>" committed suicide with "world" (customkill "train") (attacker_position "3573 -8292 -2751")
L 03/20/2014 - 23:55:39: "{BFG} Sabre<79><STEAM_0:1:31072961><Red>" changed role to "medic"
L 03/20/2014 - 23:55:53: World triggered "Round_Win" (winner "Red")
L 03/20/2014 - 23:55:53: World triggered "Round_Length" (seconds "269.91")
L 03/20/2014 - 23:55:53: Team "Red" current score "2" with "14" players
L 03/20/2014 - 23:55:53: Team "Blue" current score "2" with "1" players
L 03/20/2014 - 23:56:08: World triggered "Round_Start"
L 03/20/2014 - 23:56:09: "manuel_90<93><STEAM_0:1:84647931><Blue>" joined team "Red"
L 03/20/2014 - 23:56:09: "manuel_90<93><STEAM_0:1:84647931><Red>" triggered "medic_death" against "manuel_90<93><STEAM_0:1:84647931><Red>" (healing "0") (ubercharge "0")
L 03/20/2014 - 23:56:09: "manuel_90<93><STEAM_0:1:84647931><Red>" committed suicide with "world" (attacker_position "80 10336 2")
L 03/20/2014 - 23:56:10: "TheMagicNipples<95><STEAM_0:1:42113544><Red>" joined team "Blue"
L 03/20/2014 - 23:56:10: "TheMagicNipples<95><STEAM_0:1:42113544><Blue>" triggered "medic_death" against "TheMagicNipples<95><STEAM_0:1:42113544><Blue>" (healing "0") (ubercharge "0")
L 03/20/2014 - 23:56:10: "TheMagicNipples<95><STEAM_0:1:42113544><Blue>" committed suicide with "world" (attacker_position "-640 12088 0")
L 03/20/2014 - 23:56:11: "ï¼«ï½…ï½Žï½” ðŸ˜ˆâœŒ<107><STEAM_0:1:37936200><Red>" changed role to "engineer"
L 03/20/2014 - 23:56:13: server_cvar: "sm_nextmap" "arena_polar_final"
L 03/20/2014 - 23:56:23: "The Mutagen(unstable)<89><STEAM_0:0:49010827><Red>" say "(â€¢Ì€âŒ„â€¢Ì)"
L 03/20/2014 - 23:56:24: "TheMagicNipples<95><STEAM_0:1:42113544><Blue>" say "oh no"
L 03/20/2014 - 23:56:33: "TheMagicNipples<95><STEAM_0:1:42113544><Blue>" say "I have my primary"
L 03/20/2014 - 23:56:35: "TheMagicNipples<95><STEAM_0:1:42113544><Blue>" say "x3"
L 03/20/2014 - 23:56:38: "TheMagicNipples<95><STEAM_0:1:42113544><Blue>" say "wat"
L 03/20/2014 - 23:56:41: "TheMagicNipples<95><STEAM_0:1:42113544><Blue>" say "ROWDYYYYYYYYYY"
L 03/20/2014 - 23:56:45: "Ozzzy<109><STEAM_0:0:33986421><Red>" say "What the fuck is wrong with my net"
L 03/20/2014 - 23:56:47: "The Mutagen(unstable)<0><STEAM_0:0:49010827><Red>" triggered "medic_death" against "The Mutagen(unstable)<89><STEAM_0:0:49010827><Red>" (healing "0") (ubercharge "0")
L 03/20/2014 - 23:56:47: "The Mutagen(unstable)<89><STEAM_0:0:49010827><Red>" committed suicide with "world" (attacker_position "-323 10125 -5567")
L 03/20/2014 - 23:56:47: "Ozzzy<0><STEAM_0:0:33986421><Red>" triggered "medic_death" against "Ozzzy<109><STEAM_0:0:33986421><Red>" (healing "0") (ubercharge "0")
L 03/20/2014 - 23:56:47: "Ozzzy<109><STEAM_0:0:33986421><Red>" committed suicide with "world" (attacker_position "-6 10150 -5567")
L 03/20/2014 - 23:56:48: "The Mutagen(unstable)<89><STEAM_0:0:49010827><Red>" say "(â•¯Â°â–¡Â°ï¼‰â•¯ï¸µ â”»â”â”» I MAD, I FLIP TALBES"
L 03/20/2014 - 23:56:52: "Zingy Zigzagoon<0><STEAM_0:1:38093875><Red>" triggered "medic_death" against "Zingy Zigzagoon<88><STEAM_0:1:38093875><Red>" (healing "0") (ubercharge "0")
L 03/20/2014 - 23:56:52: "Zingy Zigzagoon<88><STEAM_0:1:38093875><Red>" committed suicide with "world" (attacker_position "-587 6677 0")
L 03/20/2014 - 23:56:55: "{BFG} Nikdragon<0><STEAM_0:0:78154965><Red>" triggered "medic_death" against "{BFG} Nikdragon<108><STEAM_0:0:78154965><Red>" (healing "0") (ubercharge "0")
L 03/20/2014 - 23:56:55: "{BFG} Nikdragon<108><STEAM_0:0:78154965><Red>" committed suicide with "world" (attacker_position "-91 10056 -5567")
L 03/20/2014 - 23:57:01: "TheMagicNipples<95><STEAM_0:1:42113544><Blue>" say "yes"
L 03/20/2014 - 23:57:04: "{SCG}Sgt-Fox<0><STEAM_0:0:62985111><Red>" triggered "medic_death" against "{SCG}Sgt-Fox<104><STEAM_0:0:62985111><Red>" (healing "0") (ubercharge "0")
L 03/20/2014 - 23:57:04: "{SCG}Sgt-Fox<104><STEAM_0:0:62985111><Red>" committed suicide with "world" (attacker_position "-450 10198 -5567")
L 03/20/2014 - 23:57:15: "manuel_90<0><STEAM_0:1:84647931><Red>" triggered "medic_death" against "manuel_90<93><STEAM_0:1:84647931><Red>" (healing "0") (ubercharge "0")
L 03/20/2014 - 23:57:15: "manuel_90<93><STEAM_0:1:84647931><Red>" committed suicide with "world" (attacker_position "-223 10296 -5552")
L 03/20/2014 - 23:57:30: "Tiera Foxglove<44><STEAM_0:1:42733307><Red>" say "!nextmap"
L 03/20/2014 - 23:58:26: "TheMagicNipples<95><STEAM_0:1:42113544><Blue>" say "k bye"
L 03/20/2014 - 23:58:33: "Blizzard (Sean)áƒ¦<0><STEAM_0:1:47938377><Red>" triggered "medic_death" against "Blizzard (Sean)áƒ¦<102><STEAM_0:1:47938377><Red>" (healing "0") (ubercharge "0")
L 03/20/2014 - 23:58:33: "Blizzard (Sean)áƒ¦<102><STEAM_0:1:47938377><Red>" committed suicide with "world" (attacker_position "-467 -2794 -191")
L 03/20/2014 - 23:58:33: "TheMagicNipples<95><STEAM_0:1:42113544><Blue>" say "noble sarcifises"
L 03/20/2014 - 23:58:37: "{SCG}Sgt-Fox<104><STEAM_0:0:62985111><Red>" disconnected (reason "Disconnect by user.")
L 03/20/2014 - 23:58:45: "manuel_90<93><STEAM_0:1:84647931><Red>" say "how can i change my name"
L 03/20/2014 - 23:58:46: "TheMagicNipples<95><STEAM_0:1:42113544><Blue>" say "SAR CIF SISES"
L 03/20/2014 - 23:58:49: "Herrocopter<0><STEAM_0:0:50403197><Red>" triggered "medic_death" against "Herrocopter<67><STEAM_0:0:50403197><Red>" (healing "0") (ubercharge "0")
L 03/20/2014 - 23:58:49: "Herrocopter<67><STEAM_0:0:50403197><Red>" committed suicide with "world" (attacker_position "-1551 -1423 12")
L 03/20/2014 - 23:58:50: "Ozzzy<109><STEAM_0:0:33986421><Red>" say "sacrifizzle"
L 03/20/2014 - 23:59:07: "firefrorefiddle<110><STEAM_0:0:3456897><>" connected, address "24.216.171.20:27007"
L 03/20/2014 - 23:59:08: "firefrorefiddle<110><STEAM_0:0:3456897><>" STEAM USERID validated
L 03/20/2014 - 23:59:11: "The Mutagen(unstable)<89><STEAM_0:0:49010827><Red>" say "â–½ãƒ»Ï‰ãƒ»â–½ ish happy doge"
L 03/20/2014 - 23:59:25: "JaÃ¼ri, the Laughing Goddess<86><STEAM_0:1:17091633><Red>" say ";-;"
L 03/20/2014 - 23:59:37: "Zim the Faggy Fox <3<91><STEAM_0:0:24988511><Red>" say "Nooo :c"
L 03/20/2014 - 23:59:38: "firefrorefiddle<110><STEAM_0:0:3456897><>" entered the game
L 03/20/2014 - 23:59:43: "Zim the Faggy Fox <3<91><STEAM_0:0:24988511><Red>" say "We'll be back for you!"
L 03/20/2014 - 23:59:44: "firefrorefiddle<110><STEAM_0:0:3456897><Unassigned>" joined team "Red"
L 03/20/2014 - 23:59:46: "firefrorefiddle<110><STEAM_0:0:3456897><Red>" changed role to "medic"
L 03/20/2014 - 23:59:56: "JaÃ¼ri, the Laughing Goddess<86><STEAM_0:1:17091633><Red>" say "I'm dieing. ;~;"
L 03/21/2014 - 00:00:03: "TheMagicNipples<95><STEAM_0:1:42113544><Blue>" say "my either"
L 03/21/2014 - 00:00:08: "Blizzard (Sean)áƒ¦<102><STEAM_0:1:47938377><Red>" say "dying*"
L 03/21/2014 - 00:00:09: "JaÃ¼ri, the Laughing Goddess<0><STEAM_0:1:17091633><Red>" triggered "medic_death" against "JaÃ¼ri, the Laughing Goddess<86><STEAM_0:1:17091633><Red>" (healing "0") (ubercharge "0")
L 03/21/2014 - 00:00:09: "JaÃ¼ri, the Laughing Goddess<86><STEAM_0:1:17091633><Red>" committed suicide with "world" (attacker_position "-1282 1275 -2325")
L 03/21/2014 - 00:00:12: "TheMagicNipples<95><STEAM_0:1:42113544><Blue>" say "nah"
L 03/21/2014 - 00:00:13: "Zim the Faggy Fox <3<91><STEAM_0:0:24988511><Red>" say "You'll survive!"
L 03/21/2014 - 00:00:15: "JaÃ¼ri, the Laughing Goddess<86><STEAM_0:1:17091633><Red>" say "I did."
L 03/21/2014 - 00:00:18: "Zim the Faggy Fox <3<91><STEAM_0:0:24988511><Red>" say "You can do it"
L 03/21/2014 - 00:00:47: "The Mutagen(unstable)<89><STEAM_0:0:49010827><Red>" say "this is the most organized deathrun i have ever witnessed"
L 03/21/2014 - 00:00:54: "Tiera Foxglove<0><STEAM_0:1:42733307><Red>" triggered "medic_death" against "Tiera Foxglove<44><STEAM_0:1:42733307><Red>" (healing "0") (ubercharge "0")
L 03/21/2014 - 00:00:54: "Tiera Foxglove<44><STEAM_0:1:42733307><Red>" committed suicide with "world" (attacker_position "-524 -8321 -447")
L 03/21/2014 - 00:00:59: "TheMagicNipples<95><STEAM_0:1:42113544><Blue>" say "thought you got away"
L 03/21/2014 - 00:01:04: "manuel_90<93><STEAM_0:1:84647931><Red>" disconnected (reason "Disconnect by user.")
L 03/21/2014 - 00:01:06: "ï¼«ï½…ï½Žï½” ðŸ˜ˆâœŒ<0><STEAM_0:1:37936200><Red>" triggered "medic_death" against "ï¼«ï½…ï½Žï½” ðŸ˜ˆâœŒ<107><STEAM_0:1:37936200><Red>" (healing "174") (ubercharge "0")
L 03/21/2014 - 00:01:06: "ï¼«ï½…ï½Žï½” ðŸ˜ˆâœŒ<107><STEAM_0:1:37936200><Red>" committed suicide with "world" (attacker_position "-496 -6560 -496")
L 03/21/2014 - 00:01:47: "=LAS= Bobby Balrog<111><STEAM_0:1:60241411><>" connected, address "184.59.198.211:42958"
L 03/21/2014 - 00:01:47: "=LAS= Bobby Balrog<111><STEAM_0:1:60241411><>" STEAM USERID validated
L 03/21/2014 - 00:01:54: "The Mutagen(unstable)<89><STEAM_0:0:49010827><Red>" say "BLIZAARD FOX"
L 03/21/2014 - 00:02:01: "The Mutagen(unstable)<89><STEAM_0:0:49010827><Red>" say "GO JOIN BLIZZARD KIND"
L 03/21/2014 - 00:02:04: World triggered "Round_Win" (winner "Red")
L 03/21/2014 - 00:02:04: World triggered "Round_Length" (seconds "355.67")
L 03/21/2014 - 00:02:04: Team "Red" current score "3" with "13" players
L 03/21/2014 - 00:02:04: Team "Blue" current score "2" with "1" players
L 03/21/2014 - 00:02:19: World triggered "Game_Over" reason "Reached Time Limit"
L 03/21/2014 - 00:02:19: Team "Red" final score "3" with "13" players
L 03/21/2014 - 00:02:19: Team "Blue" final score "2" with "1" players
L 03/21/2014 - 00:02:21: "ï¼«ï½…ï½Žï½” ðŸ˜ˆâœŒ<107><STEAM_0:1:37936200><Red>" say "nextmap"
L 03/21/2014 - 00:02:29: [META] Loaded 0 plugins (4 already loaded)
L 03/21/2014 - 00:02:29: [META] Loaded 0 plugins (4 already loaded)
L 03/21/2014 - 00:02:29: Loading map "arena_polar_final"
L 03/21/2014 - 00:02:29: server cvars start
L 03/21/2014 - 00:02:29: "thirdperson_version" = "2.1.0"
L 03/21/2014 - 00:02:29: "stripper_version" = "1.2.2"
L 03/21/2014 - 00:02:29: "sm_zf_version" = "4.3.0.0"
L 03/21/2014 - 00:02:29: "tf2items_rnd_normals" = "0"
L 03/21/2014 - 00:02:29: "tf2items_rnd_enabled" = "0"
L 03/21/2014 - 00:02:29: "tf2items_rnd_version" = "1.591"
L 03/21/2014 - 00:02:29: "prophunt_redux_version" = "3.0.2"
L 03/21/2014 - 00:02:29: "sm_uberspawn" = "1.0"
L 03/21/2014 - 00:02:29: "ufov_version" = "1.2.0"
L 03/21/2014 - 00:02:29: "scp_version" = "1.1.5"
L 03/21/2014 - 00:02:29: "rainbowize_version" = "1.6.2"
L 03/21/2014 - 00:02:29: "improved_map_randomizer_version" = "3.4.5"
L 03/21/2014 - 00:02:29: "sm_executeconfigs_version" = "1.2.2"
L 03/21/2014 - 00:02:29: "sm_mapcron_version" = "1.2 RC"
L 03/21/2014 - 00:02:29: "sm_buildrestrict_version" = "0.5.5"
L 03/21/2014 - 00:02:29: "sm_namechangeinfo_version" = "13.0918.1"
L 03/21/2014 - 00:02:29: "sm_tf2ii_version" = "1.8.17.4-20130729"
L 03/21/2014 - 00:02:29: "nativevotes_version" = "0.8.1"
L 03/21/2014 - 00:02:29: "sm_commandcooldowns_version" = "14.0222.0"
L 03/21/2014 - 00:02:29: "sm_tnounlockspls_version" = "0.4.8"
L 03/21/2014 - 00:02:29: "sm_srvcln_version" = "1.2.2"
L 03/21/2014 - 00:02:29: "swapteam_version" = "1.2.5"
L 03/21/2014 - 00:02:29: "scme_version" = "1.0.0"
L 03/21/2014 - 00:02:29: "sm_tnounlockspls_noext_version" = "0.4.0"
L 03/21/2014 - 00:02:29: "sm_fakeandforce_version" = "2.0"
L 03/21/2014 - 00:02:29: "sourcecomms_version" = "0.8.253"
L 03/21/2014 - 00:02:29: "nativevotes_basevotes_version" = "1.5.2"
L 03/21/2014 - 00:02:29: "sb_version" = "1.4.8"
L 03/21/2014 - 00:02:29: "basicdonator_recog_v" = "0.5"
L 03/21/2014 - 00:02:29: "fw_money_balance" = "1000"
L 03/21/2014 - 00:02:29: "fw_money_destroy_sentry" = "75"
L 03/21/2014 - 00:02:29: "fw_money_destroy_dispenser" = "75"
L 03/21/2014 - 00:02:29: "fw_money_backstab" = "50"
L 03/21/2014 - 00:02:29: "fw_money_headshot" = "50"
L 03/21/2014 - 00:02:29: "fw_money_domination" = "300"
L 03/21/2014 - 00:02:29: "fw_money_kill" = "100"
L 03/21/2014 - 00:02:29: "fw_money_win" = "1000"
L 03/21/2014 - 00:02:29: "fw_money_start" = "1000"
L 03/21/2014 - 00:02:29: "fw_unlock_menu_style" = "1"
L 03/21/2014 - 00:02:29: "fw_lulz" = "0"
L 03/21/2014 - 00:02:29: "fw_no_limit_time" = "60"
L 03/21/2014 - 00:02:29: "fw_setup_time" = "-1"
L 03/21/2014 - 00:02:29: "fw_prop_shadows" = "1"
L 03/21/2014 - 00:02:29: "fw_prop_health_multipler" = "1"
L 03/21/2014 - 00:02:29: "fw_stuck_protection" = "1"
L 03/21/2014 - 00:02:29: "fw_custom_spawn" = "0"
L 03/21/2014 - 00:02:29: "fw_spawn_protection" = "2.5"
L 03/21/2014 - 00:02:29: "fw_props_per_player_admin" = "70"
L 03/21/2014 - 00:02:29: "fw_props_per_player" = "70"
L 03/21/2014 - 00:02:29: "fw_props_per_team" = "250"
L 03/21/2014 - 00:02:29: "fw_maps" = "1"
L 03/21/2014 - 00:02:29: "fw_sql" = "1"
L 03/21/2014 - 00:02:29: "fw_version" = "6.52"
L 03/21/2014 - 00:02:29: "sm_testingtime_version" = "1.2"
L 03/21/2014 - 00:02:29: "stockmodels_version" = "1.0"
L 03/21/2014 - 00:02:29: "tf_models_list" = "tf2_modellist"
L 03/21/2014 - 00:02:29: "tf_models_blocktriggers" = "1"
L 03/21/2014 - 00:02:29: "tf_models_delayonspawn" = "0.1"
L 03/21/2014 - 00:02:29: "tf_models_force_admins" = "0"
L 03/21/2014 - 00:02:29: "tf_models_force_users" = "0"
L 03/21/2014 - 00:02:29: "tf_models_announce_plugin" = "1"
L 03/21/2014 - 00:02:29: "tf_models_announce" = "1"
L 03/21/2014 - 00:02:29: "tf_models_admin_override" = "0"
L 03/21/2014 - 00:02:29: "tf_models_admin_flags" = "b"
L 03/21/2014 - 00:02:29: "tf_models_version" = "1.0.3"
L 03/21/2014 - 00:02:29: "adsql_serverid" = "tf2rainbow"
L 03/21/2014 - 00:02:29: "adsql_version" = "2.4.0"
L 03/21/2014 - 00:02:29: "sm_redirect_version" = "1.2"
L 03/21/2014 - 00:02:29: "sm_snake_version" = "1.0"
L 03/21/2014 - 00:02:29: "webshortcutsredux_version" = "1.1"
L 03/21/2014 - 00:02:29: "sm_speechfun_version" = "1.0.2"
L 03/21/2014 - 00:02:29: "sm_hatremoval_version" = "1.1a"
L 03/21/2014 - 00:02:29: "sm_helpmenu_version" = "0.3"
L 03/21/2014 - 00:02:29: "sm_tnounlockspls_announce_version" = "0.4.0"
L 03/21/2014 - 00:02:29: "dts_version" = "1.1"
L 03/21/2014 - 00:02:29: "sm_cannounce_version" = "1.2"
L 03/21/2014 - 00:02:29: "fcg_version" = "1.1"
L 03/21/2014 - 00:02:29: "tf2attributes_version" = "1.1.1"
L 03/21/2014 - 00:02:29: "sm_resize_version" = "1.4.0"
L 03/21/2014 - 00:02:29: "sm_evilrocket_version" = "1.0.110"
L 03/21/2014 - 00:02:29: "sentryfun_version" = "1.3"
L 03/21/2014 - 00:02:29: "sentryfun_enabled" = "1"
L 03/21/2014 - 00:02:29: "sm_tf_maxclass" = "99999"
L 03/21/2014 - 00:02:29: "sm_textreplacer_version" = "0.2"
L 03/21/2014 - 00:02:29: "sm_gscramble_version" = "3.0.13"
L 03/21/2014 - 00:02:29: "gs_enabled" = "0"
L 03/21/2014 - 00:02:29: "sm_rtrigs" = "1"
L 03/21/2014 - 00:02:29: "sm_rtrigs_version" = "1.10"
L 03/21/2014 - 00:02:29: "tf2_decap_ver" = "1.0"
L 03/21/2014 - 00:02:29: "highfiveenemy_version" = "1.0"
L 03/21/2014 - 00:02:29: "sm_tnounlockspls_tf2items_version" = "0.4.0"
L 03/21/2014 - 00:02:29: "tfh_valentines" = "0"
L 03/21/2014 - 00:02:29: "tfh_meetthepyro" = "0"
L 03/21/2014 - 00:02:29: "tfh_winter" = "1"
L 03/21/2014 - 00:02:29: "tfh_birthday" = "0"
L 03/21/2014 - 00:02:29: "tfh_fullmoon" = "1"
L 03/21/2014 - 00:02:29: "tfh_halloween" = "-1"
L 03/21/2014 - 00:02:29: "tfh_use_overrides" = "1"
L 03/21/2014 - 00:02:29: "tfh_enabled" = "1"
L 03/21/2014 - 00:02:29: "tfh_version" = "1.8.1"
L 03/21/2014 - 00:02:29: "sm_customvotes_version" = "1.0"
L 03/21/2014 - 00:02:29: "sm_rtd_version" = "0.4.3.2"
L 03/21/2014 - 00:02:29: "sm_tnounlockspls_menu_version" = "0.4.0"
L 03/21/2014 - 00:02:29: "lights_version" = "0.6"
L 03/21/2014 - 00:02:29: "sm_downloader_version" = "1.4"
L 03/21/2014 - 00:02:29: "sm_spec_players" = "1"
L 03/21/2014 - 00:02:29: "sm_funcommandsx_version" = "2.3"
L 03/21/2014 - 00:02:29: "sm_adminlistmenu_version" = "1.0"
L 03/21/2014 - 00:02:29: "tf2items_manager" = "1"
L 03/21/2014 - 00:02:29: "tf2items_manager_version" = "1.4.1"
L 03/21/2014 - 00:02:29: "sm_respawn_override_version" = "1.0.1-20131019"
L 03/21/2014 - 00:02:29: "sm_setspeed_log" = "1"
L 03/21/2014 - 00:02:29: "sm_setspeed_chat" = "1"
L 03/21/2014 - 00:02:29: "sm_setspeed_version" = "1.3.1"
L 03/21/2014 - 00:02:29: "sm_spray_version" = "5.8a"
L 03/21/2014 - 00:02:29: "goomba_version" = "2.0.2"
L 03/21/2014 - 00:02:29: "sm_adminsmite_version" = "2.1"
L 03/21/2014 - 00:02:29: "mc_version" = "1.1.1"
L 03/21/2014 - 00:02:29: "sm_setplayerclass_version" = "1.0.1"
L 03/21/2014 - 00:02:29: "sm_tetris_version" = "1.0"
L 03/21/2014 - 00:02:29: "sm_hdmgtracker_version" = "1.2.2"
L 03/21/2014 - 00:02:29: "cid_mintime" = "10.0"
L 03/21/2014 - 00:02:29: "cid_maxdist" = "10000.0"
L 03/21/2014 - 00:02:29: "cid_enabled" = "1"
L 03/21/2014 - 00:02:29: "cid_version" = "1.1"
L 03/21/2014 - 00:02:29: "basicdonator_version" = "0.8"
L 03/21/2014 - 00:02:29: "sm_afkm_version" = "3.5.2"
L 03/21/2014 - 00:02:29: "sgadmins_version" = "1.2.0"
L 03/21/2014 - 00:02:29: "melee_version" = "0.4.1"
L 03/21/2014 - 00:02:29: "sm_pregame_slaughter_version" = "1.0.5.1"
L 03/21/2014 - 00:02:29: "fc_version" = "2.0"
L 03/21/2014 - 00:02:29: "jinglenotify_version" = "1.0.0"
L 03/21/2014 - 00:02:29: "sm_tf_captoggle" = "0.0.3"
L 03/21/2014 - 00:02:29: "sm_ignorelist_version" = "0x02"
L 03/21/2014 - 00:02:29: "tf2items_giveweapon_version" = "3.14159"
L 03/21/2014 - 00:02:29: "sm_bsd_version" = "2.0.0"
L 03/21/2014 - 00:02:29: "sm_rweapons_version" = "1.3"
L 03/21/2014 - 00:02:29: "sm_commanddump_version" = "1.1.0"
L 03/21/2014 - 00:02:29: "store_version" = "1.1-alpha"
L 03/21/2014 - 00:02:29: "sm_allchat_version" = "1.1.1"
L 03/21/2014 - 00:02:29: "sm_classrestrict_version" = "0.6"
L 03/21/2014 - 00:02:29: "sm_playersvotes_redux_version" = "1.3"
L 03/21/2014 - 00:02:29: "steamtools_version" = "0.8.3"
L 03/21/2014 - 00:02:29: "tf2items_version" = "1.6.0"
L 03/21/2014 - 00:02:29: "sm_nextmap" = "arena_polar_final"
L 03/21/2014 - 00:02:29: "sourcemod_version" = "1.5.3-dev+4004"
L 03/21/2014 - 00:02:29: "metamod_version" = "1.10.1-devV"
L 03/21/2014 - 00:02:29: "tf_playergib" = "1"
L 03/21/2014 - 00:02:29: "tf_allow_player_use" = "0"
L 03/21/2014 - 00:02:29: "tf_mvm_death_penalty" = "0"
L 03/21/2014 - 00:02:29: "sv_maxusrcmdprocessticks" = "24"
L 03/21/2014 - 00:02:29: "mp_teamplay" = "0"
L 03/21/2014 - 00:02:29: "mp_falldamage" = "0"
L 03/21/2014 - 00:02:29: "mp_weaponstay" = "0"
L 03/21/2014 - 00:02:29: "mp_forcerespawn" = "1"
L 03/21/2014 - 00:02:29: "mp_footsteps" = "1"
L 03/21/2014 - 00:02:29: "mp_flashlight" = "1"
L 03/21/2014 - 00:02:29: "mp_autocrosshair" = "1"
L 03/21/2014 - 00:02:29: "decalfrequency" = "10"
L 03/21/2014 - 00:02:29: "mp_teamlist" = "hgrunt;scientist"
L 03/21/2014 - 00:02:29: "mp_allowNPCs" = "1"
L 03/21/2014 - 00:02:29: "sv_alltalk" = "1"
L 03/21/2014 - 00:02:29: "tf_weapon_criticals" = "1"
L 03/21/2014 - 00:02:29: "tf_damage_disablespread" = "1"
L 03/21/2014 - 00:02:29: "tf_player_name_change_time" = "60"
L 03/21/2014 - 00:02:29: "tf_force_holidays_off" = "0"
L 03/21/2014 - 00:02:29: "tf_birthday" = "0"
L 03/21/2014 - 00:02:29: "mp_windifference" = "0"
L 03/21/2014 - 00:02:29: "mp_windifference_min" = "0"
L 03/21/2014 - 00:02:29: "tf_medieval" = "0"
L 03/21/2014 - 00:02:29: "tf_medieval_autorp" = "1"
L 03/21/2014 - 00:02:29: "tf_arena_force_class" = "0"
L 03/21/2014 - 00:02:29: "tf_arena_change_limit" = "1"
L 03/21/2014 - 00:02:29: "tf_arena_override_cap_enable_time" = "-1"
L 03/21/2014 - 00:02:29: "tf_arena_first_blood" = "0"
L 03/21/2014 - 00:02:29: "tf_mvm_min_players_to_start" = "3"
L 03/21/2014 - 00:02:29: "tf_gamemode_arena" = "1"
L 03/21/2014 - 00:02:29: "tf_gamemode_cp" = "0"
L 03/21/2014 - 00:02:29: "tf_gamemode_ctf" = "0"
L 03/21/2014 - 00:02:29: "tf_gamemode_sd" = "0"
L 03/21/2014 - 00:02:29: "tf_gamemode_payload" = "0"
L 03/21/2014 - 00:02:29: "tf_gamemode_mvm" = "0"
L 03/21/2014 - 00:02:29: "tf_bot_count" = "0"
L 03/21/2014 - 00:02:29: "tf_teamtalk" = "0"
L 03/21/2014 - 00:02:29: "tf_ctf_bonus_time" = "10"
L 03/21/2014 - 00:02:29: "tf_maxspeed" = "400"
L 03/21/2014 - 00:02:29: "tf_max_charge_speed" = "750"
L 03/21/2014 - 00:02:29: "tf_use_fixed_weaponspreads" = "0"
L 03/21/2014 - 00:02:29: "tf_overtime_nag" = "0"
L 03/21/2014 - 00:02:29: "mp_tournament" = "0"
L 03/21/2014 - 00:02:29: "mp_highlander" = "0"
L 03/21/2014 - 00:02:29: "mp_maxrounds" = "0"
L 03/21/2014 - 00:02:29: "mp_winlimit" = "0"
L 03/21/2014 - 00:02:29: "mp_disable_respawn_times" = "0"
L 03/21/2014 - 00:02:29: "mp_stalemate_meleeonly" = "0"
L 03/21/2014 - 00:02:29: "mp_forceautoteam" = "0"
L 03/21/2014 - 00:02:29: "mp_autoteambalance" = "0"
L 03/21/2014 - 00:02:29: "mp_stalemate_enable" = "1"
L 03/21/2014 - 00:02:29: "mp_match_end_at_timelimit" = "0"
L 03/21/2014 - 00:02:29: "mp_holiday_nogifts" = "0"
L 03/21/2014 - 00:02:29: "mp_scrambleteams_auto" = "0"
L 03/21/2014 - 00:02:29: "mp_scrambleteams_auto_windifference" = "2"
L 03/21/2014 - 00:02:29: "mp_timelimit" = "25"
L 03/21/2014 - 00:02:29: "mp_fraglimit" = "0"
L 03/21/2014 - 00:02:29: "nextlevel" = ""
L 03/21/2014 - 00:02:29: "sv_gravity" = "800"
L 03/21/2014 - 00:02:29: "sv_stopspeed" = "100"
L 03/21/2014 - 00:02:29: "sv_noclipaccelerate" = "5"
L 03/21/2014 - 00:02:29: "sv_noclipspeed" = "5"
L 03/21/2014 - 00:02:29: "sv_specaccelerate" = "5"
L 03/21/2014 - 00:02:29: "sv_specspeed" = "3"
L 03/21/2014 - 00:02:29: "sv_specnoclip" = "1"
L 03/21/2014 - 00:02:29: "sv_maxspeed" = "320"
L 03/21/2014 - 00:02:29: "sv_accelerate" = "10"
L 03/21/2014 - 00:02:29: "sv_airaccelerate" = "10"
L 03/21/2014 - 00:02:29: "sv_wateraccelerate" = "10"
L 03/21/2014 - 00:02:29: "sv_waterfriction" = "1"
L 03/21/2014 - 00:02:29: "sv_footsteps" = "1"
L 03/21/2014 - 00:02:29: "sv_rollspeed" = "200"
L 03/21/2014 - 00:02:29: "sv_rollangle" = "0"
L 03/21/2014 - 00:02:29: "sv_friction" = "4"
L 03/21/2014 - 00:02:29: "sv_bounce" = "0"
L 03/21/2014 - 00:02:29: "sv_stepsize" = "18"
L 03/21/2014 - 00:02:29: "r_VehicleViewDampen" = "1"
L 03/21/2014 - 00:02:29: "r_JeepViewDampenFreq" = "7.0"
L 03/21/2014 - 00:02:29: "r_JeepViewDampenDamp" = "1.0"
L 03/21/2014 - 00:02:29: "r_JeepViewZHeight" = "10.0"
L 03/21/2014 - 00:02:29: "r_AirboatViewDampenFreq" = "7.0"
L 03/21/2014 - 00:02:29: "r_AirboatViewDampenDamp" = "1.0"
L 03/21/2014 - 00:02:29: "r_AirboatViewZHeight" = "0.0"
L 03/21/2014 - 00:02:29: "mp_fadetoblack" = "0"
L 03/21/2014 - 00:02:29: "tf_mm_servermode" = "0"
L 03/21/2014 - 00:02:29: "tf_mm_strict" = "0"
L 03/21/2014 - 00:02:29: "tf_mm_trusted" = "0"
L 03/21/2014 - 00:02:29: "tf_server_identity_disable_quickplay" = "0"
L 03/21/2014 - 00:02:29: "sv_registration_successful" = "1"
L 03/21/2014 - 00:02:29: "sv_registration_message" = ""
L 03/21/2014 - 00:02:29: "sv_steamgroup" = ""
L 03/21/2014 - 00:02:29: "sv_cheats" = "0"
L 03/21/2014 - 00:02:29: "sv_pausable" = "0"
L 03/21/2014 - 00:02:29: "sv_contact" = "theoneandonly@rowedahelicon.com"
L 03/21/2014 - 00:02:29: "sv_voiceenable" = "1"
L 03/21/2014 - 00:02:29: "tv_enable" = "0"
L 03/21/2014 - 00:02:29: "deathmatch" = "1"
L 03/21/2014 - 00:02:29: "coop" = "0"
L 03/21/2014 - 00:02:29: "tv_password" = ""
L 03/21/2014 - 00:02:29: "tv_relaypassword" = ""
L 03/21/2014 - 00:02:29: "sv_password" = ""
L 03/21/2014 - 00:02:29: server cvars end
L 03/21/2014 - 00:02:31: Started map "arena_polar_final" (CRC "74626104da89b4295312f291c798980b")
L 03/21/2014 - 00:02:31: Executing dedicated server config file server.cfg
L 03/21/2014 - 00:02:36: server_cvar: "tf_gamemode_arena" "0"
L 03/21/2014 - 00:02:36: server_cvar: "tf_gamemode_arena" "1"
L 03/21/2014 - 00:02:37: server_cvar: "mp_autoteambalance" "1"
L 03/21/2014 - 00:02:37: server_cvar: "tf_arena_first_blood" "1"
L 03/21/2014 - 00:02:37: server_cvar: "mp_scrambleteams_auto" "1"
L 03/21/2014 - 00:02:37: WARNING: ClientActive, but we don't know his SteamID?
L 03/21/2014 - 00:02:37: "Replay 2: The Replayening<2><BOT><>" entered the game
L 03/21/2014 - 00:02:37: "Replay 2: The Replayening<2><BOT><Unassigned>" joined team "Spectator"
L 03/21/2014 - 00:02:37: server_cvar: "tf_models_list" "TF2_ItemList"
L 03/21/2014 - 00:02:37: server_cvar: "mp_timelimit" "30"
L 03/21/2014 - 00:02:37: server_cvar: "tf_models_list" "tf2_modellist"
L 03/21/2014 - 00:02:37: server_cvar: "mp_autoteambalance" "0"
L 03/21/2014 - 00:02:37: server_cvar: "gs_enabled" "1"
L 03/21/2014 - 00:02:37: server_cvar: "mp_timelimit" "24"
L 03/21/2014 - 00:02:37: server_cvar: "sm_rtrigs" "0"
L 03/21/2014 - 00:02:37: server_cvar: "tf2items_rnd_enabled" "1"
L 03/21/2014 - 00:02:37: server_cvar: "sm_nextmap" "cp_prolane_rc3"
L 03/21/2014 - 00:02:43: server_cvar: "mp_scrambleteams_auto" "0"
L 03/21/2014 - 00:02:50: "ï¼«ï½…ï½Žï½” ðŸ˜ˆâœŒ<107><STEAM_0:1:37936200><>" entered the game
L 03/21/2014 - 00:02:50: "Persi, the Neko God<12><STEAM_0:1:30286598><>" entered the game
L 03/21/2014 - 00:02:52: "Zim the Faggy Fox <3<91><STEAM_0:0:24988511><>" entered the game
L 03/21/2014 - 00:02:52: "=LAS= Bobby Balrog<111><STEAM_0:1:60241411><>" disconnected (reason "Disconnect by user.")
L 03/21/2014 - 00:02:53: "ï¼«ï½…ï½Žï½” ðŸ˜ˆâœŒ<107><STEAM_0:1:37936200><Unassigned>" joined team "Red"
L 03/21/2014 - 00:02:53: World triggered "Round_Win" (winner "Red")
L 03/21/2014 - 00:02:53: World triggered "Round_Length" (seconds "10.01")
L 03/21/2014 - 00:02:53: Team "Red" current score "1" with "1" players
L 03/21/2014 - 00:02:53: Team "Blue" current score "0" with "0" players
L 03/21/2014 - 00:02:53: "The Mutagen(unstable)<89><STEAM_0:0:49010827><>" entered the game
L 03/21/2014 - 00:02:53: server_cvar: "mp_disable_respawn_times" "1"
L 03/21/2014 - 00:02:54: "ï¼«ï½…ï½Žï½” ðŸ˜ˆâœŒ<107><STEAM_0:1:37936200><Red>" changed role to "scout"
L 03/21/2014 - 00:02:54: "firefrorefiddle<110><STEAM_0:0:3456897><>" entered the game
L 03/21/2014 - 00:02:55: "Persi, the Neko God<12><STEAM_0:1:30286598><Unassigned>" joined team "Blue"
L 03/21/2014 - 00:02:56: "Persi, the Neko God<12><STEAM_0:1:30286598><Blue>" changed role to "soldier"
L 03/21/2014 - 00:02:58: "Zim the Faggy Fox <3<91><STEAM_0:0:24988511><Unassigned>" joined team "Blue"
L 03/21/2014 - 00:02:59: "The Mutagen(unstable)<89><STEAM_0:0:49010827><Unassigned>" joined team "Red"
L 03/21/2014 - 00:03:01: "The Mutagen(unstable)<89><STEAM_0:0:49010827><Red>" changed role to "sniper"
L 03/21/2014 - 00:03:02: "firefrorefiddle<110><STEAM_0:0:3456897><Unassigned>" joined team "Blue"
L 03/21/2014 - 00:03:04: "firefrorefiddle<110><STEAM_0:0:3456897><Blue>" changed role to "pyro"
L 03/21/2014 - 00:03:05: "{BFG} Nikdragon<108><STEAM_0:0:78154965><>" entered the game
L 03/21/2014 - 00:03:07: "ï¼«ï½…ï½Žï½” ðŸ˜ˆâœŒ<107><STEAM_0:1:37936200><Red>" committed suicide with "world" (attacker_position "188 1949 -625")
L 03/21/2014 - 00:03:08: World triggered "Round_Start"
L 03/21/2014 - 00:03:16: "Zingy Zigzagoon<88><STEAM_0:1:38093875><>" entered the game
L 03/21/2014 - 00:03:19: "Persi, the Neko God<12><STEAM_0:1:30286598><Blue>" say_team "!myweps"
L 03/21/2014 - 00:03:19: "Zingy Zigzagoon<88><STEAM_0:1:38093875><Unassigned>" joined team "Red"
L 03/21/2014 - 00:03:21: "Zingy Zigzagoon<88><STEAM_0:1:38093875><Red>" changed role to "spy"
L 03/21/2014 - 00:03:22: "Herrocopter<67><STEAM_0:0:50403197><>" entered the game
L 03/21/2014 - 00:03:23: "{BFG} Nikdragon<108><STEAM_0:0:78154965><Unassigned>" joined team "Red"
L 03/21/2014 - 00:03:27: "Herrocopter<67><STEAM_0:0:50403197><Unassigned>" joined team "Blue"
L 03/21/2014 - 00:03:28: "Herrocopter<67><STEAM_0:0:50403197><Blue>" changed role to "engineer"
L 03/21/2014 - 00:03:33: "TheMagicNipples<95><STEAM_0:1:42113544><>" entered the game
L 03/21/2014 - 00:03:36: "Tiera Foxglove<44><STEAM_0:1:42733307><>" entered the game
L 03/21/2014 - 00:03:38: "TheMagicNipples<95><STEAM_0:1:42113544><Unassigned>" joined team "Blue"
L 03/21/2014 - 00:03:38: "ï¼«ï½…ï½Žï½” ðŸ˜ˆâœŒ<107><STEAM_0:1:37936200><Red>" killed "Zim the Faggy Fox <3<91><STEAM_0:0:24988511><Blue>" with "tf_projectile_rocket" (attacker_position "-525 688 -4") (victim_position "-542 176 -61")
L 03/21/2014 - 00:03:39: "TheMagicNipples<95><STEAM_0:1:42113544><Blue>" changed role to "engineer"
L 03/21/2014 - 00:03:40: "Tiera Foxglove<44><STEAM_0:1:42733307><Unassigned>" joined team "Red"
L 03/21/2014 - 00:03:42: "Tiera Foxglove<44><STEAM_0:1:42733307><Red>" changed role to "medic"
L 03/21/2014 - 00:03:44: server_cvar: "mp_disable_respawn_times" "0"
L 03/21/2014 - 00:03:50: "ï¼«ï½…ï½Žï½” ðŸ˜ˆâœŒ<107><STEAM_0:1:37936200><Red>" killed "firefrorefiddle<110><STEAM_0:0:3456897><Blue>" with "tf_projectile_rocket" (attacker_position "-557 -530 229") (victim_position "-818 -457 42")
L 03/21/2014 - 00:03:59: "JaÃ¼ri, the Laughing Goddess<86><STEAM_0:1:17091633><>" entered the game
L 03/21/2014 - 00:04:04: "JaÃ¼ri, the Laughing Goddess<86><STEAM_0:1:17091633><Unassigned>" joined team "Red"
L 03/21/2014 - 00:04:10: "JaÃ¼ri, the Laughing Goddess<86><STEAM_0:1:17091633><Red>" changed role to "pyro"
L 03/21/2014 - 00:04:10: "Persi, the Neko God<12><STEAM_0:1:30286598><Blue>" killed "ï¼«ï½…ï½Žï½” ðŸ˜ˆâœŒ<107><STEAM_0:1:37936200><Red>" with "brass_beast" (attacker_position "-1510 839 -5") (victim_position "-1460 888 63")
L 03/21/2014 - 00:04:14: "The Mutagen(unstable)<89><STEAM_0:0:49010827><Red>" killed "Persi, the Neko God<12><STEAM_0:1:30286598><Blue>" with "tf_projectile_rocket" (attacker_position "-1774 16 -6") (victim_position "-1474 456 0")
L 03/21/2014 - 00:04:14: World triggered "Round_Win" (winner "Red")
L 03/21/2014 - 00:04:14: World triggered "Round_Length" (seconds "66.12")
L 03/21/2014 - 00:04:14: Team "Red" current score "2" with "6" players
L 03/21/2014 - 00:04:14: Team "Blue" current score "0" with "5" players
L 03/21/2014 - 00:04:20: "Blizzard (Sean)áƒ¦<102><STEAM_0:1:47938377><>" entered the game
L 03/21/2014 - 00:04:21: "The Mutagen(unstable)<89><STEAM_0:0:49010827><Red>" say "ï¼ˆã€ƒãƒ»Ï‰ãƒ»ã€ƒï¼‰ Happy Days!"
L 03/21/2014 - 00:04:23: "The Mutagen(unstable)<89><STEAM_0:0:49010827><Red>" committed suicide with "tf_projectile_rocket" (attacker_position "-567 493 34")
L 03/21/2014 - 00:04:28: "Blizzard (Sean)áƒ¦<102><STEAM_0:1:47938377><Unassigned>" joined team "Blue"
L 03/21/2014 - 00:04:29: World triggered "Round_Start"
L 03/21/2014 - 00:04:32: "Blizzard (Sean)áƒ¦<102><STEAM_0:1:47938377><Blue>" changed role to "scout"
L 03/21/2014 - 00:04:50: "Zingy Zigzagoon<88><STEAM_0:1:38093875><Blue>" triggered "builtobject" (object "OBJ_SENTRYGUN") (position "-1610 200 208")
L 03/21/2014 - 00:04:51: "{BFG} Sabre<79><STEAM_0:1:31072961><>" entered the game
L 03/21/2014 - 00:04:51: "ï¼«ï½…ï½Žï½” ðŸ˜ˆâœŒ<107><STEAM_0:1:37936200><Red>" say "!cantsee"
L 03/21/2014 - 00:04:54: "The Mutagen(unstable)<89><STEAM_0:0:49010827><Blue>" triggered "jarate_attack" against "JaÃ¼ri, the Laughing Goddess<86><STEAM_0:1:17091633><Red>" with "sniperrifle" (attacker_position "-858 1424 -56") (victim_position "273 1140 4")
L 03/21/2014 - 00:04:59: "ï¼«ï½…ï½Žï½” ðŸ˜ˆâœŒ<107><STEAM_0:1:37936200><Red>" killed "Tiera Foxglove<44><STEAM_0:1:42733307><Blue>" with "lava_bat" (attacker_position "-355 -912 -222") (victim_position "-392 -939 -223")
L 03/21/2014 - 00:04:59: "Herrocopter<67><STEAM_0:0:50403197><Red>" triggered "jarate_attack" against "Blizzard (Sean)áƒ¦<102><STEAM_0:1:47938377><Blue>" with "tf_weapon_jar" (attacker_position "-2079 -1267 -99") (victim_position "-2244 -1529 -100")
L 03/21/2014 - 00:05:00: "{BFG} Sabre<79><STEAM_0:1:31072961><Unassigned>" joined team "Red"
L 03/21/2014 - 00:05:00: "Herrocopter<67><STEAM_0:0:50403197><Red>" killed "Blizzard (Sean)áƒ¦<102><STEAM_0:1:47938377><Blue>" with "bushwacka" (attacker_position "-2232 -1473 -100") (victim_position "-2247 -1521 -100")
L 03/21/2014 - 00:05:00: "{BFG} Sabre<79><STEAM_0:1:31072961><Red>" changed role to "heavyweapons"
L 03/21/2014 - 00:05:04: "JaÃ¼ri, the Laughing Goddess<86><STEAM_0:1:17091633><Red>" killed "firefrorefiddle<110><STEAM_0:0:3456897><Blue>" with "natascha" (attacker_position "228 1124 4") (victim_position "118 1047 3")
L 03/21/2014 - 00:05:04: "TheMagicNipples<95><STEAM_0:1:42113544><Blue>" killed "{BFG} Nikdragon<108><STEAM_0:0:78154965><Red>" with "sledgehammer" (attacker_position "2581 770 -152") (victim_position "2654 764 -157")
L 03/21/2014 - 00:05:07: "Blizzard (Sean)áƒ¦<102><STEAM_0:1:47938377><Blue>" say ";-;"
L 03/21/2014 - 00:05:20: "ï¼«ï½…ï½Žï½” ðŸ˜ˆâœŒ<107><STEAM_0:1:37936200><Red>" killed "Zingy Zigzagoon<88><STEAM_0:1:38093875><Blue>" with "flamethrower" (attacker_position "-1815 524 104") (victim_position "-1754 406 208")
L 03/21/2014 - 00:05:21: "TheMagicNipples<95><STEAM_0:1:42113544><Blue>" killed "Zim the Faggy Fox <3<91><STEAM_0:0:24988511><Red>" with "scattergun" (attacker_position "997 -296 -1") (victim_position "1085 -157 8")
L 03/21/2014 - 00:05:23: "Zingy Zigzagoon<88><STEAM_0:1:38093875><Blue>" killed "Herrocopter<67><STEAM_0:0:50403197><Red>" with "obj_sentrygun" (attacker_position "-1570 140 208") (victim_position "-1674 440 208")
L 03/21/2014 - 00:05:25: "JaÃ¼ri, the Laughing Goddess<86><STEAM_0:1:17091633><Red>" killed "The Mutagen(unstable)<89><STEAM_0:0:49010827><Blue>" with "player" (attacker_position "-476 1117 -11") (victim_position "-1957 -478 -67")
L 03/21/2014 - 00:05:28: "TheMagicNipples<95><STEAM_0:1:42113544><Blue>" say ":P"
L 03/21/2014 - 00:05:33: "Zim the Faggy Fox <3<91><STEAM_0:0:24988511><Red>" say ":'c"
L 03/21/2014 - 00:05:47: "Ozzzy<109><STEAM_0:0:33986421><>" entered the game
L 03/21/2014 - 00:05:53: "ï¼«ï½…ï½Žï½” ðŸ˜ˆâœŒ<107><STEAM_0:1:37936200><Red>" killed "TheMagicNipples<95><STEAM_0:1:42113544><Blue>" with "flamethrower" (attacker_position "-56 -544 0") (victim_position "-195 -549 0")
L 03/21/2014 - 00:05:53: World triggered "Round_Win" (winner "Red")
L 03/21/2014 - 00:05:53: World triggered "Round_Length" (seconds "83.10")
L 03/21/2014 - 00:05:53: Team "Red" current score "3" with "7" players
L 03/21/2014 - 00:05:53: Team "Blue" current score "0" with "6" players
L 03/21/2014 - 00:05:57: "The Mutagen(unstable)<89><STEAM_0:0:49010827><Blue>" say "(â•¯Â°â–¡Â°ï¼‰â•¯ï¸µ â”»â”â”» I MAD, I FLIP TALBES"
L 03/21/2014 - 00:06:01: "Gord<112><STEAM_0:1:2327125><>" connected, address "72.35.129.251:27005"
L 03/21/2014 - 00:06:01: "Gord<112><STEAM_0:1:2327125><>" STEAM USERID validated
L 03/21/2014 - 00:06:05: "Blizzard (Sean)áƒ¦<102><STEAM_0:1:47938377><Blue>" say "(ãƒŽà²  âˆ©à² )ãƒŽå½¡( \oÂ°o)\ RAGE DAYS!!!"
L 03/21/2014 - 00:06:06: "Blizzard (Sean)áƒ¦<102><STEAM_0:1:47938377><Blue>" say "ãƒŽâ”¬â”€â”¬ãƒŽ ï¸µ ( \oÂ°o)\ Opposite days!"
L 03/21/2014 - 00:06:08: World triggered "Round_Start"
L 03/21/2014 - 00:06:11: "Zim the Faggy Fox <3<91><STEAM_0:0:24988511><Red>" say "Flipping tables is my job!"
L 03/21/2014 - 00:06:13: "ï¼«ï½…ï½Žï½” ðŸ˜ˆâœŒ<107><STEAM_0:1:37936200><Blue>" say "!cantsee"
L 03/21/2014 - 00:06:14: "ï¼«ï½…ï½Žï½” ðŸ˜ˆâœŒ<107><STEAM_0:1:37936200><Blue>" say "!cantsee"
L 03/21/2014 - 00:06:22: "Blizzard (Sean)áƒ¦<102><STEAM_0:1:47938377><Blue>" triggered "builtobject" (object "OBJ_SENTRYGUN") (position "-1776 -951 -20")
L 03/21/2014 - 00:06:22: "Ozzzy<109><STEAM_0:0:33986421><Unassigned>" joined team "Red"
L 03/21/2014 - 00:06:25: "Blizzard (Sean)áƒ¦<102><STEAM_0:1:47938377><Blue>" triggered "killedobject" (object "OBJ_SENTRYGUN") (weapon "pda_engineer") (objectowner "Blizzard (Sean)áƒ¦<102><STEAM_0:1:47938377><Blue>") (attacker_position "-1722 -977 -5")
L 03/21/2014 - 00:06:26: "{BFG} Sabre<79><STEAM_0:1:31072961><Blue>" say "!cantsee"
L 03/21/2014 - 00:06:27: "Gord<112><STEAM_0:1:2327125><>" entered the game
L 03/21/2014 - 00:06:29: "Blizzard (Sean)áƒ¦<102><STEAM_0:1:47938377><Blue>" triggered "builtobject" (object "OBJ_DISPENSER") (position "-1754 -991 -14")
L 03/21/2014 - 00:06:34: "Gord<112><STEAM_0:1:2327125><Unassigned>" joined team "Blue"
L 03/21/2014 - 00:06:34: "JaÃ¼ri, the Laughing Goddess<86><STEAM_0:1:17091633><Blue>" killed "Herrocopter<67><STEAM_0:0:50403197><Red>" with "dumpster_device" (attacker_position "-255 -1043 -223") (victim_position "-196 -1058 -223")
L 03/21/2014 - 00:06:36: "Gord<112><STEAM_0:1:2327125><Blue>" changed role to "soldier"
L 03/21/2014 - 00:06:42: "TheMagicNipples<95><STEAM_0:1:42113544><Red>" killed "Blizzard (Sean)áƒ¦<102><STEAM_0:1:47938377><Blue>" with "cow_mangler" (attacker_position "-1169 -740 0") (victim_position "-1334 -624 16")
L 03/21/2014 - 00:06:43: "Gord<112><STEAM_0:1:2327125><Blue>" say "!helpmenu"
L 03/21/2014 - 00:06:43: "ï¼«ï½…ï½Žï½” ðŸ˜ˆâœŒ<107><STEAM_0:1:37936200><Blue>" killed "The Mutagen(unstable)<89><STEAM_0:0:49010827><Red>" with "world" (attacker_position "1042 664 38") (victim_position "1184 780 0")
L 03/21/2014 - 00:06:47: "ï¼«ï½…ï½Žï½” ðŸ˜ˆâœŒ<107><STEAM_0:1:37936200><Blue>" killed "{BFG} Nikdragon<108><STEAM_0:0:78154965><Red>" with "tf_projectile_arrow" (customkill "headshot") (attacker_position "1648 778 0") (victim_position "2662 762 -157")
L 03/21/2014 - 00:06:47: "Tiera Foxglove<44><STEAM_0:1:42733307><Blue>" killed "firefrorefiddle<110><STEAM_0:0:3456897><Red>" with "iron_curtain" (attacker_position "-352 -456 248") (victim_position "-864 -76 -8")
L 03/21/2014 - 00:06:48: "Zim the Faggy Fox <3<91><STEAM_0:0:24988511><Red>" killed "Zingy Zigzagoon<88><STEAM_0:1:38093875><Blue>" with "diamondback" (attacker_position "-766 1067 208") (victim_position "-650 859 208")
L 03/21/2014 - 00:06:48: "Tiera Foxglove<44><STEAM_0:1:42733307><Blue>" killed "Ozzzy<109><STEAM_0:0:33986421><Red>" with "iron_curtain" (attacker_position "-348 -421 248") (victim_position "-867 -3 -7")
L 03/21/2014 - 00:06:56: "Zim the Faggy Fox <3<91><STEAM_0:0:24988511><Red>" killed "Persi, the Neko God<12><STEAM_0:1:30286598><Blue>" with "eternal_reward" (customkill "backstab") (attacker_position "-1114 340 2") (victim_position "-1162 277 37")
L 03/21/2014 - 00:06:58: "JaÃ¼ri, the Laughing Goddess<86><STEAM_0:1:17091633><Blue>" killed "Zim the Faggy Fox <3<91><STEAM_0:0:24988511><Red>" with "amputator" (attacker_position "-1385 200 0") (victim_position "-1438 254 0")
L 03/21/2014 - 00:06:58: "Tiera Foxglove<44><STEAM_0:1:42733307><Blue>" triggered "kill assist" against "Zim the Faggy Fox <3<91><STEAM_0:0:24988511><Red>" (assister_position "-320 -389 248") (attacker_position "-1385 200 0") (victim_position "-1438 254 0")
L 03/21/2014 - 00:07:17: "[BoP] Rambo [PxR]<113><STEAM_0:1:38609972><>" connected, address "222.155.152.80:51401"
L 03/21/2014 - 00:07:17: "[BoP] Rambo [PxR]<113><STEAM_0:1:38609972><>" STEAM USERID validated
L 03/21/2014 - 00:07:29: "[BoP] Rambo [PxR]<113><STEAM_0:1:38609972><>" disconnected (reason "Disconnect by user.")
L 03/21/2014 - 00:07:35: "Tiera Foxglove<44><STEAM_0:1:42733307><Blue>" killed "TheMagicNipples<95><STEAM_0:1:42113544><Red>" with "iron_curtain" (attacker_position "-88 432 248") (victim_position "-301 -679 248")
L 03/21/2014 - 00:07:35: World triggered "Round_Win" (winner "Blue")
L 03/21/2014 - 00:07:35: World triggered "Round_Length" (seconds "86.88")
L 03/21/2014 - 00:07:35: Team "Red" current score "3" with "7" players
L 03/21/2014 - 00:07:35: Team "Blue" current score "1" with "8" players
L 03/21/2014 - 00:07:43: "{BFG} Sabre<79><STEAM_0:1:31072961><Blue>" committed suicide with "world" (attacker_position "-224 316 -87")
L 03/21/2014 - 00:07:44: "JaÃ¼ri, the Laughing Goddess<86><STEAM_0:1:17091633><Blue>" committed suicide with "dumpster_device" (attacker_position "-146 1032 306")
L 03/21/2014 - 00:07:50: World triggered "Round_Start"
L 03/21/2014 - 00:07:55: "ï¼«ï½…ï½Žï½” ðŸ˜ˆâœŒ<107><STEAM_0:1:37936200><Red>" say "!cantsee"
L 03/21/2014 - 00:07:56: "ï¼«ï½…ï½Žï½” ðŸ˜ˆâœŒ<107><STEAM_0:1:37936200><Red>" say "!cantsee"
L 03/21/2014 - 00:07:59: "The Mutagen(unstable)<89><STEAM_0:0:49010827><Blue>" say "(â•¯Â°â–¡Â°ï¼‰â•¯ï¸µ â”»â”â”» I MAD, I FLIP TALBES"
L 03/21/2014 - 00:08:00: "The Mutagen(unstable)<89><STEAM_0:0:49010827><Blue>" say "(â•¯Â°â–¡Â°ï¼‰â•¯ï¸µ â”»â”â”» I MAD, I FLIP TALBES"
L 03/21/2014 - 00:08:01: "Gord<112><STEAM_0:1:2327125><Blue>" say "!cantsee"
L 03/21/2014 - 00:08:01: "The Mutagen(unstable)<89><STEAM_0:0:49010827><Blue>" say "(â•¯Â°â–¡Â°ï¼‰â•¯ï¸µ â”»â”â”» I MAD, I FLIP TALBES"
L 03/21/2014 - 00:08:06: "Ozzzy<109><STEAM_0:0:33986421><Blue>" triggered "builtobject" (object "OBJ_SENTRYGUN") (position "-1873 -633 -44")
L 03/21/2014 - 00:08:06: "JaÃ¼ri, the Laughing Goddess<86><STEAM_0:1:17091633><Blue>" triggered "builtobject" (object "OBJ_DISPENSER") (position "-1569 -415 0")
L 03/21/2014 - 00:08:09: "JaÃ¼ri, the Laughing Goddess<86><STEAM_0:1:17091633><Blue>" triggered "builtobject" (object "OBJ_SENTRYGUN") (position "-1117 -362 0")
L 03/21/2014 - 00:08:13: "Gord<112><STEAM_0:1:2327125><Blue>" say "YOU ARE DOOMED RED TEAM"
L 03/21/2014 - 00:08:21: "Ozzzy<109><STEAM_0:0:33986421><Blue>" triggered "builtobject" (object "OBJ_DISPENSER") (position "-1546 -510 0")
L 03/21/2014 - 00:08:29: "ï¼«ï½…ï½Žï½” ðŸ˜ˆâœŒ<107><STEAM_0:1:37936200><Red>" triggered "medic_death" against "Zim the Faggy Fox <3<91><STEAM_0:0:24988511><Blue>" (healing "0") (ubercharge "0")
L 03/21/2014 - 00:08:29: "ï¼«ï½…ï½Žï½” ðŸ˜ˆâœŒ<107><STEAM_0:1:37936200><Red>" killed "Zim the Faggy Fox <3<91><STEAM_0:0:24988511><Blue>" with "battleaxe" (attacker_position "2003 920 -79") (victim_position "1979 1003 -80")
L 03/21/2014 - 00:08:30: "Herrocopter<67><STEAM_0:0:50403197><Blue>" killed "Zingy Zigzagoon<88><STEAM_0:1:38093875><Red>" with "sniperrifle" (customkill "headshot") (attacker_position "-753 -1599 143") (victim_position "660 -957 208")
L 03/21/2014 - 00:08:45: "Ozzzy<109><STEAM_0:0:33986421><Blue>" killed "Tiera Foxglove<44><STEAM_0:1:42733307><Red>" with "obj_sentrygun" (attacker_position "-2189 -919 -98") (victim_position "-1876 -1164 -63")
L 03/21/2014 - 00:08:45: "JaÃ¼ri, the Laughing Goddess<86><STEAM_0:1:17091633><Blue>" triggered "kill assist" against "Tiera Foxglove<44><STEAM_0:1:42733307><Red>" (assister_position "-1639 -356 0") (attacker_position "-2189 -919 -98") (victim_position "-1876 -1164 -63")
L 03/21/2014 - 00:08:52: "Blizzard (Sean)áƒ¦<102><STEAM_0:1:47938377><Red>" triggered "killedobject" (object "OBJ_SENTRYGUN") (weapon "tf_projectile_rocket") (objectowner "Ozzzy<109><STEAM_0:0:33986421><Blue>") (attacker_position "-1604 -60 -3")
L 03/21/2014 - 00:08:54: "Persi, the Neko God<12><STEAM_0:1:30286598><Red>" killed "firefrorefiddle<110><STEAM_0:0:3456897><Blue>" with "scattergun" (attacker_position "134 -747 248") (victim_position "152 -503 248")
L 03/21/2014 - 00:08:55: "Gord<112><STEAM_0:1:2327125><Blue>" killed "TheMagicNipples<95><STEAM_0:1:42113544><Red>" with "club" (attacker_position "1534 -379 0") (victim_position "1459 -439 0")
L 03/21/2014 - 00:09:09: "{SCG} PhantomX999<114><STEAM_0:1:13432606><>" connected, address "76.97.219.82:27005"
L 03/21/2014 - 00:09:09: "{SCG} PhantomX999<114><STEAM_0:1:13432606><>" STEAM USERID validated
L 03/21/2014 - 00:09:12: "Ozzzy<109><STEAM_0:0:33986421><Blue>" triggered "player_extinguished" against "Ozzzy<109><STEAM_0:0:33986421><Blue>" with "dispenser" (attacker_position "-1617 -518 0") (victim_position "-1573 -536 0")
L 03/21/2014 - 00:09:12: "JaÃ¼ri, the Laughing Goddess<86><STEAM_0:1:17091633><Blue>" triggered "player_extinguished" against "Ozzzy<109><STEAM_0:0:33986421><Blue>" with "dispenser" (attacker_position "-1629 -455 0") (victim_position "-1573 -536 0")
L 03/21/2014 - 00:09:14: "Herrocopter<67><STEAM_0:0:50403197><Blue>" killed "ï¼«ï½…ï½Žï½” ðŸ˜ˆâœŒ<107><STEAM_0:1:37936200><Red>" with "sniperrifle" (customkill "headshot") (attacker_position "-1564 -459 0") (victim_position "-125 -1178 4")
L 03/21/2014 - 00:09:19: "Blizzard (Sean)áƒ¦<102><STEAM_0:1:47938377><Red>" triggered "killedobject" (object "OBJ_SENTRYGUN") (weapon "tf_projectile_rocket") (objectowner "JaÃ¼ri, the Laughing Goddess<86><STEAM_0:1:17091633><Blue>") (attacker_position "-1827 -1171 -48")
L 03/21/2014 - 00:09:19: "JaÃ¼ri, the Laughing Goddess<86><STEAM_0:1:17091633><Blue>" triggered "player_extinguished" against "Herrocopter<67><STEAM_0:0:50403197><Blue>" with "dispenser" (attacker_position "-1629 -455 0") (victim_position "-1647 -431 0")
L 03/21/2014 - 00:09:21: "JaÃ¼ri, the Laughing Goddess<86><STEAM_0:1:17091633><Blue>" triggered "builtobject" (object "OBJ_SENTRYGUN") (position "-1521 -355 0")
L 03/21/2014 - 00:09:23: "{BFG} Sabre<79><STEAM_0:1:31072961><Red>" killed "Gord<112><STEAM_0:1:2327125><Blue>" with "flamethrower" (attacker_position "-846 -483 -7") (victim_position "-647 -545 -28")
L 03/21/2014 - 00:09:23: "Persi, the Neko God<12><STEAM_0:1:30286598><Red>" killed "The Mutagen(unstable)<89><STEAM_0:0:49010827><Blue>" with "scattergun" (attacker_position "-1739 -1397 -76") (victim_position "-2014 -1083 -90")
L 03/21/2014 - 00:09:27: "Persi, the Neko God<12><STEAM_0:1:30286598><Red>" killed "Ozzzy<109><STEAM_0:0:33986421><Blue>" with "scattergun" (attacker_position "-1709 -1394 -74") (victim_position "-1853 -1304 -74")
L 03/21/2014 - 00:09:28: "Gord<112><STEAM_0:1:2327125><Blue>" say "atomizer so poop :["
L 03/21/2014 - 00:09:43: "Persi, the Neko God<12><STEAM_0:1:30286598><Red>" committed suicide with "world" (attacker_position "-120 -1652 -639")
L 03/21/2014 - 00:09:50: "JaÃ¼ri, the Laughing Goddess<86><STEAM_0:1:17091633><Blue>" triggered "medic_death" against "Blizzard (Sean)áƒ¦<102><STEAM_0:1:47938377><Red>" (healing "0") (ubercharge "0")
L 03/21/2014 - 00:09:50: "JaÃ¼ri, the Laughing Goddess<86><STEAM_0:1:17091633><Blue>" killed "Blizzard (Sean)áƒ¦<102><STEAM_0:1:47938377><Red>" with "blackbox" (attacker_position "-1737 -949 -9") (victim_position "-1501 -1425 -46")
L 03/21/2014 - 00:09:55: "{SCG} PhantomX999<114><STEAM_0:1:13432606><>" entered the game
L 03/21/2014 - 00:10:02: "Gord<112><STEAM_0:1:2327125><Blue>" say "dat army of one though"
L 03/21/2014 - 00:10:07: "{SCG} PhantomX999<114><STEAM_0:1:13432606><Unassigned>" joined team "Blue"
L 03/21/2014 - 00:10:09: "Herrocopter<67><STEAM_0:0:50403197><Blue>" killed "{BFG} Sabre<79><STEAM_0:1:31072961><Red>" with "sniperrifle" (customkill "headshot") (attacker_position "-539 -1606 177") (victim_position "-929 -391 9")
L 03/21/2014 - 00:10:09: "{SCG} PhantomX999<114><STEAM_0:1:13432606><Blue>" changed role to "demoman"
L 03/21/2014 - 00:10:14: "JaÃ¼ri, the Laughing Goddess<86><STEAM_0:1:17091633><Blue>" triggered "builtobject" (object "OBJ_SENTRYGUN") (position "-315 -428 248")
L 03/21/2014 - 00:10:16: "{SCG} PhantomX999<114><STEAM_0:1:13432606><Blue>" say "hi everyone"
L 03/21/2014 - 00:10:26: "Zim the Faggy Fox <3<91><STEAM_0:0:24988511><Blue>" say "Hey  <3"
L 03/21/2014 - 00:10:26: "The Mutagen(unstable)<89><STEAM_0:0:49010827><Blue>" say "hi"
L 03/21/2014 - 00:10:26: "Gord<112><STEAM_0:1:2327125><Blue>" say "suddenly blu supremacy"
L 03/21/2014 - 00:10:29: "Herrocopter<67><STEAM_0:0:50403197><Blue>" killed "{BFG} Nikdragon<108><STEAM_0:0:78154965><Red>" with "sniperrifle" (customkill "headshot") (attacker_position "1787 311 -19") (victim_position "2712 697 -159")
L 03/21/2014 - 00:10:29: World triggered "Round_Win" (winner "Blue")
L 03/21/2014 - 00:10:29: World triggered "Round_Length" (seconds "159.05")
L 03/21/2014 - 00:10:29: Team "Red" current score "3" with "8" players
L 03/21/2014 - 00:10:29: Team "Blue" current score "2" with "8" players
L 03/21/2014 - 00:10:30: "The Mutagen(unstable)<89><STEAM_0:0:49010827><Blue>" say "hai"
L 03/21/2014 - 00:10:37: "JaÃ¼ri, the Laughing Goddess<86><STEAM_0:1:17091633><Blue>" committed suicide with "world" (attacker_position "2749 714 -162")
L 03/21/2014 - 00:10:42: "{SCG} PhantomX999<114><STEAM_0:1:13432606><Blue>" say "hope everyone is doing better than me"
L 03/21/2014 - 00:10:44: World triggered "Round_Start"
L 03/21/2014 - 00:10:47: "ï¼«ï½…ï½Žï½” ðŸ˜ˆâœŒ<107><STEAM_0:1:37936200><Red>" say "!cantsee"
L 03/21/2014 - 00:10:53: "Persi, the Neko God<12><STEAM_0:1:30286598><Red>" say "That's a matter of opinion"
L 03/21/2014 - 00:11:00: "TheMagicNipples<95><STEAM_0:1:42113544><Red>" say "!cantsee"
L 03/21/2014 - 00:11:12: "Gord<112><STEAM_0:1:2327125><Blue>" say "!cantsee"
L 03/21/2014 - 00:11:14: "ï¼«ï½…ï½Žï½” ðŸ˜ˆâœŒ<107><STEAM_0:1:37936200><Red>" triggered "chargedeployed"
L 03/21/2014 - 00:11:14: "Zingy Zigzagoon<88><STEAM_0:1:38093875><Red>" killed "Herrocopter<67><STEAM_0:0:50403197><Blue>" with "sniperrifle" (customkill "headshot") (attacker_position "-1311 -875 376") (victim_position "-556 -1621 176")
L 03/21/2014 - 00:11:15: "TheMagicNipples<95><STEAM_0:1:42113544><Red>" triggered "medic_death" against "Ozzzy<109><STEAM_0:0:33986421><Blue>" (healing "0") (ubercharge "0")
L 03/21/2014 - 00:11:15: "TheMagicNipples<95><STEAM_0:1:42113544><Red>" killed "Ozzzy<109><STEAM_0:0:33986421><Blue>" with "fists" (attacker_position "1193 -917 -3") (victim_position "1256 -984 -9")
L 03/21/2014 - 00:11:15: "The Mutagen(unstable)<89><STEAM_0:0:49010827><Blue>" say "sentry man"
L 03/21/2014 - 00:11:16: "Tiera Foxglove<44><STEAM_0:1:42733307><Red>" killed "JaÃ¼ri, the Laughing Goddess<86><STEAM_0:1:17091633><Blue>" with "iron_curtain" (attacker_position "-813 887 208") (victim_position "-1334 577 208")
L 03/21/2014 - 00:11:17: "ï¼«ï½…ï½Žï½” ðŸ˜ˆâœŒ<107><STEAM_0:1:37936200><Red>" triggered "chargedeployed"
L 03/21/2014 - 00:11:18: "Zim the Faggy Fox <3<91><STEAM_0:0:24988511><Blue>" killed "Blizzard (Sean)áƒ¦<102><STEAM_0:1:47938377><Red>" with "natascha" (attacker_position "15 -200 -113") (victim_position "329 -259 -67")
L 03/21/2014 - 00:11:19: "TheMagicNipples<95><STEAM_0:1:42113544><Red>" killed "firefrorefiddle<110><STEAM_0:0:3456897><Blue>" with "fists" (attacker_position "1251 -1170 -40") (victim_position "1305 -1121 -33")
L 03/21/2014 - 00:11:39: "Zingy Zigzagoon<88><STEAM_0:1:38093875><Red>" triggered "medic_death" against "{SCG} PhantomX999<114><STEAM_0:1:13432606><Blue>" (healing "0") (ubercharge "0")
L 03/21/2014 - 00:11:39: "Zingy Zigzagoon<88><STEAM_0:1:38093875><Red>" killed "{SCG} PhantomX999<114><STEAM_0:1:13432606><Blue>" with "sniperrifle" (customkill "headshot") (attacker_position "-1325 -483 376") (victim_position "54 943 248")
L 03/21/2014 - 00:11:39: "Tiera Foxglove<44><STEAM_0:1:42733307><Red>" triggered "kill assist" against "{SCG} PhantomX999<114><STEAM_0:1:13432606><Blue>" (assister_position "-165 558 248") (attacker_position "-1325 -483 376") (victim_position "54 943 248")
L 03/21/2014 - 00:11:39: "ï¼«ï½…ï½Žï½” ðŸ˜ˆâœŒ<107><STEAM_0:1:37936200><Red>" triggered "chargedeployed"
L 03/21/2014 - 00:11:53: "ï¼«ï½…ï½Žï½” ðŸ˜ˆâœŒ<107><STEAM_0:1:37936200><Red>" triggered "chargedeployed"
L 03/21/2014 - 00:11:54: "Tiera Foxglove<44><STEAM_0:1:42733307><Red>" killed "Zim the Faggy Fox <3<91><STEAM_0:0:24988511><Blue>" with "iron_curtain" (attacker_position "-683 348 -21") (victim_position "-438 -192 -77")
L 03/21/2014 - 00:11:54: "ï¼«ï½…ï½Žï½” ðŸ˜ˆâœŒ<107><STEAM_0:1:37936200><Red>" triggered "kill assist" against "Zim the Faggy Fox <3<91><STEAM_0:0:24988511><Blue>" (assister_position "-614 585 -3") (attacker_position "-683 348 -21") (victim_position "-438 -192 -77")
L 03/21/2014 - 00:12:03: "Gord<112><STEAM_0:1:2327125><Blue>" killed "TheMagicNipples<95><STEAM_0:1:42113544><Red>" with "enforcer" (attacker_position "-62 1218 3") (victim_position "-333 1070 23")
L 03/21/2014 - 00:12:09: "{BFG} Sabre<79><STEAM_0:1:31072961><Red>" killed "The Mutagen(unstable)<89><STEAM_0:0:49010827><Blue>" with "loch_n_load" (attacker_position "-503 -1066 -20") (victim_position "-905 -1306 -58")
L 03/21/2014 - 00:12:14: "{SCG} PhantomX999<114><STEAM_0:1:13432606><Blue>" say "i hate my body. been in severe stomic pain for 2 hours."
L 03/21/2014 - 00:12:26: "Gord<112><STEAM_0:1:2327125><Blue>" killed "Zingy Zigzagoon<88><STEAM_0:1:38093875><Red>" with "enforcer" (attacker_position "-1959 -619 -68") (victim_position "-2043 -1323 -98")
L 03/21/2014 - 00:12:38: "Persi, the Neko God<12><STEAM_0:1:30286598><Red>" killed "Gord<112><STEAM_0:1:2327125><Blue>" with "blackbox" (attacker_position "-253 -23 -112") (victim_position "-42 -303 -115")
L 03/21/2014 - 00:12:38: World triggered "Round_Win" (winner "Red")
L 03/21/2014 - 00:12:38: World triggered "Round_Length" (seconds "114.18")
L 03/21/2014 - 00:12:38: Team "Red" current score "4" with "8" players
L 03/21/2014 - 00:12:38: Team "Blue" current score "2" with "8" players
L 03/21/2014 - 00:12:39: "ï¼«ï½…ï½Žï½” ðŸ˜ˆâœŒ<107><STEAM_0:1:37936200><Red>" triggered "chargedeployed"
L 03/21/2014 - 00:12:40: "Gord<112><STEAM_0:1:2327125><Blue>" say "oh shit"
L 03/21/2014 - 00:12:45: "Gord<112><STEAM_0:1:2327125><Blue>" say "they travel in packs"
L 03/21/2014 - 00:12:51: "{BFG} Sabre<79><STEAM_0:1:31072961><Red>" committed suicide with "scorchshot" (attacker_position "109 -36 -120")
L 03/21/2014 - 00:12:53: World triggered "Round_Start"
L 03/21/2014 - 00:12:56: "ï¼«ï½…ï½Žï½” ðŸ˜ˆâœŒ<107><STEAM_0:1:37936200><Red>" say "!cantsee"
L 03/21/2014 - 00:13:03: "JaÃ¼ri, the Laughing Goddess<86><STEAM_0:1:17091633><Blue>" say "!cantsee"
L 03/21/2014 - 00:13:03: "The Mutagen(unstable)<89><STEAM_0:0:49010827><Blue>" say "(â•¯Â°â–¡Â°ï¼‰â•¯ï¸µ â”»â”â”» I MAD, I FLIP TABLES"
L 03/21/2014 - 00:13:03: "{BFG} Sabre<79><STEAM_0:1:31072961><Red>" say_team "Blutsauger"
L 03/21/2014 - 00:13:05: "{BFG} Sabre<79><STEAM_0:1:31072961><Red>" say "ON MEDIC"
L 03/21/2014 - 00:13:07: "ï¼«ï½…ï½Žï½” ðŸ˜ˆâœŒ<107><STEAM_0:1:37936200><Red>" triggered "builtobject" (object "OBJ_SENTRYGUN") (position "1717 828 -1")
L 03/21/2014 - 00:13:09: "Zim the Faggy Fox <3<91><STEAM_0:0:24988511><Blue>" triggered "builtobject" (object "OBJ_SENTRYGUN") (position "-885 -765 0")
L 03/21/2014 - 00:13:14: "Blizzard (Sean)áƒ¦<102><STEAM_0:1:47938377><Red>" say "!myweps"
L 03/21/2014 - 00:13:21: "ï¼«ï½…ï½Žï½” ðŸ˜ˆâœŒ<107><STEAM_0:1:37936200><Red>" triggered "builtobject" (object "OBJ_DISPENSER") (position "1546 629 0")
L 03/21/2014 - 00:13:25: "Blizzard (Sean)áƒ¦<102><STEAM_0:1:47938377><Red>" killed "firefrorefiddle<110><STEAM_0:0:3456897><Blue>" with "minigun" (attacker_position "701 -837 208") (victim_position "760 -846 208")
L 03/21/2014 - 00:13:26: "{SCG} PhantomX999<114><STEAM_0:1:13432606><Blue>" killed "{BFG} Nikdragon<108><STEAM_0:0:78154965><Red>" with "degreaser" (attacker_position "1065 739 0") (victim_position "1272 724 0")
L 03/21/2014 - 00:13:26: "Gord<112><STEAM_0:1:2327125><Blue>" triggered "killedobject" (object "OBJ_DISPENSER") (weapon "liberty_launcher") (objectowner "ï¼«ï½…ï½Žï½” ðŸ˜ˆâœŒ<107><STEAM_0:1:37936200><Red>") (attacker_position "1477 865 0")
L 03/21/2014 - 00:13:26: "Herrocopter<67><STEAM_0:0:50403197><Blue>" triggered "player_extinguished" against "Gord<112><STEAM_0:1:2327125><Blue>" with "tf_weapon_medigun" (attacker_position "1513 1004 0") (victim_position "1515 866 0")
L 03/21/2014 - 00:13:26: "Herrocopter<67><STEAM_0:0:50403197><Blue>" triggered "player_extinguished" against "Gord<112><STEAM_0:1:2327125><Blue>" with "tf_weapon_medigun" (attacker_position "1592 954 0") (victim_position "1569 931 0")
L 03/21/2014 - 00:13:27: "Herrocopter<67><STEAM_0:0:50403197><Blue>" triggered "player_extinguished" against "Gord<112><STEAM_0:1:2327125><Blue>" with "tf_weapon_medigun" (attacker_position "1615 973 0") (victim_position "1548 958 0")
L 03/21/2014 - 00:13:27: "Zim the Faggy Fox <3<91><STEAM_0:0:24988511><Blue>" triggered "builtobject" (object "OBJ_DISPENSER") (position "-1083 -669 0")
L 03/21/2014 - 00:13:28: "Ozzzy<109><STEAM_0:0:33986421><Blue>" killed "Blizzard (Sean)áƒ¦<102><STEAM_0:1:47938377><Red>" with "battleaxe" (attacker_position "839 -1017 208") (victim_position "918 -1034 208")
L 03/21/2014 - 00:13:31: "ï¼«ï½…ï½Žï½” ðŸ˜ˆâœŒ<107><STEAM_0:1:37936200><Red>" killed "Gord<112><STEAM_0:1:2327125><Blue>" with "world" (attacker_position "1662 710 0") (victim_position "1606 698 0")
L 03/21/2014 - 00:13:33: "{SCG} PhantomX999<114><STEAM_0:1:13432606><Blue>" killed "ï¼«ï½…ï½Žï½” ðŸ˜ˆâœŒ<107><STEAM_0:1:37936200><Red>" with "degreaser" (attacker_position "1428 865 0") (victim_position "1361 836 0")
L 03/21/2014 - 00:13:33: "Gord<112><STEAM_0:1:2327125><Blue>" triggered "kill assist" against "ï¼«ï½…ï½Žï½” ðŸ˜ˆâœŒ<107><STEAM_0:1:37936200><Red>" (assister_position "1606 698 68") (attacker_position "1428 865 0") (victim_position "1361 836 0")
L 03/21/2014 - 00:13:37: "{BFG} Sabre<79><STEAM_0:1:31072961><Red>" say "the concherer on medic"
L 03/21/2014 - 00:13:38: "{SCG} PhantomX999<114><STEAM_0:1:13432606><Blue>" triggered "builtobject" (object "OBJ_ATTACHMENT_SAPPER") (position "1765 893 -17")
L 03/21/2014 - 00:13:41: "Zim the Faggy Fox <3<91><STEAM_0:0:24988511><Blue>" killed "Persi, the Neko God<12><STEAM_0:1:30286598><Red>" with "world" (attacker_position "-1218 -1559 115") (victim_position "-1234 -1177 8")
L 03/21/2014 - 00:13:42: "Blizzard (Sean)áƒ¦<102><STEAM_0:1:47938377><Red>" say "god damn"
L 03/21/2014 - 00:13:43: "Ozzzy<109><STEAM_0:0:33986421><Blue>" killed "Zingy Zigzagoon<88><STEAM_0:1:38093875><Red>" with "battleaxe" (attacker_position "1147 -707 208") (victim_position "1142 -763 290")
L 03/21/2014 - 00:13:43: "{SCG} PhantomX999<114><STEAM_0:1:13432606><Blue>" triggered "killedobject" (object "OBJ_SENTRYGUN") (weapon "obj_attachment_sapper") (objectowner "ï¼«ï½…ï½Žï½” ðŸ˜ˆâœŒ<107><STEAM_0:1:37936200><Red>") (attacker_position "1828 745 -36")
L 03/21/2014 - 00:13:46: "{SCG} PhantomX999<114><STEAM_0:1:13432606><Blue>" killed "TheMagicNipples<95><STEAM_0:1:42113544><Red>" with "degreaser" (attacker_position "2110 1218 -100") (victim_position "2032 1263 -96")
L 03/21/2014 - 00:13:46: "Herrocopter<67><STEAM_0:0:50403197><Blue>" triggered "kill assist" against "TheMagicNipples<95><STEAM_0:1:42113544><Red>" (assister_position "1703 775 0") (attacker_position "2110 1218 -100") (victim_position "2032 1263 -96")
L 03/21/2014 - 00:13:49: "{BFG} Sabre<79><STEAM_0:1:31072961><Red>" killed "Ozzzy<109><STEAM_0:0:33986421><Blue>" with "blutsauger" (attacker_position "1704 -488 181") (victim_position "1808 -559 104")
L 03/21/2014 - 00:13:55: "TheMagicNipples<95><STEAM_0:1:42113544><Red>" say "convinient sapper"
L 03/21/2014 - 00:13:56: "Zingy Zigzagoon<88><STEAM_0:1:38093875><Red>" say "i had a sword and a sapper xD"
L 03/21/2014 - 00:13:59: "Zim the Faggy Fox <3<91><STEAM_0:0:24988511><Blue>" killed "Tiera Foxglove<44><STEAM_0:1:42733307><Red>" with "pep_pistol" (attacker_position "-724 -995 -27") (victim_position "-1022 -1238 -20")
L 03/21/2014 - 00:14:06: "Doofus_Khan {SCG}<115><STEAM_0:0:40678067><>" connected, address "71.82.221.183:27005"
L 03/21/2014 - 00:14:07: "Doofus_Khan {SCG}<115><STEAM_0:0:40678067><>" STEAM USERID validated
L 03/21/2014 - 00:14:07: "JaÃ¼ri, the Laughing Goddess<86><STEAM_0:1:17091633><Blue>" triggered "medic_death" against "{BFG} Sabre<79><STEAM_0:1:31072961><Red>" (healing "18") (ubercharge "0")
L 03/21/2014 - 00:14:07: "JaÃ¼ri, the Laughing Goddess<86><STEAM_0:1:17091633><Blue>" killed "{BFG} Sabre<79><STEAM_0:1:31072961><Red>" with "ubersaw" (attacker_position "-1883 -1309 -81") (victim_position "-1879 -1272 -76")
L 03/21/2014 - 00:14:07: World triggered "Round_Win" (winner "Blue")
L 03/21/2014 - 00:14:07: World triggered "Round_Length" (seconds "73.88")
L 03/21/2014 - 00:14:07: Team "Red" current score "4" with "8" players
L 03/21/2014 - 00:14:07: Team "Blue" current score "3" with "8" players
L 03/21/2014 - 00:14:08: "Herrocopter<67><STEAM_0:0:50403197><Blue>" triggered "chargedeployed"
L 03/21/2014 - 00:14:11: "The Mutagen(unstable)<89><STEAM_0:0:49010827><Blue>" committed suicide with "world" (attacker_position "-1815 -764 -32")
L 03/21/2014 - 00:14:12: "ï¼«ï½…ï½Žï½” ðŸ˜ˆâœŒ<107><STEAM_0:1:37936200><Red>" triggered "killedobject" (object "OBJ_DISPENSER") (weapon "obj_sentrygun") (objectowner "Zim the Faggy Fox <3<91><STEAM_0:0:24988511><Blue>") (attacker_position "576 -336 176")
L 03/21/2014 - 00:14:13: "Gord<112><STEAM_0:1:2327125><Blue>" say "buttsauger"
L 03/21/2014 - 00:14:14: "{BFG} Nikdragon<108><STEAM_0:0:78154965><Red>" say "!nominate"
L 03/21/2014 - 00:14:15: "JaÃ¼ri, the Laughing Goddess<86><STEAM_0:1:17091633><Blue>" triggered "killedobject" (object "OBJ_ATTACHMENT_SAPPER") (weapon "ubersaw") (objectowner "ï¼«ï½…ï½Žï½” ðŸ˜ˆâœŒ<107><STEAM_0:1:37936200><Red>") (attacker_position "-772 -725 0")
L 03/21/2014 - 00:14:17: "TheMagicNipples<95><STEAM_0:1:42113544><Red>" say "Ohmy~"
L 03/21/2014 - 00:14:21: "{BFG} Sabre<79><STEAM_0:1:31072961><Red>" say "blutsager on medic with concherer"
L 03/21/2014 - 00:14:22: World triggered "Round_Start"
L 03/21/2014 - 00:14:24: "Ozzzy<109><STEAM_0:0:33986421><Blue>" say "Well guys"
L 03/21/2014 - 00:14:25: "{BFG} Nikdragon<108><STEAM_0:0:78154965><Blue>" say "!nominate"
L 03/21/2014 - 00:14:27: "Ozzzy<109><STEAM_0:0:33986421><Blue>" say "i'm off"
L 03/21/2014 - 00:14:27: "Gord<112><STEAM_0:1:2327125><Blue>" say "HAWWW"
L 03/21/2014 - 00:14:32: "{BFG} Sabre<79><STEAM_0:1:31072961><Blue>" say "!cantsee"
L 03/21/2014 - 00:14:33: "Ozzzy<109><STEAM_0:0:33986421><Blue>" say "have fun~"
L 03/21/2014 - 00:14:33: "Doofus_Khan {SCG}<115><STEAM_0:0:40678067><>" entered the game
L 03/21/2014 - 00:14:35: "TheMagicNipples<95><STEAM_0:1:42113544><Blue>" say "!cant see"
L 03/21/2014 - 00:14:38: "TheMagicNipples<95><STEAM_0:1:42113544><Blue>" say "!cantsee"
L 03/21/2014 - 00:14:42: "The Mutagen(unstable)<89><STEAM_0:0:49010827><Red>" say "(â•¯Â°â–¡Â°ï¼‰â•¯ï¸µ â”»â”â”» I MAD, I FLIP TABLES"
L 03/21/2014 - 00:14:45: "Doofus_Khan {SCG}<115><STEAM_0:0:40678067><Unassigned>" joined team "Red"
L 03/21/2014 - 00:14:47: "Doofus_Khan {SCG}<115><STEAM_0:0:40678067><Red>" changed role to "pyro"
L 03/21/2014 - 00:14:53: "Ozzzy<109><STEAM_0:0:33986421><Blue>" disconnected (reason "Disconnect by user.")
L 03/21/2014 - 00:14:53: "firefrorefiddle<110><STEAM_0:0:3456897><Red>" triggered "jarate_attack" against "TheMagicNipples<95><STEAM_0:1:42113544><Blue>" with "sniperrifle" (attacker_position "-583 951 0") (victim_position "-1658 388 8")
L 03/21/2014 - 00:14:55: "Blizzard (Sean)áƒ¦<102><STEAM_0:1:47938377><Red>" killed "TheMagicNipples<95><STEAM_0:1:42113544><Blue>" with "tf_projectile_rocket" (attacker_position "-1787 -116 -12") (victim_position "-2037 139 -42")
L 03/21/2014 - 00:14:55: "firefrorefiddle<110><STEAM_0:0:3456897><Red>" triggered "kill assist" against "TheMagicNipples<95><STEAM_0:1:42113544><Blue>" (assister_position "-669 1082 24") (attacker_position "-1787 -116 -12") (victim_position "-2037 139 -42")
L 03/21/2014 - 00:15:00: "Blizzard (Sean)áƒ¦<102><STEAM_0:1:47938377><Red>" killed "ï¼«ï½…ï½Žï½” ðŸ˜ˆâœŒ<107><STEAM_0:1:37936200><Blue>" with "tf_projectile_rocket" (attacker_position "-1799 9 -7") (victim_position "-2287 -587 -126")
L 03/21/2014 - 00:15:05: "The Mutagen(unstable)<89><STEAM_0:0:49010827><Red>" killed "{BFG} Nikdragon<108><STEAM_0:0:78154965><Blue>" with "tf_projectile_pipe_remote" (attacker_position "862 -435 -1") (victim_position "1189 -71 0")
L 03/21/2014 - 00:15:08: "Persi, the Neko God<12><STEAM_0:1:30286598><Red>" killed "Gord<112><STEAM_0:1:2327125><Blue>" with "reserve_shooter" (attacker_position "-1710 -871 1") (victim_position "-1706 -1022 0")
L 03/21/2014 - 00:15:10: "{BFG} Nikdragon<108><STEAM_0:0:78154965><Blue>" killed "The Mutagen(unstable)<89><STEAM_0:0:49010827><Red>" with "flaregun" (attacker_position "1189 -71 13") (victim_position "404 -1265 -4")
L 03/21/2014 - 00:15:10: "Herrocopter<67><STEAM_0:0:50403197><Red>" killed "{BFG} Sabre<79><STEAM_0:1:31072961><Blue>" with "natascha" (attacker_position "-1837 -782 -38") (victim_position "-2108 -1243 -100")
L 03/21/2014 - 00:15:13: "JaÃ¼ri, the Laughing Goddess<86><STEAM_0:1:17091633><Red>" killed "Tiera Foxglove<44><STEAM_0:1:42733307><Blue>" with "pro_rifle" (customkill "headshot") (attacker_position "-1300 -1117 376") (victim_position "-675 -1625 160")
L 03/21/2014 - 00:15:25: "JaÃ¼ri, the Laughing Goddess<86><STEAM_0:1:17091633><Red>" killed "Doofus_Khan {SCG}<115><STEAM_0:0:40678067><Blue>" with "pro_rifle" (customkill "headshot") (attacker_position "-1267 -276 366") (victim_position "-1418 67 -2")
L 03/21/2014 - 00:15:42: "Zim the Faggy Fox <3<91><STEAM_0:0:24988511><Blue>" committed suicide with "world" (attacker_position "-157 1789 -665")
L 03/21/2014 - 00:15:42: World triggered "Round_Win" (winner "Red")
L 03/21/2014 - 00:15:42: World triggered "Round_Length" (seconds "80.16")
L 03/21/2014 - 00:15:42: Team "Red" current score "5" with "8" players
L 03/21/2014 - 00:15:42: Team "Blue" current score "3" with "8" players
L 03/21/2014 - 00:15:48: "{BFG} Nikdragon<108><STEAM_0:0:78154965><Blue>" say "lol"
L 03/21/2014 - 00:15:48: "Zingy Zigzagoon<88><STEAM_0:1:38093875><Red>" committed suicide with "world" (attacker_position "102 -1202 2")
L 03/21/2014 - 00:15:49: "The Mutagen(unstable)<89><STEAM_0:0:49010827><Red>" say "â–½ãƒ»Ï‰ãƒ»â–½ ish happy doge"
L 03/21/2014 - 00:15:50: "The Mutagen(unstable)<89><STEAM_0:0:49010827><Red>" say "ï¼ˆã€ƒãƒ»Ï‰ãƒ»ã€ƒï¼‰ Happy Days!"
L 03/21/2014 - 00:15:51: "The Mutagen(unstable)<89><STEAM_0:0:49010827><Red>" say "(ï¾‰â‰§âˆ€â‰¦)ï¾‰ Excited Days!"
L 03/21/2014 - 00:15:54: "Herrocopter<67><STEAM_0:0:50403197><Red>" committed suicide with "world" (attacker_position "-18 1617 -685")
L 03/21/2014 - 00:15:55: "Blizzard (Sean)áƒ¦<102><STEAM_0:1:47938377><Red>" triggered "medic_death" against "Blizzard (Sean)áƒ¦<102><STEAM_0:1:47938377><Red>" (healing "59") (ubercharge "0")
L 03/21/2014 - 00:15:55: "Blizzard (Sean)áƒ¦<102><STEAM_0:1:47938377><Red>" committed suicide with "tf_projectile_rocket" (attacker_position "-458 -1575 231")
L 03/21/2014 - 00:15:57: World triggered "Round_Start"
L 03/21/2014 - 00:15:58: "The Mutagen(unstable)<89><STEAM_0:0:49010827><Red>" say "WHERE IS SAD DAYS?"
L 03/21/2014 - 00:16:02: "The Mutagen(unstable)<89><STEAM_0:0:49010827><Red>" say "ï½¡ï½¥ï¾Ÿï¾Ÿï½¥(>Ð´<)ï½¥ï¾Ÿï¾Ÿï½¥ï½¡ Sad Days!"
L 03/21/2014 - 00:16:03: "ï¼«ï½…ï½Žï½” ðŸ˜ˆâœŒ<107><STEAM_0:1:37936200><Red>" say "!cantsee"
L 03/21/2014 - 00:16:05: "ï¼«ï½…ï½Žï½” ðŸ˜ˆâœŒ<107><STEAM_0:1:37936200><Red>" say "!cantsee"
L 03/21/2014 - 00:16:06: "ï¼«ï½…ï½Žï½” ðŸ˜ˆâœŒ<107><STEAM_0:1:37936200><Red>" say "!cantsee"
L 03/21/2014 - 00:16:07: "The Mutagen(unstable)<89><STEAM_0:0:49010827><Red>" say "there we go"
L 03/21/2014 - 00:16:12: "{SCG} PhantomX999<114><STEAM_0:1:13432606><Blue>" triggered "builtobject" (object "OBJ_SENTRYGUN") (position "-1766 -509 -12")
L 03/21/2014 - 00:16:16: "{BFG} Nikdragon<108><STEAM_0:0:78154965><Blue>" triggered "builtobject" (object "OBJ_SENTRYGUN") (position "-1386 -498 0")
L 03/21/2014 - 00:16:18: "Zim the Faggy Fox <3<91><STEAM_0:0:24988511><Red>" triggered "builtobject" (object "OBJ_SENTRYGUN") (position "1819 1050 -35")
L 03/21/2014 - 00:16:20: "Zingy Zigzagoon<88><STEAM_0:1:38093875><Red>" triggered "builtobject" (object "OBJ_SENTRYGUN") (position "510 987 -23")
L 03/21/2014 - 00:16:20: "Doofus_Khan {SCG}<115><STEAM_0:0:40678067><Red>" triggered "builtobject" (object "OBJ_DISPENSER") (position "1067 483 0")
L 03/21/2014 - 00:16:24: "{SCG} PhantomX999<114><STEAM_0:1:13432606><Blue>" triggered "medic_death" against "The Mutagen(unstable)<89><STEAM_0:0:49010827><Red>" (healing "0") (ubercharge "0")
L 03/21/2014 - 00:16:24: "{SCG} PhantomX999<114><STEAM_0:1:13432606><Blue>" killed "The Mutagen(unstable)<89><STEAM_0:0:49010827><Red>" with "cow_mangler" (attacker_position "-1129 -795 0") (victim_position "-1374 -739 0")
L 03/21/2014 - 00:16:28: "Zim the Faggy Fox <3<91><STEAM_0:0:24988511><Red>" triggered "builtobject" (object "OBJ_DISPENSER") (position "1555 635 0")
L 03/21/2014 - 00:16:31: "Blizzard (Sean)áƒ¦<102><STEAM_0:1:47938377><Red>" killed "Tiera Foxglove<44><STEAM_0:1:42733307><Blue>" with "loch_n_load" (attacker_position "1720 -119 12") (victim_position "1742 -584 112")
L 03/21/2014 - 00:16:31: "JaÃ¼ri, the Laughing Goddess<86><STEAM_0:1:17091633><Red>" killed "Gord<112><STEAM_0:1:2327125><Blue>" with "cow_mangler" (attacker_position "-67 -426 -132") (victim_position "-14 -433 -134")
L 03/21/2014 - 00:16:31: "Gord<112><STEAM_0:1:2327125><Blue>" killed "JaÃ¼ri, the Laughing Goddess<86><STEAM_0:1:17091633><Red>" with "world" (attacker_position "-14 -433 -134") (victim_position "-67 -426 -132")
L 03/21/2014 - 00:16:32: "firefrorefiddle<110><STEAM_0:0:3456897><Blue>" killed "Persi, the Neko God<12><STEAM_0:1:30286598><Red>" with "blackbox" (attacker_position "-291 927 42") (victim_position "-269 663 20")
L 03/21/2014 - 00:16:35: "Gord<112><STEAM_0:1:2327125><Blue>" say "i will take that"
L 03/21/2014 - 00:16:36: "{SCG} PhantomX999<114><STEAM_0:1:13432606><Blue>" triggered "builtobject" (object "OBJ_SENTRYGUN") (position "-1748 -585 -10")
L 03/21/2014 - 00:16:37: "The Mutagen(unstable)<89><STEAM_0:0:49010827><Red>" say "ï½¡ï½¥ï¾Ÿï¾Ÿï½¥(>Ð´<)ï½¥ï¾Ÿï¾Ÿï½¥ï½¡ Sad Days!"
L 03/21/2014 - 00:16:40: "JaÃ¼ri, the Laughing Goddess<86><STEAM_0:1:17091633><Red>" say "As will I."
L 03/21/2014 - 00:16:42: "Zingy Zigzagoon<88><STEAM_0:1:38093875><Red>" killed "firefrorefiddle<110><STEAM_0:0:3456897><Blue>" with "obj_sentrygun" (attacker_position "1433 -514 208") (victim_position "822 718 0")
L 03/21/2014 - 00:16:42: "ï¼«ï½…ï½Žï½” ðŸ˜ˆâœŒ<107><STEAM_0:1:37936200><Red>" triggered "kill assist" against "firefrorefiddle<110><STEAM_0:0:3456897><Blue>" (assister_position "824 1166 -27") (attacker_position "1433 -514 208") (victim_position "822 718 0")
L 03/21/2014 - 00:16:42: "{BFG} Sabre<79><STEAM_0:1:31072961><Blue>" killed "Blizzard (Sean)áƒ¦<102><STEAM_0:1:47938377><Red>" with "unique_pickaxe_escape" (attacker_position "2110 179 -87") (victim_position "2160 130 -90")
L 03/21/2014 - 00:16:43: "Doofus_Khan {SCG}<115><STEAM_0:0:40678067><Red>" triggered "builtobject" (object "OBJ_SENTRYGUN") (position "1230 288 0")
L 03/21/2014 - 00:16:55: "Zim the Faggy Fox <3<91><STEAM_0:0:24988511><Red>" killed "{BFG} Sabre<79><STEAM_0:1:31072961><Blue>" with "solemn_vow" (attacker_position "1569 -462 0") (victim_position "1541 -514 0")
L 03/21/2014 - 00:16:57: "{BFG} Sabre<79><STEAM_0:1:31072961><Blue>" say "MY PING"
L 03/21/2014 - 00:17:00: "Blizzard (Sean)áƒ¦<102><STEAM_0:1:47938377><Red>" say "lol"
L 03/21/2014 - 00:17:02: "{SCG} PhantomX999<114><STEAM_0:1:13432606><Blue>" triggered "builtobject" (object "OBJ_SENTRYGUN") (position "-1804 -538 -23")
L 03/21/2014 - 00:17:06: "Persi, the Neko God<12><STEAM_0:1:30286598><Red>" say "dat ping"
L 03/21/2014 - 00:17:15: "{BFG} Sabre<79><STEAM_0:1:31072961><Blue>" say "I HAVE NO IDEA"
L 03/21/2014 - 00:17:24: "{BFG} Sabre<79><STEAM_0:1:31072961><Blue>" say "zim killed me when i had 500"
L 03/21/2014 - 00:17:27: "Doofus_Khan {SCG}<115><STEAM_0:0:40678067><Red>" triggered "jarate_attack" against "{SCG} PhantomX999<114><STEAM_0:1:13432606><Blue>" with "tf_weapon_jar" (attacker_position "1361 704 0") (victim_position "1417 1118 0")
L 03/21/2014 - 00:17:28: "TheMagicNipples<95><STEAM_0:1:42113544><Blue>" triggered "killedobject" (object "OBJ_SENTRYGUN") (weapon "samrevolver") (objectowner "Zim the Faggy Fox <3<91><STEAM_0:0:24988511><Red>") (attacker_position "1825 -305 0")
L 03/21/2014 - 00:17:33: "{BFG} Sabre<79><STEAM_0:1:31072961><Blue>" say "ITS GOING HIGHER"
L 03/21/2014 - 00:17:36: "{SCG} PhantomX999<114><STEAM_0:1:13432606><Blue>" triggered "killedobject" (object "OBJ_DISPENSER") (weapon "cow_mangler") (objectowner "Zim the Faggy Fox <3<91><STEAM_0:0:24988511><Red>") (attacker_position "1448 1077 0")
L 03/21/2014 - 00:17:38: "Zim the Faggy Fox <3<91><STEAM_0:0:24988511><Red>" triggered "medic_death" against "{SCG} PhantomX999<114><STEAM_0:1:13432606><Blue>" (healing "0") (ubercharge "0")
L 03/21/2014 - 00:17:38: "Zim the Faggy Fox <3<91><STEAM_0:0:24988511><Red>" killed "{SCG} PhantomX999<114><STEAM_0:1:13432606><Blue>" with "blackbox" (attacker_position "1831 781 -36") (victim_position "1097 1015 -161")
L 03/21/2014 - 00:17:46: "Zim the Faggy Fox <3<91><STEAM_0:0:24988511><Red>" triggered "builtobject" (object "OBJ_SENTRYGUN") (position "1812 754 -31")
L 03/21/2014 - 00:17:54: "Zim the Faggy Fox <3<91><STEAM_0:0:24988511><Red>" triggered "builtobject" (object "OBJ_DISPENSER") (position "1575 839 0")
L 03/21/2014 - 00:17:57: "{BFG} Nikdragon<108><STEAM_0:0:78154965><Blue>" say "*smiles*"
L 03/21/2014 - 00:17:59: "Herrocopter<67><STEAM_0:0:50403197><Blue>" killed "Zingy Zigzagoon<88><STEAM_0:1:38093875><Red>" with "pro_rifle" (attacker_position "-114 -746 357") (victim_position "486 1576 177")
L 03/21/2014 - 00:18:07: "ï¼«ï½…ï½Žï½” ðŸ˜ˆâœŒ<107><STEAM_0:1:37936200><Red>" killed "TheMagicNipples<95><STEAM_0:1:42113544><Blue>" with "pep_brawlerblaster" (attacker_position "1029 973 -209") (victim_position "773 1022 -223")
L 03/21/2014 - 00:18:17: "Zim the Faggy Fox <3<91><STEAM_0:0:24988511><Red>" killed "Herrocopter<67><STEAM_0:0:50403197><Blue>" with "obj_sentrygun" (attacker_position "-729 -584 27") (victim_position "1766 -171 415")
L 03/21/2014 - 00:18:19: "{BFG} Nikdragon<108><STEAM_0:0:78154965><Blue>" killed "Zim the Faggy Fox <3<91><STEAM_0:0:24988511><Red>" with "obj_sentrygun" (attacker_position "-1639 -573 0") (victim_position "-1027 -750 0")
L 03/21/2014 - 00:18:26: "{BFG} Sabre<79><STEAM_0:1:31072961><Blue>" say "Ddos"
L 03/21/2014 - 00:18:31: "Gord<112><STEAM_0:1:2327125><Blue>" say "some nerds were being nerds"
L 03/21/2014 - 00:18:34: "{BFG} Sabre<79><STEAM_0:1:31072961><Blue>" say "It was DDos"
L 03/21/2014 - 00:18:47: "Gord<112><STEAM_0:1:2327125><Blue>" say "i think SCG's been attacked before"
L 03/21/2014 - 00:18:56: "{BFG} Nikdragon<108><STEAM_0:0:78154965><Blue>" say "*waits patiently*"
L 03/21/2014 - 00:18:59: "ï¼«ï½…ï½Žï½” ðŸ˜ˆâœŒ<107><STEAM_0:1:37936200><Red>" triggered "killedobject" (object "OBJ_SENTRYGUN") (weapon "pistol") (objectowner "{SCG} PhantomX999<114><STEAM_0:1:13432606><Blue>") (attacker_position "-2184 639 -81")
L 03/21/2014 - 00:19:09: "The Mutagen(unstable)<89><STEAM_0:0:49010827><Red>" say "if any one has any hats they dont want, i want to buy one ;w;"
L 03/21/2014 - 00:19:10: "ï¼«ï½…ï½Žï½” ðŸ˜ˆâœŒ<107><STEAM_0:1:37936200><Red>" triggered "killedobject" (object "OBJ_SENTRYGUN") (weapon "pistol") (objectowner "{BFG} Nikdragon<108><STEAM_0:0:78154965><Blue>") (attacker_position "-1581 -654 0")
L 03/21/2014 - 00:19:12: "ï¼«ï½…ï½Žï½” ðŸ˜ˆâœŒ<107><STEAM_0:1:37936200><Red>" killed "{BFG} Nikdragon<108><STEAM_0:0:78154965><Blue>" with "pep_brawlerblaster" (attacker_position "-1360 -705 0") (victim_position "-1399 -588 0")
L 03/21/2014 - 00:19:12: World triggered "Round_Win" (winner "Red")
L 03/21/2014 - 00:19:12: World triggered "Round_Length" (seconds "194.10")
L 03/21/2014 - 00:19:12: Team "Red" current score "6" with "8" players
L 03/21/2014 - 00:19:12: Team "Blue" current score "3" with "8" players
L 03/21/2014 - 00:19:15: "Herrocopter<67><STEAM_0:0:50403197><Blue>" triggered "killedobject" (object "OBJ_DISPENSER") (weapon "obj_sentrygun") (objectowner "Doofus_Khan {SCG}<115><STEAM_0:0:40678067><Red>") (attacker_position "-1416 -607 14")
L 03/21/2014 - 00:19:18: "Herrocopter<67><STEAM_0:0:50403197><Blue>" triggered "killedobject" (object "OBJ_DISPENSER") (weapon "obj_sentrygun") (objectowner "Zim the Faggy Fox <3<91><STEAM_0:0:24988511><Red>") (attacker_position "-1416 -607 14")
L 03/21/2014 - 00:19:27: World triggered "Round_Start"
L 03/21/2014 - 00:19:30: "{BFG} Sabre<79><STEAM_0:1:31072961><Blue>" say "well "
L 03/21/2014 - 00:19:31: "ï¼«ï½…ï½Žï½” ðŸ˜ˆâœŒ<107><STEAM_0:1:37936200><Red>" committed suicide with "world" (attacker_position "2720 720 -160")
L 03/21/2014 - 00:19:34: "Gord<112><STEAM_0:1:2327125><Blue>" say "i do have a spare track terrorizer but i have no idea how much it is worth"
L 03/21/2014 - 00:19:37: "ï¼«ï½…ï½Žï½” ðŸ˜ˆâœŒ<107><STEAM_0:1:37936200><Red>" say "!cantsee"
L 03/21/2014 - 00:19:38: "ï¼«ï½…ï½Žï½” ðŸ˜ˆâœŒ<107><STEAM_0:1:37936200><Red>" say "!cantsee"
L 03/21/2014 - 00:19:39: "Persi, the Neko God<12><STEAM_0:1:30286598><Red>" say "You can have my bald engie. :v"
L 03/21/2014 - 00:19:39: "ï¼«ï½…ï½Žï½” ðŸ˜ˆâœŒ<107><STEAM_0:1:37936200><Red>" say "!cantsee"
L 03/21/2014 - 00:19:42: "Herrocopter<67><STEAM_0:0:50403197><Blue>" triggered "builtobject" (object "OBJ_SENTRYGUN") (position "-1399 -518 0")
L 03/21/2014 - 00:19:43: "{BFG} Sabre<79><STEAM_0:1:31072961><Blue>" say "Scg was ddosed quite a bit in the beginning"
L 03/21/2014 - 00:19:43: "Zim the Faggy Fox <3<91><STEAM_0:0:24988511><Red>" triggered "builtobject" (object "OBJ_SENTRYGUN") (position "1704 1040 0")
L 03/21/2014 - 00:19:44: "{BFG} Nikdragon<108><STEAM_0:0:78154965><Blue>" say "great another worthless backpack :("
L 03/21/2014 - 00:19:45: "Herrocopter<67><STEAM_0:0:50403197><Blue>" triggered "builtobject" (object "OBJ_DISPENSER") (position "-1534 -487 0")
L 03/21/2014 - 00:19:49: "Zim the Faggy Fox <3<91><STEAM_0:0:24988511><Red>" triggered "builtobject" (object "OBJ_DISPENSER") (position "1572 663 0")
L 03/21/2014 - 00:19:50: "JaÃ¼ri, the Laughing Goddess<86><STEAM_0:1:17091633><Red>" triggered "jarate_attack" against "Tiera Foxglove<44><STEAM_0:1:42733307><Blue>" with "tf_weapon_jar" (attacker_position "700 1070 -223") (victim_position "636 941 -221")
L 03/21/2014 - 00:19:50: "JaÃ¼ri, the Laughing Goddess<86><STEAM_0:1:17091633><Red>" triggered "player_extinguished" against "ï¼«ï½…ï½Žï½” ðŸ˜ˆâœŒ<107><STEAM_0:1:37936200><Red>" with "tf_weapon_jar" (attacker_position "700 1070 -223") (victim_position "665 1058 -223")
L 03/21/2014 - 00:19:50: "The Mutagen(unstable)<89><STEAM_0:0:49010827><Red>" triggered "jarate_attack" against "{BFG} Nikdragon<108><STEAM_0:0:78154965><Blue>" with "sniperrifle" (attacker_position "851 -1394 -55") (victim_position "-1020 -1194 50")
L 03/21/2014 - 00:19:50: "The Mutagen(unstable)<89><STEAM_0:0:49010827><Red>" triggered "medic_death" against "{BFG} Nikdragon<108><STEAM_0:0:78154965><Blue>" (healing "0") (ubercharge "0")
L 03/21/2014 - 00:19:50: "The Mutagen(unstable)<89><STEAM_0:0:49010827><Red>" killed "{BFG} Nikdragon<108><STEAM_0:0:78154965><Blue>" with "sydney_sleeper" (attacker_position "851 -1394 -55") (victim_position "-1020 -1194 50")
L 03/21/2014 - 00:19:55: "Gord<112><STEAM_0:1:2327125><Blue>" killed "The Mutagen(unstable)<89><STEAM_0:0:49010827><Red>" with "frontier_justice" (attacker_position "485 -1146 -11") (victim_position "603 -1285 0")
L 03/21/2014 - 00:19:56: "JaÃ¼ri, the Laughing Goddess<86><STEAM_0:1:17091633><Red>" killed "Tiera Foxglove<44><STEAM_0:1:42733307><Blue>" with "world" (attacker_position "1552 746 0") (victim_position "386 153 -85")
L 03/21/2014 - 00:19:56: "JaÃ¼ri, the Laughing Goddess<86><STEAM_0:1:17091633><Red>" triggered "kill assist" against "Tiera Foxglove<44><STEAM_0:1:42733307><Blue>" (assister_position "1552 746 0") (attacker_position "1552 746 0") (victim_position "386 153 -85")
L 03/21/2014 - 00:19:57: "{BFG} Sabre<79><STEAM_0:1:31072961><Blue>" triggered "builtobject" (object "OBJ_DISPENSER") (position "-1072 -360 0")
L 03/21/2014 - 00:19:58: "Doofus_Khan {SCG}<115><STEAM_0:0:40678067><Red>" triggered "player_extinguished" against "ï¼«ï½…ï½Žï½” ðŸ˜ˆâœŒ<107><STEAM_0:1:37936200><Red>" with "tf_weapon_medigun" (attacker_position "1868 786 -47") (victim_position "1729 762 -7")
L 03/21/2014 - 00:20:01: "The Mutagen(unstable)<89><STEAM_0:0:49010827><Red>" say "ï½¡ï½¥ï¾Ÿï¾Ÿï½¥(>Ð´<)ï½¥ï¾Ÿï¾Ÿï½¥ï½¡ Sad Days!"
L 03/21/2014 - 00:20:03: "Zim the Faggy Fox <3<91><STEAM_0:0:24988511><Red>" killed "firefrorefiddle<110><STEAM_0:0:3456897><Blue>" with "obj_sentrygun" (attacker_position "2011 1314 -97") (victim_position "1255 1523 -14")
L 03/21/2014 - 00:20:04: "Blizzard (Sean)áƒ¦<102><STEAM_0:1:47938377><Red>" triggered "killedobject" (object "OBJ_SENTRYGUN") (weapon "loose_cannon_explosion") (objectowner "Herrocopter<67><STEAM_0:0:50403197><Blue>") (attacker_position "-1979 -761 -73")
L 03/21/2014 - 00:20:08: "Herrocopter<67><STEAM_0:0:50403197><Blue>" triggered "builtobject" (object "OBJ_SENTRYGUN") (position "-1571 -484 0")
L 03/21/2014 - 00:20:11: "TheMagicNipples<95><STEAM_0:1:42113544><Blue>" killed "ï¼«ï½…ï½Žï½” ðŸ˜ˆâœŒ<107><STEAM_0:1:37936200><Red>" with "loch_n_load" (attacker_position "1735 101 -9") (victim_position "1723 703 -5")
L 03/21/2014 - 00:20:24: "{BFG} Sabre<79><STEAM_0:1:31072961><Blue>" say_team "KEEP ME ALIVE"
L 03/21/2014 - 00:20:31: "{BFG} Sabre<79><STEAM_0:1:31072961><Blue>" say_team "i have wrench as engi sorta"
L 03/21/2014 - 00:20:34: "{BFG} Sabre<79><STEAM_0:1:31072961><Blue>" triggered "builtobject" (object "OBJ_SENTRYGUN") (position "-1151 -391 0")
L 03/21/2014 - 00:20:34: "JaÃ¼ri, the Laughing Goddess<86><STEAM_0:1:17091633><Red>" killed "Gord<112><STEAM_0:1:2327125><Blue>" with "shotgun_primary" (attacker_position "-782 -937 -223") (victim_position "-582 -971 -180")
L 03/21/2014 - 00:20:39: "Deathtrap<116><STEAM_0:0:73512507><>" connected, address "147.69.139.55:63201"
L 03/21/2014 - 00:20:40: "Deathtrap<116><STEAM_0:0:73512507><>" STEAM USERID validated
L 03/21/2014 - 00:20:43: "Doofus_Khan {SCG}<115><STEAM_0:0:40678067><Red>" triggered "chargedeployed"
L 03/21/2014 - 00:20:43: "{BFG} Nikdragon<108><STEAM_0:0:78154965><Blue>" say "!nominate"
L 03/21/2014 - 00:20:44: "The Mutagen(unstable)<89><STEAM_0:0:49010827><Red>" say "track terrorizer is 2 ref ;w;"
L 03/21/2014 - 00:20:45: "Zim the Faggy Fox <3<91><STEAM_0:0:24988511><Red>" killed "TheMagicNipples<95><STEAM_0:1:42113544><Blue>" with "sniperrifle" (customkill "headshot") (attacker_position "-281 1239 -3") (victim_position "-484 903 208")
L 03/21/2014 - 00:20:47: "Herrocopter<67><STEAM_0:0:50403197><Blue>" killed "JaÃ¼ri, the Laughing Goddess<86><STEAM_0:1:17091633><Red>" with "wrench" (attacker_position "-1647 -699 0") (victim_position "-1688 -740 0")
L 03/21/2014 - 00:20:47: "{BFG} Sabre<79><STEAM_0:1:31072961><Blue>" triggered "kill assist" against "JaÃ¼ri, the Laughing Goddess<86><STEAM_0:1:17091633><Red>" (assister_position "-1538 -473 0") (attacker_position "-1647 -699 0") (victim_position "-1688 -740 0")
L 03/21/2014 - 00:20:49: "Doofus_Khan {SCG}<115><STEAM_0:0:40678067><Red>" triggered "medic_death" against "Herrocopter<67><STEAM_0:0:50403197><Blue>" (healing "50") (ubercharge "0")
L 03/21/2014 - 00:20:49: "Doofus_Khan {SCG}<115><STEAM_0:0:40678067><Red>" killed "Herrocopter<67><STEAM_0:0:50403197><Blue>" with "tf_projectile_pipe" (attacker_position "-1970 -1144 -86") (victim_position "-1937 -1009 -69")
L 03/21/2014 - 00:20:49: "Doofus_Khan {SCG}<115><STEAM_0:0:40678067><Red>" triggered "medic_death" against "Doofus_Khan {SCG}<115><STEAM_0:0:40678067><Red>" (healing "1117") (ubercharge "0")
L 03/21/2014 - 00:20:49: "{BFG} Sabre<79><STEAM_0:1:31072961><Blue>" killed "Doofus_Khan {SCG}<115><STEAM_0:0:40678067><Red>" with "world" (attacker_position "-1559 -491 0") (victim_position "-1970 -1144 -86")
L 03/21/2014 - 00:20:51: "TheMagicNipples<95><STEAM_0:1:42113544><Blue>" say ":c"
L 03/21/2014 - 00:20:54: "Persi, the Neko God<12><STEAM_0:1:30286598><Red>" triggered "killedobject" (object "OBJ_SENTRYGUN") (weapon "bazaar_bargain") (objectowner "{BFG} Sabre<79><STEAM_0:1:31072961><Blue>") (attacker_position "-1987 -885 -75")
L 03/21/2014 - 00:20:57: "The Mutagen(unstable)<89><STEAM_0:0:49010827><Red>" say "i has 1 :<"
L 03/21/2014 - 00:21:04: "Zim the Faggy Fox <3<91><STEAM_0:0:24988511><Red>" say "<3"
L 03/21/2014 - 00:21:08: "Gord<112><STEAM_0:1:2327125><Blue>" say "do you have a trash-hat or something"
L 03/21/2014 - 00:21:12: "Herrocopter<67><STEAM_0:0:50403197><Blue>" killed "Persi, the Neko God<12><STEAM_0:1:30286598><Red>" with "obj_sentrygun3" (attacker_position "-1560 -487 0") (victim_position "-1639 -626 0")
L 03/21/2014 - 00:21:12: "Herrocopter<67><STEAM_0:0:50403197><Blue>" killed "Zingy Zigzagoon<88><STEAM_0:1:38093875><Red>" with "obj_sentrygun3" (attacker_position "-1560 -487 0") (victim_position "-1463 -644 0")
L 03/21/2014 - 00:21:13: "Zim the Faggy Fox <3<91><STEAM_0:0:24988511><Red>" killed "{SCG} PhantomX999<114><STEAM_0:1:13432606><Blue>" with "sniperrifle" (attacker_position "-1777 270 0") (victim_position "-2349 -1001 -128")
L 03/21/2014 - 00:21:14: "The Mutagen(unstable)<89><STEAM_0:0:49010827><Red>" say "no..."
L 03/21/2014 - 00:21:15: "The Mutagen(unstable)<89><STEAM_0:0:49010827><Red>" say ":<"
L 03/21/2014 - 00:21:32: "Zim the Faggy Fox <3<91><STEAM_0:0:24988511><Red>" triggered "killedobject" (object "OBJ_DISPENSER") (weapon "sniperrifle") (objectowner "{BFG} Sabre<79><STEAM_0:1:31072961><Blue>") (attacker_position "-1868 -917 -47")
L 03/21/2014 - 00:21:38: "Gord<112><STEAM_0:1:2327125><Blue>" say "is that"
L 03/21/2014 - 00:21:39: "Gord<112><STEAM_0:1:2327125><Blue>" say "good?"
L 03/21/2014 - 00:21:50: "Sage Of All Things Gucci<117><STEAM_0:0:73285039><>" connected, address "24.171.68.66:27005"
L 03/21/2014 - 00:21:50: "Sage Of All Things Gucci<117><STEAM_0:0:73285039><>" STEAM USERID validated
L 03/21/2014 - 00:21:59: "{BFG} Sabre<79><STEAM_0:1:31072961><Blue>" triggered "builtobject" (object "OBJ_SENTRYGUN") (position "-1563 -491 0")
L 03/21/2014 - 00:22:01: "Zim the Faggy Fox <3<91><STEAM_0:0:24988511><Red>" triggered "killedobject" (object "OBJ_SENTRYGUN") (weapon "sniperrifle") (objectowner "{BFG} Sabre<79><STEAM_0:1:31072961><Blue>") (attacker_position "-417 -1038 -1")
L 03/21/2014 - 00:22:06: "{BFG} Sabre<79><STEAM_0:1:31072961><Blue>" triggered "builtobject" (object "OBJ_SENTRYGUN") (position "-1551 -493 0")
L 03/21/2014 - 00:22:12: "Zim the Faggy Fox <3<91><STEAM_0:0:24988511><Red>" triggered "killedobject" (object "OBJ_SENTRYGUN") (weapon "sniperrifle") (objectowner "{BFG} Sabre<79><STEAM_0:1:31072961><Blue>") (attacker_position "-419 -1063 -1")
L 03/21/2014 - 00:22:16: "Gord<112><STEAM_0:1:2327125><Blue>" say "LMAO 2SENTRY"
L 03/21/2014 - 00:22:20: "Zim the Faggy Fox <3<91><STEAM_0:0:24988511><Red>" triggered "killedobject" (object "OBJ_DISPENSER") (weapon "sniperrifle") (objectowner "Herrocopter<67><STEAM_0:0:50403197><Blue>") (attacker_position "-421 -1032 -2")
L 03/21/2014 - 00:22:26: server_cvar: "sm_nextmap" "ph_otherside_a1"
L 03/21/2014 - 00:22:31: "Zim the Faggy Fox <3<91><STEAM_0:0:24988511><Red>" triggered "killedobject" (object "OBJ_SENTRYGUN") (weapon "sniperrifle") (objectowner "Herrocopter<67><STEAM_0:0:50403197><Blue>") (attacker_position "-436 -1038 -5")
L 03/21/2014 - 00:22:36: "{BFG} Sabre<79><STEAM_0:1:31072961><Blue>" triggered "builtobject" (object "OBJ_SENTRYGUN") (position "-10 -1073 -211")
L 03/21/2014 - 00:22:45: "Zim the Faggy Fox <3<91><STEAM_0:0:24988511><Red>" triggered "builtobject" (object "OBJ_SENTRYGUN") (position "-363 515 -7")
L 03/21/2014 - 00:22:56: "{BFG} Sabre<79><STEAM_0:1:31072961><Blue>" triggered "killedobject" (object "OBJ_SENTRYGUN") (weapon "pda_engineer") (objectowner "{BFG} Sabre<79><STEAM_0:1:31072961><Blue>") (attacker_position "1779 -484 104")
L 03/21/2014 - 00:23:00: "{BFG} Sabre<79><STEAM_0:1:31072961><Blue>" triggered "builtobject" (object "OBJ_SENTRYGUN") (position "1574 -259 208")
L 03/21/2014 - 00:23:18: "{BFG} Sabre<79><STEAM_0:1:31072961><Blue>" say "LOOK AT MY PING"
L 03/21/2014 - 00:23:25: "Herrocopter<67><STEAM_0:0:50403197><Blue>" say "D:"
L 03/21/2014 - 00:23:26: "(void*)FoXX<118><STEAM_0:0:2179002><>" connected, address "24.130.158.49:27005"
L 03/21/2014 - 00:23:26: "(void*)FoXX<118><STEAM_0:0:2179002><>" STEAM USERID validated
L 03/21/2014 - 00:23:39: "TheMagicNipples<95><STEAM_0:1:42113544><Blue>" say "wut"
L 03/21/2014 - 00:23:45: "{BFG} Sabre<79><STEAM_0:1:31072961><Blue>" killed "Blizzard (Sean)áƒ¦<102><STEAM_0:1:47938377><Red>" with "wrangler_kill" (attacker_position "1630 -310 208") (victim_position "1839 -538 104")
L 03/21/2014 - 00:23:45: "Blizzard (Sean)áƒ¦<102><STEAM_0:1:47938377><Red>" killed "{BFG} Sabre<79><STEAM_0:1:31072961><Blue>" with "loose_cannon_impact" (attacker_position "1839 -538 104") (victim_position "1630 -310 208")
L 03/21/2014 - 00:23:45: World triggered "Round_Win" (winner "Red")
L 03/21/2014 - 00:23:45: World triggered "Round_Length" (seconds "257.99")
L 03/21/2014 - 00:23:45: Team "Red" current score "7" with "8" players
L 03/21/2014 - 00:23:45: Team "Blue" current score "3" with "8" players
L 03/21/2014 - 00:23:46: "Blizzard (Sean)áƒ¦<102><STEAM_0:1:47938377><Red>" triggered "killedobject" (object "OBJ_SENTRYGUN") (weapon "loose_cannon_explosion") (objectowner "{BFG} Sabre<79><STEAM_0:1:31072961><Blue>") (attacker_position "1839 -538 118")
L 03/21/2014 - 00:23:54: "The Mutagen(unstable)<89><STEAM_0:0:49010827><Red>" say "ï¼ˆã€ƒãƒ»Ï‰ãƒ»ã€ƒï¼‰ Happy Days!"
L 03/21/2014 - 00:23:55: "Zim the Faggy Fox <3<91><STEAM_0:0:24988511><Red>" committed suicide with "world" (attacker_position "203 -1937 -676")
L 03/21/2014 - 00:23:57: "Blizzard (Sean)áƒ¦<102><STEAM_0:1:47938377><Red>" say "(Â´ï½¥Ï‰ï½¥`) Happy days!"
L 03/21/2014 - 00:24:00: World triggered "Round_Start"
L 03/21/2014 - 00:24:03: "{BFG} Sabre<79><STEAM_0:1:31072961><Blue>" say "memory makers"
L 03/21/2014 - 00:24:04: "ï¼«ï½…ï½Žï½” ðŸ˜ˆâœŒ<107><STEAM_0:1:37936200><Red>" say "!cantsee"
L 03/21/2014 - 00:24:05: "ï¼«ï½…ï½Žï½” ðŸ˜ˆâœŒ<107><STEAM_0:1:37936200><Red>" say "!cantsee"
L 03/21/2014 - 00:24:06: "ï¼«ï½…ï½Žï½” ðŸ˜ˆâœŒ<107><STEAM_0:1:37936200><Red>" say "!cantsee"
L 03/21/2014 - 00:24:07: "{BFG} Sabre<79><STEAM_0:1:31072961><Blue>" say "not a wrench"
L 03/21/2014 - 00:24:10: "ï¼«ï½…ï½Žï½” ðŸ˜ˆâœŒ<107><STEAM_0:1:37936200><Red>" say "!cantsee"
L 03/21/2014 - 00:24:15: "{BFG} Sabre<79><STEAM_0:1:31072961><Blue>" say "NO"
L 03/21/2014 - 00:24:18: "{BFG} Sabre<79><STEAM_0:1:31072961><Blue>" say "memory"
L 03/21/2014 - 00:24:24: "{BFG} Sabre<79><STEAM_0:1:31072961><Blue>" say "maker = default wep"
L 03/21/2014 - 00:24:28: "(void*)FoXX<118><STEAM_0:0:2179002><>" entered the game
L 03/21/2014 - 00:24:29: "Sage Of All Things Gucci<117><STEAM_0:0:73285039><>" entered the game
L 03/21/2014 - 00:24:29: "ï¼«ï½…ï½Žï½” ðŸ˜ˆâœŒ<107><STEAM_0:1:37936200><Red>" killed "Doofus_Khan {SCG}<115><STEAM_0:0:40678067><Blue>" with "long_heatmaker" (attacker_position "-947 619 2") (victim_position "-1645 -231 5")
L 03/21/2014 - 00:24:38: "Sage Of All Things Gucci<117><STEAM_0:0:73285039><Unassigned>" joined team "Red"
L 03/21/2014 - 00:24:40: "(void*)FoXX<118><STEAM_0:0:2179002><Unassigned>" joined team "Blue"
L 03/21/2014 - 00:24:40: "Zingy Zigzagoon<88><STEAM_0:1:38093875><Red>" killed "firefrorefiddle<110><STEAM_0:0:3456897><Blue>" with "sniperrifle" (customkill "headshot") (attacker_position "1539 -429 0") (victim_position "1032 -733 -3")
L 03/21/2014 - 00:24:41: "Tiera Foxglove<44><STEAM_0:1:42733307><Red>" killed "{SCG} PhantomX999<114><STEAM_0:1:13432606><Blue>" with "flamethrower" (attacker_position "-86 -1267 2") (victim_position "-9 -1302 5")
L 03/21/2014 - 00:24:42: "(void*)FoXX<118><STEAM_0:0:2179002><Blue>" changed role to "demoman"
L 03/21/2014 - 00:24:50: "Zingy Zigzagoon<88><STEAM_0:1:38093875><Red>" killed "Zim the Faggy Fox <3<91><STEAM_0:0:24988511><Blue>" with "tf_projectile_pipe_remote" (attacker_position "810 -901 208") (victim_position "1446 -468 208")
L 03/21/2014 - 00:24:50: "Zingy Zigzagoon<88><STEAM_0:1:38093875><Red>" committed suicide with "sticky_resistance" (attacker_position "810 -901 208")
L 03/21/2014 - 00:24:50: "Tiera Foxglove<44><STEAM_0:1:42733307><Red>" killed "{BFG} Sabre<79><STEAM_0:1:31072961><Blue>" with "world" (attacker_position "76 -1108 4") (victim_position "185 -1673 -725")
L 03/21/2014 - 00:24:52: "Herrocopter<67><STEAM_0:0:50403197><Red>" killed "Persi, the Neko God<12><STEAM_0:1:30286598><Blue>" with "loch_n_load" (attacker_position "-25 -1168 51") (victim_position "-165 -1143 4")
L 03/21/2014 - 00:24:58: "Tiera Foxglove<44><STEAM_0:1:42733307><Red>" triggered "medic_death" against "The Mutagen(unstable)<89><STEAM_0:0:49010827><Blue>" (healing "0") (ubercharge "0")
L 03/21/2014 - 00:24:58: "Tiera Foxglove<44><STEAM_0:1:42733307><Red>" killed "The Mutagen(unstable)<89><STEAM_0:0:49010827><Blue>" with "flamethrower" (attacker_position "-159 -66 0") (victim_position "-42 -32 7")
L 03/21/2014 - 00:25:09: "Herrocopter<67><STEAM_0:0:50403197><Red>" committed suicide with "loch_n_load" (attacker_position "-2002 -1336 -97")
L 03/21/2014 - 00:25:13: "Red Pandopticon<119><STEAM_0:0:15629443><>" connected, address "204.14.77.51:27005"
L 03/21/2014 - 00:25:13: "Red Pandopticon<119><STEAM_0:0:15629443><>" STEAM USERID validated
L 03/21/2014 - 00:25:18: "JaÃ¼ri, the Laughing Goddess<86><STEAM_0:1:17091633><Red>" killed "Blizzard (Sean)áƒ¦<102><STEAM_0:1:47938377><Blue>" with "blackbox" (attacker_position "-986 -80 -1") (victim_position "-1658 -15 0")
L 03/21/2014 - 00:25:18: "TheMagicNipples<95><STEAM_0:1:42113544><Red>" triggered "kill assist" against "Blizzard (Sean)áƒ¦<102><STEAM_0:1:47938377><Blue>" (assister_position "-996 170 -1") (attacker_position "-986 -80 -1") (victim_position "-1658 -15 0")
L 03/21/2014 - 00:25:18: World triggered "Round_Win" (winner "Red")
L 03/21/2014 - 00:25:18: World triggered "Round_Length" (seconds "78.34")
L 03/21/2014 - 00:25:18: Team "Red" current score "8" with "9" players
L 03/21/2014 - 00:25:18: Team "Blue" current score "3" with "9" players
L 03/21/2014 - 00:25:22: "Tiera Foxglove<44><STEAM_0:1:42733307><Red>" committed suicide with "world" (attacker_position "-181 1884 -677")
L 03/21/2014 - 00:25:25: "TheMagicNipples<95><STEAM_0:1:42113544><Red>" committed suicide with "loose_cannon" (attacker_position "-1893 -1053 -40")
L 03/21/2014 - 00:25:30: "JaÃ¼ri, the Laughing Goddess<86><STEAM_0:1:17091633><Red>" committed suicide with "world" (attacker_position "-415 2491 -679")
L 03/21/2014 - 00:25:33: World triggered "Round_Start"
L 03/21/2014 - 00:25:38: "ï¼«ï½…ï½Žï½” ðŸ˜ˆâœŒ<107><STEAM_0:1:37936200><Red>" say "!cantsee"
L 03/21/2014 - 00:25:42: "{BFG} Sabre<79><STEAM_0:1:31072961><Red>" say_team "soldier"
L 03/21/2014 - 00:25:43: "ï¼«ï½…ï½Žï½” ðŸ˜ˆâœŒ<107><STEAM_0:1:37936200><Red>" say "!cantsee"
L 03/21/2014 - 00:25:45: "{BFG} Sabre<79><STEAM_0:1:31072961><Red>" say_team "engi"
L 03/21/2014 - 00:25:48: "Gord<112><STEAM_0:1:2327125><Red>" say "!cantsee"
L 03/21/2014 - 00:25:48: "{SCG} PhantomX999<114><STEAM_0:1:13432606><Blue>" say "!cantsee"
L 03/21/2014 - 00:25:49: "Persi, the Neko God<12><STEAM_0:1:30286598><Red>" triggered "builtobject" (object "OBJ_SENTRYGUN") (position "1771 87 -10")
L 03/21/2014 - 00:25:50: "TheMagicNipples<95><STEAM_0:1:42113544><Red>" say "baby face heavy"
L 03/21/2014 - 00:25:51: "Gord<112><STEAM_0:1:2327125><Red>" say "!cantsee"
L 03/21/2014 - 00:25:53: "{BFG} Sabre<79><STEAM_0:1:31072961><Red>" triggered "builtobject" (object "OBJ_DISPENSER") (position "1136 492 0")
L 03/21/2014 - 00:25:54: "Mickey Demon<120><STEAM_0:1:75898726><>" connected, address "147.69.138.137:60086"
L 03/21/2014 - 00:25:55: "Mickey Demon<120><STEAM_0:1:75898726><>" STEAM USERID validated
L 03/21/2014 - 00:25:56: "{BFG} Sabre<79><STEAM_0:1:31072961><Red>" triggered "builtobject" (object "OBJ_SENTRYGUN") (position "1430 473 0")
L 03/21/2014 - 00:26:03: "ï¼«ï½…ï½Žï½” ðŸ˜ˆâœŒ<107><STEAM_0:1:37936200><Red>" killed "{SCG} PhantomX999<114><STEAM_0:1:13432606><Blue>" with "holiday_punch" (attacker_position "-795 769 0") (victim_position "-792 721 12")
L 03/21/2014 - 00:26:06: "Persi, the Neko God<12><STEAM_0:1:30286598><Red>" killed "Blizzard (Sean)áƒ¦<102><STEAM_0:1:47938377><Blue>" with "obj_sentrygun" (attacker_position "2068 215 -82") (victim_position "1941 358 -57")
L 03/21/2014 - 00:26:06: "Tiera Foxglove<44><STEAM_0:1:42733307><Blue>" killed "{BFG} Nikdragon<108><STEAM_0:0:78154965><Red>" with "pep_brawlerblaster" (attacker_position "-144 -1053 3") (victim_position "58 -1159 4")
L 03/21/2014 - 00:26:09: "{BFG} Sabre<79><STEAM_0:1:31072961><Red>" say "!cantsee"
L 03/21/2014 - 00:26:10: "The Mutagen(unstable)<89><STEAM_0:0:49010827><Blue>" killed "ï¼«ï½…ï½Žï½” ðŸ˜ˆâœŒ<107><STEAM_0:1:37936200><Red>" with "tomislav" (attacker_position "-1032 814 -6") (victim_position "-708 856 0")
L 03/21/2014 - 00:26:10: "firefrorefiddle<110><STEAM_0:0:3456897><Blue>" triggered "killedobject" (object "OBJ_SENTRYGUN") (weapon "manmelter") (objectowner "{BFG} Sabre<79><STEAM_0:1:31072961><Red>") (attacker_position "768 769 0")
L 03/21/2014 - 00:26:11: "Gord<112><STEAM_0:1:2327125><Red>" killed "firefrorefiddle<110><STEAM_0:0:3456897><Blue>" with "loose_cannon_impact" (attacker_position "678 482 -45") (victim_position "686 731 0")
L 03/21/2014 - 00:26:11: "{BFG} Sabre<79><STEAM_0:1:31072961><Red>" triggered "kill assist" against "firefrorefiddle<110><STEAM_0:0:3456897><Blue>" (assister_position "1848 334 -37") (attacker_position "678 482 -45") (victim_position "686 731 0")
L 03/21/2014 - 00:26:13: "Persi, the Neko God<12><STEAM_0:1:30286598><Red>" triggered "builtobject" (object "OBJ_DISPENSER") (position "1876 17 -22")
L 03/21/2014 - 00:26:16: "Red Pandopticon<119><STEAM_0:0:15629443><>" entered the game
L 03/21/2014 - 00:26:19: "Persi, the Neko God<12><STEAM_0:1:30286598><Red>" killed "Sage Of All Things Gucci<117><STEAM_0:0:73285039><Blue>" with "obj_sentrygun" (attacker_position "1142 518 0") (victim_position "776 -187 -24")
L 03/21/2014 - 00:26:19: "JaÃ¼ri, the Laughing Goddess<86><STEAM_0:1:17091633><Red>" triggered "kill assist" against "Sage Of All Things Gucci<117><STEAM_0:0:73285039><Blue>" (assister_position "642 -253 -37") (attacker_position "1142 518 0") (victim_position "776 -187 -24")
L 03/21/2014 - 00:26:24: "Gord<112><STEAM_0:1:2327125><Red>" killed "Tiera Foxglove<44><STEAM_0:1:42733307><Blue>" with "ubersaw" (attacker_position "-57 608 0") (victim_position "-120 628 0")
L 03/21/2014 - 00:26:26: "Zingy Zigzagoon<0><STEAM_0:1:38093875><Blue>" triggered "medic_death" against "Zingy Zigzagoon<88><STEAM_0:1:38093875><Blue>" (healing "0") (ubercharge "0")
L 03/21/2014 - 00:26:26: "(void*)FoXX<118><STEAM_0:0:2179002><Red>" killed "Zingy Zigzagoon<88><STEAM_0:1:38093875><Blue>" with "world" (attacker_position "129 910 248") (victim_position "469 618 -9")
L 03/21/2014 - 00:26:31: "Red Pandopticon<119><STEAM_0:0:15629443><Unassigned>" joined team "Red"
L 03/21/2014 - 00:26:31: "Persi, the Neko God<12><STEAM_0:1:30286598><Red>" killed "Zim the Faggy Fox <3<91><STEAM_0:0:24988511><Blue>" with "obj_sentrygun" (customkill "feign_death") (attacker_position "1763 148 -11") (victim_position "1929 -1 -30")
L 03/21/2014 - 00:26:32: "TheMagicNipples<95><STEAM_0:1:42113544><Red>" triggered "medic_death" against "The Mutagen(unstable)<89><STEAM_0:0:49010827><Blue>" (healing "0") (ubercharge "0")
L 03/21/2014 - 00:26:32: "TheMagicNipples<95><STEAM_0:1:42113544><Red>" killed "The Mutagen(unstable)<89><STEAM_0:0:49010827><Blue>" with "pep_brawlerblaster" (attacker_position "-374 -908 248") (victim_position "-256 -863 248")
L 03/21/2014 - 00:26:32: "(void*)FoXX<118><STEAM_0:0:2179002><Red>" triggered "kill assist" against "The Mutagen(unstable)<89><STEAM_0:0:49010827><Blue>" (assister_position "-24 5 244") (attacker_position "-374 -908 248") (victim_position "-256 -863 248")
L 03/21/2014 - 00:26:34: "Red Pandopticon<119><STEAM_0:0:15629443><Red>" changed role to "demoman"
L 03/21/2014 - 00:26:34: "firefrorefiddle<110><STEAM_0:0:3456897><Blue>" say "timeleft"
L 03/21/2014 - 00:26:37: "Persi, the Neko God<12><STEAM_0:1:30286598><Red>" triggered "player_extinguished" against "Persi, the Neko God<12><STEAM_0:1:30286598><Red>" with "dispenser" (attacker_position "1818 -25 -10") (victim_position "1774 -66 0")
L 03/21/2014 - 00:26:37: "Persi, the Neko God<12><STEAM_0:1:30286598><Red>" killed "Zim the Faggy Fox <3<91><STEAM_0:0:24988511><Blue>" with "rainblower" (attacker_position "1774 -66 0") (victim_position "1172 -1287 -54")
L 03/21/2014 - 00:26:40: "(void*)FoXX<118><STEAM_0:0:2179002><Red>" killed "Doofus_Khan {SCG}<115><STEAM_0:0:40678067><Blue>" with "headtaker" (attacker_position "-159 55 0") (victim_position "-171 103 56")
L 03/21/2014 - 00:26:40: "Herrocopter<67><STEAM_0:0:50403197><Red>" triggered "kill assist" against "Doofus_Khan {SCG}<115><STEAM_0:0:40678067><Blue>" (assister_position "-889 474 1") (attacker_position "-159 55 0") (victim_position "-171 103 56")
L 03/21/2014 - 00:26:40: World triggered "Round_Win" (winner "Red")
L 03/21/2014 - 00:26:40: World triggered "Round_Length" (seconds "66.02")
L 03/21/2014 - 00:26:40: Team "Red" current score "9" with "10" players
L 03/21/2014 - 00:26:40: Team "Blue" current score "3" with "9" players
L 03/21/2014 - 00:26:41: "{BFG} Sabre<79><STEAM_0:1:31072961><Red>" committed suicide with "quake_rl" (attacker_position "-1100 -766 0")
L 03/21/2014 - 00:26:44: "Gord<112><STEAM_0:1:2327125><Red>" say "hello frand."
L 03/21/2014 - 00:26:55: World triggered "Game_Over" reason "Reached Time Limit"
L 03/21/2014 - 00:26:55: Team "Red" final score "9" with "10" players
L 03/21/2014 - 00:26:55: Team "Blue" final score "3" with "9" players
L 03/21/2014 - 00:26:58: "ï¼«ï½…ï½Žï½” ðŸ˜ˆâœŒ<107><STEAM_0:1:37936200><Red>" say "nextmap"
L 03/21/2014 - 00:27:05: [META] Loaded 0 plugins (4 already loaded)
L 03/21/2014 - 00:27:05: [META] Loaded 0 plugins (4 already loaded)
L 03/21/2014 - 00:27:05: Loading map "ph_otherside_a1"
L 03/21/2014 - 00:27:05: server cvars start
L 03/21/2014 - 00:27:05: "thirdperson_version" = "2.1.0"
L 03/21/2014 - 00:27:05: "stripper_version" = "1.2.2"
L 03/21/2014 - 00:27:05: "sm_zf_version" = "4.3.0.0"
L 03/21/2014 - 00:27:05: "tf2items_rnd_normals" = "0"
L 03/21/2014 - 00:27:05: "tf2items_rnd_enabled" = "1"
L 03/21/2014 - 00:27:05: "tf2items_rnd_version" = "1.591"
L 03/21/2014 - 00:27:05: "prophunt_redux_version" = "3.0.2"
L 03/21/2014 - 00:27:05: "sm_uberspawn" = "1.0"
L 03/21/2014 - 00:27:05: "ufov_version" = "1.2.0"
L 03/21/2014 - 00:27:05: "scp_version" = "1.1.5"
L 03/21/2014 - 00:27:05: "rainbowize_version" = "1.6.2"
L 03/21/2014 - 00:27:05: "improved_map_randomizer_version" = "3.4.5"
L 03/21/2014 - 00:27:05: "sm_executeconfigs_version" = "1.2.2"
L 03/21/2014 - 00:27:05: "sm_mapcron_version" = "1.2 RC"
L 03/21/2014 - 00:27:05: "sm_buildrestrict_version" = "0.5.5"
L 03/21/2014 - 00:27:05: "sm_namechangeinfo_version" = "13.0918.1"
L 03/21/2014 - 00:27:05: "sm_tf2ii_version" = "1.8.17.4-20130729"
L 03/21/2014 - 00:27:05: "nativevotes_version" = "0.8.1"
L 03/21/2014 - 00:27:05: "sm_commandcooldowns_version" = "14.0222.0"
L 03/21/2014 - 00:27:05: "sm_tnounlockspls_version" = "0.4.8"
L 03/21/2014 - 00:27:05: "sm_srvcln_version" = "1.2.2"
L 03/21/2014 - 00:27:05: "swapteam_version" = "1.2.5"
L 03/21/2014 - 00:27:05: "scme_version" = "1.0.0"
L 03/21/2014 - 00:27:05: "sm_tnounlockspls_noext_version" = "0.4.0"
L 03/21/2014 - 00:27:05: "sm_fakeandforce_version" = "2.0"
L 03/21/2014 - 00:27:05: "sourcecomms_version" = "0.8.253"
L 03/21/2014 - 00:27:05: "nativevotes_basevotes_version" = "1.5.2"
L 03/21/2014 - 00:27:05: "sb_version" = "1.4.8"
L 03/21/2014 - 00:27:05: "basicdonator_recog_v" = "0.5"
L 03/21/2014 - 00:27:05: "fw_money_balance" = "1000"
L 03/21/2014 - 00:27:05: "fw_money_destroy_sentry" = "75"
L 03/21/2014 - 00:27:05: "fw_money_destroy_dispenser" = "75"
L 03/21/2014 - 00:27:05: "fw_money_backstab" = "50"
L 03/21/2014 - 00:27:05: "fw_money_headshot" = "50"
L 03/21/2014 - 00:27:05: "fw_money_domination" = "300"
L 03/21/2014 - 00:27:05: "fw_money_kill" = "100"
L 03/21/2014 - 00:27:05: "fw_money_win" = "1000"
L 03/21/2014 - 00:27:05: "fw_money_start" = "1000"
L 03/21/2014 - 00:27:05: "fw_unlock_menu_style" = "1"
L 03/21/2014 - 00:27:05: "fw_lulz" = "0"
L 03/21/2014 - 00:27:05: "fw_no_limit_time" = "60"
L 03/21/2014 - 00:27:05: "fw_setup_time" = "-1"
L 03/21/2014 - 00:27:05: "fw_prop_shadows" = "1"
L 03/21/2014 - 00:27:05: "fw_prop_health_multipler" = "1"
L 03/21/2014 - 00:27:05: "fw_stuck_protection" = "1"
L 03/21/2014 - 00:27:05: "fw_custom_spawn" = "0"
L 03/21/2014 - 00:27:05: "fw_spawn_protection" = "2.5"
L 03/21/2014 - 00:27:05: "fw_props_per_player_admin" = "70"
L 03/21/2014 - 00:27:05: "fw_props_per_player" = "70"
L 03/21/2014 - 00:27:05: "fw_props_per_team" = "250"
L 03/21/2014 - 00:27:05: "fw_maps" = "1"
L 03/21/2014 - 00:27:05: "fw_sql" = "1"
L 03/21/2014 - 00:27:05: "fw_version" = "6.52"
L 03/21/2014 - 00:27:05: "sm_testingtime_version" = "1.2"
L 03/21/2014 - 00:27:05: "stockmodels_version" = "1.0"
L 03/21/2014 - 00:27:05: "tf_models_list" = "tf2_modellist"
L 03/21/2014 - 00:27:05: "tf_models_blocktriggers" = "1"
L 03/21/2014 - 00:27:05: "tf_models_delayonspawn" = "0.1"
L 03/21/2014 - 00:27:05: "tf_models_force_admins" = "0"
L 03/21/2014 - 00:27:05: "tf_models_force_users" = "0"
L 03/21/2014 - 00:27:05: "tf_models_announce_plugin" = "1"
L 03/21/2014 - 00:27:05: "tf_models_announce" = "1"
L 03/21/2014 - 00:27:05: "tf_models_admin_override" = "0"
L 03/21/2014 - 00:27:05: "tf_models_admin_flags" = "b"
L 03/21/2014 - 00:27:05: "tf_models_version" = "1.0.3"
L 03/21/2014 - 00:27:05: "adsql_serverid" = "tf2rainbow"
L 03/21/2014 - 00:27:05: "adsql_version" = "2.4.0"
L 03/21/2014 - 00:27:05: "sm_redirect_version" = "1.2"
L 03/21/2014 - 00:27:05: "sm_snake_version" = "1.0"
L 03/21/2014 - 00:27:05: "webshortcutsredux_version" = "1.1"
L 03/21/2014 - 00:27:05: "sm_speechfun_version" = "1.0.2"
L 03/21/2014 - 00:27:05: "sm_hatremoval_version" = "1.1a"
L 03/21/2014 - 00:27:05: "sm_helpmenu_version" = "0.3"
L 03/21/2014 - 00:27:05: "sm_tnounlockspls_announce_version" = "0.4.0"
L 03/21/2014 - 00:27:05: "dts_version" = "1.1"
L 03/21/2014 - 00:27:05: "sm_cannounce_version" = "1.2"
L 03/21/2014 - 00:27:05: "fcg_version" = "1.1"
L 03/21/2014 - 00:27:05: "tf2attributes_version" = "1.1.1"
L 03/21/2014 - 00:27:05: "sm_resize_version" = "1.4.0"
L 03/21/2014 - 00:27:05: "sm_evilrocket_version" = "1.0.110"
L 03/21/2014 - 00:27:05: "sentryfun_version" = "1.3"
L 03/21/2014 - 00:27:05: "sentryfun_enabled" = "1"
L 03/21/2014 - 00:27:05: "sm_tf_maxclass" = "99999"
L 03/21/2014 - 00:27:05: "sm_textreplacer_version" = "0.2"
L 03/21/2014 - 00:27:05: "sm_gscramble_version" = "3.0.13"
L 03/21/2014 - 00:27:05: "gs_enabled" = "1"
L 03/21/2014 - 00:27:05: "sm_rtrigs" = "0"
L 03/21/2014 - 00:27:05: "sm_rtrigs_version" = "1.10"
L 03/21/2014 - 00:27:05: "tf2_decap_ver" = "1.0"
L 03/21/2014 - 00:27:05: "highfiveenemy_version" = "1.0"
L 03/21/2014 - 00:27:05: "sm_tnounlockspls_tf2items_version" = "0.4.0"
L 03/21/2014 - 00:27:05: "tfh_valentines" = "0"
L 03/21/2014 - 00:27:05: "tfh_meetthepyro" = "0"
L 03/21/2014 - 00:27:05: "tfh_winter" = "1"
L 03/21/2014 - 00:27:05: "tfh_birthday" = "0"
L 03/21/2014 - 00:27:05: "tfh_fullmoon" = "1"
L 03/21/2014 - 00:27:05: "tfh_halloween" = "-1"
L 03/21/2014 - 00:27:05: "tfh_use_overrides" = "1"
L 03/21/2014 - 00:27:05: "tfh_enabled" = "1"
L 03/21/2014 - 00:27:05: "tfh_version" = "1.8.1"
L 03/21/2014 - 00:27:05: "sm_customvotes_version" = "1.0"
L 03/21/2014 - 00:27:05: "sm_rtd_version" = "0.4.3.2"
L 03/21/2014 - 00:27:05: "sm_tnounlockspls_menu_version" = "0.4.0"
L 03/21/2014 - 00:27:05: "lights_version" = "0.6"
L 03/21/2014 - 00:27:05: "sm_downloader_version" = "1.4"
L 03/21/2014 - 00:27:05: "sm_spec_players" = "1"
L 03/21/2014 - 00:27:05: "sm_funcommandsx_version" = "2.3"
L 03/21/2014 - 00:27:05: "sm_adminlistmenu_version" = "1.0"
L 03/21/2014 - 00:27:05: "tf2items_manager" = "1"
L 03/21/2014 - 00:27:05: "tf2items_manager_version" = "1.4.1"
L 03/21/2014 - 00:27:05: "sm_respawn_override_version" = "1.0.1-20131019"
L 03/21/2014 - 00:27:05: "sm_setspeed_log" = "1"
L 03/21/2014 - 00:27:05: "sm_setspeed_chat" = "1"
L 03/21/2014 - 00:27:05: "sm_setspeed_version" = "1.3.1"
L 03/21/2014 - 00:27:05: "sm_spray_version" = "5.8a"
L 03/21/2014 - 00:27:05: "goomba_version" = "2.0.2"
L 03/21/2014 - 00:27:05: "sm_adminsmite_version" = "2.1"
L 03/21/2014 - 00:27:05: "mc_version" = "1.1.1"
L 03/21/2014 - 00:27:05: "sm_setplayerclass_version" = "1.0.1"
L 03/21/2014 - 00:27:05: "sm_tetris_version" = "1.0"
L 03/21/2014 - 00:27:05: "sm_hdmgtracker_version" = "1.2.2"
L 03/21/2014 - 00:27:05: "cid_mintime" = "10.0"
L 03/21/2014 - 00:27:05: "cid_maxdist" = "10000.0"
L 03/21/2014 - 00:27:05: "cid_enabled" = "1"
L 03/21/2014 - 00:27:05: "cid_version" = "1.1"
L 03/21/2014 - 00:27:05: "basicdonator_version" = "0.8"
L 03/21/2014 - 00:27:05: "sm_afkm_version" = "3.5.2"
L 03/21/2014 - 00:27:05: "sgadmins_version" = "1.2.0"
L 03/21/2014 - 00:27:05: "melee_version" = "0.4.1"
L 03/21/2014 - 00:27:05: "sm_pregame_slaughter_version" = "1.0.5.1"
L 03/21/2014 - 00:27:05: "fc_version" = "2.0"
L 03/21/2014 - 00:27:05: "jinglenotify_version" = "1.0.0"
L 03/21/2014 - 00:27:05: "sm_tf_captoggle" = "0.0.3"
L 03/21/2014 - 00:27:05: "sm_ignorelist_version" = "0x02"
L 03/21/2014 - 00:27:05: "tf2items_giveweapon_version" = "3.14159"
L 03/21/2014 - 00:27:05: "sm_bsd_version" = "2.0.0"
L 03/21/2014 - 00:27:05: "sm_rweapons_version" = "1.3"
L 03/21/2014 - 00:27:05: "sm_commanddump_version" = "1.1.0"
L 03/21/2014 - 00:27:05: "store_version" = "1.1-alpha"
L 03/21/2014 - 00:27:05: "sm_allchat_version" = "1.1.1"
L 03/21/2014 - 00:27:05: "sm_classrestrict_version" = "0.6"
L 03/21/2014 - 00:27:05: "sm_playersvotes_redux_version" = "1.3"
L 03/21/2014 - 00:27:05: "steamtools_version" = "0.8.3"
L 03/21/2014 - 00:27:05: "tf2items_version" = "1.6.0"
L 03/21/2014 - 00:27:05: "sm_nextmap" = "ph_otherside_a1"
L 03/21/2014 - 00:27:05: "sourcemod_version" = "1.5.3-dev+4004"
L 03/21/2014 - 00:27:05: "metamod_version" = "1.10.1-devV"
L 03/21/2014 - 00:27:05: "tf_playergib" = "1"
L 03/21/2014 - 00:27:05: "tf_allow_player_use" = "0"
L 03/21/2014 - 00:27:05: "tf_mvm_death_penalty" = "0"
L 03/21/2014 - 00:27:05: "sv_maxusrcmdprocessticks" = "24"
L 03/21/2014 - 00:27:05: "mp_teamplay" = "0"
L 03/21/2014 - 00:27:05: "mp_falldamage" = "0"
L 03/21/2014 - 00:27:05: "mp_weaponstay" = "0"
L 03/21/2014 - 00:27:05: "mp_forcerespawn" = "1"
L 03/21/2014 - 00:27:05: "mp_footsteps" = "1"
L 03/21/2014 - 00:27:05: "mp_flashlight" = "1"
L 03/21/2014 - 00:27:05: "mp_autocrosshair" = "1"
L 03/21/2014 - 00:27:05: "decalfrequency" = "10"
L 03/21/2014 - 00:27:05: "mp_teamlist" = "hgrunt;scientist"
L 03/21/2014 - 00:27:05: "mp_allowNPCs" = "1"
L 03/21/2014 - 00:27:05: "sv_alltalk" = "1"
L 03/21/2014 - 00:27:05: "tf_weapon_criticals" = "1"
L 03/21/2014 - 00:27:05: "tf_damage_disablespread" = "1"
L 03/21/2014 - 00:27:05: "tf_player_name_change_time" = "60"
L 03/21/2014 - 00:27:05: "tf_force_holidays_off" = "0"
L 03/21/2014 - 00:27:05: "tf_birthday" = "0"
L 03/21/2014 - 00:27:05: "mp_windifference" = "0"
L 03/21/2014 - 00:27:05: "mp_windifference_min" = "0"
L 03/21/2014 - 00:27:05: "tf_medieval" = "0"
L 03/21/2014 - 00:27:05: "tf_medieval_autorp" = "1"
L 03/21/2014 - 00:27:05: "tf_arena_force_class" = "0"
L 03/21/2014 - 00:27:05: "tf_arena_change_limit" = "1"
L 03/21/2014 - 00:27:05: "tf_arena_override_cap_enable_time" = "-1"
L 03/21/2014 - 00:27:05: "tf_arena_first_blood" = "1"
L 03/21/2014 - 00:27:05: "tf_mvm_min_players_to_start" = "3"
L 03/21/2014 - 00:27:05: "tf_gamemode_arena" = "1"
L 03/21/2014 - 00:27:05: "tf_gamemode_cp" = "0"
L 03/21/2014 - 00:27:05: "tf_gamemode_ctf" = "0"
L 03/21/2014 - 00:27:05: "tf_gamemode_sd" = "0"
L 03/21/2014 - 00:27:05: "tf_gamemode_payload" = "0"
L 03/21/2014 - 00:27:05: "tf_gamemode_mvm" = "0"
L 03/21/2014 - 00:27:05: "tf_bot_count" = "0"
L 03/21/2014 - 00:27:05: "tf_teamtalk" = "0"
L 03/21/2014 - 00:27:05: "tf_ctf_bonus_time" = "10"
L 03/21/2014 - 00:27:05: "tf_maxspeed" = "400"
L 03/21/2014 - 00:27:05: "tf_max_charge_speed" = "750"
L 03/21/2014 - 00:27:05: "tf_use_fixed_weaponspreads" = "0"
L 03/21/2014 - 00:27:05: "tf_overtime_nag" = "0"
L 03/21/2014 - 00:27:05: "mp_tournament" = "0"
L 03/21/2014 - 00:27:05: "mp_highlander" = "0"
L 03/21/2014 - 00:27:05: "mp_maxrounds" = "0"
L 03/21/2014 - 00:27:05: "mp_winlimit" = "0"
L 03/21/2014 - 00:27:05: "mp_disable_respawn_times" = "0"
L 03/21/2014 - 00:27:05: "mp_stalemate_meleeonly" = "0"
L 03/21/2014 - 00:27:05: "mp_forceautoteam" = "0"
L 03/21/2014 - 00:27:05: "mp_autoteambalance" = "0"
L 03/21/2014 - 00:27:05: "mp_stalemate_enable" = "1"
L 03/21/2014 - 00:27:05: "mp_match_end_at_timelimit" = "0"
L 03/21/2014 - 00:27:05: "mp_holiday_nogifts" = "0"
L 03/21/2014 - 00:27:05: "mp_scrambleteams_auto" = "0"
L 03/21/2014 - 00:27:05: "mp_scrambleteams_auto_windifference" = "2"
L 03/21/2014 - 00:27:05: "mp_timelimit" = "24"
L 03/21/2014 - 00:27:05: "mp_fraglimit" = "0"
L 03/21/2014 - 00:27:05: "nextlevel" = ""
L 03/21/2014 - 00:27:05: "sv_gravity" = "800"
L 03/21/2014 - 00:27:05: "sv_stopspeed" = "100"
L 03/21/2014 - 00:27:05: "sv_noclipaccelerate" = "5"
L 03/21/2014 - 00:27:05: "sv_noclipspeed" = "5"
L 03/21/2014 - 00:27:05: "sv_specaccelerate" = "5"
L 03/21/2014 - 00:27:05: "sv_specspeed" = "3"
L 03/21/2014 - 00:27:05: "sv_specnoclip" = "1"
L 03/21/2014 - 00:27:05: "sv_maxspeed" = "320"
L 03/21/2014 - 00:27:05: "sv_accelerate" = "10"
L 03/21/2014 - 00:27:05: "sv_airaccelerate" = "10"
L 03/21/2014 - 00:27:05: "sv_wateraccelerate" = "10"
L 03/21/2014 - 00:27:05: "sv_waterfriction" = "1"
L 03/21/2014 - 00:27:05: "sv_footsteps" = "1"
L 03/21/2014 - 00:27:05: "sv_rollspeed" = "200"
L 03/21/2014 - 00:27:05: "sv_rollangle" = "0"
L 03/21/2014 - 00:27:05: "sv_friction" = "4"
L 03/21/2014 - 00:27:05: "sv_bounce" = "0"
L 03/21/2014 - 00:27:05: "sv_stepsize" = "18"
L 03/21/2014 - 00:27:05: "r_VehicleViewDampen" = "1"
L 03/21/2014 - 00:27:05: "r_JeepViewDampenFreq" = "7.0"
L 03/21/2014 - 00:27:05: "r_JeepViewDampenDamp" = "1.0"
L 03/21/2014 - 00:27:05: "r_JeepViewZHeight" = "10.0"
L 03/21/2014 - 00:27:05: "r_AirboatViewDampenFreq" = "7.0"
L 03/21/2014 - 00:27:05: "r_AirboatViewDampenDamp" = "1.0"
L 03/21/2014 - 00:27:05: "r_AirboatViewZHeight" = "0.0"
L 03/21/2014 - 00:27:05: "mp_fadetoblack" = "0"
L 03/21/2014 - 00:27:05: "tf_mm_servermode" = "0"
L 03/21/2014 - 00:27:05: "tf_mm_strict" = "0"
L 03/21/2014 - 00:27:05: "tf_mm_trusted" = "0"
L 03/21/2014 - 00:27:05: "tf_server_identity_disable_quickplay" = "0"
L 03/21/2014 - 00:27:05: "sv_registration_successful" = "1"
L 03/21/2014 - 00:27:05: "sv_registration_message" = ""
L 03/21/2014 - 00:27:05: "sv_steamgroup" = ""
L 03/21/2014 - 00:27:05: "sv_cheats" = "0"
L 03/21/2014 - 00:27:05: "sv_pausable" = "0"
L 03/21/2014 - 00:27:05: "sv_contact" = "theoneandonly@rowedahelicon.com"
L 03/21/2014 - 00:27:05: "sv_voiceenable" = "1"
L 03/21/2014 - 00:27:05: "tv_enable" = "0"
L 03/21/2014 - 00:27:05: "deathmatch" = "1"
L 03/21/2014 - 00:27:05: "coop" = "0"
L 03/21/2014 - 00:27:05: "tv_password" = ""
L 03/21/2014 - 00:27:05: "tv_relaypassword" = ""
L 03/21/2014 - 00:27:05: "sv_password" = ""
L 03/21/2014 - 00:27:05: server cvars end
L 03/21/2014 - 00:27:07: Started map "ph_otherside_a1" (CRC "172473a60827cacb4099693f250ea439")
L 03/21/2014 - 00:27:07: Executing dedicated server config file server.cfg
L 03/21/2014 - 00:27:12: server_cvar: "tf_gamemode_arena" "0"
L 03/21/2014 - 00:27:12: server_cvar: "tf_gamemode_arena" "1"
L 03/21/2014 - 00:27:13: WARNING: ClientActive, but we don't know his SteamID?
L 03/21/2014 - 00:27:13: "Replay 2: The Replayening<2><BOT><>" entered the game
L 03/21/2014 - 00:27:13: "Replay 2: The Replayening<2><BOT><Unassigned>" joined team "Spectator"
L 03/21/2014 - 00:27:13: server_cvar: "tf2items_rnd_enabled" "0"
L 03/21/2014 - 00:27:13: server_cvar: "tf_models_list" "TF2_ItemList"
L 03/21/2014 - 00:27:13: server_cvar: "mp_autoteambalance" "1"
L 03/21/2014 - 00:27:13: server_cvar: "mp_timelimit" "30"
L 03/21/2014 - 00:27:13: server_cvar: "sm_rtrigs" "1"
L 03/21/2014 - 00:27:13: server_cvar: "tf_models_list" "tf2_modellist"
L 03/21/2014 - 00:27:13: STEAMAUTH: Client Zim the Faggy Fox <3 received failure code 6
L 03/21/2014 - 00:27:13: "Zim the Faggy Fox <3<91><STEAM_0:0:24988511><>" disconnected (reason "Client left game (Steam auth ticket has been canceled)
")
L 03/21/2014 - 00:27:13: server_cvar: "mp_timelimit" "18"
L 03/21/2014 - 00:27:13: server_cvar: "sm_rtrigs" "0"
L 03/21/2014 - 00:27:13: server_cvar: "sm_nextmap" "cp_snakewater_final1"
L 03/21/2014 - 00:27:20: server_cvar: "sv_gravity" "500"
L 03/21/2014 - 00:27:20: server_cvar: "tf_arena_override_cap_enable_time" "3600"
L 03/21/2014 - 00:27:27: "ï¼«ï½…ï½Žï½” ðŸ˜ˆâœŒ<107><STEAM_0:1:37936200><>" entered the game
L 03/21/2014 - 00:27:29: "Persi, the Neko God<12><STEAM_0:1:30286598><>" entered the game
L 03/21/2014 - 00:27:30: server_cvar: "mp_disable_respawn_times" "1"
L 03/21/2014 - 00:27:30: "Doofus_Khan {SCG}<115><STEAM_0:0:40678067><>" entered the game
L 03/21/2014 - 00:27:31: "ï¼«ï½…ï½Žï½” ðŸ˜ˆâœŒ<107><STEAM_0:1:37936200><Unassigned>" joined team "Blue"
L 03/21/2014 - 00:27:32: "Gord<112><STEAM_0:1:2327125><>" entered the game
L 03/21/2014 - 00:27:32: "ï¼«ï½…ï½Žï½” ðŸ˜ˆâœŒ<107><STEAM_0:1:37936200><Blue>" changed role to "medic"
L 03/21/2014 - 00:27:36: "The Mutagen(unstable)<89><STEAM_0:0:49010827><>" entered the game
L 03/21/2014 - 00:27:37: "Gord<112><STEAM_0:1:2327125><Unassigned>" joined team "Red"
L 03/21/2014 - 00:27:39: "Gord<112><STEAM_0:1:2327125><Red>" changed role to "scout"
L 03/21/2014 - 00:27:40: "Doofus_Khan {SCG}<115><STEAM_0:0:40678067><Unassigned>" joined team "Blue"
L 03/21/2014 - 00:27:41: "Doofus_Khan {SCG}<115><STEAM_0:0:40678067><Blue>" changed role to "pyro"
L 03/21/2014 - 00:27:41: "The Mutagen(unstable)<89><STEAM_0:0:49010827><Unassigned>" joined team "Red"
L 03/21/2014 - 00:27:42: "firefrorefiddle<110><STEAM_0:0:3456897><>" entered the game
L 03/21/2014 - 00:27:43: "ï¼«ï½…ï½Žï½” ðŸ˜ˆâœŒ<107><STEAM_0:1:37936200><Blue>" disconnected (reason "Disconnect by user.")
L 03/21/2014 - 00:27:43: World triggered "Round_Win" (winner "Red")
L 03/21/2014 - 00:27:43: World triggered "Round_Length" (seconds "23.20")
L 03/21/2014 - 00:27:43: Team "Red" current score "1" with "2" players
L 03/21/2014 - 00:27:43: Team "Blue" current score "0" with "1" players
L 03/21/2014 - 00:27:45: "The Mutagen(unstable)<89><STEAM_0:0:49010827><Red>" changed role to "scout"
L 03/21/2014 - 00:27:49: "Gord<112><STEAM_0:1:2327125><Red>" say "woot"
L 03/21/2014 - 00:27:54: "Zingy Zigzagoon<88><STEAM_0:1:38093875><>" entered the game
L 03/21/2014 - 00:27:55: "The Mutagen(unstable)<89><STEAM_0:0:49010827><Red>" say "(â•¯Â°Ð”Â°ï¼‰â•¯ï¸µ/(.â–¡ . \) NO FIX TABLE"
L 03/21/2014 - 00:27:55: "firefrorefiddle<110><STEAM_0:0:3456897><Unassigned>" joined team "Blue"
L 03/21/2014 - 00:27:57: "Zingy Zigzagoon<88><STEAM_0:1:38093875><Unassigned>" joined team "Blue"
L 03/21/2014 - 00:27:58: "firefrorefiddle<110><STEAM_0:0:3456897><Blue>" changed role to "pyro"
L 03/21/2014 - 00:27:58: "The Mutagen(unstable)<89><STEAM_0:0:49010827><Red>" joined team "Blue"
L 03/21/2014 - 00:27:58: "firefrorefiddle<110><STEAM_0:0:3456897><Blue>" joined team "Red"
L 03/21/2014 - 00:27:58: "Zingy Zigzagoon<88><STEAM_0:1:38093875><Blue>" joined team "Red"
L 03/21/2014 - 00:27:58: "Gord<112><STEAM_0:1:2327125><Red>" joined team "Blue"
L 03/21/2014 - 00:27:58: "Doofus_Khan {SCG}<115><STEAM_0:0:40678067><Blue>" joined team "Red"
L 03/21/2014 - 00:27:58: World triggered "Round_Start"
L 03/21/2014 - 00:27:59: "Herrocopter<67><STEAM_0:0:50403197><>" entered the game
L 03/21/2014 - 00:27:59: "{BFG} Nikdragon<108><STEAM_0:0:78154965><>" entered the game
L 03/21/2014 - 00:28:00: "Zingy Zigzagoon<88><STEAM_0:1:38093875><Red>" changed role to "spy"
L 03/21/2014 - 00:28:05: "Herrocopter<67><STEAM_0:0:50403197><Unassigned>" joined team "Blue"
L 03/21/2014 - 00:28:06: "firefrorefiddle<110><STEAM_0:0:3456897><Red>" say "!propmenu"
L 03/21/2014 - 00:28:06: "Herrocopter<67><STEAM_0:0:50403197><Blue>" changed role to "sniper"
L 03/21/2014 - 00:28:08: "{BFG} Nikdragon<108><STEAM_0:0:78154965><Unassigned>" joined team "Red"
L 03/21/2014 - 00:28:10: "(void*)FoXX<118><STEAM_0:0:2179002><>" entered the game
L 03/21/2014 - 00:28:11: "{BFG} Nikdragon<108><STEAM_0:0:78154965><Red>" changed role to "scout"
L 03/21/2014 - 00:28:12: "Tiera Foxglove<44><STEAM_0:1:42733307><>" entered the game
L 03/21/2014 - 00:28:15: "TheMagicNipples<95><STEAM_0:1:42113544><>" entered the game
L 03/21/2014 - 00:28:17: "Tiera Foxglove<44><STEAM_0:1:42733307><Unassigned>" joined team "Blue"
L 03/21/2014 - 00:28:17: "{BFG} Nikdragon<108><STEAM_0:0:78154965><Red>" say "!propmenu"
L 03/21/2014 - 00:28:18: "Tiera Foxglove<44><STEAM_0:1:42733307><Blue>" changed role to "pyro"
L 03/21/2014 - 00:28:19: "TheMagicNipples<95><STEAM_0:1:42113544><Unassigned>" joined team "Blue"
L 03/21/2014 - 00:28:20: "TheMagicNipples<95><STEAM_0:1:42113544><Blue>" changed role to "demoman"
L 03/21/2014 - 00:28:20: server_cvar: "mp_disable_respawn_times" "0"
L 03/21/2014 - 00:28:21: "{SCG} PhantomX999<114><STEAM_0:1:13432606><>" entered the game
L 03/21/2014 - 00:28:21: "JaÃ¼ri, the Laughing Goddess<86><STEAM_0:1:17091633><>" entered the game
L 03/21/2014 - 00:28:27: "(void*)FoXX<118><STEAM_0:0:2179002><Unassigned>" joined team "Red"
L 03/21/2014 - 00:28:27: "JaÃ¼ri, the Laughing Goddess<86><STEAM_0:1:17091633><Unassigned>" joined team "Red"
L 03/21/2014 - 00:28:28: "(void*)FoXX<118><STEAM_0:0:2179002><Red>" changed role to "scout"
L 03/21/2014 - 00:28:29: "JaÃ¼ri, the Laughing Goddess<86><STEAM_0:1:17091633><Red>" changed role to "scout"
L 03/21/2014 - 00:28:29: "{SCG} PhantomX999<114><STEAM_0:1:13432606><Unassigned>" joined team "Blue"
L 03/21/2014 - 00:28:32: "{SCG} PhantomX999<114><STEAM_0:1:13432606><Blue>" changed role to "pyro"
L 03/21/2014 - 00:28:35: "The Mutagen(unstable)<89><STEAM_0:0:49010827><Blue>" say "gord"
L 03/21/2014 - 00:28:42: "Gord<112><STEAM_0:1:2327125><Blue>" say "we jammin"
L 03/21/2014 - 00:28:44: "Gord<112><STEAM_0:1:2327125><Blue>" say "sup homie"
L 03/21/2014 - 00:28:48: World triggered "Round_Setup_End"
L 03/21/2014 - 00:28:48: "The Mutagen(unstable)<89><STEAM_0:0:49010827><Blue>" say "i like dat spray"
L 03/21/2014 - 00:28:51: "The Mutagen(unstable)<89><STEAM_0:0:49010827><Blue>" say "dem mechanics"
L 03/21/2014 - 00:28:52: "Gord<112><STEAM_0:1:2327125><Blue>" say "thanks :3"
L 03/21/2014 - 00:28:55: "Red Pandopticon<119><STEAM_0:0:15629443><>" entered the game
L 03/21/2014 - 00:28:56: "The Mutagen(unstable)<89><STEAM_0:0:49010827><Blue>" say "<3"
L 03/21/2014 - 00:28:57: "Tiera Foxglove<44><STEAM_0:1:42733307><Blue>" killed "Doofus_Khan {SCG}<115><STEAM_0:0:40678067><Red>" with "rainblower" (attacker_position "-2358 477 -479") (victim_position "-2455 702 -479")
L 03/21/2014 - 00:28:57: "Gord<112><STEAM_0:1:2327125><Blue>" triggered "kill assist" against "Doofus_Khan {SCG}<115><STEAM_0:0:40678067><Red>" (assister_position "-2496 632 -479") (attacker_position "-2358 477 -479") (victim_position "-2455 702 -479")
L 03/21/2014 - 00:29:03: "Mickey Demon<120><STEAM_0:1:75898726><>" disconnected (reason "Disconnect by user.")
L 03/21/2014 - 00:29:13: "Deathtrap<116><STEAM_0:0:73512507><>" disconnected (reason "Disconnect by user.")
L 03/21/2014 - 00:29:14: "Deathtrap<121><STEAM_0:0:73512507><>" connected, address "147.69.139.55:63201"
L 03/21/2014 - 00:29:14: "Deathtrap<121><STEAM_0:0:73512507><>" STEAM USERID validated
L 03/21/2014 - 00:29:19: "Herrocopter<67><STEAM_0:0:50403197><Blue>" killed "Zingy Zigzagoon<88><STEAM_0:1:38093875><Red>" with "tf_projectile_arrow" (attacker_position "-3 129 -271") (victim_position "78 343 -151")
L 03/21/2014 - 00:29:53: "Herrocopter<67><STEAM_0:0:50403197><Blue>" killed "{BFG} Nikdragon<108><STEAM_0:0:78154965><Red>" with "tf_projectile_arrow" (attacker_position "-503 -878 -479") (victim_position "-408 -1475 -402")
L 03/21/2014 - 00:29:53: "Tiera Foxglove<44><STEAM_0:1:42733307><Blue>" triggered "kill assist" against "{BFG} Nikdragon<108><STEAM_0:0:78154965><Red>" (assister_position "-344 -731 -479") (attacker_position "-503 -878 -479") (victim_position "-408 -1475 -402")
L 03/21/2014 - 00:30:01: "Deathtrap<121><STEAM_0:0:73512507><>" entered the game
L 03/21/2014 - 00:30:06: "Blizzard (Sean)áƒ¦<102><STEAM_0:1:47938377><>" entered the game
L 03/21/2014 - 00:30:16: "{BFG} Sabre<79><STEAM_0:1:31072961><>" entered the game
L 03/21/2014 - 00:30:29: "Blizzard (Sean)áƒ¦<102><STEAM_0:1:47938377><Unassigned>" joined team "Red"
L 03/21/2014 - 00:30:32: "{BFG} Sabre<79><STEAM_0:1:31072961><Unassigned>" joined team "Blue"
L 03/21/2014 - 00:30:33: "{BFG} Sabre<79><STEAM_0:1:31072961><Blue>" changed role to "pyro"
L 03/21/2014 - 00:30:36: "Blizzard (Sean)áƒ¦<102><STEAM_0:1:47938377><Red>" changed role to "scout"
L 03/21/2014 - 00:30:38: "Red Pandopticon<119><STEAM_0:0:15629443><Unassigned>" joined team "Red"
L 03/21/2014 - 00:30:40: "Blizzard (Sean)áƒ¦<102><STEAM_0:1:47938377><Red>" joined team "Blue"
L 03/21/2014 - 00:30:41: "Red Pandopticon<119><STEAM_0:0:15629443><Red>" changed role to "scout"
L 03/21/2014 - 00:30:42: "Blizzard (Sean)áƒ¦<102><STEAM_0:1:47938377><Blue>" changed role to "pyro"
L 03/21/2014 - 00:30:57: "Deathtrap<121><STEAM_0:0:73512507><Unassigned>" disconnected (reason "Disconnect by user.")
L 03/21/2014 - 00:30:57: "firefrorefiddle<110><STEAM_0:0:3456897><Red>" say_team "theyve ran by me so many times :D"
L 03/21/2014 - 00:31:10: "Gord<112><STEAM_0:1:2327125><Blue>" committed suicide with "world" (attacker_position "-1335 0 -479")
L 03/21/2014 - 00:31:12: "Gord<112><STEAM_0:1:2327125><Blue>" killed "firefrorefiddle<110><STEAM_0:0:3456897><Red>" with "flamethrower" (attacker_position "-1335 0 -465") (victim_position "-1106 -710 -361")
L 03/21/2014 - 00:31:12: World triggered "Round_Win" (winner "Blue")
L 03/21/2014 - 00:31:12: World triggered "Round_Length" (seconds "193.86")
L 03/21/2014 - 00:31:12: Team "Red" current score "1" with "7" players
L 03/21/2014 - 00:31:12: Team "Blue" current score "1" with "8" players
L 03/21/2014 - 00:31:14: "Gord<112><STEAM_0:1:2327125><Blue>" say "YEAH"
L 03/21/2014 - 00:31:15: "firefrorefiddle<110><STEAM_0:0:3456897><Red>" say "aaaaaaaauhj"
L 03/21/2014 - 00:31:19: "The Mutagen(unstable)<89><STEAM_0:0:49010827><Blue>" say "ï¼ˆã€ƒãƒ»Ï‰ãƒ»ã€ƒï¼‰ Happy Days!"
L 03/21/2014 - 00:31:19: "Gord<112><STEAM_0:1:2327125><Blue>" say "BASED GORD"
L 03/21/2014 - 00:31:20: "The Mutagen(unstable)<89><STEAM_0:0:49010827><Blue>" say "â–½ãƒ»Ï‰ãƒ»â–½ ish happy doge"
L 03/21/2014 - 00:31:27: "Herrocopter<67><STEAM_0:0:50403197><Blue>" committed suicide with "world" (attacker_position "-717 -597 642")
L 03/21/2014 - 00:31:27: "Tiera Foxglove<44><STEAM_0:1:42733307><Blue>" joined team "Red"
L 03/21/2014 - 00:31:27: "The Mutagen(unstable)<89><STEAM_0:0:49010827><Blue>" joined team "Red"
L 03/21/2014 - 00:31:27: "{BFG} Sabre<79><STEAM_0:1:31072961><Blue>" joined team "Red"
L 03/21/2014 - 00:31:27: "firefrorefiddle<110><STEAM_0:0:3456897><Red>" joined team "Blue"
L 03/21/2014 - 00:31:27: "JaÃ¼ri, the Laughing Goddess<86><STEAM_0:1:17091633><Red>" joined team "Blue"
L 03/21/2014 - 00:31:27: "Blizzard (Sean)áƒ¦<102><STEAM_0:1:47938377><Blue>" joined team "Red"
L 03/21/2014 - 00:31:27: "Herrocopter<67><STEAM_0:0:50403197><Blue>" joined team "Red"
L 03/21/2014 - 00:31:27: "Zingy Zigzagoon<88><STEAM_0:1:38093875><Red>" joined team "Blue"
L 03/21/2014 - 00:31:27: "Gord<112><STEAM_0:1:2327125><Blue>" joined team "Red"
L 03/21/2014 - 00:31:27: "{BFG} Nikdragon<108><STEAM_0:0:78154965><Red>" joined team "Blue"
L 03/21/2014 - 00:31:27: "{SCG} PhantomX999<114><STEAM_0:1:13432606><Blue>" joined team "Red"
L 03/21/2014 - 00:31:27: "TheMagicNipples<95><STEAM_0:1:42113544><Blue>" joined team "Red"
L 03/21/2014 - 00:31:27: "Doofus_Khan {SCG}<115><STEAM_0:0:40678067><Red>" joined team "Blue"
L 03/21/2014 - 00:31:27: "(void*)FoXX<118><STEAM_0:0:2179002><Red>" joined team "Blue"
L 03/21/2014 - 00:31:27: "Red Pandopticon<119><STEAM_0:0:15629443><Red>" joined team "Blue"
L 03/21/2014 - 00:31:27: World triggered "Round_Start"
L 03/21/2014 - 00:31:29: "The Mutagen(unstable)<89><STEAM_0:0:49010827><Red>" say "(ï¾‰â‰§âˆ€â‰¦)ï¾‰ Excited Days!"
L 03/21/2014 - 00:31:32: "TheMagicNipples<95><STEAM_0:1:42113544><Red>" say "!propmenu"
L 03/21/2014 - 00:31:32: "The Mutagen(unstable)<89><STEAM_0:0:49010827><Red>" say "!propmenu"
L 03/21/2014 - 00:31:33: "Gord<112><STEAM_0:1:2327125><Red>" say "!propmenu"
L 03/21/2014 - 00:31:35: "Blizzard (Sean)áƒ¦<102><STEAM_0:1:47938377><Red>" say "!propmenu"
L 03/21/2014 - 00:31:39: "JaÃ¼ri, the Laughing Goddess<86><STEAM_0:1:17091633><Blue>" disconnected (reason "JaÃ¼ri, the Laughing Goddess timed out")
L 03/21/2014 - 00:31:39: "firefrorefiddle<110><STEAM_0:0:3456897><Blue>" say "karmic retribution for bragging that folks ran through that room a bunch :("
L 03/21/2014 - 00:31:43: "Red Pandopticon<119><STEAM_0:0:15629443><Blue>" say "rtv"
L 03/21/2014 - 00:31:53: "Sage Of All Things Gucci<117><STEAM_0:0:73285039><>" disconnected (reason "Sage Of All Things Gucci timed out")
L 03/21/2014 - 00:32:09: "{BFG} Sabre<79><STEAM_0:1:31072961><Red>" say "!propmenu"
L 03/21/2014 - 00:32:10: "Gord<112><STEAM_0:1:2327125><Red>" say "!propmenu"
L 03/21/2014 - 00:32:17: World triggered "Round_Setup_End"
L 03/21/2014 - 00:32:21: "TheMagicNipples<95><STEAM_0:1:42113544><Red>" say "shit"
L 03/21/2014 - 00:32:27: "(void*)FoXX<118><STEAM_0:0:2179002><Blue>" killed "TheMagicNipples<95><STEAM_0:1:42113544><Red>" with "flaregun" (attacker_position "-1793 1222 -479") (victim_position "-1968 1407 -162")
L 03/21/2014 - 00:32:33: "Doofus_Khan {SCG}<115><STEAM_0:0:40678067><Blue>" killed "{BFG} Sabre<79><STEAM_0:1:31072961><Red>" with "degreaser" (attacker_position "-716 800 -479") (victim_position "-733 1047 -479")
L 03/21/2014 - 00:32:36: "TheMagicNipples<95><STEAM_0:1:42113544><Red>" say "The locker is different than I remember :c"
L 03/21/2014 - 00:32:54: "TheMagicNipples<95><STEAM_0:1:42113544><Red>" say "Entire back used to be trasparent, now its got lines x3"
L 03/21/2014 - 00:32:55: "(void*)FoXX<118><STEAM_0:0:2179002><Blue>" killed "Blizzard (Sean)áƒ¦<102><STEAM_0:1:47938377><Red>" with "flaregun" (attacker_position "-1376 983 -479") (victim_position "-1777 1536 -471")
L 03/21/2014 - 00:33:05: "TheMagicNipples<95><STEAM_0:1:42113544><Red>" joined team "Spectator"
L 03/21/2014 - 00:33:05: "Blizzard (Sean)áƒ¦<102><STEAM_0:1:47938377><Red>" say ";-;"
L 03/21/2014 - 00:33:07: "Blizzard (Sean)áƒ¦<102><STEAM_0:1:47938377><Red>" say "ï½¡ï¼šï¾Ÿ(ï½¡ï¾‰Ï‰ï¼¼ï½¡)ï¾Ÿï½¥ï½¡ Sad days!"
L 03/21/2014 - 00:33:14: "firefrorefiddle<110><STEAM_0:0:3456897><Blue>" say_team "lost a bucket"
L 03/21/2014 - 00:33:29: "The Mutagen(unstable)<89><STEAM_0:0:49010827><Red>" say "(ï¾‰â‰§âˆ€â‰¦)ï¾‰ Excited Days!"
L 03/21/2014 - 00:33:44: "Gord<112><STEAM_0:1:2327125><Red>" say "the giggles :c"
L 03/21/2014 - 00:34:07: "firefrorefiddle<110><STEAM_0:0:3456897><Blue>" committed suicide with "world" (attacker_position "220 321 -479")
L 03/21/2014 - 00:34:07: "Gord<112><STEAM_0:1:2327125><Red>" say "lol hi pyro"
L 03/21/2014 - 00:34:27: "Gord<112><STEAM_0:1:2327125><Red>" say "gord is in a jerk spot"
L 03/21/2014 - 00:34:36: "TheMagicNipples<95><STEAM_0:1:42113544><Spectator>" disconnected (reason "Disconnect by user.")
L 03/21/2014 - 00:34:42: World triggered "Round_Win" (winner "Red")
L 03/21/2014 - 00:34:42: World triggered "Round_Length" (seconds "195.06")
L 03/21/2014 - 00:34:42: Team "Red" current score "2" with "7" players
L 03/21/2014 - 00:34:42: Team "Blue" current score "1" with "6" players
L 03/21/2014 - 00:34:50: "The Mutagen(unstable)<89><STEAM_0:0:49010827><Red>" killed "Red Pandopticon<119><STEAM_0:0:15629443><Blue>" with "goomba" (attacker_position "-1852 550 -397") (victim_position "-1847 552 -479")
L 03/21/2014 - 00:34:57: "Tiera Foxglove<44><STEAM_0:1:42733307><Red>" joined team "Blue"
L 03/21/2014 - 00:34:57: "The Mutagen(unstable)<89><STEAM_0:0:49010827><Red>" joined team "Blue"
L 03/21/2014 - 00:34:57: "{BFG} Sabre<79><STEAM_0:1:31072961><Red>" joined team "Blue"
L 03/21/2014 - 00:34:57: "firefrorefiddle<110><STEAM_0:0:3456897><Blue>" joined team "Red"
L 03/21/2014 - 00:34:57: "Blizzard (Sean)áƒ¦<102><STEAM_0:1:47938377><Red>" joined team "Blue"
L 03/21/2014 - 00:34:57: "Herrocopter<67><STEAM_0:0:50403197><Red>" joined team "Blue"
L 03/21/2014 - 00:34:57: "Zingy Zigzagoon<88><STEAM_0:1:38093875><Blue>" joined team "Red"
L 03/21/2014 - 00:34:57: "Gord<112><STEAM_0:1:2327125><Red>" joined team "Blue"
L 03/21/2014 - 00:34:57: "{BFG} Nikdragon<108><STEAM_0:0:78154965><Blue>" joined team "Red"
L 03/21/2014 - 00:34:57: "{SCG} PhantomX999<114><STEAM_0:1:13432606><Red>" joined team "Blue"
L 03/21/2014 - 00:34:57: "Doofus_Khan {SCG}<115><STEAM_0:0:40678067><Blue>" joined team "Red"
L 03/21/2014 - 00:34:57: "(void*)FoXX<118><STEAM_0:0:2179002><Blue>" joined team "Red"
L 03/21/2014 - 00:34:57: "Red Pandopticon<119><STEAM_0:0:15629443><Blue>" joined team "Red"
L 03/21/2014 - 00:34:57: World triggered "Round_Start"
L 03/21/2014 - 00:34:59: "Persi, the Neko God<12><STEAM_0:1:30286598><Unassigned>" joined team "Red"
L 03/21/2014 - 00:35:00: "Persi, the Neko God<12><STEAM_0:1:30286598><Red>" changed role to "scout"
L 03/21/2014 - 00:35:00: "Herrocopter<67><STEAM_0:0:50403197><Blue>" changed role to "sniper"
L 03/21/2014 - 00:35:01: "firefrorefiddle<110><STEAM_0:0:3456897><Red>" say "!propmenu"
L 03/21/2014 - 00:35:03: "(void*)FoXX<118><STEAM_0:0:2179002><Red>" say_team "!prophunt"
L 03/21/2014 - 00:35:04: "{BFG} Nikdragon<108><STEAM_0:0:78154965><Red>" say "!propmenu"
L 03/21/2014 - 00:35:07: "Red Pandopticon<119><STEAM_0:0:15629443><Red>" say "!propmenu"
L 03/21/2014 - 00:35:07: "(void*)FoXX<118><STEAM_0:0:2179002><Red>" say_team "!propmenu"
L 03/21/2014 - 00:35:31: "The Mutagen(unstable)<89><STEAM_0:0:49010827><Blue>" committed suicide with "world" (attacker_position "-2650 1771 -431")
L 03/21/2014 - 00:35:42: "Ogguhpus<122><STEAM_0:1:24278359><>" connected, address "50.104.66.143:27005"
L 03/21/2014 - 00:35:42: "Ogguhpus<122><STEAM_0:1:24278359><>" STEAM USERID validated
L 03/21/2014 - 00:35:44: "AndriNaline<123><STEAM_0:1:59437109><>" connected, address "122.148.72.45:27005"
L 03/21/2014 - 00:35:45: "AndriNaline<123><STEAM_0:1:59437109><>" STEAM USERID validated
L 03/21/2014 - 00:35:47: "JaÃ¼ri, the Laughing Goddess<124><STEAM_0:1:17091633><>" connected, address "69.170.93.27:27005"
L 03/21/2014 - 00:35:47: "JaÃ¼ri, the Laughing Goddess<124><STEAM_0:1:17091633><>" STEAM USERID validated
L 03/21/2014 - 00:35:47: World triggered "Round_Setup_End"
L 03/21/2014 - 00:35:51: "2Bit Tromboner<125><STEAM_0:1:19786327><>" connected, address "96.252.112.151:27005"
L 03/21/2014 - 00:35:51: "2Bit Tromboner<125><STEAM_0:1:19786327><>" STEAM USERID validated
L 03/21/2014 - 00:35:58: "firefrorefiddle<110><STEAM_0:0:3456897><Red>" say "!propmenu"
L 03/21/2014 - 00:35:59: "The Mutagen(unstable)<89><STEAM_0:0:49010827><Blue>" say "sandvich num"
L 03/21/2014 - 00:36:09: "Herrocopter<67><STEAM_0:0:50403197><Blue>" triggered "jarate_attack" against "{BFG} Nikdragon<108><STEAM_0:0:78154965><Red>" with "tf_weapon_jar" (attacker_position "-224 829 -255") (victim_position "-76 1255 -373")
L 03/21/2014 - 00:36:13: "Gord<112><STEAM_0:1:2327125><Blue>" killed "Doofus_Khan {SCG}<115><STEAM_0:0:40678067><Red>" with "scorchshot" (attacker_position "-1922 -880 -479") (victim_position "-1729 -1207 -345")
L 03/21/2014 - 00:36:15: "Herrocopter<67><STEAM_0:0:50403197><Blue>" killed "{BFG} Nikdragon<108><STEAM_0:0:78154965><Red>" with "tf_projectile_arrow" (attacker_position "196 818 -479") (victim_position "202 200 -409")
L 03/21/2014 - 00:36:29: "Tiera Foxglove<44><STEAM_0:1:42733307><Blue>" killed "Zingy Zigzagoon<88><STEAM_0:1:38093875><Red>" with "rainblower" (attacker_position "-202 338 -271") (victim_position "-258 343 -263")
L 03/21/2014 - 00:36:30: "JaÃ¼ri, the Laughing Goddess<124><STEAM_0:1:17091633><>" entered the game
L 03/21/2014 - 00:36:34: "{BFG} Sabre<79><STEAM_0:1:31072961><Blue>" killed "Persi, the Neko God<12><STEAM_0:1:30286598><Red>" with "axtinguisher" (attacker_position "-1464 -1724 -471") (victim_position "-1457 -1676 -448")
L 03/21/2014 - 00:36:34: "{BFG} Nikdragon<108><STEAM_0:0:78154965><Red>" say "!nominate"
L 03/21/2014 - 00:36:36: "JaÃ¼ri, the Laughing Goddess<124><STEAM_0:1:17091633><Unassigned>" joined team "Red"
L 03/21/2014 - 00:36:37: "JaÃ¼ri, the Laughing Goddess<124><STEAM_0:1:17091633><Red>" changed role to "scout"
L 03/21/2014 - 00:36:48: "{BFG} Sabre<79><STEAM_0:1:31072961><Blue>" say "persi there is only 3  carts ;P"
L 03/21/2014 - 00:36:59: "Punch<126><STEAM_0:0:23506986><>" connected, address "108.91.104.189:27005"
L 03/21/2014 - 00:36:59: "Punch<126><STEAM_0:0:23506986><>" STEAM USERID validated
L 03/21/2014 - 00:37:03: "Gord<112><STEAM_0:1:2327125><Blue>" killed "Red Pandopticon<119><STEAM_0:0:15629443><Red>" with "flamethrower" (attacker_position "-852 -754 -479") (victim_position "-1173 -811 -413")
L 03/21/2014 - 00:37:03: "Tiera Foxglove<44><STEAM_0:1:42733307><Blue>" triggered "kill assist" against "Red Pandopticon<119><STEAM_0:0:15629443><Red>" (assister_position "-654 -836 -479") (attacker_position "-852 -754 -479") (victim_position "-1173 -811 -413")
L 03/21/2014 - 00:37:07: "Persi, the Neko God<12><STEAM_0:1:30286598><Red>" say "I didn't expect any of you to memorize that. :<"
L 03/21/2014 - 00:37:08: "Gord<112><STEAM_0:1:2327125><Blue>" say "red pandicide"
L 03/21/2014 - 00:37:10: "Demomonster<127><STEAM_0:1:26362997><>" connected, address "71.209.5.235:27005"
L 03/21/2014 - 00:37:11: "Demomonster<127><STEAM_0:1:26362997><>" STEAM USERID validated
L 03/21/2014 - 00:37:23: "Punch<126><STEAM_0:0:23506986><>" entered the game
L 03/21/2014 - 00:37:23: "Gord<112><STEAM_0:1:2327125><Blue>" killed "firefrorefiddle<110><STEAM_0:0:3456897><Red>" with "flamethrower" (attacker_position "-1599 -147 -271") (victim_position "-1811 -148 -222")
L 03/21/2014 - 00:37:23: "Tiera Foxglove<44><STEAM_0:1:42733307><Blue>" triggered "kill assist" against "firefrorefiddle<110><STEAM_0:0:3456897><Red>" (assister_position "-1586 -145 -271") (attacker_position "-1599 -147 -271") (victim_position "-1811 -148 -222")
L 03/21/2014 - 00:37:33: "Punch<126><STEAM_0:0:23506986><Unassigned>" joined team "Blue"
L 03/21/2014 - 00:37:36: "Punch<126><STEAM_0:0:23506986><Blue>" changed role to "pyro"
L 03/21/2014 - 00:38:04: "(void*)FoXX<118><STEAM_0:0:2179002><Red>" killed "Gord<112><STEAM_0:1:2327125><Blue>" with "force_a_nature" (attacker_position "199 244 -429") (victim_position "50 573 -479")
L 03/21/2014 - 00:38:12: "{BFG} Sabre<79><STEAM_0:1:31072961><Blue>" committed suicide with "world" (attacker_position "-194 287 -479")
L 03/21/2014 - 00:38:12: World triggered "Round_Win" (winner "Red")
L 03/21/2014 - 00:38:12: World triggered "Round_Length" (seconds "195.06")
L 03/21/2014 - 00:38:12: Team "Red" current score "3" with "8" players
L 03/21/2014 - 00:38:12: Team "Blue" current score "1" with "8" players
L 03/21/2014 - 00:38:13: "(void*)FoXX<118><STEAM_0:0:2179002><Red>" killed "Herrocopter<67><STEAM_0:0:50403197><Blue>" with "force_a_nature" (attacker_position "-563 615 -479") (victim_position "-313 543 -479")
L 03/21/2014 - 00:38:27: "Tiera Foxglove<44><STEAM_0:1:42733307><Blue>" joined team "Red"
L 03/21/2014 - 00:38:27: "The Mutagen(unstable)<89><STEAM_0:0:49010827><Blue>" joined team "Red"
L 03/21/2014 - 00:38:27: "{BFG} Sabre<79><STEAM_0:1:31072961><Blue>" joined team "Red"
L 03/21/2014 - 00:38:27: "firefrorefiddle<110><STEAM_0:0:3456897><Red>" joined team "Blue"
L 03/21/2014 - 00:38:27: "Blizzard (Sean)áƒ¦<102><STEAM_0:1:47938377><Blue>" joined team "Red"
L 03/21/2014 - 00:38:27: "Persi, the Neko God<12><STEAM_0:1:30286598><Red>" joined team "Blue"
L 03/21/2014 - 00:38:27: "Herrocopter<67><STEAM_0:0:50403197><Blue>" joined team "Red"
L 03/21/2014 - 00:38:27: "JaÃ¼ri, the Laughing Goddess<124><STEAM_0:1:17091633><Red>" joined team "Blue"
L 03/21/2014 - 00:38:27: "Zingy Zigzagoon<88><STEAM_0:1:38093875><Red>" joined team "Blue"
L 03/21/2014 - 00:38:27: "Gord<112><STEAM_0:1:2327125><Blue>" joined team "Red"
L 03/21/2014 - 00:38:27: "{BFG} Nikdragon<108><STEAM_0:0:78154965><Red>" joined team "Blue"
L 03/21/2014 - 00:38:27: "{SCG} PhantomX999<114><STEAM_0:1:13432606><Blue>" joined team "Red"
L 03/21/2014 - 00:38:27: "Punch<126><STEAM_0:0:23506986><Blue>" joined team "Red"
L 03/21/2014 - 00:38:27: "Doofus_Khan {SCG}<115><STEAM_0:0:40678067><Red>" joined team "Blue"
L 03/21/2014 - 00:38:27: "(void*)FoXX<118><STEAM_0:0:2179002><Red>" joined team "Blue"
L 03/21/2014 - 00:38:27: "Red Pandopticon<119><STEAM_0:0:15629443><Red>" joined team "Blue"
L 03/21/2014 - 00:38:27: World triggered "Round_Start"
L 03/21/2014 - 00:38:30: "Tiera Foxglove<44><STEAM_0:1:42733307><Red>" say "!propmenu"
L 03/21/2014 - 00:38:31: "Gord<112><STEAM_0:1:2327125><Red>" say "!propmenu"
L 03/21/2014 - 00:38:33: "Blizzard (Sean)áƒ¦<102><STEAM_0:1:47938377><Red>" say "!propmenu"
L 03/21/2014 - 00:38:37: "2Bit Tromboner<125><STEAM_0:1:19786327><>" entered the game
L 03/21/2014 - 00:38:45: "2Bit Tromboner<125><STEAM_0:1:19786327><Unassigned>" joined team "Blue"
L 03/21/2014 - 00:38:46: "2Bit Tromboner<125><STEAM_0:1:19786327><Blue>" changed role to "pyro"
L 03/21/2014 - 00:39:15: "Herrocopter<67><STEAM_0:0:50403197><Red>" say ":D"
L 03/21/2014 - 00:39:18: World triggered "Round_Setup_End"
L 03/21/2014 - 00:39:30: "2Bit Tromboner<125><STEAM_0:1:19786327><Blue>" killed "Blizzard (Sean)áƒ¦<102><STEAM_0:1:47938377><Red>" with "axtinguisher" (attacker_position "-1751 -454 -479") (victim_position "-1751 -406 -479")
L 03/21/2014 - 00:39:37: "{BFG} Nikdragon<108><STEAM_0:0:78154965><Blue>" say "wtf!"
L 03/21/2014 - 00:39:37: "Gord<112><STEAM_0:1:2327125><Red>" say_team "lol"
L 03/21/2014 - 00:39:44: "Potato Skin<128><STEAM_0:1:15619245><>" connected, address "71.209.15.132:27005"
L 03/21/2014 - 00:39:44: "Potato Skin<128><STEAM_0:1:15619245><>" STEAM USERID validated
L 03/21/2014 - 00:39:52: "Gord<112><STEAM_0:1:2327125><Red>" say ":333"
L 03/21/2014 - 00:39:59: "2Bit Tromboner<125><STEAM_0:1:19786327><Blue>" killed "{BFG} Sabre<79><STEAM_0:1:31072961><Red>" with "axtinguisher" (attacker_position "-1454 980 -479") (victim_position "-1507 997 -368")
L 03/21/2014 - 00:40:00: "(void*)FoXX<118><STEAM_0:0:2179002><Blue>" killed "Herrocopter<67><STEAM_0:0:50403197><Red>" with "flamethrower" (attacker_position "-255 -496 -479") (victim_position "-14 -518 -479")
L 03/21/2014 - 00:40:00: "JaÃ¼ri, the Laughing Goddess<124><STEAM_0:1:17091633><Blue>" triggered "kill assist" against "Herrocopter<67><STEAM_0:0:50403197><Red>" (assister_position "202 -342 -479") (attacker_position "-255 -496 -479") (victim_position "-14 -518 -479")
L 03/21/2014 - 00:40:06: "firefrorefiddle<110><STEAM_0:0:3456897><Blue>" killed "Punch<126><STEAM_0:0:23506986><Red>" with "flamethrower" (attacker_position "-490 -1084 -479") (victim_position "-613 -880 -443")
L 03/21/2014 - 00:40:06: "(void*)FoXX<118><STEAM_0:0:2179002><Blue>" triggered "kill assist" against "Punch<126><STEAM_0:0:23506986><Red>" (assister_position "-482 -1046 -479") (attacker_position "-490 -1084 -479") (victim_position "-613 -880 -443")
L 03/21/2014 - 00:40:11: "Potato Skin<128><STEAM_0:1:15619245><>" disconnected (reason "Disconnect by user.")
L 03/21/2014 - 00:40:16: "Punch<126><STEAM_0:0:23506986><Red>" disconnected (reason "Disconnect by user.")
L 03/21/2014 - 00:40:25: "Doofus_Khan {SCG}<115><STEAM_0:0:40678067><Blue>" killed "{SCG} PhantomX999<114><STEAM_0:1:13432606><Red>" with "sledgehammer" (attacker_position "-1156 1066 -367") (victim_position "-1108 1056 -367")
L 03/21/2014 - 00:40:26: server_cvar: "sm_nextmap" "zf_asylum_b2"
L 03/21/2014 - 00:40:28: "Demomonster<127><STEAM_0:1:26362997><>" entered the game
L 03/21/2014 - 00:40:31: "Gord<112><STEAM_0:1:2327125><Red>" say "think outside the box yo"
L 03/21/2014 - 00:40:39: "2Bit Tromboner<125><STEAM_0:1:19786327><Blue>" killed "The Mutagen(unstable)<89><STEAM_0:0:49010827><Red>" with "axtinguisher" (attacker_position "-2611 -1839 -431") (victim_position "-2640 -1888 -431")
L 03/21/2014 - 00:40:40: "Demomonster<127><STEAM_0:1:26362997><Unassigned>" disconnected (reason "Demomonster timed out")
L 03/21/2014 - 00:40:43: "Gord<112><STEAM_0:1:2327125><Red>" say "ME N YOU"
L 03/21/2014 - 00:40:45: "Gord<112><STEAM_0:1:2327125><Red>" say "WE GOT THIS"
L 03/21/2014 - 00:40:54: "bsrqb<129><STEAM_0:1:48360960><>" connected, address "211.30.223.132:55086"
L 03/21/2014 - 00:40:54: "bsrqb<129><STEAM_0:1:48360960><>" STEAM USERID validated
L 03/21/2014 - 00:40:57: "Gord<112><STEAM_0:1:2327125><Red>" say "TEAM OF GORD"
L 03/21/2014 - 00:41:10: "jack.ferguson900<130><STEAM_0:1:77666168><>" connected, address "60.225.165.214:27005"
L 03/21/2014 - 00:41:10: "jack.ferguson900<130><STEAM_0:1:77666168><>" STEAM USERID validated
L 03/21/2014 - 00:41:18: "Gord<112><STEAM_0:1:2327125><Red>" say "looool"
L 03/21/2014 - 00:41:27: "Gord<112><STEAM_0:1:2327125><Red>" say "i should have been lit on fire"
L 03/21/2014 - 00:41:30: "Gord<112><STEAM_0:1:2327125><Red>" say "but hitboxes"
L 03/21/2014 - 00:41:35: "bsrqb<129><STEAM_0:1:48360960><>" disconnected (reason "Disconnect by user.")
L 03/21/2014 - 00:41:43: World triggered "Round_Win" (winner "Red")
L 03/21/2014 - 00:41:43: World triggered "Round_Length" (seconds "195.06")
L 03/21/2014 - 00:41:43: Team "Red" current score "4" with "7" players
L 03/21/2014 - 00:41:43: Team "Blue" current score "1" with "9" players
L 03/21/2014 - 00:41:44: "Ogguhpus<122><STEAM_0:1:24278359><>" entered the game
L 03/21/2014 - 00:41:52: "Ogguhpus<122><STEAM_0:1:24278359><Unassigned>" joined team "Red"
L 03/21/2014 - 00:41:53: "Tiera Foxglove<44><STEAM_0:1:42733307><Red>" killed "Red Pandopticon<119><STEAM_0:0:15629443><Blue>" with "goomba" (attacker_position "-1078 -823 -397") (victim_position "-1102 -811 -479")
L 03/21/2014 - 00:41:54: "Ogguhpus<122><STEAM_0:1:24278359><Red>" changed role to "scout"
L 03/21/2014 - 00:41:58: "Tiera Foxglove<44><STEAM_0:1:42733307><Red>" joined team "Blue"
L 03/21/2014 - 00:41:58: "The Mutagen(unstable)<89><STEAM_0:0:49010827><Red>" joined team "Blue"
L 03/21/2014 - 00:41:58: "Ogguhpus<122><STEAM_0:1:24278359><Red>" joined team "Blue"
L 03/21/2014 - 00:41:58: "{BFG} Sabre<79><STEAM_0:1:31072961><Red>" joined team "Blue"
L 03/21/2014 - 00:41:58: "firefrorefiddle<110><STEAM_0:0:3456897><Blue>" joined team "Red"
L 03/21/2014 - 00:41:58: "Blizzard (Sean)áƒ¦<102><STEAM_0:1:47938377><Red>" joined team "Blue"
L 03/21/2014 - 00:41:58: "Persi, the Neko God<12><STEAM_0:1:30286598><Blue>" joined team "Red"
L 03/21/2014 - 00:41:58: "Herrocopter<67><STEAM_0:0:50403197><Red>" joined team "Blue"
L 03/21/2014 - 00:41:58: "JaÃ¼ri, the Laughing Goddess<124><STEAM_0:1:17091633><Blue>" joined team "Red"
L 03/21/2014 - 00:41:58: "Zingy Zigzagoon<88><STEAM_0:1:38093875><Blue>" joined team "Red"
L 03/21/2014 - 00:41:58: "Gord<112><STEAM_0:1:2327125><Red>" joined team "Blue"
L 03/21/2014 - 00:41:58: "{BFG} Nikdragon<108><STEAM_0:0:78154965><Blue>" joined team "Red"
L 03/21/2014 - 00:41:58: "2Bit Tromboner<125><STEAM_0:1:19786327><Blue>" joined team "Red"
L 03/21/2014 - 00:41:58: "{SCG} PhantomX999<114><STEAM_0:1:13432606><Red>" joined team "Blue"
L 03/21/2014 - 00:41:58: "Doofus_Khan {SCG}<115><STEAM_0:0:40678067><Blue>" joined team "Red"
L 03/21/2014 - 00:41:58: "(void*)FoXX<118><STEAM_0:0:2179002><Blue>" joined team "Red"
L 03/21/2014 - 00:41:58: "Red Pandopticon<119><STEAM_0:0:15629443><Blue>" joined team "Red"
L 03/21/2014 - 00:41:58: World triggered "Round_Start"
L 03/21/2014 - 00:42:01: "Herrocopter<67><STEAM_0:0:50403197><Blue>" changed role to "sniper"
L 03/21/2014 - 00:42:02: "(void*)FoXX<118><STEAM_0:0:2179002><Red>" say_team "!propmenu"
L 03/21/2014 - 00:42:04: "{BFG} Nikdragon<108><STEAM_0:0:78154965><Red>" say "propmenu"
L 03/21/2014 - 00:42:09: "{BFG} Nikdragon<108><STEAM_0:0:78154965><Red>" say "!propmenu"
L 03/21/2014 - 00:42:15: "firefrorefiddle<110><STEAM_0:0:3456897><Red>" say "!propmenu"
L 03/21/2014 - 00:42:28: "The Mutagen(unstable)<89><STEAM_0:0:49010827><Blue>" say "sandvich acquired"
L 03/21/2014 - 00:42:29: "The Mutagen(unstable)<89><STEAM_0:0:49010827><Blue>" say "ï¼ˆã€ƒãƒ»Ï‰ãƒ»ã€ƒï¼‰ Happy Days!"
L 03/21/2014 - 00:42:37: "firefrorefiddle<110><STEAM_0:0:3456897><Red>" say "!propmenu"
L 03/21/2014 - 00:42:38: "JaÃ¼ri, the Laughing Goddess<124><STEAM_0:1:17091633><Red>" say "!propmenu"
L 03/21/2014 - 00:42:45: "jack.ferguson900<130><STEAM_0:1:77666168><>" disconnected (reason "Disconnect by user.")
L 03/21/2014 - 00:42:48: World triggered "Round_Setup_End"
L 03/21/2014 - 00:42:56: "Herrocopter<67><STEAM_0:0:50403197><Blue>" triggered "jarate_attack" against "firefrorefiddle<110><STEAM_0:0:3456897><Red>" with "tf_weapon_jar" (attacker_position "-2228 1329 -471") (victim_position "-2184 1592 -471")
L 03/21/2014 - 00:42:56: "The Mutagen(unstable)<89><STEAM_0:0:49010827><Blue>" killed "{BFG} Nikdragon<108><STEAM_0:0:78154965><Red>" with "flaregun" (attacker_position "-1708 501 -479") (victim_position "-1542 -594 -479")
L 03/21/2014 - 00:42:56: "Gord<112><STEAM_0:1:2327125><Blue>" triggered "kill assist" against "{BFG} Nikdragon<108><STEAM_0:0:78154965><Red>" (assister_position "-2208 891 -479") (attacker_position "-1708 501 -479") (victim_position "-1542 -594 -479")
L 03/21/2014 - 00:43:01: "{SCG} PhantomX999<114><STEAM_0:1:13432606><Blue>" killed "firefrorefiddle<110><STEAM_0:0:3456897><Red>" with "degreaser" (attacker_position "-1447 795 -479") (victim_position "-1160 811 -353")
L 03/21/2014 - 00:43:01: "Herrocopter<67><STEAM_0:0:50403197><Blue>" triggered "kill assist" against "firefrorefiddle<110><STEAM_0:0:3456897><Red>" (assister_position "-1804 1309 -479") (attacker_position "-1447 795 -479") (victim_position "-1160 811 -353")
L 03/21/2014 - 00:43:14: "firefrorefiddle<110><STEAM_0:0:3456897><Red>" disconnected (reason "Disconnect by user.")
L 03/21/2014 - 00:43:19: "{BFG} Sabre<79><STEAM_0:1:31072961><Blue>" killed "Zingy Zigzagoon<88><STEAM_0:1:38093875><Red>" with "axtinguisher" (attacker_position "50 817 -284") (victim_position "-4 806 -210")
L 03/21/2014 - 00:43:23: "{BFG} Sabre<79><STEAM_0:1:31072961><Blue>" say "Zingy"
L 03/21/2014 - 00:43:28: "{BFG} Sabre<79><STEAM_0:1:31072961><Blue>" say "left click proplocks"
L 03/21/2014 - 00:43:43: "Zingy Zigzagoon<88><STEAM_0:1:38093875><Red>" say "kool :V"
L 03/21/2014 - 00:43:49: "{BFG} Sabre<79><STEAM_0:1:31072961><Blue>" killed "Doofus_Khan {SCG}<115><STEAM_0:0:40678067><Red>" with "axtinguisher" (attacker_position "-1909 1675 -471") (victim_position "-1970 1689 -471")
L 03/21/2014 - 00:43:57: "Red Pandopticon<119><STEAM_0:0:15629443><Red>" say "zingy"
L 03/21/2014 - 00:44:00: "Red Pandopticon<119><STEAM_0:0:15629443><Red>" say "use the boost to get through"
L 03/21/2014 - 00:45:07: "Gord<112><STEAM_0:1:2327125><Blue>" killed "Red Pandopticon<119><STEAM_0:0:15629443><Red>" with "flamethrower" (attacker_position "-2054 623 -479") (victim_position "-1829 554 -341")
L 03/21/2014 - 00:45:09: "Tiera Foxglove<44><STEAM_0:1:42733307><Blue>" killed "Persi, the Neko God<12><STEAM_0:1:30286598><Red>" with "rainblower" (attacker_position "-65 -153 -479") (victim_position "-89 -55 -402")
L 03/21/2014 - 00:45:11: "The Mutagen(unstable)<89><STEAM_0:0:49010827><Blue>" committed suicide with "world" (attacker_position "-1093 348 922")
L 03/21/2014 - 00:45:13: World triggered "Round_Win" (winner "Red")
L 03/21/2014 - 00:45:13: World triggered "Round_Length" (seconds "195.06")
L 03/21/2014 - 00:45:13: Team "Red" current score "5" with "8" players
L 03/21/2014 - 00:45:13: Team "Blue" current score "1" with "8" players
L 03/21/2014 - 00:45:19: "(void*)FoXX<118><STEAM_0:0:2179002><Red>" killed "{BFG} Sabre<79><STEAM_0:1:31072961><Blue>" with "goomba" (attacker_position "-1729 729 -397") (victim_position "-1701 761 -479")
L 03/21/2014 - 00:45:23: "negasora | tipofthehats.org<131><STEAM_0:1:37222210><>" connected, address "72.183.53.238:27005"
L 03/21/2014 - 00:45:23: "negasora | tipofthehats.org<131><STEAM_0:1:37222210><>" STEAM USERID validated
L 03/21/2014 - 00:45:27: "(void*)FoXX<118><STEAM_0:0:2179002><Red>" killed "Gord<112><STEAM_0:1:2327125><Blue>" with "goomba" (attacker_position "-1707 620 -397") (victim_position "-1683 613 -479")
L 03/21/2014 - 00:45:28: "Tiera Foxglove<44><STEAM_0:1:42733307><Blue>" joined team "Red"
L 03/21/2014 - 00:45:28: "The Mutagen(unstable)<89><STEAM_0:0:49010827><Blue>" joined team "Red"
L 03/21/2014 - 00:45:28: "Ogguhpus<122><STEAM_0:1:24278359><Blue>" joined team "Red"
L 03/21/2014 - 00:45:28: "{BFG} Sabre<79><STEAM_0:1:31072961><Blue>" joined team "Red"
L 03/21/2014 - 00:45:28: "Blizzard (Sean)áƒ¦<102><STEAM_0:1:47938377><Blue>" joined team "Red"
L 03/21/2014 - 00:45:28: "Persi, the Neko God<12><STEAM_0:1:30286598><Red>" joined team "Blue"
L 03/21/2014 - 00:45:28: "Herrocopter<67><STEAM_0:0:50403197><Blue>" joined team "Red"
L 03/21/2014 - 00:45:28: "JaÃ¼ri, the Laughing Goddess<124><STEAM_0:1:17091633><Red>" joined team "Blue"
L 03/21/2014 - 00:45:28: "Zingy Zigzagoon<88><STEAM_0:1:38093875><Red>" joined team "Blue"
L 03/21/2014 - 00:45:28: "Gord<112><STEAM_0:1:2327125><Blue>" joined team "Red"
L 03/21/2014 - 00:45:28: "{BFG} Nikdragon<108><STEAM_0:0:78154965><Red>" joined team "Blue"
L 03/21/2014 - 00:45:28: "2Bit Tromboner<125><STEAM_0:1:19786327><Red>" joined team "Blue"
L 03/21/2014 - 00:45:28: "{SCG} PhantomX999<114><STEAM_0:1:13432606><Blue>" joined team "Red"
L 03/21/2014 - 00:45:28: "Doofus_Khan {SCG}<115><STEAM_0:0:40678067><Red>" joined team "Blue"
L 03/21/2014 - 00:45:28: "(void*)FoXX<118><STEAM_0:0:2179002><Red>" joined team "Blue"
L 03/21/2014 - 00:45:28: "Red Pandopticon<119><STEAM_0:0:15629443><Red>" joined team "Blue"
L 03/21/2014 - 00:45:28: World triggered "Game_Over" reason "Reached Time Limit"
L 03/21/2014 - 00:45:28: Team "Red" final score "5" with "8" players
L 03/21/2014 - 00:45:28: Team "Blue" final score "1" with "8" players
L 03/21/2014 - 00:45:30: "2Bit Tromboner<125><STEAM_0:1:19786327><Blue>" committed suicide with "world" (attacker_position "-1560 746 -479")
L 03/21/2014 - 00:45:38: server_cvar: "sv_gravity" "800"
L 03/21/2014 - 00:45:38: server_cvar: "tf_arena_override_cap_enable_time" "-1"
L 03/21/2014 - 00:45:38: [META] Loaded 1 plugin (3 already loaded)
L 03/21/2014 - 00:45:38: [META] Loaded 0 plugins (4 already loaded)
L 03/21/2014 - 00:45:38: Loading map "zf_asylum_b2"
L 03/21/2014 - 00:45:38: server cvars start
L 03/21/2014 - 00:45:38: "stripper_version" = "1.2.2"
L 03/21/2014 - 00:45:38: "thirdperson_version" = "2.1.0"
L 03/21/2014 - 00:45:38: "sm_zf_version" = "4.3.0.0"
L 03/21/2014 - 00:45:38: "tf2items_rnd_normals" = "0"
L 03/21/2014 - 00:45:38: "tf2items_rnd_enabled" = "0"
L 03/21/2014 - 00:45:38: "tf2items_rnd_version" = "1.591"
L 03/21/2014 - 00:45:38: "prophunt_redux_version" = "3.0.2"
L 03/21/2014 - 00:45:38: "sm_uberspawn" = "1.0"
L 03/21/2014 - 00:45:38: "ufov_version" = "1.2.0"
L 03/21/2014 - 00:45:38: "scp_version" = "1.1.5"
L 03/21/2014 - 00:45:38: "rainbowize_version" = "1.6.2"
L 03/21/2014 - 00:45:38: "improved_map_randomizer_version" = "3.4.5"
L 03/21/2014 - 00:45:38: "sm_executeconfigs_version" = "1.2.2"
L 03/21/2014 - 00:45:38: "sm_mapcron_version" = "1.2 RC"
L 03/21/2014 - 00:45:38: "sm_buildrestrict_version" = "0.5.5"
L 03/21/2014 - 00:45:38: "sm_namechangeinfo_version" = "13.0918.1"
L 03/21/2014 - 00:45:38: "sm_tf2ii_version" = "1.8.17.4-20130729"
L 03/21/2014 - 00:45:38: "nativevotes_version" = "0.8.1"
L 03/21/2014 - 00:45:38: "sm_commandcooldowns_version" = "14.0222.0"
L 03/21/2014 - 00:45:38: "sm_tnounlockspls_version" = "0.4.8"
L 03/21/2014 - 00:45:38: "sm_srvcln_version" = "1.2.2"
L 03/21/2014 - 00:45:38: "swapteam_version" = "1.2.5"
L 03/21/2014 - 00:45:38: "scme_version" = "1.0.0"
L 03/21/2014 - 00:45:38: "sm_tnounlockspls_noext_version" = "0.4.0"
L 03/21/2014 - 00:45:38: "sm_fakeandforce_version" = "2.0"
L 03/21/2014 - 00:45:38: "sourcecomms_version" = "0.8.253"
L 03/21/2014 - 00:45:38: "nativevotes_basevotes_version" = "1.5.2"
L 03/21/2014 - 00:45:38: "sb_version" = "1.4.8"
L 03/21/2014 - 00:45:38: "basicdonator_recog_v" = "0.5"
L 03/21/2014 - 00:45:38: "fw_money_balance" = "1000"
L 03/21/2014 - 00:45:38: "fw_money_destroy_sentry" = "75"
L 03/21/2014 - 00:45:38: "fw_money_destroy_dispenser" = "75"
L 03/21/2014 - 00:45:38: "fw_money_backstab" = "50"
L 03/21/2014 - 00:45:38: "fw_money_headshot" = "50"
L 03/21/2014 - 00:45:38: "fw_money_domination" = "300"
L 03/21/2014 - 00:45:38: "fw_money_kill" = "100"
L 03/21/2014 - 00:45:38: "fw_money_win" = "1000"
L 03/21/2014 - 00:45:38: "fw_money_start" = "1000"
L 03/21/2014 - 00:45:38: "fw_unlock_menu_style" = "1"
L 03/21/2014 - 00:45:38: "fw_lulz" = "0"
L 03/21/2014 - 00:45:38: "fw_no_limit_time" = "60"
L 03/21/2014 - 00:45:38: "fw_setup_time" = "-1"
L 03/21/2014 - 00:45:38: "fw_prop_shadows" = "1"
L 03/21/2014 - 00:45:38: "fw_prop_health_multipler" = "1"
L 03/21/2014 - 00:45:38: "fw_stuck_protection" = "1"
L 03/21/2014 - 00:45:38: "fw_custom_spawn" = "0"
L 03/21/2014 - 00:45:38: "fw_spawn_protection" = "2.5"
L 03/21/2014 - 00:45:38: "fw_props_per_player_admin" = "70"
L 03/21/2014 - 00:45:38: "fw_props_per_player" = "70"
L 03/21/2014 - 00:45:38: "fw_props_per_team" = "250"
L 03/21/2014 - 00:45:38: "fw_maps" = "1"
L 03/21/2014 - 00:45:38: "fw_sql" = "1"
L 03/21/2014 - 00:45:38: "fw_version" = "6.52"
L 03/21/2014 - 00:45:38: "sm_testingtime_version" = "1.2"
L 03/21/2014 - 00:45:38: "stockmodels_version" = "1.0"
L 03/21/2014 - 00:45:38: "tf_models_list" = "tf2_modellist"
L 03/21/2014 - 00:45:38: "tf_models_blocktriggers" = "1"
L 03/21/2014 - 00:45:38: "tf_models_delayonspawn" = "0.1"
L 03/21/2014 - 00:45:38: "tf_models_force_admins" = "0"
L 03/21/2014 - 00:45:38: "tf_models_force_users" = "0"
L 03/21/2014 - 00:45:38: "tf_models_announce_plugin" = "1"
L 03/21/2014 - 00:45:38: "tf_models_announce" = "1"
L 03/21/2014 - 00:45:38: "tf_models_admin_override" = "0"
L 03/21/2014 - 00:45:38: "tf_models_admin_flags" = "b"
L 03/21/2014 - 00:45:38: "tf_models_version" = "1.0.3"
L 03/21/2014 - 00:45:38: "adsql_serverid" = "tf2rainbow"
L 03/21/2014 - 00:45:38: "adsql_version" = "2.4.0"
L 03/21/2014 - 00:45:38: "sm_redirect_version" = "1.2"
L 03/21/2014 - 00:45:38: "sm_snake_version" = "1.0"
L 03/21/2014 - 00:45:38: "webshortcutsredux_version" = "1.1"
L 03/21/2014 - 00:45:38: "sm_speechfun_version" = "1.0.2"
L 03/21/2014 - 00:45:38: "sm_hatremoval_version" = "1.1a"
L 03/21/2014 - 00:45:38: "sm_helpmenu_version" = "0.3"
L 03/21/2014 - 00:45:38: "sm_tnounlockspls_announce_version" = "0.4.0"
L 03/21/2014 - 00:45:38: "dts_version" = "1.1"
L 03/21/2014 - 00:45:38: "sm_cannounce_version" = "1.2"
L 03/21/2014 - 00:45:38: "fcg_version" = "1.1"
L 03/21/2014 - 00:45:38: "tf2attributes_version" = "1.1.1"
L 03/21/2014 - 00:45:38: "sm_resize_version" = "1.4.0"
L 03/21/2014 - 00:45:38: "sm_evilrocket_version" = "1.0.110"
L 03/21/2014 - 00:45:38: "sentryfun_version" = "1.3"
L 03/21/2014 - 00:45:38: "sentryfun_enabled" = "1"
L 03/21/2014 - 00:45:38: "sm_tf_maxclass" = "99999"
L 03/21/2014 - 00:45:38: "sm_textreplacer_version" = "0.2"
L 03/21/2014 - 00:45:38: "sm_gscramble_version" = "3.0.13"
L 03/21/2014 - 00:45:38: "gs_enabled" = "1"
L 03/21/2014 - 00:45:38: "sm_rtrigs" = "0"
L 03/21/2014 - 00:45:38: "sm_rtrigs_version" = "1.10"
L 03/21/2014 - 00:45:38: "tf2_decap_ver" = "1.0"
L 03/21/2014 - 00:45:38: "highfiveenemy_version" = "1.0"
L 03/21/2014 - 00:45:38: "sm_tnounlockspls_tf2items_version" = "0.4.0"
L 03/21/2014 - 00:45:38: "tfh_valentines" = "0"
L 03/21/2014 - 00:45:38: "tfh_meetthepyro" = "0"
L 03/21/2014 - 00:45:38: "tfh_winter" = "1"
L 03/21/2014 - 00:45:38: "tfh_birthday" = "0"
L 03/21/2014 - 00:45:38: "tfh_fullmoon" = "1"
L 03/21/2014 - 00:45:38: "tfh_halloween" = "-1"
L 03/21/2014 - 00:45:38: "tfh_use_overrides" = "1"
L 03/21/2014 - 00:45:38: "tfh_enabled" = "1"
L 03/21/2014 - 00:45:38: "tfh_version" = "1.8.1"
L 03/21/2014 - 00:45:38: "sm_customvotes_version" = "1.0"
L 03/21/2014 - 00:45:38: "sm_rtd_version" = "0.4.3.2"
L 03/21/2014 - 00:45:38: "sm_tnounlockspls_menu_version" = "0.4.0"
L 03/21/2014 - 00:45:38: "lights_version" = "0.6"
L 03/21/2014 - 00:45:38: "sm_downloader_version" = "1.4"
L 03/21/2014 - 00:45:38: "sm_spec_players" = "1"
L 03/21/2014 - 00:45:38: "sm_funcommandsx_version" = "2.3"
L 03/21/2014 - 00:45:38: "sm_adminlistmenu_version" = "1.0"
L 03/21/2014 - 00:45:38: "tf2items_manager" = "1"
L 03/21/2014 - 00:45:38: "tf2items_manager_version" = "1.4.1"
L 03/21/2014 - 00:45:38: "sm_respawn_override_version" = "1.0.1-20131019"
L 03/21/2014 - 00:45:38: "sm_setspeed_log" = "1"
L 03/21/2014 - 00:45:38: "sm_setspeed_chat" = "1"
L 03/21/2014 - 00:45:38: "sm_setspeed_version" = "1.3.1"
L 03/21/2014 - 00:45:38: "sm_spray_version" = "5.8a"
L 03/21/2014 - 00:45:38: "goomba_version" = "2.0.2"
L 03/21/2014 - 00:45:38: "sm_adminsmite_version" = "2.1"
L 03/21/2014 - 00:45:38: "mc_version" = "1.1.1"
L 03/21/2014 - 00:45:38: "sm_setplayerclass_version" = "1.0.1"
L 03/21/2014 - 00:45:38: "sm_tetris_version" = "1.0"
L 03/21/2014 - 00:45:38: "sm_hdmgtracker_version" = "1.2.2"
L 03/21/2014 - 00:45:38: "cid_mintime" = "10.0"
L 03/21/2014 - 00:45:38: "cid_maxdist" = "10000.0"
L 03/21/2014 - 00:45:38: "cid_enabled" = "1"
L 03/21/2014 - 00:45:38: "cid_version" = "1.1"
L 03/21/2014 - 00:45:38: "basicdonator_version" = "0.8"
L 03/21/2014 - 00:45:38: "sm_afkm_version" = "3.5.2"
L 03/21/2014 - 00:45:38: "sgadmins_version" = "1.2.0"
L 03/21/2014 - 00:45:38: "melee_version" = "0.4.1"
L 03/21/2014 - 00:45:38: "sm_pregame_slaughter_version" = "1.0.5.1"
L 03/21/2014 - 00:45:38: "fc_version" = "2.0"
L 03/21/2014 - 00:45:38: "jinglenotify_version" = "1.0.0"
L 03/21/2014 - 00:45:38: "sm_tf_captoggle" = "0.0.3"
L 03/21/2014 - 00:45:38: "sm_ignorelist_version" = "0x02"
L 03/21/2014 - 00:45:38: "tf2items_giveweapon_version" = "3.14159"
L 03/21/2014 - 00:45:38: "sm_bsd_version" = "2.0.0"
L 03/21/2014 - 00:45:38: "sm_rweapons_version" = "1.3"
L 03/21/2014 - 00:45:38: "sm_commanddump_version" = "1.1.0"
L 03/21/2014 - 00:45:38: "store_version" = "1.1-alpha"
L 03/21/2014 - 00:45:38: "sm_allchat_version" = "1.1.1"
L 03/21/2014 - 00:45:38: "sm_classrestrict_version" = "0.6"
L 03/21/2014 - 00:45:38: "sm_playersvotes_redux_version" = "1.3"
L 03/21/2014 - 00:45:38: "steamtools_version" = "0.8.3"
L 03/21/2014 - 00:45:38: "tf2items_version" = "1.6.0"
L 03/21/2014 - 00:45:38: "sm_nextmap" = "zf_asylum_b2"
L 03/21/2014 - 00:45:38: "sourcemod_version" = "1.5.3-dev+4004"
L 03/21/2014 - 00:45:38: "metamod_version" = "1.10.1-devV"
L 03/21/2014 - 00:45:38: "tf_playergib" = "1"
L 03/21/2014 - 00:45:38: "tf_allow_player_use" = "0"
L 03/21/2014 - 00:45:38: "tf_mvm_death_penalty" = "0"
L 03/21/2014 - 00:45:38: "sv_maxusrcmdprocessticks" = "24"
L 03/21/2014 - 00:45:38: "mp_teamplay" = "0"
L 03/21/2014 - 00:45:38: "mp_falldamage" = "0"
L 03/21/2014 - 00:45:38: "mp_weaponstay" = "0"
L 03/21/2014 - 00:45:38: "mp_forcerespawn" = "1"
L 03/21/2014 - 00:45:38: "mp_footsteps" = "1"
L 03/21/2014 - 00:45:38: "mp_flashlight" = "1"
L 03/21/2014 - 00:45:38: "mp_autocrosshair" = "1"
L 03/21/2014 - 00:45:38: "decalfrequency" = "10"
L 03/21/2014 - 00:45:38: "mp_teamlist" = "hgrunt;scientist"
L 03/21/2014 - 00:45:38: "mp_allowNPCs" = "1"
L 03/21/2014 - 00:45:38: "sv_alltalk" = "1"
L 03/21/2014 - 00:45:38: "tf_weapon_criticals" = "1"
L 03/21/2014 - 00:45:38: "tf_damage_disablespread" = "1"
L 03/21/2014 - 00:45:38: "tf_player_name_change_time" = "60"
L 03/21/2014 - 00:45:38: "tf_force_holidays_off" = "0"
L 03/21/2014 - 00:45:38: "tf_birthday" = "0"
L 03/21/2014 - 00:45:38: "mp_windifference" = "0"
L 03/21/2014 - 00:45:38: "mp_windifference_min" = "0"
L 03/21/2014 - 00:45:38: "tf_medieval" = "0"
L 03/21/2014 - 00:45:38: "tf_medieval_autorp" = "1"
L 03/21/2014 - 00:45:38: "tf_arena_force_class" = "0"
L 03/21/2014 - 00:45:38: "tf_arena_change_limit" = "1"
L 03/21/2014 - 00:45:38: "tf_arena_override_cap_enable_time" = "-1"
L 03/21/2014 - 00:45:38: "tf_arena_first_blood" = "1"
L 03/21/2014 - 00:45:38: "tf_mvm_min_players_to_start" = "3"
L 03/21/2014 - 00:45:38: "tf_gamemode_arena" = "1"
L 03/21/2014 - 00:45:38: "tf_gamemode_cp" = "0"
L 03/21/2014 - 00:45:38: "tf_gamemode_ctf" = "0"
L 03/21/2014 - 00:45:38: "tf_gamemode_sd" = "0"
L 03/21/2014 - 00:45:38: "tf_gamemode_payload" = "0"
L 03/21/2014 - 00:45:38: "tf_gamemode_mvm" = "0"
L 03/21/2014 - 00:45:38: "tf_bot_count" = "0"
L 03/21/2014 - 00:45:38: "tf_teamtalk" = "0"
L 03/21/2014 - 00:45:38: "tf_ctf_bonus_time" = "10"
L 03/21/2014 - 00:45:38: "tf_maxspeed" = "400"
L 03/21/2014 - 00:45:38: "tf_max_charge_speed" = "750"
L 03/21/2014 - 00:45:38: "tf_use_fixed_weaponspreads" = "0"
L 03/21/2014 - 00:45:38: "tf_overtime_nag" = "0"
L 03/21/2014 - 00:45:38: "mp_tournament" = "0"
L 03/21/2014 - 00:45:38: "mp_highlander" = "0"
L 03/21/2014 - 00:45:38: "mp_maxrounds" = "0"
L 03/21/2014 - 00:45:38: "mp_winlimit" = "0"
L 03/21/2014 - 00:45:38: "mp_disable_respawn_times" = "0"
L 03/21/2014 - 00:45:38: "mp_stalemate_meleeonly" = "0"
L 03/21/2014 - 00:45:38: "mp_forceautoteam" = "0"
L 03/21/2014 - 00:45:38: "mp_autoteambalance" = "1"
L 03/21/2014 - 00:45:38: "mp_stalemate_enable" = "1"
L 03/21/2014 - 00:45:38: "mp_match_end_at_timelimit" = "0"
L 03/21/2014 - 00:45:38: "mp_holiday_nogifts" = "0"
L 03/21/2014 - 00:45:38: "mp_scrambleteams_auto" = "0"
L 03/21/2014 - 00:45:38: "mp_scrambleteams_auto_windifference" = "2"
L 03/21/2014 - 00:45:38: "mp_timelimit" = "18"
L 03/21/2014 - 00:45:38: "mp_fraglimit" = "0"
L 03/21/2014 - 00:45:38: "nextlevel" = ""
L 03/21/2014 - 00:45:38: "sv_gravity" = "800"
L 03/21/2014 - 00:45:38: "sv_stopspeed" = "100"
L 03/21/2014 - 00:45:38: "sv_noclipaccelerate" = "5"
L 03/21/2014 - 00:45:38: "sv_noclipspeed" = "5"
L 03/21/2014 - 00:45:38: "sv_specaccelerate" = "5"
L 03/21/2014 - 00:45:38: "sv_specspeed" = "3"
L 03/21/2014 - 00:45:38: "sv_specnoclip" = "1"
L 03/21/2014 - 00:45:38: "sv_maxspeed" = "320"
L 03/21/2014 - 00:45:38: "sv_accelerate" = "10"
L 03/21/2014 - 00:45:38: "sv_airaccelerate" = "10"
L 03/21/2014 - 00:45:38: "sv_wateraccelerate" = "10"
L 03/21/2014 - 00:45:38: "sv_waterfriction" = "1"
L 03/21/2014 - 00:45:38: "sv_footsteps" = "1"
L 03/21/2014 - 00:45:38: "sv_rollspeed" = "200"
L 03/21/2014 - 00:45:38: "sv_rollangle" = "0"
L 03/21/2014 - 00:45:38: "sv_friction" = "4"
L 03/21/2014 - 00:45:38: "sv_bounce" = "0"
L 03/21/2014 - 00:45:38: "sv_stepsize" = "18"
L 03/21/2014 - 00:45:38: "r_VehicleViewDampen" = "1"
L 03/21/2014 - 00:45:38: "r_JeepViewDampenFreq" = "7.0"
L 03/21/2014 - 00:45:38: "r_JeepViewDampenDamp" = "1.0"
L 03/21/2014 - 00:45:38: "r_JeepViewZHeight" = "10.0"
L 03/21/2014 - 00:45:38: "r_AirboatViewDampenFreq" = "7.0"
L 03/21/2014 - 00:45:38: "r_AirboatViewDampenDamp" = "1.0"
L 03/21/2014 - 00:45:38: "r_AirboatViewZHeight" = "0.0"
L 03/21/2014 - 00:45:38: "mp_fadetoblack" = "0"
L 03/21/2014 - 00:45:38: "tf_mm_servermode" = "0"
L 03/21/2014 - 00:45:38: "tf_mm_strict" = "0"
L 03/21/2014 - 00:45:38: "tf_mm_trusted" = "0"
L 03/21/2014 - 00:45:38: "tf_server_identity_disable_quickplay" = "0"
L 03/21/2014 - 00:45:38: "sv_registration_successful" = "1"
L 03/21/2014 - 00:45:38: "sv_registration_message" = ""
L 03/21/2014 - 00:45:38: "sv_steamgroup" = ""
L 03/21/2014 - 00:45:38: "sv_cheats" = "0"
L 03/21/2014 - 00:45:38: "sv_pausable" = "0"
L 03/21/2014 - 00:45:38: "sv_contact" = "theoneandonly@rowedahelicon.com"
L 03/21/2014 - 00:45:38: "sv_voiceenable" = "1"
L 03/21/2014 - 00:45:38: "tv_enable" = "0"
L 03/21/2014 - 00:45:38: "deathmatch" = "1"
L 03/21/2014 - 00:45:38: "coop" = "0"
L 03/21/2014 - 00:45:38: "tv_password" = ""
L 03/21/2014 - 00:45:38: "tv_relaypassword" = ""
L 03/21/2014 - 00:45:38: "sv_password" = ""
L 03/21/2014 - 00:45:38: server cvars end
L 03/21/2014 - 00:45:41: Started map "zf_asylum_b2" (CRC "ac69b09a3396638e3d3d86236f9d2988")
L 03/21/2014 - 00:45:41: Executing dedicated server config file server.cfg
L 03/21/2014 - 00:45:47: server_cvar: "tf_gamemode_arena" "0"
L 03/21/2014 - 00:45:47: WARNING: ClientActive, but we don't know his SteamID?
L 03/21/2014 - 00:45:47: "Replay 2: The Replayening<2><BOT><>" entered the game
L 03/21/2014 - 00:45:47: "Replay 2: The Replayening<2><BOT><Unassigned>" joined team "Spectator"
L 03/21/2014 - 00:45:48: server_cvar: "tf_models_list" "TF2_ItemList"
L 03/21/2014 - 00:45:48: server_cvar: "mp_timelimit" "30"
L 03/21/2014 - 00:45:48: server_cvar: "sm_rtrigs" "1"
L 03/21/2014 - 00:45:48: server_cvar: "tf_models_list" "tf2_modellist"
L 03/21/2014 - 00:45:48: "Gord<112><STEAM_0:1:2327125><>" disconnected (reason "Disconnect by user.")
L 03/21/2014 - 00:45:48: STEAMAUTH: Client Tiera Foxglove received failure code 6
L 03/21/2014 - 00:45:48: "Tiera Foxglove<44><STEAM_0:1:42733307><>" disconnected (reason "Client left game (Steam auth ticket has been canceled)
")
L 03/21/2014 - 00:45:48: STEAMAUTH: Client Ogguhpus received failure code 6
L 03/21/2014 - 00:45:48: "Ogguhpus<122><STEAM_0:1:24278359><>" disconnected (reason "Client left game (Steam auth ticket has been canceled)
")
L 03/21/2014 - 00:45:48: server_cvar: "mp_timelimit" "27"
L 03/21/2014 - 00:45:48: server_cvar: "sm_rtrigs" "0"
L 03/21/2014 - 00:45:48: server_cvar: "mp_autoteambalance" "0"
L 03/21/2014 - 00:45:48: server_cvar: "sm_nextmap" "ctf_aerospace_b3"
L 03/21/2014 - 00:45:55: "2Bit Tromboner<125><STEAM_0:1:19786327><>" disconnected (reason "Disconnect by user.")
L 03/21/2014 - 00:46:02: "Persi, the Neko God<12><STEAM_0:1:30286598><>" entered the game
L 03/21/2014 - 00:46:02: "Herrocopter<67><STEAM_0:0:50403197><>" entered the game
L 03/21/2014 - 00:46:02: "Gord<132><STEAM_0:1:2327125><>" connected, address "72.35.129.251:27005"
L 03/21/2014 - 00:46:03: "Gord<132><STEAM_0:1:2327125><>" STEAM USERID validated
L 03/21/2014 - 00:46:03: "Doofus_Khan {SCG}<115><STEAM_0:0:40678067><>" entered the game
L 03/21/2014 - 00:46:04: "Zingy Zigzagoon<88><STEAM_0:1:38093875><>" entered the game
L 03/21/2014 - 00:46:05: server_cvar: "mp_disable_respawn_times" "1"
L 03/21/2014 - 00:46:06: "{SCG} PhantomX999<114><STEAM_0:1:13432606><>" entered the game
L 03/21/2014 - 00:46:07: "JaÃ¼ri, the Laughing Goddess<124><STEAM_0:1:17091633><>" entered the game
L 03/21/2014 - 00:46:07: "(void*)FoXX<118><STEAM_0:0:2179002><>" entered the game
L 03/21/2014 - 00:46:07: "Persi, the Neko God<12><STEAM_0:1:30286598><Unassigned>" joined team "Red"
L 03/21/2014 - 00:46:08: "Zingy Zigzagoon<88><STEAM_0:1:38093875><Unassigned>" joined team "Blue"
L 03/21/2014 - 00:46:09: "Blizzard (Sean)áƒ¦<102><STEAM_0:1:47938377><>" entered the game
L 03/21/2014 - 00:46:10: "The Mutagen(unstable)<89><STEAM_0:0:49010827><>" entered the game
L 03/21/2014 - 00:46:10: "Zingy Zigzagoon<88><STEAM_0:1:38093875><Blue>" changed role to "spy"
L 03/21/2014 - 00:46:10: "Doofus_Khan {SCG}<115><STEAM_0:0:40678067><Unassigned>" joined team "Red"
L 03/21/2014 - 00:46:11: "Herrocopter<67><STEAM_0:0:50403197><Unassigned>" joined team "Blue"
L 03/21/2014 - 00:46:11: "Persi, the Neko God<12><STEAM_0:1:30286598><Red>" changed role to "pyro"
L 03/21/2014 - 00:46:11: "Red Pandopticon<119><STEAM_0:0:15629443><>" entered the game
L 03/21/2014 - 00:46:12: "(void*)FoXX<118><STEAM_0:0:2179002><Unassigned>" joined team "Red"
L 03/21/2014 - 00:46:13: "JaÃ¼ri, the Laughing Goddess<124><STEAM_0:1:17091633><Unassigned>" joined team "Blue"
L 03/21/2014 - 00:46:13: "Herrocopter<67><STEAM_0:0:50403197><Blue>" changed role to "scout"
L 03/21/2014 - 00:46:13: "(void*)FoXX<118><STEAM_0:0:2179002><Red>" changed role to "pyro"
L 03/21/2014 - 00:46:13: "Gord<132><STEAM_0:1:2327125><>" entered the game
L 03/21/2014 - 00:46:14: "Doofus_Khan {SCG}<115><STEAM_0:0:40678067><Red>" changed role to "pyro"
L 03/21/2014 - 00:46:14: "JaÃ¼ri, the Laughing Goddess<124><STEAM_0:1:17091633><Blue>" changed role to "sniper"
L 03/21/2014 - 00:46:15: World triggered "Round_Start"
L 03/21/2014 - 00:46:15: World triggered "Round_Setup_Begin"
L 03/21/2014 - 00:46:15: "JaÃ¼ri, the Laughing Goddess<124><STEAM_0:1:17091633><Blue>" joined team "Red"
L 03/21/2014 - 00:46:15: "Herrocopter<67><STEAM_0:0:50403197><Blue>" joined team "Red"
L 03/21/2014 - 00:46:15: "Zingy Zigzagoon<88><STEAM_0:1:38093875><Blue>" joined team "Red"
L 03/21/2014 - 00:46:15: "(void*)FoXX<118><STEAM_0:0:2179002><Red>" joined team "Blue"
L 03/21/2014 - 00:46:15: "Doofus_Khan {SCG}<115><STEAM_0:0:40678067><Red>" joined team "Blue"
L 03/21/2014 - 00:46:15: "Persi, the Neko God<12><STEAM_0:1:30286598><Red>" joined team "Blue"
L 03/21/2014 - 00:46:17: "Blizzard (Sean)áƒ¦<102><STEAM_0:1:47938377><Unassigned>" joined team "Blue"
L 03/21/2014 - 00:46:18: "{BFG} Nikdragon<108><STEAM_0:0:78154965><>" entered the game
L 03/21/2014 - 00:46:19: "Blizzard (Sean)áƒ¦<102><STEAM_0:1:47938377><Blue>" changed role to "spy"
L 03/21/2014 - 00:46:20: "Gord<132><STEAM_0:1:2327125><Unassigned>" joined team "Blue"
L 03/21/2014 - 00:46:20: server_cvar: "mp_disable_respawn_times" "0"
L 03/21/2014 - 00:46:20: "The Mutagen(unstable)<89><STEAM_0:0:49010827><Unassigned>" joined team "Blue"
L 03/21/2014 - 00:46:21: "Zingy Zigzagoon<88><STEAM_0:1:38093875><Red>" changed role to "demoman"
L 03/21/2014 - 00:46:21: "Gord<132><STEAM_0:1:2327125><Blue>" changed role to "heavyweapons"
L 03/21/2014 - 00:46:22: "Zingy Zigzagoon<88><STEAM_0:1:38093875><Red>" changed role to "demoman"
L 03/21/2014 - 00:46:23: "The Mutagen(unstable)<89><STEAM_0:0:49010827><Blue>" changed role to "scout"
L 03/21/2014 - 00:46:23: "Red Pandopticon<119><STEAM_0:0:15629443><Unassigned>" joined team "Blue"
L 03/21/2014 - 00:46:23: "JaÃ¼ri, the Laughing Goddess<124><STEAM_0:1:17091633><Red>" changed role to "sniper"
L 03/21/2014 - 00:46:25: "The Mutagen(unstable)<89><STEAM_0:0:49010827><Blue>" say "!zf"
L 03/21/2014 - 00:46:25: "Zingy Zigzagoon<88><STEAM_0:1:38093875><Red>" changed role to "soldier"
L 03/21/2014 - 00:46:26: "{SCG} PhantomX999<114><STEAM_0:1:13432606><Unassigned>" joined team "Blue"
L 03/21/2014 - 00:46:27: "Red Pandopticon<119><STEAM_0:0:15629443><Blue>" changed role to "spy"
L 03/21/2014 - 00:46:29: "{SCG} PhantomX999<114><STEAM_0:1:13432606><Blue>" changed role to "scout"
L 03/21/2014 - 00:46:29: "Gord<132><STEAM_0:1:2327125><Blue>" say "!zf"
L 03/21/2014 - 00:46:29: "{BFG} Nikdragon<108><STEAM_0:0:78154965><Unassigned>" joined team "Blue"
L 03/21/2014 - 00:46:31: "JaÃ¼ri, the Laughing Goddess<124><STEAM_0:1:17091633><Red>" changed role to "heavyweapons"
L 03/21/2014 - 00:46:32: "JaÃ¼ri, the Laughing Goddess<124><STEAM_0:1:17091633><Red>" changed role to "sniper"
L 03/21/2014 - 00:46:33: "{BFG} Nikdragon<108><STEAM_0:0:78154965><Blue>" changed role to "spy"
L 03/21/2014 - 00:46:33: "The Mutagen(unstable)<89><STEAM_0:0:49010827><Blue>" say "!zf"
L 03/21/2014 - 00:46:40: World triggered "Round_Setup_End"
L 03/21/2014 - 00:46:47: "negasora | tipofthehats.org<131><STEAM_0:1:37222210><>" disconnected (reason "Disconnect by user.")
L 03/21/2014 - 00:46:53: "Zingy Zigzagoon<88><STEAM_0:1:38093875><Red>" killed "{SCG} PhantomX999<114><STEAM_0:1:13432606><Blue>" with "cow_mangler" (attacker_position "-18 457 128") (victim_position "-7 -529 64")
L 03/21/2014 - 00:47:03: "JaÃ¼ri, the Laughing Goddess<124><STEAM_0:1:17091633><Red>" killed "Red Pandopticon<119><STEAM_0:0:15629443><Blue>" with "tf_projectile_arrow" (attacker_position "77 -63 288") (victim_position "362 -327 200")
L 03/21/2014 - 00:47:03: "Herrocopter<67><STEAM_0:0:50403197><Red>" triggered "kill assist" against "Red Pandopticon<119><STEAM_0:0:15629443><Blue>" (assister_position "370 -276 225") (attacker_position "77 -63 288") (victim_position "362 -327 200")
L 03/21/2014 - 00:47:05: "Blizzard (Sean)áƒ¦<102><STEAM_0:1:47938377><Blue>" killed "JaÃ¼ri, the Laughing Goddess<124><STEAM_0:1:17091633><Red>" with "spy_cicle" (customkill "backstab") (attacker_position "-244 -13 288") (victim_position "-188 -91 288")
L 03/21/2014 - 00:47:05: "Zingy Zigzagoon<88><STEAM_0:1:38093875><Red>" killed "Blizzard (Sean)áƒ¦<102><STEAM_0:1:47938377><Blue>" with "cow_mangler" (attacker_position "-198 -410 288") (victim_position "-221 -40 288")
L 03/21/2014 - 00:47:07: "Gord<132><STEAM_0:1:2327125><Blue>" killed "Herrocopter<67><STEAM_0:0:50403197><Red>" with "gloves_running_urgently" (attacker_position "362 -68 288") (victim_position "348 -45 288")
L 03/21/2014 - 00:47:07: "Doofus_Khan {SCG}<115><STEAM_0:0:40678067><Blue>" triggered "kill assist" against "Herrocopter<67><STEAM_0:0:50403197><Red>" (assister_position "352 -322 64") (attacker_position "362 -68 288") (victim_position "348 -45 288")
L 03/21/2014 - 00:47:11: "JaÃ¼ri, the Laughing Goddess<124><STEAM_0:1:17091633><Red>" joined team "Blue"
L 03/21/2014 - 00:47:12: "Zingy Zigzagoon<88><STEAM_0:1:38093875><Red>" killed "Gord<132><STEAM_0:1:2327125><Blue>" with "cow_mangler" (attacker_position "-740 -152 288") (victim_position "-636 -70 288")
L 03/21/2014 - 00:47:13: "Herrocopter<67><STEAM_0:0:50403197><Red>" joined team "Blue"
L 03/21/2014 - 00:47:15: "Zingy Zigzagoon<88><STEAM_0:1:38093875><Red>" killed "(void*)FoXX<118><STEAM_0:0:2179002><Blue>" with "cow_mangler" (attacker_position "-823 -178 80") (victim_position "-775 -172 64")
L 03/21/2014 - 00:47:21: "Gord<132><STEAM_0:1:2327125><Blue>" say "gru heavy best heavy"
L 03/21/2014 - 00:47:39: "(void*)FoXX<118><STEAM_0:0:2179002><Blue>" killed "Zingy Zigzagoon<88><STEAM_0:1:38093875><Red>" with "sandman" (attacker_position "-267 -235 64") (victim_position "-213 -196 64")
L 03/21/2014 - 00:47:39: World triggered "Round_Win" (winner "Blue")
L 03/21/2014 - 00:47:39: World triggered "Round_Length" (seconds "83.70")
L 03/21/2014 - 00:47:39: Team "Red" current score "0" with "1" players
L 03/21/2014 - 00:47:39: Team "Blue" current score "1" with "11" players
L 03/21/2014 - 00:47:41: "The Mutagen(unstable)<89><STEAM_0:0:49010827><Blue>" committed suicide with "world" (attacker_position "-600 -1038 39")
L 03/21/2014 - 00:47:45: "Zingy Zigzagoon<88><STEAM_0:1:38093875><Red>" joined team "Blue"
L 03/21/2014 - 00:47:54: World triggered "Round_Start"
L 03/21/2014 - 00:47:54: World triggered "Round_Setup_Begin"
L 03/21/2014 - 00:47:54: "The Mutagen(unstable)<89><STEAM_0:0:49010827><Blue>" joined team "Red"
L 03/21/2014 - 00:47:54: "{SCG} PhantomX999<114><STEAM_0:1:13432606><Blue>" joined team "Red"
L 03/21/2014 - 00:47:54: "{BFG} Nikdragon<108><STEAM_0:0:78154965><Blue>" joined team "Red"
L 03/21/2014 - 00:47:54: "Herrocopter<67><STEAM_0:0:50403197><Blue>" joined team "Red"
L 03/21/2014 - 00:47:54: "Red Pandopticon<119><STEAM_0:0:15629443><Blue>" joined team "Red"
L 03/21/2014 - 00:47:54: "Blizzard (Sean)áƒ¦<102><STEAM_0:1:47938377><Blue>" joined team "Red"
L 03/21/2014 - 00:47:54: "Gord<132><STEAM_0:1:2327125><Blue>" joined team "Red"
L 03/21/2014 - 00:47:54: "Blizzard (Sean)áƒ¦<102><STEAM_0:1:47938377><Red>" committed suicide with "world" (attacker_position "46 607 128")
L 03/21/2014 - 00:47:58: "Blizzard (Sean)áƒ¦<102><STEAM_0:1:47938377><Red>" changed role to "soldier"
L 03/21/2014 - 00:47:59: "Herrocopter<67><STEAM_0:0:50403197><Red>" changed role to "demoman"
L 03/21/2014 - 00:48:07: "Zingy Zigzagoon<88><STEAM_0:1:38093875><Blue>" say "!menu"
L 03/21/2014 - 00:48:10: "Zingy Zigzagoon<88><STEAM_0:1:38093875><Blue>" say "!help"
L 03/21/2014 - 00:48:18: "Red Pandopticon<119><STEAM_0:0:15629443><Red>" triggered "builtobject" (object "OBJ_SENTRYGUN") (position "-179 -184 288")
L 03/21/2014 - 00:48:19: "Zingy Zigzagoon<88><STEAM_0:1:38093875><Blue>" say "!zombie"
L 03/21/2014 - 00:48:19: World triggered "Round_Setup_End"
L 03/21/2014 - 00:48:19: "{BFG} Sabre<79><STEAM_0:1:31072961><>" entered the game
L 03/21/2014 - 00:48:22: "Red Pandopticon<119><STEAM_0:0:15629443><Red>" triggered "builtobject" (object "OBJ_DISPENSER") (position "-285 -42 288")
L 03/21/2014 - 00:48:23: "Zingy Zigzagoon<88><STEAM_0:1:38093875><Blue>" say "!help"
L 03/21/2014 - 00:48:27: "Zingy Zigzagoon<88><STEAM_0:1:38093875><Blue>" say "!info"
L 03/21/2014 - 00:48:30: "Zingy Zigzagoon<88><STEAM_0:1:38093875><Blue>" say "!changeclass"
L 03/21/2014 - 00:48:32: "{BFG} Sabre<79><STEAM_0:1:31072961><Unassigned>" joined team "Blue"
L 03/21/2014 - 00:48:35: "{BFG} Sabre<79><STEAM_0:1:31072961><Blue>" changed role to "spy"
L 03/21/2014 - 00:48:39: "Zingy Zigzagoon<88><STEAM_0:1:38093875><Blue>" say "!zombiemenu"
L 03/21/2014 - 00:48:42: "Zingy Zigzagoon<88><STEAM_0:1:38093875><Blue>" say "!perk"
L 03/21/2014 - 00:48:43: "Blizzard (Sean)áƒ¦<102><STEAM_0:1:47938377><Red>" killed "Doofus_Khan {SCG}<115><STEAM_0:0:40678067><Blue>" with "blackbox" (attacker_position "-807 -861 109") (victim_position "-482 -574 53")
L 03/21/2014 - 00:48:43: "Gord<132><STEAM_0:1:2327125><Red>" triggered "kill assist" against "Doofus_Khan {SCG}<115><STEAM_0:0:40678067><Blue>" (assister_position "-5 -616 636") (attacker_position "-807 -861 109") (victim_position "-482 -574 53")
L 03/21/2014 - 00:48:50: "Zingy Zigzagoon<88><STEAM_0:1:38093875><Blue>" say "!perks"
L 03/21/2014 - 00:48:50: "Gord<132><STEAM_0:1:2327125><Red>" say "feebas best ass"
L 03/21/2014 - 00:48:59: "JaÃ¼ri, the Laughing Goddess<124><STEAM_0:1:17091633><Blue>" killed "{BFG} Nikdragon<108><STEAM_0:0:78154965><Red>" with "knife" (attacker_position "-283 -300 620") (victim_position "-328 -295 575")
L 03/21/2014 - 00:49:04: "Zingy Zigzagoon<88><STEAM_0:1:38093875><Blue>" say "!zombi"
L 03/21/2014 - 00:49:05: "{BFG} Nikdragon<108><STEAM_0:0:78154965><Red>" joined team "Blue"
L 03/21/2014 - 00:49:06: "{SCG} PhantomX999<114><STEAM_0:1:13432606><Red>" triggered "jarate_attack" against "Persi, the Neko God<12><STEAM_0:1:30286598><Blue>" with "tf_weapon_jar" (attacker_position "861 276 186") (victim_position "810 303 176")
L 03/21/2014 - 00:49:07: "Gord<132><STEAM_0:1:2327125><Red>" killed "Doofus_Khan {SCG}<115><STEAM_0:0:40678067><Blue>" with "sniperrifle" (attacker_position "-169 -810 280") (victim_position "-405 -752 32")
L 03/21/2014 - 00:49:07: "Blizzard (Sean)áƒ¦<102><STEAM_0:1:47938377><Red>" triggered "kill assist" against "Doofus_Khan {SCG}<115><STEAM_0:0:40678067><Blue>" (assister_position "-411 -849 32") (attacker_position "-169 -810 280") (victim_position "-405 -752 32")
L 03/21/2014 - 00:49:09: "Zingy Zigzagoon<88><STEAM_0:1:38093875><Blue>" say "/zombie"
L 03/21/2014 - 00:49:13: "{BFG} Nikdragon<108><STEAM_0:0:78154965><Blue>" changed role to "spy"
L 03/21/2014 - 00:49:13: "Zingy Zigzagoon<88><STEAM_0:1:38093875><Blue>" say "/info"
L 03/21/2014 - 00:49:14: "Blizzard (Sean)áƒ¦<102><STEAM_0:1:47938377><Red>" killed "(void*)FoXX<118><STEAM_0:0:2179002><Blue>" with "disciplinary_action" (attacker_position "-705 -978 60") (victim_position "-618 -963 80")
L 03/21/2014 - 00:49:16: "Zingy Zigzagoon<88><STEAM_0:1:38093875><Blue>" say "/menu"
L 03/21/2014 - 00:49:17: "Red Pandopticon<119><STEAM_0:0:15629443><Red>" triggered "builtobject" (object "OBJ_SENTRYGUN") (position "-200 -149 288")
L 03/21/2014 - 00:49:21: "Zingy Zigzagoon<88><STEAM_0:1:38093875><Blue>" say "!zombies"
L 03/21/2014 - 00:49:22: "Red Pandopticon<119><STEAM_0:0:15629443><Red>" killed "JaÃ¼ri, the Laughing Goddess<124><STEAM_0:1:17091633><Blue>" with "obj_minisentry" (attacker_position "-375 36 288") (victim_position "-327 36 343")
L 03/21/2014 - 00:49:22: "The Mutagen(unstable)<89><STEAM_0:0:49010827><Red>" killed "{BFG} Sabre<79><STEAM_0:1:31072961><Blue>" with "crusaders_crossbow" (attacker_position "-429 -879 32") (victim_position "-636 -912 59")
L 03/21/2014 - 00:49:22: "Blizzard (Sean)áƒ¦<102><STEAM_0:1:47938377><Red>" triggered "kill assist" against "{BFG} Sabre<79><STEAM_0:1:31072961><Blue>" (assister_position "-1105 -1122 45") (attacker_position "-429 -879 32") (victim_position "-636 -912 59")
L 03/21/2014 - 00:49:26: "Zingy Zigzagoon<88><STEAM_0:1:38093875><Blue>" say "!menuzombie"
L 03/21/2014 - 00:49:31: "Zingy Zigzagoon<88><STEAM_0:1:38093875><Blue>" say "!zombiezombie"
L 03/21/2014 - 00:49:33: "Gord<132><STEAM_0:1:2327125><Red>" say "wa"
L 03/21/2014 - 00:49:39: "{BFG} Sabre<79><STEAM_0:1:31072961><Blue>" say "say !zf"
L 03/21/2014 - 00:49:39: "Gord<132><STEAM_0:1:2327125><Red>" triggered "jarate_attack" against "JaÃ¼ri, the Laughing Goddess<124><STEAM_0:1:17091633><Blue>" with "tf_weapon_jar" (attacker_position "2416 75 32") (victim_position "2154 -139 39")
L 03/21/2014 - 00:49:40: "Gord<132><STEAM_0:1:2327125><Red>" killed "JaÃ¼ri, the Laughing Goddess<124><STEAM_0:1:17091633><Blue>" with "bushwacka" (attacker_position "2163 11 43") (victim_position "2092 -12 52")
L 03/21/2014 - 00:49:42: "{SCG} PhantomX999<114><STEAM_0:1:13432606><Red>" triggered "jarate_attack" against "Persi, the Neko God<12><STEAM_0:1:30286598><Blue>" with "tf_weapon_jar" (attacker_position "1260 -39 288") (victim_position "1236 -125 288")
L 03/21/2014 - 00:49:43: "Zingy Zigzagoon<88><STEAM_0:1:38093875><Blue>" say "!zf"
L 03/21/2014 - 00:49:46: "Zingy Zigzagoon<88><STEAM_0:1:38093875><Blue>" say "thanks :32"
L 03/21/2014 - 00:49:46: "(void*)FoXX<118><STEAM_0:0:2179002><Blue>" triggered "medic_death" against "The Mutagen(unstable)<89><STEAM_0:0:49010827><Red>" (healing "258") (ubercharge "0")
L 03/21/2014 - 00:49:46: "(void*)FoXX<118><STEAM_0:0:2179002><Blue>" killed "The Mutagen(unstable)<89><STEAM_0:0:49010827><Red>" with "sandman" (attacker_position "-317 1407 37") (victim_position "-248 1415 41")
L 03/21/2014 - 00:49:49: "Persi, the Neko God<12><STEAM_0:1:30286598><Blue>" killed "{SCG} PhantomX999<114><STEAM_0:1:13432606><Red>" with "fists" (attacker_position "1251 328 64") (victim_position "1267 290 64")
L 03/21/2014 - 00:49:52: "The Mutagen(unstable)<89><STEAM_0:0:49010827><Red>" joined team "Blue"
L 03/21/2014 - 00:49:53: "AndriNaline<123><STEAM_0:1:59437109><>" disconnected (reason "Disconnect by user.")
L 03/21/2014 - 00:49:55: "{SCG} PhantomX999<114><STEAM_0:1:13432606><Red>" joined team "Blue"
L 03/21/2014 - 00:49:55: "Herrocopter<67><STEAM_0:0:50403197><Red>" killed "(void*)FoXX<118><STEAM_0:0:2179002><Blue>" with "persian_persuader" (attacker_position "1280 983 32") (victim_position "1338 935 79")
L 03/21/2014 - 00:49:57: "The Mutagen(unstable)<89><STEAM_0:0:49010827><Blue>" changed role to "scout"
L 03/21/2014 - 00:50:03: "Herrocopter<67><STEAM_0:0:50403197><Red>" killed "{BFG} Sabre<79><STEAM_0:1:31072961><Blue>" with "persian_persuader" (attacker_position "827 639 71") (victim_position "822 697 64")
L 03/21/2014 - 00:50:05: "Red Pandopticon<119><STEAM_0:0:15629443><Red>" killed "{BFG} Nikdragon<108><STEAM_0:0:78154965><Blue>" with "maxgun" (attacker_position "-375 39 288") (victim_position "766 -92 288")
L 03/21/2014 - 00:50:09: "Gord<132><STEAM_0:1:2327125><Red>" killed "Persi, the Neko God<12><STEAM_0:1:30286598><Blue>" with "sniperrifle" (attacker_position "131 1244 32") (victim_position "394 1087 85")
L 03/21/2014 - 00:50:09: "Herrocopter<67><STEAM_0:0:50403197><Red>" triggered "kill assist" against "Persi, the Neko God<12><STEAM_0:1:30286598><Blue>" (assister_position "435 975 60") (attacker_position "131 1244 32") (victim_position "394 1087 85")
L 03/21/2014 - 00:50:11: "Red Pandopticon<119><STEAM_0:0:15629443><Red>" triggered "builtobject" (object "OBJ_SENTRYGUN") (position "-173 -139 288")
L 03/21/2014 - 00:50:17: "Red Pandopticon<119><STEAM_0:0:15629443><Red>" killed "Doofus_Khan {SCG}<115><STEAM_0:0:40678067><Blue>" with "obj_minisentry" (attacker_position "-328 34 288") (victim_position "-48 -127 288")
L 03/21/2014 - 00:50:19: "The Mutagen(unstable)<89><STEAM_0:0:49010827><Blue>" say "gord, i could stare at your spray for hours"
L 03/21/2014 - 00:50:23: "JaÃ¼ri, the Laughing Goddess<124><STEAM_0:1:17091633><Blue>" killed "Red Pandopticon<119><STEAM_0:0:15629443><Red>" with "knife" (customkill "backstab") (attacker_position "-340 -13 354") (victim_position "-328 34 288")
L 03/21/2014 - 00:50:26: "JaÃ¼ri, the Laughing Goddess<124><STEAM_0:1:17091633><Blue>" triggered "killedobject" (object "OBJ_DISPENSER") (weapon "knife") (objectowner "Red Pandopticon<119><STEAM_0:0:15629443><Red>") (attacker_position "-328 36 288")
L 03/21/2014 - 00:50:28: "JaÃ¼ri, the Laughing Goddess<124><STEAM_0:1:17091633><Blue>" triggered "killedobject" (object "OBJ_SENTRYGUN") (weapon "knife") (objectowner "Red Pandopticon<119><STEAM_0:0:15629443><Red>") (attacker_position "-138 -148 288")
L 03/21/2014 - 00:50:29: "Red Pandopticon<119><STEAM_0:0:15629443><Red>" joined team "Blue"
L 03/21/2014 - 00:50:31: "The Mutagen(unstable)<89><STEAM_0:0:49010827><Blue>" say "yeah"
L 03/21/2014 - 00:50:35: "The Mutagen(unstable)<89><STEAM_0:0:49010827><Blue>" say "IM SORRY"
L 03/21/2014 - 00:50:39: "Gord<132><STEAM_0:1:2327125><Red>" triggered "jarate_attack" against "Persi, the Neko God<12><STEAM_0:1:30286598><Blue>" with "tf_weapon_jar" (attacker_position "2087 -476 37") (victim_position "1875 -702 39")
L 03/21/2014 - 00:50:39: "Persi, the Neko God<12><STEAM_0:1:30286598><Blue>" killed "Blizzard (Sean)áƒ¦<102><STEAM_0:1:47938377><Red>" with "fists" (attacker_position "1859 -739 39") (victim_position "1825 -665 39")
L 03/21/2014 - 00:50:41: "Gord<132><STEAM_0:1:2327125><Red>" killed "Persi, the Neko God<12><STEAM_0:1:30286598><Blue>" with "bushwacka" (attacker_position "1959 -482 42") (victim_position "1965 -480 42")
L 03/21/2014 - 00:50:43: "The Mutagen(unstable)<89><STEAM_0:0:49010827><Blue>" say "IM USED TO WARFRAME USING T TO TALK D:"
L 03/21/2014 - 00:50:45: "Blizzard (Sean)áƒ¦<102><STEAM_0:1:47938377><Red>" joined team "Blue"
L 03/21/2014 - 00:50:46: "Herrocopter<67><STEAM_0:0:50403197><Red>" killed "Zingy Zigzagoon<88><STEAM_0:1:38093875><Blue>" with "persian_persuader" (attacker_position "-1191 285 346") (victim_position "-1191 223 368")
L 03/21/2014 - 00:50:47: "Herrocopter<67><STEAM_0:0:50403197><Red>" killed "The Mutagen(unstable)<89><STEAM_0:0:49010827><Blue>" with "persian_persuader" (attacker_position "-1143 229 318") (victim_position "-1191 223 316")
L 03/21/2014 - 00:50:51: "Blizzard (Sean)áƒ¦<102><STEAM_0:1:47938377><Blue>" changed role to "spy"
L 03/21/2014 - 00:50:57: "{BFG} Sabre<79><STEAM_0:1:31072961><Blue>" say "the set it to T"
L 03/21/2014 - 00:51:00: "{BFG} Sabre<79><STEAM_0:1:31072961><Blue>" say "then"
L 03/21/2014 - 00:51:06: "Gord<132><STEAM_0:1:2327125><Red>" triggered "jarate_attack" against "Red Pandopticon<119><STEAM_0:0:15629443><Blue>" with "tf_weapon_jar" (attacker_position "1736 -1083 60") (victim_position "1784 -757 37")
L 03/21/2014 - 00:51:10: "JaÃ¼ri, the Laughing Goddess<124><STEAM_0:1:17091633><Blue>" killed "Gord<132><STEAM_0:1:2327125><Red>" with "knife" (customkill "backstab") (attacker_position "1415 -941 36") (victim_position "1426 -1004 38")
L 03/21/2014 - 00:51:10: "Red Pandopticon<119><STEAM_0:0:15629443><Blue>" triggered "kill assist" against "Gord<132><STEAM_0:1:2327125><Red>" (assister_position "1459 -1124 56") (attacker_position "1415 -941 36") (victim_position "1426 -1004 38")
L 03/21/2014 - 00:51:16: "Gord<132><STEAM_0:1:2327125><Red>" joined team "Blue"
L 03/21/2014 - 00:51:18: "Gord<132><STEAM_0:1:2327125><Blue>" say "damn :["
L 03/21/2014 - 00:51:23: "Gord<132><STEAM_0:1:2327125><Blue>" say "thank you for the compliment about the spray"
L 03/21/2014 - 00:51:28: "Herrocopter<67><STEAM_0:0:50403197><Red>" killed "{SCG} PhantomX999<114><STEAM_0:1:13432606><Blue>" with "persian_persuader" (attacker_position "-1258 1149 114") (victim_position "-1306 1163 116")
L 03/21/2014 - 00:51:41: "Herrocopter<67><STEAM_0:0:50403197><Red>" killed "(void*)FoXX<118><STEAM_0:0:2179002><Blue>" with "persian_persuader" (attacker_position "-475 1657 8") (victim_position "-446 1740 5")
L 03/21/2014 - 00:51:42: "Herrocopter<67><STEAM_0:0:50403197><Red>" killed "Zingy Zigzagoon<88><STEAM_0:1:38093875><Blue>" with "persian_persuader" (attacker_position "-358 1841 -5") (victim_position "-345 1777 6")
L 03/21/2014 - 00:51:49: "JaÃ¼ri, the Laughing Goddess<124><STEAM_0:1:17091633><Blue>" killed "Herrocopter<67><STEAM_0:0:50403197><Red>" with "knife" (customkill "backstab") (attacker_position "-464 1563 17") (victim_position "-438 1504 27")
L 03/21/2014 - 00:51:49: "Persi, the Neko God<12><STEAM_0:1:30286598><Blue>" triggered "kill assist" against "Herrocopter<67><STEAM_0:0:50403197><Red>" (assister_position "-416 1562 25") (attacker_position "-464 1563 17") (victim_position "-438 1504 27")
L 03/21/2014 - 00:51:50: World triggered "Round_Win" (winner "Blue")
L 03/21/2014 - 00:51:50: World triggered "Round_Length" (seconds "235.98")
L 03/21/2014 - 00:51:50: Team "Red" current score "0" with "1" players
L 03/21/2014 - 00:51:50: Team "Blue" current score "2" with "12" players
L 03/21/2014 - 00:51:53: "The Mutagen(unstable)<89><STEAM_0:0:49010827><Blue>" committed suicide with "world" (attacker_position "-908 -15 288")
L 03/21/2014 - 00:51:55: "Herrocopter<67><STEAM_0:0:50403197><Red>" joined team "Blue"
L 03/21/2014 - 00:52:03: "Blizzard (Sean)áƒ¦<102><STEAM_0:1:47938377><Blue>" committed suicide with "world" (attacker_position "-1770 1403 161")
L 03/21/2014 - 00:52:05: World triggered "Round_Start"
L 03/21/2014 - 00:52:05: World triggered "Round_Setup_Begin"
L 03/21/2014 - 00:52:05: "The Mutagen(unstable)<89><STEAM_0:0:49010827><Blue>" joined team "Red"
L 03/21/2014 - 00:52:05: "Herrocopter<67><STEAM_0:0:50403197><Blue>" joined team "Red"
L 03/21/2014 - 00:52:05: "{SCG} PhantomX999<114><STEAM_0:1:13432606><Blue>" joined team "Red"
L 03/21/2014 - 00:52:05: "Red Pandopticon<119><STEAM_0:0:15629443><Blue>" joined team "Red"
L 03/21/2014 - 00:52:05: "{BFG} Nikdragon<108><STEAM_0:0:78154965><Blue>" joined team "Red"
L 03/21/2014 - 00:52:05: "JaÃ¼ri, the Laughing Goddess<124><STEAM_0:1:17091633><Blue>" joined team "Red"
L 03/21/2014 - 00:52:05: "{BFG} Sabre<79><STEAM_0:1:31072961><Blue>" joined team "Red"
L 03/21/2014 - 00:52:05: "Doofus_Khan {SCG}<115><STEAM_0:0:40678067><Blue>" joined team "Red"
L 03/21/2014 - 00:52:10: "{SCG} FaolPlay<133><STEAM_0:1:24520147><>" connected, address "70.125.205.49:27005"
L 03/21/2014 - 00:52:10: "{SCG} PhantomX999<114><STEAM_0:1:13432606><Red>" changed role to "medic"
L 03/21/2014 - 00:52:10: "Red Pandopticon<119><STEAM_0:0:15629443><Red>" changed role to "engineer"
L 03/21/2014 - 00:52:10: "{SCG} FaolPlay<133><STEAM_0:1:24520147><>" STEAM USERID validated
L 03/21/2014 - 00:52:11: "{BFG} Nikdragon<108><STEAM_0:0:78154965><Red>" changed role to "demoman"
L 03/21/2014 - 00:52:20: "Red Pandopticon<119><STEAM_0:0:15629443><Red>" triggered "builtobject" (object "OBJ_SENTRYGUN") (position "78 -20 288")
L 03/21/2014 - 00:52:24: "Red Pandopticon<119><STEAM_0:0:15629443><Red>" triggered "builtobject" (object "OBJ_DISPENSER") (position "-316 -46 288")
L 03/21/2014 - 00:52:24: "The Mutagen(unstable)<89><STEAM_0:0:49010827><Red>" say "yay"
L 03/21/2014 - 00:52:30: "The Mutagen(unstable)<89><STEAM_0:0:49010827><Red>" say "!zf"
L 03/21/2014 - 00:52:30: World triggered "Round_Setup_End"
L 03/21/2014 - 00:52:30: "{SCG} FaolPlay<133><STEAM_0:1:24520147><>" entered the game
L 03/21/2014 - 00:52:33: STEAMAUTH: Client Doofus_Khan {SCG} received failure code 6
L 03/21/2014 - 00:52:33: "Doofus_Khan {SCG}<115><STEAM_0:0:40678067><Red>" disconnected (reason "Client left game (Steam auth ticket has been canceled)
")
L 03/21/2014 - 00:52:39: "{SCG} FaolPlay<133><STEAM_0:1:24520147><Unassigned>" joined team "Blue"
L 03/21/2014 - 00:52:40: "JaÃ¼ri, the Laughing Goddess<124><STEAM_0:1:17091633><Red>" killed "Zingy Zigzagoon<88><STEAM_0:1:38093875><Blue>" with "tf_projectile_arrow" (attacker_position "-45 -33 288") (victim_position "453 -23 288")
L 03/21/2014 - 00:52:40: "Red Pandopticon<119><STEAM_0:0:15629443><Red>" triggered "kill assist" against "Zingy Zigzagoon<88><STEAM_0:1:38093875><Blue>" (assister_position "-375 39 288") (attacker_position "-45 -33 288") (victim_position "453 -23 288")
L 03/21/2014 - 00:52:40: "{SCG} FaolPlay<133><STEAM_0:1:24520147><Blue>" changed role to "spy"
L 03/21/2014 - 00:52:43: "{SCG} FaolPlay<133><STEAM_0:1:24520147><Blue>" say "!zf"
L 03/21/2014 - 00:52:52: "{BFG} Sabre<79><STEAM_0:1:31072961><Red>" say "loving lag spikes"
L 03/21/2014 - 00:52:56: "The Mutagen(unstable)<89><STEAM_0:0:49010827><Red>" say "!zf"
L 03/21/2014 - 00:52:58: "{BFG} Sabre<79><STEAM_0:1:31072961><Red>" say "prevented me from getting a perk"
L 03/21/2014 - 00:53:01: "JaÃ¼ri, the Laughing Goddess<124><STEAM_0:1:17091633><Red>" killed "(void*)FoXX<118><STEAM_0:0:2179002><Blue>" with "club" (attacker_position "-753 -300 64") (victim_position "-718 -345 64")
L 03/21/2014 - 00:53:01: "{BFG} Nikdragon<108><STEAM_0:0:78154965><Red>" say "!zf"
L 03/21/2014 - 00:53:04: "The Mutagen(unstable)<89><STEAM_0:0:49010827><Red>" killed "{SCG} FaolPlay<133><STEAM_0:1:24520147><Blue>" with "tf_projectile_rocket" (attacker_position "237 627 152") (victim_position "190 537 128")
L 03/21/2014 - 00:53:04: "Red Pandopticon<119><STEAM_0:0:15629443><Red>" triggered "kill assist" against "{SCG} FaolPlay<133><STEAM_0:1:24520147><Blue>" (assister_position "-351 36 288") (attacker_position "237 627 152") (victim_position "190 537 128")
L 03/21/2014 - 00:53:06: "Herrocopter<67><STEAM_0:0:50403197><Red>" killed "Blizzard (Sean)áƒ¦<102><STEAM_0:1:47938377><Blue>" with "persian_persuader" (attacker_position "356 -391 168") (victim_position "355 -439 160")
L 03/21/2014 - 00:53:09: "JaÃ¼ri, the Laughing Goddess<124><STEAM_0:1:17091633><Red>" killed "Zingy Zigzagoon<88><STEAM_0:1:38093875><Blue>" with "club" (attacker_position "167 -97 288") (victim_position "119 -109 288")
L 03/21/2014 - 00:53:11: "Sammicus Panthera Tigris<134><STEAM_0:1:30442114><>" connected, address "67.198.14.20:27005"
L 03/21/2014 - 00:53:11: "Sammicus Panthera Tigris<134><STEAM_0:1:30442114><>" STEAM USERID validated
L 03/21/2014 - 00:53:12: "Red Pandopticon<119><STEAM_0:0:15629443><Red>" killed "Persi, the Neko God<12><STEAM_0:1:30286598><Blue>" with "shotgun_primary" (attacker_position "-372 39 288") (victim_position "-336 -19 288")
L 03/21/2014 - 00:53:12: "{BFG} Sabre<79><STEAM_0:1:31072961><Red>" triggered "kill assist" against "Persi, the Neko God<12><STEAM_0:1:30286598><Blue>" (assister_position "-375 39 288") (attacker_position "-372 39 288") (victim_position "-336 -19 288")
L 03/21/2014 - 00:53:12: "The Mutagen(unstable)<89><STEAM_0:0:49010827><Red>" killed "Gord<132><STEAM_0:1:2327125><Blue>" with "tf_projectile_rocket" (attacker_position "257 30 288") (victim_position "-346 3 429")
L 03/21/2014 - 00:53:12: "Herrocopter<67><STEAM_0:0:50403197><Red>" triggered "kill assist" against "Gord<132><STEAM_0:1:2327125><Blue>" (assister_position "-304 -53 288") (attacker_position "257 30 288") (victim_position "-346 3 429")
L 03/21/2014 - 00:53:32: "Gord<132><STEAM_0:1:2327125><Blue>" triggered "milk_attack" against "{BFG} Sabre<79><STEAM_0:1:31072961><Red>" with "tf_weapon_jar" (attacker_position "309 -439 160") (victim_position "-12 -18 288")
L 03/21/2014 - 00:53:32: "Gord<132><STEAM_0:1:2327125><Blue>" triggered "milk_attack" against "The Mutagen(unstable)<89><STEAM_0:0:49010827><Red>" with "tf_weapon_jar" (attacker_position "309 -439 160") (victim_position "81 -46 288")
L 03/21/2014 - 00:53:35: "The Mutagen(unstable)<89><STEAM_0:0:49010827><Red>" killed "Zingy Zigzagoon<88><STEAM_0:1:38093875><Blue>" with "tf_projectile_rocket" (attacker_position "-99 -229 288") (victim_position "-276 -129 288")
L 03/21/2014 - 00:53:42: "The Mutagen(unstable)<89><STEAM_0:0:49010827><Red>" killed "Persi, the Neko God<12><STEAM_0:1:30286598><Blue>" with "tf_projectile_rocket" (attacker_position "-72 -87 288") (victim_position "-182 -183 288")
L 03/21/2014 - 00:53:42: "{SCG} PhantomX999<114><STEAM_0:1:13432606><Red>" triggered "kill assist" against "Persi, the Neko God<12><STEAM_0:1:30286598><Blue>" (assister_position "-105 0 288") (attacker_position "-72 -87 288") (victim_position "-182 -183 288")
L 03/21/2014 - 00:53:50: "Herrocopter<67><STEAM_0:0:50403197><Red>" killed "Blizzard (Sean)áƒ¦<102><STEAM_0:1:47938377><Blue>" with "persian_persuader" (attacker_position "320 -396 166") (victim_position "370 -439 160")
L 03/21/2014 - 00:53:50: "The Mutagen(unstable)<89><STEAM_0:0:49010827><Red>" killed "(void*)FoXX<118><STEAM_0:0:2179002><Blue>" with "tf_projectile_rocket" (attacker_position "423 6 332") (victim_position "329 11 288")
L 03/21/2014 - 00:53:50: "{SCG} FaolPlay<133><STEAM_0:1:24520147><Blue>" killed "Herrocopter<67><STEAM_0:0:50403197><Red>" with "eternal_reward" (customkill "backstab") (attacker_position "320 -334 196") (victim_position "320 -396 166")
L 03/21/2014 - 00:53:50: "JaÃ¼ri, the Laughing Goddess<124><STEAM_0:1:17091633><Red>" killed "Gord<132><STEAM_0:1:2327125><Blue>" with "tf_projectile_arrow" (customkill "headshot") (attacker_position "964 -14 64") (victim_position "-188 36 64")
L 03/21/2014 - 00:53:55: "The Mutagen(unstable)<89><STEAM_0:0:49010827><Red>" killed "{SCG} FaolPlay<133><STEAM_0:1:24520147><Blue>" with "tf_projectile_rocket" (attacker_position "-201 -43 288") (victim_position "61 -59 288")
L 03/21/2014 - 00:53:56: "Herrocopter<67><STEAM_0:0:50403197><Red>" joined team "Blue"
L 03/21/2014 - 00:53:57: "Sammicus Panthera Tigris<134><STEAM_0:1:30442114><>" entered the game
L 03/21/2014 - 00:54:00: "Zingy Zigzagoon<88><STEAM_0:1:38093875><Blue>" killed "The Mutagen(unstable)<89><STEAM_0:0:49010827><Red>" with "voodoo_pin" (customkill "backstab") (attacker_position "-169 -32 333") (victim_position "-98 -69 288")
L 03/21/2014 - 00:54:02: "Red Pandopticon<119><STEAM_0:0:15629443><Red>" killed "Zingy Zigzagoon<88><STEAM_0:1:38093875><Blue>" with "shotgun_primary" (attacker_position "-375 36 288") (victim_position "-129 -140 288")
L 03/21/2014 - 00:54:02: "{BFG} Sabre<79><STEAM_0:1:31072961><Red>" triggered "kill assist" against "Zingy Zigzagoon<88><STEAM_0:1:38093875><Blue>" (assister_position "-279 39 288") (attacker_position "-375 36 288") (victim_position "-129 -140 288")
L 03/21/2014 - 00:54:06: "The Mutagen(unstable)<89><STEAM_0:0:49010827><Red>" joined team "Blue"
L 03/21/2014 - 00:54:10: "{BFG} Sabre<79><STEAM_0:1:31072961><Red>" triggered "chargedeployed"
L 03/21/2014 - 00:54:11: "The Mutagen(unstable)<89><STEAM_0:0:49010827><Blue>" say "(â•¯Â°â–¡Â°ï¼‰â•¯ï¸µ â”»â”â”» I MAD, I FLIP TABLES"
L 03/21/2014 - 00:54:14: "The Mutagen(unstable)<89><STEAM_0:0:49010827><Blue>" changed role to "scout"
L 03/21/2014 - 00:54:16: "Sammicus Panthera Tigris<134><STEAM_0:1:30442114><Unassigned>" joined team "Blue"
L 03/21/2014 - 00:54:18: "Sammicus Panthera Tigris<134><STEAM_0:1:30442114><Blue>" changed role to "scout"
L 03/21/2014 - 00:54:18: "{SCG} FaolPlay<133><STEAM_0:1:24520147><Blue>" triggered "medic_death" against "{BFG} Nikdragon<108><STEAM_0:0:78154965><Red>" (healing "0") (ubercharge "0")
L 03/21/2014 - 00:54:18: "{SCG} FaolPlay<133><STEAM_0:1:24520147><Blue>" killed "{BFG} Nikdragon<108><STEAM_0:0:78154965><Red>" with "eternal_reward" (customkill "backstab") (attacker_position "-678 238 480") (victim_position "-687 190 480")
L 03/21/2014 - 00:54:19: "Zingy Zigzagoon<88><STEAM_0:1:38093875><Blue>" triggered "medic_death" against "{SCG} PhantomX999<114><STEAM_0:1:13432606><Red>" (healing "322") (ubercharge "0")
L 03/21/2014 - 00:54:19: "Zingy Zigzagoon<88><STEAM_0:1:38093875><Blue>" killed "{SCG} PhantomX999<114><STEAM_0:1:13432606><Red>" with "voodoo_pin" (customkill "backstab") (attacker_position "348 -201 64") (victim_position "303 -278 64")
L 03/21/2014 - 00:54:19: "(void*)FoXX<118><STEAM_0:0:2179002><Blue>" triggered "kill assist" against "{SCG} PhantomX999<114><STEAM_0:1:13432606><Red>" (assister_position "55 -439 64") (attacker_position "348 -201 64") (victim_position "303 -278 64")
L 03/21/2014 - 00:54:23: "Red Pandopticon<119><STEAM_0:0:15629443><Red>" killed "Herrocopter<67><STEAM_0:0:50403197><Blue>" with "robot_arm" (attacker_position "-375 39 288") (victim_position "-374 39 350")
L 03/21/2014 - 00:54:24: "Red Pandopticon<119><STEAM_0:0:15629443><Red>" killed "Persi, the Neko God<12><STEAM_0:1:30286598><Blue>" with "robot_arm_combo_kill" (attacker_position "-375 39 288") (victim_position "-346 25 350")
L 03/21/2014 - 00:54:24: "{BFG} Sabre<79><STEAM_0:1:31072961><Red>" triggered "kill assist" against "Persi, the Neko God<12><STEAM_0:1:30286598><Blue>" (assister_position "110 -13 288") (attacker_position "-375 39 288") (victim_position "-346 25 350")
L 03/21/2014 - 00:54:24: "{BFG} Nikdragon<108><STEAM_0:0:78154965><Red>" joined team "Blue"
L 03/21/2014 - 00:54:25: "Red Pandopticon<119><STEAM_0:0:15629443><Red>" killed "Gord<132><STEAM_0:1:2327125><Blue>" with "robot_arm" (attacker_position "-375 39 288") (victim_position "-375 39 350")
L 03/21/2014 - 00:54:25: "{BFG} Sabre<79><STEAM_0:1:31072961><Red>" triggered "kill assist" against "Gord<132><STEAM_0:1:2327125><Blue>" (assister_position "338 -23 288") (attacker_position "-375 39 288") (victim_position "-375 39 350")
L 03/21/2014 - 00:54:25: "{SCG} PhantomX999<114><STEAM_0:1:13432606><Red>" joined team "Blue"
L 03/21/2014 - 00:54:26: "(void*)FoXX<118><STEAM_0:0:2179002><Blue>" killed "Red Pandopticon<119><STEAM_0:0:15629443><Red>" with "sandman" (attacker_position "-342 -19 288") (victim_position "-375 39 288")
L 03/21/2014 - 00:54:26: "Gord<132><STEAM_0:1:2327125><Blue>" triggered "kill assist" against "Red Pandopticon<119><STEAM_0:0:15629443><Red>" (assister_position "-375 39 364") (attacker_position "-342 -19 288") (victim_position "-375 39 288")
L 03/21/2014 - 00:54:27: "{BFG} Sabre<79><STEAM_0:1:31072961><Red>" killed "(void*)FoXX<118><STEAM_0:0:2179002><Blue>" with "blutsauger" (attacker_position "-68 17 288") (victim_position "-280 -22 288")
L 03/21/2014 - 00:54:28: "Zingy Zigzagoon<88><STEAM_0:1:38093875><Blue>" triggered "killedobject" (object "OBJ_DISPENSER") (weapon "voodoo_pin") (objectowner "Red Pandopticon<119><STEAM_0:0:15629443><Red>") (attacker_position "-337 39 343")
L 03/21/2014 - 00:54:32: "Red Pandopticon<119><STEAM_0:0:15629443><Red>" joined team "Blue"
L 03/21/2014 - 00:54:32: "Red Pandopticon<119><STEAM_0:0:15629443><Blue>" say "hahahahahaha"
L 03/21/2014 - 00:54:43: "{BFG} Sabre<79><STEAM_0:1:31072961><Red>" killed "{SCG} FaolPlay<133><STEAM_0:1:24520147><Blue>" with "blutsauger" (attacker_position "1079 225 480") (victim_position "852 265 406")
L 03/21/2014 - 00:54:55: "JaÃ¼ri, the Laughing Goddess<124><STEAM_0:1:17091633><Red>" killed "The Mutagen(unstable)<89><STEAM_0:0:49010827><Blue>" with "tf_projectile_arrow" (customkill "headshot") (attacker_position "-130 1470 44") (victim_position "-9 1557 36")
L 03/21/2014 - 00:54:57: "Fortune the Don<135><STEAM_0:0:33251108><>" connected, address "98.240.215.7:27005"
L 03/21/2014 - 00:54:58: "Fortune the Don<135><STEAM_0:0:33251108><>" STEAM USERID validated
L 03/21/2014 - 00:55:00: "{BFG} Sabre<79><STEAM_0:1:31072961><Red>" killed "Herrocopter<67><STEAM_0:0:50403197><Blue>" with "blutsauger" (attacker_position "-551 355 320") (victim_position "-526 398 40")
L 03/21/2014 - 00:55:12: "Herrocopter<67><STEAM_0:0:50403197><Blue>" changed role to "scout"
L 03/21/2014 - 00:55:12: "Herrocopter<67><STEAM_0:0:50403197><Blue>" committed suicide with "world" (attacker_position "2580 -978 52")
L 03/21/2014 - 00:55:18: "JaÃ¼ri, the Laughing Goddess<124><STEAM_0:1:17091633><Red>" killed "Zingy Zigzagoon<88><STEAM_0:1:38093875><Blue>" with "tf_projectile_arrow" (customkill "headshot") (attacker_position "1458 -896 37") (victim_position "547 -877 32")
L 03/21/2014 - 00:55:34: "Fortune the Don<135><STEAM_0:0:33251108><>" entered the game
L 03/21/2014 - 00:55:41: "Gord<132><STEAM_0:1:2327125><Blue>" triggered "milk_attack" against "JaÃ¼ri, the Laughing Goddess<124><STEAM_0:1:17091633><Red>" with "tf_weapon_jar" (attacker_position "-398 1234 51") (victim_position "173 1545 31")
L 03/21/2014 - 00:55:41: "{BFG} Sabre<79><STEAM_0:1:31072961><Red>" say "search "
L 03/21/2014 - 00:55:43: "{BFG} Sabre<79><STEAM_0:1:31072961><Red>" say "FA"
L 03/21/2014 - 00:55:45: "Fortune the Don<135><STEAM_0:0:33251108><Unassigned>" joined team "Blue"
L 03/21/2014 - 00:55:46: "JaÃ¼ri, the Laughing Goddess<124><STEAM_0:1:17091633><Red>" killed "Red Pandopticon<119><STEAM_0:0:15629443><Blue>" with "tf_projectile_arrow" (customkill "headshot") (attacker_position "1858 511 45") (victim_position "1538 739 34")
L 03/21/2014 - 00:55:47: "{BFG} Sabre<79><STEAM_0:1:31072961><Red>" say "probably has one"
L 03/21/2014 - 00:55:47: "Gord<132><STEAM_0:1:2327125><Blue>" say "both"
L 03/21/2014 - 00:55:48: "Fortune the Don<135><STEAM_0:0:33251108><Blue>" changed role to "sniper"
L 03/21/2014 - 00:55:53: "Zingy Zigzagoon<88><STEAM_0:1:38093875><Blue>" killed "JaÃ¼ri, the Laughing Goddess<124><STEAM_0:1:17091633><Red>" with "voodoo_pin" (customkill "backstab") (attacker_position "1764 -1309 76") (victim_position "1727 -1367 78")
L 03/21/2014 - 00:55:59: "Gord<132><STEAM_0:1:2327125><Blue>" say "damn that zigzagoon"
L 03/21/2014 - 00:55:59: "JaÃ¼ri, the Laughing Goddess<124><STEAM_0:1:17091633><Red>" joined team "Blue"
L 03/21/2014 - 00:56:09: "{BFG} Sabre<79><STEAM_0:1:31072961><Red>" say "search FA"
L 03/21/2014 - 00:56:27: "Red Pandopticon<119><STEAM_0:0:15629443><Blue>" changed role to "sniper"
L 03/21/2014 - 00:56:30: "Gord<132><STEAM_0:1:2327125><Blue>" say "yeah but "yiff on christmas" doesn't have a ring to it"
L 03/21/2014 - 00:56:31: "Red Pandopticon<119><STEAM_0:0:15629443><Blue>" changed role to "scout"
L 03/21/2014 - 00:56:43: "{BFG} Sabre<79><STEAM_0:1:31072961><Red>" killed "JaÃ¼ri, the Laughing Goddess<124><STEAM_0:1:17091633><Blue>" with "amputator" (attacker_position "-705 170 288") (victim_position "-710 198 288")
L 03/21/2014 - 00:56:43: "{SCG} FaolPlay<133><STEAM_0:1:24520147><Blue>" say ""white christmas" has completely different meaning in a furry context."
L 03/21/2014 - 00:56:51: "Zingy Zigzagoon<88><STEAM_0:1:38093875><Blue>" say "murry yiffmas"
L 03/21/2014 - 00:56:59: "Red Pandopticon<119><STEAM_0:0:15629443><Blue>" say "and a horny nude deer"
L 03/21/2014 - 00:57:08: "JaÃ¼ri, the Laughing Goddess<124><STEAM_0:1:17091633><Blue>" say "!perk"
L 03/21/2014 - 00:57:10: "{SCG} FaolPlay<133><STEAM_0:1:24520147><Blue>" triggered "medic_death" against "{BFG} Sabre<79><STEAM_0:1:31072961><Red>" (healing "302") (ubercharge "0")
L 03/21/2014 - 00:57:10: "{SCG} FaolPlay<133><STEAM_0:1:24520147><Blue>" killed "{BFG} Sabre<79><STEAM_0:1:31072961><Red>" with "eternal_reward" (customkill "backstab") (attacker_position "-1611 37 89") (victim_position "-1628 53 32")
L 03/21/2014 - 00:57:11: World triggered "Round_Win" (winner "Blue")
L 03/21/2014 - 00:57:11: World triggered "Round_Length" (seconds "305.98")
L 03/21/2014 - 00:57:11: Team "Red" current score "0" with "1" players
L 03/21/2014 - 00:57:11: Team "Blue" current score "3" with "14" players
L 03/21/2014 - 00:57:13: "{BFG} Sabre<79><STEAM_0:1:31072961><Red>" say "actually"
L 03/21/2014 - 00:57:15: "Herrocopter<67><STEAM_0:0:50403197><Blue>" committed suicide with "world" (attacker_position "-2316 200 -129")
L 03/21/2014 - 00:57:15: "{BFG} Sabre<79><STEAM_0:1:31072961><Red>" say "i had no perk"
L 03/21/2014 - 00:57:16: "{BFG} Sabre<79><STEAM_0:1:31072961><Red>" joined team "Blue"
L 03/21/2014 - 00:57:17: "The Mutagen(unstable)<89><STEAM_0:0:49010827><Blue>" committed suicide with "world" (attacker_position "-2316 131 -164")
L 03/21/2014 - 00:57:24: "The Mutagen(unstable)<89><STEAM_0:0:49010827><Blue>" say "ï¼ˆã€ƒãƒ»Ï‰ãƒ»ã€ƒï¼‰ Happy Days!"
L 03/21/2014 - 00:57:26: World triggered "Round_Start"
L 03/21/2014 - 00:57:26: World triggered "Round_Setup_Begin"
L 03/21/2014 - 00:57:26: "The Mutagen(unstable)<89><STEAM_0:0:49010827><Blue>" joined team "Red"
L 03/21/2014 - 00:57:26: "Zingy Zigzagoon<88><STEAM_0:1:38093875><Blue>" joined team "Red"
L 03/21/2014 - 00:57:26: "Herrocopter<67><STEAM_0:0:50403197><Blue>" joined team "Red"
L 03/21/2014 - 00:57:26: "Fortune the Don<135><STEAM_0:0:33251108><Blue>" joined team "Red"
L 03/21/2014 - 00:57:26: "{SCG} PhantomX999<114><STEAM_0:1:13432606><Blue>" joined team "Red"
L 03/21/2014 - 00:57:26: "{BFG} Sabre<79><STEAM_0:1:31072961><Blue>" joined team "Red"
L 03/21/2014 - 00:57:26: "JaÃ¼ri, the Laughing Goddess<124><STEAM_0:1:17091633><Blue>" joined team "Red"
L 03/21/2014 - 00:57:26: "Persi, the Neko God<12><STEAM_0:1:30286598><Blue>" joined team "Red"
L 03/21/2014 - 00:57:26: "Sammicus Panthera Tigris<134><STEAM_0:1:30442114><Blue>" joined team "Red"
L 03/21/2014 - 00:57:29: "{BFG} Sabre<79><STEAM_0:1:31072961><Red>" say "i said in beginning that lag prevented it"
L 03/21/2014 - 00:57:29: "The Mutagen(unstable)<89><STEAM_0:0:49010827><Red>" changed role to "soldier"
L 03/21/2014 - 00:57:30: "JaÃ¼ri, the Laughing Goddess<124><STEAM_0:1:17091633><Red>" changed role to "sniper"
L 03/21/2014 - 00:57:30: "JaÃ¼ri, the Laughing Goddess<124><STEAM_0:1:17091633><Red>" committed suicide with "world" (attacker_position "16 980 176")
L 03/21/2014 - 00:57:30: "Herrocopter<67><STEAM_0:0:50403197><Red>" changed role to "demoman"
L 03/21/2014 - 00:57:31: "{SCG} PhantomX999<114><STEAM_0:1:13432606><Red>" changed role to "scout"
L 03/21/2014 - 00:57:32: "Red Pandopticon<119><STEAM_0:0:15629443><Blue>" say "!zf"
L 03/21/2014 - 00:57:34: "Persi, the Neko God<12><STEAM_0:1:30286598><Red>" say "!zf"
L 03/21/2014 - 00:57:34: "Zingy Zigzagoon<88><STEAM_0:1:38093875><Red>" changed role to "soldier"
L 03/21/2014 - 00:57:35: "Gord<132><STEAM_0:1:2327125><Blue>" changed role to "spy"
L 03/21/2014 - 00:57:35: "{BFG} Sabre<79><STEAM_0:1:31072961><Red>" changed role to "medic"
L 03/21/2014 - 00:57:37: "Sammicus Panthera Tigris<134><STEAM_0:1:30442114><Red>" say "!zf"
L 03/21/2014 - 00:57:38: "The Mutagen(unstable)<89><STEAM_0:0:49010827><Red>" changed role to "soldier"
L 03/21/2014 - 00:57:38: "Zingy Zigzagoon<88><STEAM_0:1:38093875><Red>" changed role to "medic"
L 03/21/2014 - 00:57:43: "Gord<132><STEAM_0:1:2327125><Blue>" committed suicide with "world" (attacker_position "418 -1914 38")
L 03/21/2014 - 00:57:51: World triggered "Round_Setup_End"
L 03/21/2014 - 00:57:57: "Gord<132><STEAM_0:1:2327125><Blue>" say "grandma got assfucked by a reindeer [doot doot doot]"
L 03/21/2014 - 00:58:05: "{SCG} PhantomX999<114><STEAM_0:1:13432606><Red>" killed "Blizzard (Sean)áƒ¦<102><STEAM_0:1:47938377><Blue>" with "degreaser" (attacker_position "1781 -1314 76") (victim_position "1602 -1261 72")
L 03/21/2014 - 00:58:07: "Fortune the Don<135><STEAM_0:0:33251108><Red>" triggered "builtobject" (object "OBJ_SENTRYGUN") (position "4 -523 288")
L 03/21/2014 - 00:58:13: "{BFG} Sabre<0><STEAM_0:1:31072961><Red>" triggered "medic_death" against "{BFG} Sabre<79><STEAM_0:1:31072961><Red>" (healing "14") (ubercharge "0")
L 03/21/2014 - 00:58:13: "{BFG} Sabre<79><STEAM_0:1:31072961><Red>" committed suicide with "world" (attacker_position "745 1766 -169")
L 03/21/2014 - 00:58:16: "Fortune the Don<135><STEAM_0:0:33251108><Red>" triggered "builtobject" (object "OBJ_DISPENSER") (position "-309 -36 288")
L 03/21/2014 - 00:58:17: "The Mutagen(unstable)<89><STEAM_0:0:49010827><Red>" killed "(void*)FoXX<118><STEAM_0:0:2179002><Blue>" with "liberty_launcher" (attacker_position "-973 508 102") (victim_position "-897 680 33")
L 03/21/2014 - 00:58:19: "{SCG} PhantomX999<114><STEAM_0:1:13432606><Red>" killed "{SCG} FaolPlay<133><STEAM_0:1:24520147><Blue>" with "degreaser" (attacker_position "1050 1103 32") (victim_position "1141 1040 32")
L 03/21/2014 - 00:58:20: "{BFG} Sabre<79><STEAM_0:1:31072961><Red>" joined team "Blue"
L 03/21/2014 - 00:58:23: "Gord<132><STEAM_0:1:2327125><Blue>" killed "{SCG} PhantomX999<114><STEAM_0:1:13432606><Red>" with "eternal_reward" (attacker_position "763 847 69") (victim_position "688 844 73")
L 03/21/2014 - 00:58:25: "Fortune the Don<135><STEAM_0:0:33251108><Red>" killed "Red Pandopticon<119><STEAM_0:0:15629443><Blue>" with "robot_arm" (attacker_position "-176 -10 288") (victim_position "-226 26 332")
L 03/21/2014 - 00:58:25: "Zingy Zigzagoon<88><STEAM_0:1:38093875><Red>" triggered "kill assist" against "Red Pandopticon<119><STEAM_0:0:15629443><Blue>" (assister_position "-55 -93 497") (attacker_position "-176 -10 288") (victim_position "-226 26 332")
L 03/21/2014 - 00:58:29: "{SCG} PhantomX999<114><STEAM_0:1:13432606><Red>" joined team "Blue"
L 03/21/2014 - 00:58:33: "{SCG} PhantomX999<114><STEAM_0:1:13432606><Blue>" changed role to "scout"
L 03/21/2014 - 00:58:37: "Fortune the Don<135><STEAM_0:0:33251108><Red>" triggered "builtobject" (object "OBJ_DISPENSER") (position "-205 -345 288")
L 03/21/2014 - 00:58:38: "Gord<132><STEAM_0:1:2327125><Blue>" killed "Herrocopter<67><STEAM_0:0:50403197><Red>" with "eternal_reward" (customkill "backstab") (attacker_position "5 -346 64") (victim_position "22 -419 64")
L 03/21/2014 - 00:58:38: "(void*)FoXX<118><STEAM_0:0:2179002><Blue>" triggered "kill assist" against "Herrocopter<67><STEAM_0:0:50403197><Red>" (assister_position "-33 -720 49") (attacker_position "5 -346 64") (victim_position "22 -419 64")
L 03/21/2014 - 00:58:44: "Herrocopter<67><STEAM_0:0:50403197><Red>" joined team "Blue"
L 03/21/2014 - 00:58:45: "Fortune the Don<135><STEAM_0:0:33251108><Red>" killed "{SCG} FaolPlay<133><STEAM_0:1:24520147><Blue>" with "robot_arm" (attacker_position "-287 -57 288") (victim_position "-318 -109 288")
L 03/21/2014 - 00:58:45: "Persi, the Neko God<12><STEAM_0:1:30286598><Red>" triggered "kill assist" against "{SCG} FaolPlay<133><STEAM_0:1:24520147><Blue>" (assister_position "-228 -148 335") (attacker_position "-287 -57 288") (victim_position "-318 -109 288")
L 03/21/2014 - 00:58:46: "Persi, the Neko God<12><STEAM_0:1:30286598><Red>" triggered "chargedeployed"
L 03/21/2014 - 00:58:49: "Fortune the Don<135><STEAM_0:0:33251108><Red>" killed "(void*)FoXX<118><STEAM_0:0:2179002><Blue>" with "robot_arm" (attacker_position "-331 -18 288") (victim_position "-362 36 288")
L 03/21/2014 - 00:58:49: "Persi, the Neko God<12><STEAM_0:1:30286598><Red>" triggered "kill assist" against "(void*)FoXX<118><STEAM_0:0:2179002><Blue>" (assister_position "-62 -85 288") (attacker_position "-331 -18 288") (victim_position "-362 36 288")
L 03/21/2014 - 00:58:49: "Zingy Zigzagoon<88><STEAM_0:1:38093875><Red>" killed "{SCG} PhantomX999<114><STEAM_0:1:13432606><Blue>" with "ubersaw" (attacker_position "92 475 693") (victim_position "43 453 718")
L 03/21/2014 - 00:58:58: "Gord<132><STEAM_0:1:2327125><Blue>" triggered "medic_death" against "Persi, the Neko God<12><STEAM_0:1:30286598><Red>" (healing "369") (ubercharge "0")
L 03/21/2014 - 00:58:58: "Gord<132><STEAM_0:1:2327125><Blue>" killed "Persi, the Neko God<12><STEAM_0:1:30286598><Red>" with "eternal_reward" (customkill "backstab") (attacker_position "2 -63 288") (victim_position "-9 -35 310")
L 03/21/2014 - 00:59:00: "Blizzard (Sean)áƒ¦<102><STEAM_0:1:47938377><Blue>" killed "Sammicus Panthera Tigris<134><STEAM_0:1:30442114><Red>" with "spy_cicle" (customkill "backstab") (attacker_position "-144 -51 288") (victim_position "-145 -3 288")
L 03/21/2014 - 00:59:00: "Red Pandopticon<119><STEAM_0:0:15629443><Blue>" triggered "kill assist" against "Sammicus Panthera Tigris<134><STEAM_0:1:30442114><Red>" (assister_position "-95 56 288") (attacker_position "-144 -51 288") (victim_position "-145 -3 288")
L 03/21/2014 - 00:59:00: "Red Pandopticon<119><STEAM_0:0:15629443><Blue>" killed "Fortune the Don<135><STEAM_0:0:33251108><Red>" with "fryingpan" (attacker_position "-90 56 288") (victim_position "30 -5 288")
L 03/21/2014 - 00:59:00: "{BFG} Sabre<79><STEAM_0:1:31072961><Blue>" triggered "kill assist" against "Fortune the Don<135><STEAM_0:0:33251108><Red>" (assister_position "-103 44 288") (attacker_position "-90 56 288") (victim_position "30 -5 288")
L 03/21/2014 - 00:59:03: "The Mutagen(unstable)<89><STEAM_0:0:49010827><Red>" killed "Red Pandopticon<119><STEAM_0:0:15629443><Blue>" with "liberty_launcher" (attacker_position "759 -35 288") (victim_position "589 -40 288")
L 03/21/2014 - 00:59:04: "The Mutagen(unstable)<89><STEAM_0:0:49010827><Red>" killed "Herrocopter<67><STEAM_0:0:50403197><Blue>" with "liberty_launcher" (attacker_position "934 -42 288") (victim_position "562 -28 288")
L 03/21/2014 - 00:59:04: "Persi, the Neko God<12><STEAM_0:1:30286598><Red>" joined team "Blue"
L 03/21/2014 - 00:59:05: "Zingy Zigzagoon<88><STEAM_0:1:38093875><Red>" killed "Gord<132><STEAM_0:1:2327125><Blue>" with "ubersaw" (attacker_position "-298 -415 288") (victim_position "-249 -439 288")
L 03/21/2014 - 00:59:06: "Sammicus Panthera Tigris<134><STEAM_0:1:30442114><Red>" joined team "Blue"
L 03/21/2014 - 00:59:06: "Fortune the Don<135><STEAM_0:0:33251108><Red>" joined team "Blue"
L 03/21/2014 - 00:59:08: "Zingy Zigzagoon<88><STEAM_0:1:38093875><Red>" killed "(void*)FoXX<118><STEAM_0:0:2179002><Blue>" with "ubersaw" (attacker_position "-546 -157 288") (victim_position "-544 -228 288")
L 03/21/2014 - 00:59:09: "Fortune the Don<135><STEAM_0:0:33251108><Blue>" changed role to "scout"
L 03/21/2014 - 00:59:10: "Zingy Zigzagoon<88><STEAM_0:1:38093875><Red>" triggered "chargedeployed"
L 03/21/2014 - 00:59:10: "Sammicus Panthera Tigris<134><STEAM_0:1:30442114><Blue>" changed role to "scout"
L 03/21/2014 - 00:59:13: "Zingy Zigzagoon<88><STEAM_0:1:38093875><Red>" killed "Blizzard (Sean)áƒ¦<102><STEAM_0:1:47938377><Blue>" with "ubersaw" (attacker_position "-247 -240 288") (victim_position "-166 -245 288")
L 03/21/2014 - 00:59:15: "Gord<132><STEAM_0:1:2327125><Blue>" say "i break your shit >:C"
L 03/21/2014 - 00:59:23: "Zingy Zigzagoon<88><STEAM_0:1:38093875><Red>" killed "{BFG} Nikdragon<108><STEAM_0:0:78154965><Blue>" with "ubersaw" (attacker_position "-331 -90 572") (victim_position "-335 -35 568")
L 03/21/2014 - 00:59:24: "Gord<132><STEAM_0:1:2327125><Blue>" say "jingle balls jingle balls etc."
L 03/21/2014 - 00:59:27: "{BFG} Nikdragon<108><STEAM_0:0:78154965><Blue>" changed role to "spy"
L 03/21/2014 - 00:59:35: "Zingy Zigzagoon<88><STEAM_0:1:38093875><Red>" killed "Red Pandopticon<119><STEAM_0:0:15629443><Blue>" with "ubersaw" (attacker_position "-569 1168 57") (victim_position "-619 1162 54")
L 03/21/2014 - 00:59:35: "The Mutagen(unstable)<89><STEAM_0:0:49010827><Red>" committed suicide with "liberty_launcher" (attacker_position "-1700 1119 131")
L 03/21/2014 - 00:59:35: "JaÃ¼ri, the Laughing Goddess<124><STEAM_0:1:17091633><Red>" killed "Herrocopter<67><STEAM_0:0:50403197><Blue>" with "tf_projectile_arrow" (attacker_position "-647 351 328") (victim_position "-474 1171 63")
L 03/21/2014 - 00:59:39: "{BFG} Sabre<79><STEAM_0:1:31072961><Blue>" say "I think if furries made it "
L 03/21/2014 - 00:59:41: "The Mutagen(unstable)<89><STEAM_0:0:49010827><Red>" joined team "Blue"
L 03/21/2014 - 00:59:44: "{BFG} Sabre<79><STEAM_0:1:31072961><Blue>" say "it would be reallyl gay"
L 03/21/2014 - 00:59:49: "The Mutagen(unstable)<89><STEAM_0:0:49010827><Blue>" changed role to "scout"
L 03/21/2014 - 00:59:50: "{SCG} FaolPlay<133><STEAM_0:1:24520147><Blue>" triggered "medic_death" against "Zingy Zigzagoon<88><STEAM_0:1:38093875><Red>" (healing "127") (ubercharge "1")
L 03/21/2014 - 00:59:50: "{SCG} FaolPlay<133><STEAM_0:1:24520147><Blue>" killed "Zingy Zigzagoon<88><STEAM_0:1:38093875><Red>" with "eternal_reward" (attacker_position "441 1402 37") (victim_position "468 1486 29")
L 03/21/2014 - 00:59:50: "Red Pandopticon<119><STEAM_0:0:15629443><Blue>" triggered "kill assist" against "Zingy Zigzagoon<88><STEAM_0:1:38093875><Red>" (assister_position "48 736 -127") (attacker_position "441 1402 37") (victim_position "468 1486 29")
L 03/21/2014 - 00:59:55: "sK|LordRascus (CLN)<136><STEAM_0:1:51473636><>" connected, address "139.130.69.207:53233"
L 03/21/2014 - 00:59:55: "sK|LordRascus (CLN)<136><STEAM_0:1:51473636><>" STEAM USERID validated
L 03/21/2014 - 00:59:56: "Zingy Zigzagoon<88><STEAM_0:1:38093875><Red>" joined team "Blue"
L 03/21/2014 - 00:59:59: "JaÃ¼ri, the Laughing Goddess<124><STEAM_0:1:17091633><Red>" killed "Gord<132><STEAM_0:1:2327125><Blue>" with "club" (attacker_position "-630 28 288") (victim_position "-617 -38 288")
L 03/21/2014 - 01:00:02: "Zingy Zigzagoon<88><STEAM_0:1:38093875><Blue>" changed role to "spy"
L 03/21/2014 - 01:00:12: "lord<137><STEAM_0:0:61023425><>" connected, address "124.171.0.246:27005"
L 03/21/2014 - 01:00:12: "lord<137><STEAM_0:0:61023425><>" STEAM USERID validated
L 03/21/2014 - 01:00:18: "The Mutagen(unstable)<89><STEAM_0:0:49010827><Blue>" committed suicide with "world" (attacker_position "-310 440 160")
L 03/21/2014 - 01:00:20: "Gord<132><STEAM_0:1:2327125><Blue>" say "when the drama goes marching in"
L 03/21/2014 - 01:00:32: "JaÃ¼ri, the Laughing Goddess<124><STEAM_0:1:17091633><Red>" killed "Persi, the Neko God<12><STEAM_0:1:30286598><Blue>" with "tf_projectile_arrow" (customkill "headshot") (attacker_position "-1494 -757 34") (victim_position "-1472 -483 51")
L 03/21/2014 - 01:00:33: "Gord<132><STEAM_0:1:2327125><Blue>" say "sh"
L 03/21/2014 - 01:00:49: "{SCG} FaolPlay<133><STEAM_0:1:24520147><Blue>" killed "JaÃ¼ri, the Laughing Goddess<124><STEAM_0:1:17091633><Red>" with "eternal_reward" (customkill "backstab") (attacker_position "1723 652 46") (victim_position "1710 576 65")
L 03/21/2014 - 01:00:49: World triggered "Round_Win" (winner "Blue")
L 03/21/2014 - 01:00:49: World triggered "Round_Length" (seconds "202.99")
L 03/21/2014 - 01:00:49: Team "Red" current score "0" with "1" players
L 03/21/2014 - 01:00:49: Team "Blue" current score "4" with "14" players
L 03/21/2014 - 01:00:52: "Fortune the Don<135><STEAM_0:0:33251108><Blue>" say "!zf"
L 03/21/2014 - 01:00:53: "The Mutagen(unstable)<89><STEAM_0:0:49010827><Blue>" committed suicide with "world" (attacker_position "2076 1206 130")
L 03/21/2014 - 01:00:54: "Blizzard (Sean)áƒ¦<102><STEAM_0:1:47938377><Blue>" committed suicide with "world" (attacker_position "1389 -138 517")
L 03/21/2014 - 01:00:55: "JaÃ¼ri, the Laughing Goddess<124><STEAM_0:1:17091633><Red>" joined team "Blue"
L 03/21/2014 - 01:00:55: "Herrocopter<67><STEAM_0:0:50403197><Blue>" committed suicide with "world" (attacker_position "-2438 587 -178")
L 03/21/2014 - 01:01:04: "Zingy Zigzagoon<88><STEAM_0:1:38093875><Blue>" say "!zf"
L 03/21/2014 - 01:01:04: World triggered "Round_Start"
L 03/21/2014 - 01:01:04: World triggered "Round_Setup_Begin"
L 03/21/2014 - 01:01:04: "The Mutagen(unstable)<89><STEAM_0:0:49010827><Blue>" joined team "Red"
L 03/21/2014 - 01:01:04: "{BFG} Sabre<79><STEAM_0:1:31072961><Blue>" joined team "Red"
L 03/21/2014 - 01:01:04: "Sammicus Panthera Tigris<134><STEAM_0:1:30442114><Blue>" joined team "Red"
L 03/21/2014 - 01:01:04: "(void*)FoXX<118><STEAM_0:0:2179002><Blue>" joined team "Red"
L 03/21/2014 - 01:01:04: "Zingy Zigzagoon<88><STEAM_0:1:38093875><Blue>" joined team "Red"
L 03/21/2014 - 01:01:04: "Red Pandopticon<119><STEAM_0:0:15629443><Blue>" joined team "Red"
L 03/21/2014 - 01:01:04: "Fortune the Don<135><STEAM_0:0:33251108><Blue>" joined team "Red"
L 03/21/2014 - 01:01:04: "Blizzard (Sean)áƒ¦<102><STEAM_0:1:47938377><Blue>" joined team "Red"
L 03/21/2014 - 01:01:04: "Persi, the Neko God<12><STEAM_0:1:30286598><Blue>" joined team "Red"
L 03/21/2014 - 01:01:08: "JaÃ¼ri, the Laughing Goddess<124><STEAM_0:1:17091633><Blue>" changed role to "spy"
L 03/21/2014 - 01:01:09: "The Mutagen(unstable)<89><STEAM_0:0:49010827><Red>" changed role to "sniper"
L 03/21/2014 - 01:01:10: "JaÃ¼ri, the Laughing Goddess<124><STEAM_0:1:17091633><Blue>" say "!zf"
L 03/21/2014 - 01:01:10: "{BFG} Sabre<79><STEAM_0:1:31072961><Red>" changed role to "medic"
L 03/21/2014 - 01:01:11: "Red Pandopticon<119><STEAM_0:0:15629443><Red>" say "!zf"
L 03/21/2014 - 01:01:11: "Fortune the Don<135><STEAM_0:0:33251108><Red>" say "!zf"
L 03/21/2014 - 01:01:12: "Blizzard (Sean)áƒ¦<102><STEAM_0:1:47938377><Red>" changed role to "pyro"
L 03/21/2014 - 01:01:14: "Blizzard (Sean)áƒ¦<102><STEAM_0:1:47938377><Red>" changed role to "soldier"
L 03/21/2014 - 01:01:14: "Sammicus Panthera Tigris<134><STEAM_0:1:30442114><Red>" changed role to "pyro"
L 03/21/2014 - 01:01:16: "Red Pandopticon<119><STEAM_0:0:15629443><Red>" say "!zf"
L 03/21/2014 - 01:01:18: "Sammicus Panthera Tigris<134><STEAM_0:1:30442114><Red>" say "!zf"
L 03/21/2014 - 01:01:19: "Zingy Zigzagoon<88><STEAM_0:1:38093875><Red>" changed role to "medic"
L 03/21/2014 - 01:01:19: "The Mutagen(unstable)<89><STEAM_0:0:49010827><Red>" changed role to "medic"
L 03/21/2014 - 01:01:22: "Persi, the Neko God<12><STEAM_0:1:30286598><Red>" say_team "!zf"
L 03/21/2014 - 01:01:22: "{BFG} Sabre<79><STEAM_0:1:31072961><Red>" say "!zf"
L 03/21/2014 - 01:01:25: "lord<137><STEAM_0:0:61023425><>" disconnected (reason "Disconnect by user.")
L 03/21/2014 - 01:01:27: "{BFG} Sabre<79><STEAM_0:1:31072961><Red>" say "!zf"
L 03/21/2014 - 01:01:29: World triggered "Round_Setup_End"
L 03/21/2014 - 01:01:43: "Myntey<138><STEAM_0:0:33841019><>" connected, address "86.40.106.89:27005"
L 03/21/2014 - 01:01:43: "Myntey<138><STEAM_0:0:33841019><>" STEAM USERID validated
L 03/21/2014 - 01:01:48: "{SCG} FaolPlay<133><STEAM_0:1:24520147><Blue>" triggered "medic_death" against "Fortune the Don<135><STEAM_0:0:33251108><Red>" (healing "102") (ubercharge "0")
L 03/21/2014 - 01:01:48: "{SCG} FaolPlay<133><STEAM_0:1:24520147><Blue>" killed "Fortune the Don<135><STEAM_0:0:33251108><Red>" with "eternal_reward" (customkill "backstab") (attacker_position "116 -262 64") (victim_position "142 -304 64")
L 03/21/2014 - 01:01:50: "Zingy Zigzagoon<88><STEAM_0:1:38093875><Red>" killed "{SCG} FaolPlay<133><STEAM_0:1:24520147><Blue>" with "ubersaw" (attacker_position "375 -331 198") (victim_position "368 -270 228")
L 03/21/2014 - 01:01:51: "{BFG} Sabre<79><STEAM_0:1:31072961><Red>" killed "{BFG} Nikdragon<108><STEAM_0:0:78154965><Blue>" with "ubersaw" (attacker_position "-635 -370 64") (victim_position "-683 -356 64")
L 03/21/2014 - 01:01:54: "Fortune the Don<135><STEAM_0:0:33251108><Red>" joined team "Blue"
L 03/21/2014 - 01:01:56: "Persi, the Neko God<12><STEAM_0:1:30286598><Red>" killed "{SCG} PhantomX999<114><STEAM_0:1:13432606><Blue>" with "flamethrower" (attacker_position "-460 12 288") (victim_position "-517 -28 288")
L 03/21/2014 - 01:02:00: "{BFG} Sabre<79><STEAM_0:1:31072961><Red>" triggered "chargedeployed"
L 03/21/2014 - 01:02:13: "Persi, the Neko God<12><STEAM_0:1:30286598><Red>" killed "{SCG} PhantomX999<114><STEAM_0:1:13432606><Blue>" with "flamethrower" (attacker_position "-43 -559 578") (victim_position "-37 -612 654")
L 03/21/2014 - 01:02:16: "{SCG} FaolPlay<133><STEAM_0:1:24520147><Blue>" killed "Blizzard (Sean)áƒ¦<102><STEAM_0:1:47938377><Red>" with "eternal_reward" (customkill "backstab") (attacker_position "-815 -508 288") (victim_position "-815 -556 288")
L 03/21/2014 - 01:02:19: "(void*)FoXX<118><STEAM_0:0:2179002><Red>" killed "JaÃ¼ri, the Laughing Goddess<124><STEAM_0:1:17091633><Blue>" with "loose_cannon_impact" (attacker_position "180 -389 496") (victim_position "70 -404 496")
L 03/21/2014 - 01:02:22: "Blizzard (Sean)áƒ¦<102><STEAM_0:1:47938377><Red>" joined team "Blue"
L 03/21/2014 - 01:02:26: "Myntey<138><STEAM_0:0:33841019><>" entered the game
L 03/21/2014 - 01:02:34: "(void*)FoXX<118><STEAM_0:0:2179002><Red>" killed "Herrocopter<67><STEAM_0:0:50403197><Blue>" with "loose_cannon_impact" (attacker_position "-56 276 480") (victim_position "71 289 480")
L 03/21/2014 - 01:02:35: "Myntey<138><STEAM_0:0:33841019><Unassigned>" joined team "Blue"
L 03/21/2014 - 01:02:35: "Sammicus Panthera Tigris<134><STEAM_0:1:30442114><Red>" killed "JaÃ¼ri, the Laughing Goddess<124><STEAM_0:1:17091633><Blue>" with "degreaser" (attacker_position "-224 -98 288") (victim_position "-326 -251 288")
L 03/21/2014 - 01:02:35: "Zingy Zigzagoon<88><STEAM_0:1:38093875><Red>" triggered "kill assist" against "JaÃ¼ri, the Laughing Goddess<124><STEAM_0:1:17091633><Blue>" (assister_position "-187 -281 288") (attacker_position "-224 -98 288") (victim_position "-326 -251 288")
L 03/21/2014 - 01:02:36: "Myntey<138><STEAM_0:0:33841019><Blue>" changed role to "spy"
L 03/21/2014 - 01:02:36: "Red Pandopticon<119><STEAM_0:0:15629443><Red>" killed "{SCG} PhantomX999<114><STEAM_0:1:13432606><Blue>" with "tf_projectile_arrow" (attacker_position "-205 -379 288") (victim_position "-149 -352 288")
L 03/21/2014 - 01:02:36: "Persi, the Neko God<12><STEAM_0:1:30286598><Red>" triggered "kill assist" against "{SCG} PhantomX999<114><STEAM_0:1:13432606><Blue>" (assister_position "235 -68 288") (attacker_position "-205 -379 288") (victim_position "-149 -352 288")
L 03/21/2014 - 01:02:38: "Gord<132><STEAM_0:1:2327125><Blue>" say "don't ring the bell"
L 03/21/2014 - 01:02:40: "Myntey<138><STEAM_0:0:33841019><Blue>" committed suicide with "world" (attacker_position "259 -1843 53")
L 03/21/2014 - 01:02:42: "Gord<132><STEAM_0:1:2327125><Blue>" say "you have to fight the gargoyles first"
L 03/21/2014 - 01:02:49: "Zingy Zigzagoon<88><STEAM_0:1:38093875><Red>" killed "{SCG} FaolPlay<133><STEAM_0:1:24520147><Blue>" with "ubersaw" (attacker_position "-319 104 480") (victim_position "-337 117 480")
L 03/21/2014 - 01:02:58: "{SCG} Rowdy d(=^ï½¥Ï‰ï½¥^=)b<139><STEAM_0:0:21349373><>" connected, address "69.118.59.219:27005"
L 03/21/2014 - 01:02:58: "{SCG} Rowdy d(=^ï½¥Ï‰ï½¥^=)b<139><STEAM_0:0:21349373><>" STEAM USERID validated
L 03/21/2014 - 01:03:00: "{BFG} Sabre<79><STEAM_0:1:31072961><Red>" killed "{SCG} PhantomX999<114><STEAM_0:1:13432606><Blue>" with "ubersaw" (attacker_position "15 -609 639") (victim_position "22 -612 711")
L 03/21/2014 - 01:03:00: "Zingy Zigzagoon<88><STEAM_0:1:38093875><Red>" triggered "kill assist" against "{SCG} PhantomX999<114><STEAM_0:1:13432606><Blue>" (assister_position "-61 -394 500") (attacker_position "15 -609 639") (victim_position "22 -612 711")
L 03/21/2014 - 01:03:15: "Sammicus Panthera Tigris<134><STEAM_0:1:30442114><Red>" killed "JaÃ¼ri, the Laughing Goddess<124><STEAM_0:1:17091633><Blue>" with "degreaser" (attacker_position "-24 -434 500") (victim_position "-61 -482 496")
L 03/21/2014 - 01:03:15: "Zingy Zigzagoon<88><STEAM_0:1:38093875><Red>" triggered "kill assist" against "JaÃ¼ri, the Laughing Goddess<124><STEAM_0:1:17091633><Blue>" (assister_position "-49 -104 497") (attacker_position "-24 -434 500") (victim_position "-61 -482 496")
L 03/21/2014 - 01:03:24: "{BFG} Sabre<79><STEAM_0:1:31072961><Red>" killed "{SCG} FaolPlay<133><STEAM_0:1:24520147><Blue>" with "blutsauger" (attacker_position "15 -611 639") (victim_position "52 -646 430")
L 03/21/2014 - 01:03:29: "Persi, the Neko God<12><STEAM_0:1:30286598><Red>" killed "Herrocopter<67><STEAM_0:0:50403197><Blue>" with "flamethrower" (attacker_position "307 -22 288") (victim_position "303 -71 288")
L 03/21/2014 - 01:03:31: "(void*)FoXX<118><STEAM_0:0:2179002><Red>" killed "{SCG} PhantomX999<114><STEAM_0:1:13432606><Blue>" with "loose_cannon" (attacker_position "62 176 480") (victim_position "-4 -567 496")
L 03/21/2014 - 01:03:31: "Persi, the Neko God<12><STEAM_0:1:30286598><Red>" triggered "kill assist" against "{SCG} PhantomX999<114><STEAM_0:1:13432606><Blue>" (assister_position "-11 0 292") (attacker_position "62 176 480") (victim_position "-4 -567 496")
L 03/21/2014 - 01:03:31: "Persi, the Neko God<12><STEAM_0:1:30286598><Red>" triggered "domination" against "{SCG} PhantomX999<114><STEAM_0:1:13432606><Blue>" (assist "1")
L 03/21/2014 - 01:03:37: "The Mutagen(unstable)<89><STEAM_0:0:49010827><Red>" killed "{BFG} Nikdragon<108><STEAM_0:0:78154965><Blue>" with "bleed_kill" (attacker_position "-616 270 480") (victim_position "-1006 -167 480")
L 03/21/2014 - 01:03:37: "The Mutagen(unstable)<89><STEAM_0:0:49010827><Red>" killed "Myntey<138><STEAM_0:0:33841019><Blue>" with "tribalkukri" (attacker_position "-619 221 480") (victim_position "-667 253 480")
L 03/21/2014 - 01:03:38: "Persi, the Neko God<12><STEAM_0:1:30286598><Red>" killed "Fortune the Don<135><STEAM_0:0:33251108><Blue>" with "flamethrower" (attacker_position "-283 -130 288") (victim_position "-340 -258 340")
L 03/21/2014 - 01:03:43: "The Mutagen(unstable)<89><STEAM_0:0:49010827><Red>" killed "JaÃ¼ri, the Laughing Goddess<124><STEAM_0:1:17091633><Blue>" with "tribalkukri" (attacker_position "-88 -191 720") (victim_position "-56 -133 720")
L 03/21/2014 - 01:03:47: "{BFG} Sabre<79><STEAM_0:1:31072961><Red>" triggered "chargedeployed"
L 03/21/2014 - 01:03:55: "(void*)FoXX<118><STEAM_0:0:2179002><Red>" killed "Blizzard (Sean)áƒ¦<102><STEAM_0:1:47938377><Blue>" with "loose_cannon_impact" (attacker_position "-123 -398 534") (victim_position "-114 -487 574")
L 03/21/2014 - 01:03:55: "{BFG} Sabre<79><STEAM_0:1:31072961><Red>" triggered "kill assist" against "Blizzard (Sean)áƒ¦<102><STEAM_0:1:47938377><Blue>" (assister_position "-206 -129 288") (attacker_position "-123 -398 534") (victim_position "-114 -487 574")
L 03/21/2014 - 01:04:02: "{SCG} Rowdy d(=^ï½¥Ï‰ï½¥^=)b<139><STEAM_0:0:21349373><>" entered the game
L 03/21/2014 - 01:04:02: "Red Pandopticon<119><STEAM_0:0:15629443><Red>" killed "Herrocopter<67><STEAM_0:0:50403197><Blue>" with "tf_projectile_arrow" (attacker_position "85 311 480") (victim_position "-48 -383 500")
L 03/21/2014 - 01:04:02: "{BFG} Sabre<79><STEAM_0:1:31072961><Red>" triggered "kill assist" against "Herrocopter<67><STEAM_0:0:50403197><Blue>" (assister_position "-97 311 480") (attacker_position "85 311 480") (victim_position "-48 -383 500")
L 03/21/2014 - 01:04:03: "(void*)FoXX<118><STEAM_0:0:2179002><Red>" killed "{SCG} FaolPlay<133><STEAM_0:1:24520147><Blue>" with "loose_cannon_impact" (attacker_position "88 162 480") (victim_position "-61 101 485")
L 03/21/2014 - 01:04:03: "Zingy Zigzagoon<88><STEAM_0:1:38093875><Red>" triggered "kill assist" against "{SCG} FaolPlay<133><STEAM_0:1:24520147><Blue>" (assister_position "87 254 480") (attacker_position "88 162 480") (victim_position "-61 101 485")
L 03/21/2014 - 01:04:10: "{SCG} Rowdy d(=^ï½¥Ï‰ï½¥^=)b<139><STEAM_0:0:21349373><Unassigned>" joined team "Blue"
L 03/21/2014 - 01:04:10: "(void*)FoXX<118><STEAM_0:0:2179002><Red>" killed "{SCG} PhantomX999<114><STEAM_0:1:13432606><Blue>" with "loose_cannon_impact" (attacker_position "119 143 480") (victim_position "-158 148 480")
L 03/21/2014 - 01:04:11: "{SCG} Rowdy d(=^ï½¥Ï‰ï½¥^=)b<139><STEAM_0:0:21349373><Blue>" changed role to "pyro"
L 03/21/2014 - 01:04:17: "Sammicus Panthera Tigris<134><STEAM_0:1:30442114><Red>" killed "Herrocopter<67><STEAM_0:0:50403197><Blue>" with "degreaser" (attacker_position "-38 0 288") (victim_position "9 -8 288")
L 03/21/2014 - 01:04:19: "{SCG} PhantomX999<114><STEAM_0:1:13432606><Blue>" say "!zf"
L 03/21/2014 - 01:04:20: "JaÃ¼ri, the Laughing Goddess<124><STEAM_0:1:17091633><Blue>" killed "Sammicus Panthera Tigris<134><STEAM_0:1:30442114><Red>" with "knife" (attacker_position "-323 -29 288") (victim_position "-302 23 288")
L 03/21/2014 - 01:04:22: "Herrocopter<67><STEAM_0:0:50403197><Blue>" changed role to "heavyweapons"
L 03/21/2014 - 01:04:26: "Sammicus Panthera Tigris<134><STEAM_0:1:30442114><Red>" joined team "Blue"
L 03/21/2014 - 01:04:26: "(void*)FoXX<118><STEAM_0:0:2179002><Red>" killed "Blizzard (Sean)áƒ¦<102><STEAM_0:1:47938377><Blue>" with "loose_cannon_impact" (attacker_position "-20 -487 496") (victim_position "110 -485 504")
L 03/21/2014 - 01:04:29: "Red Pandopticon<119><STEAM_0:0:15629443><Red>" killed "Fortune the Don<135><STEAM_0:0:33251108><Blue>" with "tf_projectile_arrow" (attacker_position "54 259 480") (victim_position "-5 -425 500")
L 03/21/2014 - 01:04:30: "Sammicus Panthera Tigris<134><STEAM_0:1:30442114><Blue>" changed role to "scout"
L 03/21/2014 - 01:04:32: "Red Pandopticon<119><STEAM_0:0:15629443><Red>" killed "{SCG} Rowdy d(=^ï½¥Ï‰ï½¥^=)b<139><STEAM_0:0:21349373><Blue>" with "tf_projectile_arrow" (attacker_position "13 242 480") (victim_position "-51 -99 497")
L 03/21/2014 - 01:04:32: "Persi, the Neko God<12><STEAM_0:1:30286598><Red>" triggered "kill assist" against "{SCG} Rowdy d(=^ï½¥Ï‰ï½¥^=)b<139><STEAM_0:0:21349373><Blue>" (assister_position "-55 -36 489") (attacker_position "13 242 480") (victim_position "-51 -99 497")
L 03/21/2014 - 01:04:35: "(void*)FoXX<118><STEAM_0:0:2179002><Red>" killed "JaÃ¼ri, the Laughing Goddess<124><STEAM_0:1:17091633><Blue>" with "loose_cannon_impact" (attacker_position "119 229 480") (victim_position "-57 82 485")
L 03/21/2014 - 01:04:35: "Persi, the Neko God<12><STEAM_0:1:30286598><Red>" triggered "kill assist" against "JaÃ¼ri, the Laughing Goddess<124><STEAM_0:1:17091633><Blue>" (assister_position "76 165 480") (attacker_position "119 229 480") (victim_position "-57 82 485")
L 03/21/2014 - 01:04:35: "Persi, the Neko God<12><STEAM_0:1:30286598><Red>" killed "Gord<132><STEAM_0:1:2327125><Blue>" with "flamethrower" (attacker_position "40 249 480") (victim_position "-196 137 562")
L 03/21/2014 - 01:04:35: "{BFG} Sabre<79><STEAM_0:1:31072961><Red>" triggered "kill assist" against "Gord<132><STEAM_0:1:2327125><Blue>" (assister_position "-178 151 480") (attacker_position "40 249 480") (victim_position "-196 137 562")
L 03/21/2014 - 01:04:39: "Red Pandopticon<119><STEAM_0:0:15629443><Red>" killed "Herrocopter<67><STEAM_0:0:50403197><Blue>" with "tf_projectile_arrow" (attacker_position "-119 310 480") (victim_position "-33 -369 499")
L 03/21/2014 - 01:04:39: "Persi, the Neko God<12><STEAM_0:1:30286598><Red>" killed "{SCG} PhantomX999<114><STEAM_0:1:13432606><Blue>" with "flamethrower" (attacker_position "15 124 480") (victim_position "115 -34 288")
L 03/21/2014 - 01:04:39: "Persi, the Neko God<12><STEAM_0:1:30286598><Red>" killed "{SCG} FaolPlay<133><STEAM_0:1:24520147><Blue>" with "flamethrower" (attacker_position "64 262 480") (victim_position "-9 130 480")
L 03/21/2014 - 01:04:41: "{SCG} PhantomX999<114><STEAM_0:1:13432606><Blue>" say "!zf"
L 03/21/2014 - 01:04:42: "Gord<132><STEAM_0:1:2327125><Blue>" changed role to "heavyweapons"
L 03/21/2014 - 01:04:43: "The Mutagen(unstable)<89><STEAM_0:0:49010827><Red>" killed "Myntey<138><STEAM_0:0:33841019><Blue>" with "bleed_kill" (attacker_position "1509 -119 288") (victim_position "1413 -168 288")
L 03/21/2014 - 01:04:45: "Gord<132><STEAM_0:1:2327125><Blue>" say "!zf"
L 03/21/2014 - 01:04:54: "Blizzard (Sean)áƒ¦<102><STEAM_0:1:47938377><Blue>" say "Join the dark side we have ruffies"
L 03/21/2014 - 01:04:56: "The Mutagen(unstable)<89><STEAM_0:0:49010827><Red>" killed "JaÃ¼ri, the Laughing Goddess<124><STEAM_0:1:17091633><Blue>" with "sniperrifle" (customkill "headshot") (attacker_position "1955 -103 288") (victim_position "-353 36 288")
L 03/21/2014 - 01:04:56: "(void*)FoXX<118><STEAM_0:0:2179002><Red>" killed "Sammicus Panthera Tigris<134><STEAM_0:1:30442114><Blue>" with "loose_cannon_impact" (attacker_position "-25 166 480") (victim_position "-85 -177 497")
L 03/21/2014 - 01:04:56: "Zingy Zigzagoon<88><STEAM_0:1:38093875><Red>" triggered "kill assist" against "Sammicus Panthera Tigris<134><STEAM_0:1:30442114><Blue>" (assister_position "75 290 480") (attacker_position "-25 166 480") (victim_position "-85 -177 497")
L 03/21/2014 - 01:04:59: "JaÃ¼ri, the Laughing Goddess<124><STEAM_0:1:17091633><Blue>" say "wot"
L 03/21/2014 - 01:04:59: "Persi, the Neko God<12><STEAM_0:1:30286598><Red>" killed "Herrocopter<67><STEAM_0:0:50403197><Blue>" with "flamethrower" (attacker_position "302 -41 288") (victim_position "356 -105 288")
L 03/21/2014 - 01:05:01: "Persi, the Neko God<12><STEAM_0:1:30286598><Red>" killed "{SCG} FaolPlay<133><STEAM_0:1:24520147><Blue>" with "flamethrower" (attacker_position "-136 -35 288") (victim_position "2 -41 288")
L 03/21/2014 - 01:05:04: "{SCG} Rowdy d(=^ï½¥Ï‰ï½¥^=)b<139><STEAM_0:0:21349373><Blue>" say "'?(Â´ï½¥Ï‰ï½¥`)ØŸ' Happy Crux days!"
L 03/21/2014 - 01:05:06: "Persi, the Neko God<12><STEAM_0:1:30286598><Red>" killed "{SCG} PhantomX999<114><STEAM_0:1:13432606><Blue>" with "flamethrower" (attacker_position "-22 45 544") (victim_position "3 -241 121")
L 03/21/2014 - 01:05:06: "Zingy Zigzagoon<88><STEAM_0:1:38093875><Red>" triggered "kill assist" against "{SCG} PhantomX999<114><STEAM_0:1:13432606><Blue>" (assister_position "25 150 480") (attacker_position "-22 45 544") (victim_position "3 -241 121")
L 03/21/2014 - 01:05:07: "{BFG} Sabre<79><STEAM_0:1:31072961><Red>" killed "Gord<132><STEAM_0:1:2327125><Blue>" with "blutsauger" (attacker_position "-65 262 480") (victim_position "-45 -82 497")
L 03/21/2014 - 01:05:07: "Persi, the Neko God<12><STEAM_0:1:30286598><Red>" triggered "kill assist" against "Gord<132><STEAM_0:1:2327125><Blue>" (assister_position "90 237 480") (attacker_position "-65 262 480") (victim_position "-45 -82 497")
L 03/21/2014 - 01:05:14: "{SCG} PhantomX999<114><STEAM_0:1:13432606><Blue>" changed role to "spy"
L 03/21/2014 - 01:05:14: "(void*)FoXX<118><STEAM_0:0:2179002><Red>" killed "Blizzard (Sean)áƒ¦<102><STEAM_0:1:47938377><Blue>" with "loose_cannon" (attacker_position "53 197 480") (victim_position "119 -567 568")
L 03/21/2014 - 01:05:14: "Zingy Zigzagoon<88><STEAM_0:1:38093875><Red>" triggered "kill assist" against "Blizzard (Sean)áƒ¦<102><STEAM_0:1:47938377><Blue>" (assister_position "78 244 480") (attacker_position "53 197 480") (victim_position "119 -567 568")
L 03/21/2014 - 01:05:16: "JaÃ¼ri, the Laughing Goddess<124><STEAM_0:1:17091633><Blue>" killed "The Mutagen(unstable)<89><STEAM_0:0:49010827><Red>" with "knife" (customkill "backstab") (attacker_position "1857 -169 288") (victim_position "1905 -123 288")
L 03/21/2014 - 01:05:19: "Red Pandopticon<119><STEAM_0:0:15629443><Red>" killed "{SCG} Rowdy d(=^ï½¥Ï‰ï½¥^=)b<139><STEAM_0:0:21349373><Blue>" with "tf_projectile_arrow" (attacker_position "-36 311 480") (victim_position "-15 -269 498")
L 03/21/2014 - 01:05:19: "Zingy Zigzagoon<88><STEAM_0:1:38093875><Red>" triggered "kill assist" against "{SCG} Rowdy d(=^ï½¥Ï‰ï½¥^=)b<139><STEAM_0:0:21349373><Blue>" (assister_position "54 311 480") (attacker_position "-36 311 480") (victim_position "-15 -269 498")
L 03/21/2014 - 01:05:21: "Persi, the Neko God<12><STEAM_0:1:30286598><Red>" killed "Herrocopter<67><STEAM_0:0:50403197><Blue>" with "flamethrower" (attacker_position "-64 -53 490") (victim_position "-60 -160 498")
L 03/21/2014 - 01:05:21: "(void*)FoXX<118><STEAM_0:0:2179002><Red>" triggered "kill assist" against "Herrocopter<67><STEAM_0:0:50403197><Blue>" (assister_position "77 198 480") (attacker_position "-64 -53 490") (victim_position "-60 -160 498")
L 03/21/2014 - 01:05:22: "The Mutagen(unstable)<89><STEAM_0:0:49010827><Red>" joined team "Blue"
L 03/21/2014 - 01:05:24: "Blizzard (Sean)áƒ¦<102><STEAM_0:1:47938377><Blue>" say "!zf"
L 03/21/2014 - 01:05:26: "The Mutagen(unstable)<89><STEAM_0:0:49010827><Blue>" changed role to "scout"
L 03/21/2014 - 01:05:31: "Persi, the Neko God<12><STEAM_0:1:30286598><Red>" killed "JaÃ¼ri, the Laughing Goddess<124><STEAM_0:1:17091633><Blue>" with "flamethrower" (attacker_position "43 177 480") (victim_position "-217 112 480")
L 03/21/2014 - 01:05:31: "Blizzard (Sean)áƒ¦<102><STEAM_0:1:47938377><Blue>" committed suicide with "world" (attacker_position "149 584 -127")
L 03/21/2014 - 01:05:33: "{BFG} Sabre<79><STEAM_0:1:31072961><Red>" killed "{SCG} Rowdy d(=^ï½¥Ï‰ï½¥^=)b<139><STEAM_0:0:21349373><Blue>" with "blutsauger" (attacker_position "64 103 480") (victim_position "221 -143 313")
L 03/21/2014 - 01:05:33: "Zingy Zigzagoon<88><STEAM_0:1:38093875><Red>" triggered "kill assist" against "{SCG} Rowdy d(=^ï½¥Ï‰ï½¥^=)b<139><STEAM_0:0:21349373><Blue>" (assister_position "119 311 480") (attacker_position "64 103 480") (victim_position "221 -143 313")
L 03/21/2014 - 01:05:35: "Zingy Zigzagoon<88><STEAM_0:1:38093875><Red>" triggered "chargedeployed"
L 03/21/2014 - 01:05:38: "Red Pandopticon<119><STEAM_0:0:15629443><Red>" killed "{SCG} FaolPlay<133><STEAM_0:1:24520147><Blue>" with "bushwacka" (attacker_position "-19 201 480") (victim_position "-35 269 480")
L 03/21/2014 - 01:05:38: "Zingy Zigzagoon<88><STEAM_0:1:38093875><Red>" triggered "kill assist" against "{SCG} FaolPlay<133><STEAM_0:1:24520147><Blue>" (assister_position "82 229 480") (attacker_position "-19 201 480") (victim_position "-35 269 480")
L 03/21/2014 - 01:05:38: "Zingy Zigzagoon<88><STEAM_0:1:38093875><Red>" triggered "domination" against "{SCG} FaolPlay<133><STEAM_0:1:24520147><Blue>" (assist "1")
L 03/21/2014 - 01:05:39: "Persi, the Neko God<12><STEAM_0:1:30286598><Red>" killed "The Mutagen(unstable)<89><STEAM_0:0:49010827><Blue>" with "flamethrower" (attacker_position "-70 -380 64") (victim_position "89 -275 64")
L 03/21/2014 - 01:05:40: "Persi, the Neko God<12><STEAM_0:1:30286598><Red>" killed "Herrocopter<67><STEAM_0:0:50403197><Blue>" with "flamethrower" (attacker_position "122 -187 64") (victim_position "103 -460 64")
L 03/21/2014 - 01:05:40: "Persi, the Neko God<12><STEAM_0:1:30286598><Red>" triggered "domination" against "Herrocopter<67><STEAM_0:0:50403197><Blue>"
L 03/21/2014 - 01:05:41: "Persi, the Neko God<12><STEAM_0:1:30286598><Red>" killed "Gord<132><STEAM_0:1:2327125><Blue>" with "flamethrower" (attacker_position "128 -439 76") (victim_position "161 -312 64")
L 03/21/2014 - 01:05:42: "Red Pandopticon<119><STEAM_0:0:15629443><Red>" killed "Fortune the Don<135><STEAM_0:0:33251108><Blue>" with "bushwacka" (attacker_position "-100 133 484") (victim_position "-84 48 486")
L 03/21/2014 - 01:05:42: "Zingy Zigzagoon<88><STEAM_0:1:38093875><Red>" triggered "kill assist" against "Fortune the Don<135><STEAM_0:0:33251108><Blue>" (assister_position "104 305 480") (attacker_position "-100 133 484") (victim_position "-84 48 486")
L 03/21/2014 - 01:05:42: "Blizzard (Sean)áƒ¦<102><STEAM_0:1:47938377><Blue>" say "!zf"
L 03/21/2014 - 01:05:45: "Red Pandopticon<119><STEAM_0:0:15629443><Red>" triggered "jarate_attack" against "Myntey<138><STEAM_0:0:33841019><Blue>" with "tf_weapon_jar" (attacker_position "-75 310 480") (victim_position "71 216 480")
L 03/21/2014 - 01:05:46: "Red Pandopticon<119><STEAM_0:0:15629443><Red>" killed "Myntey<138><STEAM_0:0:33841019><Blue>" with "bushwacka" (attacker_position "97 311 480") (victim_position "90 263 480")
L 03/21/2014 - 01:05:46: "Zingy Zigzagoon<88><STEAM_0:1:38093875><Red>" triggered "kill assist" against "Myntey<138><STEAM_0:0:33841019><Blue>" (assister_position "-119 310 480") (attacker_position "97 311 480") (victim_position "90 263 480")
L 03/21/2014 - 01:05:49: "Zingy Zigzagoon<88><STEAM_0:1:38093875><Red>" killed "Sammicus Panthera Tigris<134><STEAM_0:1:30442114><Blue>" with "ubersaw" (attacker_position "0 232 480") (victim_position "27 257 480")
L 03/21/2014 - 01:05:49: "(void*)FoXX<118><STEAM_0:0:2179002><Red>" triggered "kill assist" against "Sammicus Panthera Tigris<134><STEAM_0:1:30442114><Blue>" (assister_position "253 -439 496") (attacker_position "0 232 480") (victim_position "27 257 480")
L 03/21/2014 - 01:05:51: "Persi, the Neko God<12><STEAM_0:1:30286598><Red>" triggered "player_extinguished" against "Zingy Zigzagoon<88><STEAM_0:1:38093875><Red>" with "tf_weapon_flamethrower" (attacker_position "-60 78 485") (victim_position "-12 311 480")
L 03/21/2014 - 01:05:51: "Persi, the Neko God<12><STEAM_0:1:30286598><Red>" triggered "player_extinguished" against "Red Pandopticon<119><STEAM_0:0:15629443><Red>" with "tf_weapon_flamethrower" (attacker_position "-60 78 485") (victim_position "56 271 480")
L 03/21/2014 - 01:05:55: "Persi, the Neko God<12><STEAM_0:1:30286598><Red>" killed "{SCG} Rowdy d(=^ï½¥Ï‰ï½¥^=)b<139><STEAM_0:0:21349373><Blue>" with "flamethrower" (attacker_position "-52 -95 497") (victim_position "-33 -396 500")
L 03/21/2014 - 01:05:55: "Zingy Zigzagoon<88><STEAM_0:1:38093875><Red>" triggered "kill assist" against "{SCG} Rowdy d(=^ï½¥Ï‰ï½¥^=)b<139><STEAM_0:0:21349373><Blue>" (assister_position "89 272 480") (attacker_position "-52 -95 497") (victim_position "-33 -396 500")
L 03/21/2014 - 01:05:55: "(void*)FoXX<118><STEAM_0:0:2179002><Red>" killed "The Mutagen(unstable)<89><STEAM_0:0:49010827><Blue>" with "loose_cannon_impact" (attacker_position "253 -439 496") (victim_position "205 -439 496")
L 03/21/2014 - 01:06:00: "Blizzard (Sean)áƒ¦<102><STEAM_0:1:47938377><Blue>" committed suicide with "world" (attacker_position "321 104 70")
L 03/21/2014 - 01:06:01: "Gord<132><STEAM_0:1:2327125><Blue>" say "it was a dark souls joke :p"
L 03/21/2014 - 01:06:02: "(void*)FoXX<118><STEAM_0:0:2179002><Red>" killed "JaÃ¼ri, the Laughing Goddess<124><STEAM_0:1:17091633><Blue>" with "loose_cannon_impact" (attacker_position "23 311 480") (victim_position "-27 311 480")
L 03/21/2014 - 01:06:02: "Zingy Zigzagoon<88><STEAM_0:1:38093875><Red>" triggered "kill assist" against "JaÃ¼ri, the Laughing Goddess<124><STEAM_0:1:17091633><Blue>" (assister_position "119 311 480") (attacker_position "23 311 480") (victim_position "-27 311 480")
L 03/21/2014 - 01:06:12: "Persi, the Neko God<12><STEAM_0:1:30286598><Red>" killed "The Mutagen(unstable)<89><STEAM_0:0:49010827><Blue>" with "flamethrower" (attacker_position "-51 -189 498") (victim_position "-33 -326 499")
L 03/21/2014 - 01:06:12: "Zingy Zigzagoon<88><STEAM_0:1:38093875><Red>" triggered "kill assist" against "The Mutagen(unstable)<89><STEAM_0:0:49010827><Blue>" (assister_position "97 298 480") (attacker_position "-51 -189 498") (victim_position "-33 -326 499")
L 03/21/2014 - 01:06:15: "(void*)FoXX<118><STEAM_0:0:2179002><Red>" killed "Gord<132><STEAM_0:1:2327125><Blue>" with "fryingpan" (attacker_position "-44 8 488") (victim_position "-85 -75 493")
L 03/21/2014 - 01:06:15: "Persi, the Neko God<12><STEAM_0:1:30286598><Red>" triggered "kill assist" against "Gord<132><STEAM_0:1:2327125><Blue>" (assister_position "-14 125 480") (attacker_position "-44 8 488") (victim_position "-85 -75 493")
L 03/21/2014 - 01:06:15: "Persi, the Neko God<12><STEAM_0:1:30286598><Red>" triggered "domination" against "Gord<132><STEAM_0:1:2327125><Blue>" (assist "1")
L 03/21/2014 - 01:06:15: "Zingy Zigzagoon<88><STEAM_0:1:38093875><Red>" triggered "chargedeployed"
L 03/21/2014 - 01:06:17: "Persi, the Neko God<12><STEAM_0:1:30286598><Red>" killed "Fortune the Don<135><STEAM_0:0:33251108><Blue>" with "flamethrower" (attacker_position "-33 -175 498") (victim_position "-38 -320 499")
L 03/21/2014 - 01:06:18: "Persi, the Neko God<12><STEAM_0:1:30286598><Red>" killed "Herrocopter<67><STEAM_0:0:50403197><Blue>" with "flamethrower" (attacker_position "-27 -178 498") (victim_position "-56 -311 499")
L 03/21/2014 - 01:06:18: "Zingy Zigzagoon<88><STEAM_0:1:38093875><Red>" triggered "kill assist" against "Herrocopter<67><STEAM_0:0:50403197><Blue>" (assister_position "-24 -46 488") (attacker_position "-27 -178 498") (victim_position "-56 -311 499")
L 03/21/2014 - 01:06:21: "Red Pandopticon<119><STEAM_0:0:15629443><Red>" triggered "jarate_attack" against "Myntey<138><STEAM_0:0:33841019><Blue>" with "tf_weapon_jar" (attacker_position "-119 311 480") (victim_position "-55 260 480")
L 03/21/2014 - 01:06:23: "{SCG} FaolPlay<133><STEAM_0:1:24520147><Blue>" killed "(void*)FoXX<118><STEAM_0:0:2179002><Red>" with "eternal_reward" (customkill "backstab") (attacker_position "-114 -1 480") (victim_position "-36 0 488")
L 03/21/2014 - 01:06:24: "Zingy Zigzagoon<88><STEAM_0:1:38093875><Red>" killed "Sammicus Panthera Tigris<134><STEAM_0:1:30442114><Blue>" with "ubersaw" (attacker_position "65 311 480") (victim_position "17 297 480")
L 03/21/2014 - 01:06:25: "Red Pandopticon<119><STEAM_0:0:15629443><Red>" killed "{SCG} FaolPlay<133><STEAM_0:1:24520147><Blue>" with "bushwacka" (attacker_position "-111 289 480") (victim_position "-64 260 480")
L 03/21/2014 - 01:06:28: "Persi, the Neko God<12><STEAM_0:1:30286598><Red>" killed "{SCG} Rowdy d(=^ï½¥Ï‰ï½¥^=)b<139><STEAM_0:0:21349373><Blue>" with "flamethrower" (attacker_position "-66 -182 64") (victim_position "28 -90 321")
L 03/21/2014 - 01:06:29: "JaÃ¼ri, the Laughing Goddess<124><STEAM_0:1:17091633><Blue>" triggered "medic_death" against "{BFG} Sabre<79><STEAM_0:1:31072961><Red>" (healing "79") (ubercharge "0")
L 03/21/2014 - 01:06:29: "JaÃ¼ri, the Laughing Goddess<124><STEAM_0:1:17091633><Blue>" killed "{BFG} Sabre<79><STEAM_0:1:31072961><Red>" with "knife" (customkill "backstab") (attacker_position "1191 -82 288") (victim_position "1149 -78 288")
L 03/21/2014 - 01:06:29: "(void*)FoXX<118><STEAM_0:0:2179002><Red>" joined team "Blue"
L 03/21/2014 - 01:06:29: World triggered "Round_Win" (winner "Red")
L 03/21/2014 - 01:06:29: World triggered "Round_Length" (seconds "325.05")
L 03/21/2014 - 01:06:29: Team "Red" current score "1" with "4" players
L 03/21/2014 - 01:06:29: Team "Blue" current score "4" with "13" players
L 03/21/2014 - 01:06:30: "Persi, the Neko God<12><STEAM_0:1:30286598><Red>" killed "{SCG} PhantomX999<114><STEAM_0:1:13432606><Blue>" with "flamethrower" (attacker_position "-1 -207 64") (victim_position "-15 -116 64")
L 03/21/2014 - 01:06:30: "Red Pandopticon<119><STEAM_0:0:15629443><Red>" killed "Myntey<138><STEAM_0:0:33841019><Blue>" with "bushwacka" (attacker_position "-119 311 480") (victim_position "-116 311 562")
L 03/21/2014 - 01:06:30: "Zingy Zigzagoon<88><STEAM_0:1:38093875><Red>" triggered "kill assist" against "Myntey<138><STEAM_0:0:33841019><Blue>" (assister_position "91 269 480") (attacker_position "-119 311 480") (victim_position "-116 311 562")
L 03/21/2014 - 01:06:32: "{BFG} Sabre<79><STEAM_0:1:31072961><Red>" say "x3"
L 03/21/2014 - 01:06:32: "Sammicus Panthera Tigris<134><STEAM_0:1:30442114><Blue>" triggered "medic_death" against "Zingy Zigzagoon<88><STEAM_0:1:38093875><Red>" (healing "1787") (ubercharge "0")
L 03/21/2014 - 01:06:32: "Sammicus Panthera Tigris<134><STEAM_0:1:30442114><Blue>" killed "Zingy Zigzagoon<88><STEAM_0:1:38093875><Red>" with "flamethrower" (attacker_position "-308 311 -127") (victim_position "-179 130 480")
L 03/21/2014 - 01:06:35: "{BFG} Sabre<79><STEAM_0:1:31072961><Red>" joined team "Blue"
L 03/21/2014 - 01:06:39: "Red Pandopticon<119><STEAM_0:0:15629443><Red>" killed "Herrocopter<67><STEAM_0:0:50403197><Blue>" with "bushwacka" (attacker_position "30 -829 32") (victim_position "64 -781 34")
L 03/21/2014 - 01:06:39: "Persi, the Neko God<12><STEAM_0:1:30286598><Red>" triggered "kill assist" against "Herrocopter<67><STEAM_0:0:50403197><Blue>" (assister_position "104 -894 35") (attacker_position "30 -829 32") (victim_position "64 -781 34")
L 03/21/2014 - 01:06:42: "Persi, the Neko God<12><STEAM_0:1:30286598><Red>" killed "Blizzard (Sean)áƒ¦<102><STEAM_0:1:47938377><Blue>" with "world" (attacker_position "52 -514 64") (victim_position "-2013 1600 -178")
L 03/21/2014 - 01:06:42: "Persi, the Neko God<12><STEAM_0:1:30286598><Red>" killed "{SCG} Rowdy d(=^ï½¥Ï‰ï½¥^=)b<139><STEAM_0:0:21349373><Blue>" with "flamethrower" (attacker_position "48 -511 64") (victim_position "29 -463 64")
L 03/21/2014 - 01:06:42: "Persi, the Neko God<12><STEAM_0:1:30286598><Red>" triggered "domination" against "{SCG} Rowdy d(=^ï½¥Ï‰ï½¥^=)b<139><STEAM_0:0:21349373><Blue>"
L 03/21/2014 - 01:06:44: "The Mutagen(unstable)<89><STEAM_0:0:49010827><Blue>" committed suicide with "world" (attacker_position "2279 1207 -160")
L 03/21/2014 - 01:06:44: World triggered "Round_Start"
L 03/21/2014 - 01:06:44: World triggered "Round_Setup_Begin"
L 03/21/2014 - 01:06:44: "The Mutagen(unstable)<89><STEAM_0:0:49010827><Blue>" joined team "Red"
L 03/21/2014 - 01:06:44: "{SCG} Rowdy d(=^ï½¥Ï‰ï½¥^=)b<139><STEAM_0:0:21349373><Blue>" joined team "Red"
L 03/21/2014 - 01:06:44: "Sammicus Panthera Tigris<134><STEAM_0:1:30442114><Blue>" joined team "Red"
L 03/21/2014 - 01:06:44: "Herrocopter<67><STEAM_0:0:50403197><Blue>" joined team "Red"
L 03/21/2014 - 01:06:44: "Gord<132><STEAM_0:1:2327125><Blue>" joined team "Red"
L 03/21/2014 - 01:06:44: "{BFG} Nikdragon<108><STEAM_0:0:78154965><Blue>" joined team "Red"
L 03/21/2014 - 01:06:44: "Blizzard (Sean)áƒ¦<102><STEAM_0:1:47938377><Blue>" joined team "Red"
L 03/21/2014 - 01:06:44: "{BFG} Sabre<79><STEAM_0:1:31072961><Blue>" joined team "Red"
L 03/21/2014 - 01:06:44: "Fortune the Don<135><STEAM_0:0:33251108><Blue>" joined team "Red"
L 03/21/2014 - 01:06:45: "Zingy Zigzagoon<88><STEAM_0:1:38093875><Red>" joined team "Blue"
L 03/21/2014 - 01:06:48: "Herrocopter<67><STEAM_0:0:50403197><Red>" changed role to "demoman"
L 03/21/2014 - 01:06:49: "Sammicus Panthera Tigris<134><STEAM_0:1:30442114><Red>" changed role to "pyro"
L 03/21/2014 - 01:06:51: "Zingy Zigzagoon<88><STEAM_0:1:38093875><Blue>" changed role to "spy"
L 03/21/2014 - 01:06:51: "{SCG} PhantomX999<114><STEAM_0:1:13432606><Blue>" say "rtv"
L 03/21/2014 - 01:06:52: "The Mutagen(unstable)<89><STEAM_0:0:49010827><Red>" changed role to "sniper"
L 03/21/2014 - 01:06:52: "Fortune the Don<135><STEAM_0:0:33251108><Red>" changed role to "heavyweapons"
L 03/21/2014 - 01:06:54: "JaÃ¼ri, the Laughing Goddess<124><STEAM_0:1:17091633><Blue>" say "rtv"
L 03/21/2014 - 01:06:54: "Herrocopter<67><STEAM_0:0:50403197><Red>" changed role to "engineer"
L 03/21/2014 - 01:06:54: "Fortune the Don<135><STEAM_0:0:33251108><Red>" changed role to "engineer"
L 03/21/2014 - 01:06:55: "Zingy Zigzagoon<88><STEAM_0:1:38093875><Blue>" committed suicide with "world" (attacker_position "1236 -1801 66")
L 03/21/2014 - 01:06:59: "Fortune the Don<135><STEAM_0:0:33251108><Red>" say "!zf"
L 03/21/2014 - 01:06:59: "{SCG} PhantomX999<114><STEAM_0:1:13432606><Blue>" say "!zf"
L 03/21/2014 - 01:07:09: "Gord<132><STEAM_0:1:2327125><Red>" say "the objective-based zombie fortress like expedition is fine"
L 03/21/2014 - 01:07:10: World triggered "Round_Setup_End"
L 03/21/2014 - 01:07:13: "Fortune the Don<135><STEAM_0:0:33251108><Red>" triggered "builtobject" (object "OBJ_SENTRYGUN") (position "104 -384 64")
L 03/21/2014 - 01:07:14: "Herrocopter<67><STEAM_0:0:50403197><Red>" triggered "builtobject" (object "OBJ_SENTRYGUN") (position "38 165 480")
L 03/21/2014 - 01:07:16: "Gord<132><STEAM_0:1:2327125><Red>" say "this map is bollocks"
L 03/21/2014 - 01:07:17: "Herrocopter<67><STEAM_0:0:50403197><Red>" triggered "builtobject" (object "OBJ_DISPENSER") (position "-17 264 480")
L 03/21/2014 - 01:07:17: "{BFG} Nikdragon<108><STEAM_0:0:78154965><Red>" say "!zf"
L 03/21/2014 - 01:07:21: "Herrocopter<67><STEAM_0:0:50403197><Red>" killed "{SCG} FaolPlay<133><STEAM_0:1:24520147><Blue>" with "obj_minisentry" (attacker_position "79 226 480") (victim_position "375 -80 364")
L 03/21/2014 - 01:07:21: "Fortune the Don<135><STEAM_0:0:33251108><Red>" triggered "kill assist" against "{SCG} FaolPlay<133><STEAM_0:1:24520147><Blue>" (assister_position "-197 16 288") (attacker_position "79 226 480") (victim_position "375 -80 364")
L 03/21/2014 - 01:07:22: "sK|LordRascus (CLN)<136><STEAM_0:1:51473636><>" entered the game
L 03/21/2014 - 01:07:27: "Persi, the Neko God<12><STEAM_0:1:30286598><Red>" killed "Zingy Zigzagoon<88><STEAM_0:1:38093875><Blue>" with "flamethrower" (attacker_position "-41 -68 288") (victim_position "114 -53 288")
L 03/21/2014 - 01:07:27: "Fortune the Don<135><STEAM_0:0:33251108><Red>" triggered "kill assist" against "Zingy Zigzagoon<88><STEAM_0:1:38093875><Blue>" (assister_position "102 -546 396") (attacker_position "-41 -68 288") (victim_position "114 -53 288")
L 03/21/2014 - 01:07:31: "{SCG} FaolPlay<133><STEAM_0:1:24520147><Blue>" say "your dick is bollocks"
L 03/21/2014 - 01:07:33: "Fortune the Don<135><STEAM_0:0:33251108><Red>" triggered "builtobject" (object "OBJ_DISPENSER") (position "64 230 480")
L 03/21/2014 - 01:07:35: "(void*)FoXX<118><STEAM_0:0:2179002><Blue>" killed "{BFG} Sabre<79><STEAM_0:1:31072961><Red>" with "knife" (customkill "backstab") (attacker_position "-131 701 128") (victim_position "-157 624 128")
L 03/21/2014 - 01:07:40: "Gord<132><STEAM_0:1:2327125><Red>" say "yes? :c"
L 03/21/2014 - 01:07:41: "{BFG} Sabre<79><STEAM_0:1:31072961><Red>" joined team "Blue"
L 03/21/2014 - 01:07:44: "{BFG} Nikdragon<108><STEAM_0:0:78154965><Red>" killed "{SCG} PhantomX999<114><STEAM_0:1:13432606><Blue>" with "amputator" (attacker_position "184 104 288") (victim_position "184 152 288")
L 03/21/2014 - 01:07:49: "Herrocopter<67><STEAM_0:0:50403197><Red>" triggered "killedobject" (object "OBJ_DISPENSER") (weapon "pda_engineer") (objectowner "Herrocopter<67><STEAM_0:0:50403197><Red>") (attacker_position "-23 306 480")
L 03/21/2014 - 01:07:52: "Fortune the Don<135><STEAM_0:0:33251108><Red>" triggered "killedobject" (object "OBJ_SENTRYGUN") (weapon "pda_engineer") (objectowner "Fortune the Don<135><STEAM_0:0:33251108><Red>") (attacker_position "119 133 480")
L 03/21/2014 - 01:07:56: "Blizzard (Sean)áƒ¦<102><STEAM_0:1:47938377><Red>" killed "{SCG} FaolPlay<133><STEAM_0:1:24520147><Blue>" with "sword" (attacker_position "-1074 -1099 51") (victim_position "-1024 -1076 114")
L 03/21/2014 - 01:07:57: "Fortune the Don<135><STEAM_0:0:33251108><Red>" triggered "builtobject" (object "OBJ_SENTRYGUN") (position "50 -396 64")
L 03/21/2014 - 01:07:57: "Herrocopter<67><STEAM_0:0:50403197><Red>" triggered "builtobject" (object "OBJ_SENTRYGUN") (position "21 255 480")
L 03/21/2014 - 01:08:03: "{BFG} Nikdragon<108><STEAM_0:0:78154965><Red>" say "!zf"
L 03/21/2014 - 01:08:05: "Gord<132><STEAM_0:1:2327125><Red>" say "but i'm not a zombie"
L 03/21/2014 - 01:08:18: "Herrocopter<67><STEAM_0:0:50403197><Red>" triggered "builtobject" (object "OBJ_SENTRYGUN") (position "11 -491 496")
L 03/21/2014 - 01:08:21: "{SCG} Rowdy d(=^ï½¥Ï‰ï½¥^=)b<139><STEAM_0:0:21349373><Red>" killed "{SCG} FaolPlay<133><STEAM_0:1:24520147><Blue>" with "ham_shank" (attacker_position "121 -364 64") (victim_position "172 -359 107")
L 03/21/2014 - 01:08:23: "Gord<132><STEAM_0:1:2327125><Red>" killed "Zingy Zigzagoon<88><STEAM_0:1:38093875><Blue>" with "tf_projectile_rocket" (attacker_position "9 127 480") (victim_position "-61 151 523")
L 03/21/2014 - 01:08:23: "Sammicus Panthera Tigris<134><STEAM_0:1:30442114><Red>" triggered "kill assist" against "Zingy Zigzagoon<88><STEAM_0:1:38093875><Blue>" (assister_position "-13 221 480") (attacker_position "9 127 480") (victim_position "-61 151 523")
L 03/21/2014 - 01:08:23: "Sammicus Panthera Tigris<134><STEAM_0:1:30442114><Red>" killed "JaÃ¼ri, the Laughing Goddess<124><STEAM_0:1:17091633><Blue>" with "degreaser" (attacker_position "-65 174 480") (victim_position "-247 115 480")
L 03/21/2014 - 01:08:23: "Gord<132><STEAM_0:1:2327125><Red>" triggered "kill assist" against "JaÃ¼ri, the Laughing Goddess<124><STEAM_0:1:17091633><Blue>" (assister_position "65 121 480") (attacker_position "-65 174 480") (victim_position "-247 115 480")
L 03/21/2014 - 01:08:23: "sK|LordRascus (CLN)<136><STEAM_0:1:51473636><Unassigned>" joined team "Blue"
L 03/21/2014 - 01:08:32: "{SCG} Rowdy d(=^ï½¥Ï‰ï½¥^=)b<139><STEAM_0:0:21349373><Red>" killed "{SCG} PhantomX999<114><STEAM_0:1:13432606><Blue>" with "bazaar_bargain" (attacker_position "103 796 128") (victim_position "-194 752 167")
L 03/21/2014 - 01:08:32: "{BFG} Nikdragon<108><STEAM_0:0:78154965><Red>" triggered "kill assist" against "{SCG} PhantomX999<114><STEAM_0:1:13432606><Blue>" (assister_position "116 855 162") (attacker_position "103 796 128") (victim_position "-194 752 167")
L 03/21/2014 - 01:08:33: "sK|LordRascus (CLN)<136><STEAM_0:1:51473636><Blue>" changed role to "spy"
L 03/21/2014 - 01:08:37: "Blizzard (Sean)áƒ¦<102><STEAM_0:1:47938377><Red>" killed "{SCG} FaolPlay<133><STEAM_0:1:24520147><Blue>" with "sword" (attacker_position "-668 -1058 42") (victim_position "-715 -1046 45")
L 03/21/2014 - 01:08:39: "Fortune the Don<135><STEAM_0:0:33251108><Red>" triggered "killedobject" (object "OBJ_SENTRYGUN") (weapon "pda_engineer") (objectowner "Fortune the Don<135><STEAM_0:0:33251108><Red>") (attacker_position "118 212 480")
L 03/21/2014 - 01:08:40: "{SCG} PhantomX999<114><STEAM_0:1:13432606><Blue>" say "!zf"
L 03/21/2014 - 01:08:42: server_cvar: "sm_nextmap" "cp_boulder_v5"
L 03/21/2014 - 01:08:43: "Fortune the Don<135><STEAM_0:0:33251108><Red>" triggered "builtobject" (object "OBJ_SENTRYGUN") (position "-32 -48 489")
L 03/21/2014 - 01:08:43: "Myntey<138><STEAM_0:0:33841019><Blue>" killed "The Mutagen(unstable)<89><STEAM_0:0:49010827><Red>" with "knife" (customkill "backstab") (attacker_position "1563 -154 288") (victim_position "1547 -210 288")
L 03/21/2014 - 01:08:43: "JaÃ¼ri, the Laughing Goddess<124><STEAM_0:1:17091633><Blue>" triggered "kill assist" against "The Mutagen(unstable)<89><STEAM_0:0:49010827><Red>" (assister_position "1635 -163 288") (attacker_position "1563 -154 288") (victim_position "1547 -210 288")
L 03/21/2014 - 01:08:43: "Zingy Zigzagoon<88><STEAM_0:1:38093875><Blue>" killed "Fortune the Don<135><STEAM_0:0:33251108><Red>" with "voodoo_pin" (customkill "backstab") (attacker_position "-33 23 487") (victim_position "-33 -48 489")
L 03/21/2014 - 01:08:48: "Persi, the Neko God<12><STEAM_0:1:30286598><Red>" killed "Zingy Zigzagoon<88><STEAM_0:1:38093875><Blue>" with "flamethrower" (attacker_position "-4 -556 496") (victim_position "43 -567 496")
L 03/21/2014 - 01:08:49: "The Mutagen(unstable)<89><STEAM_0:0:49010827><Red>" joined team "Blue"
L 03/21/2014 - 01:08:49: "Fortune the Don<135><STEAM_0:0:33251108><Red>" joined team "Blue"
L 03/21/2014 - 01:08:51: "Persi, the Neko God<12><STEAM_0:1:30286598><Red>" killed "JaÃ¼ri, the Laughing Goddess<124><STEAM_0:1:17091633><Blue>" with "flamethrower" (attacker_position "-63 158 480") (victim_position "20 248 480")
L 03/21/2014 - 01:08:51: "The Mutagen(unstable)<89><STEAM_0:0:49010827><Blue>" triggered "kill assist" against "JaÃ¼ri, the Laughing Goddess<124><STEAM_0:1:17091633><Blue>" (assister_position "-212 -1801 70") (attacker_position "-63 158 480") (victim_position "20 248 480")
L 03/21/2014 - 01:08:55: "The Mutagen(unstable)<89><STEAM_0:0:49010827><Blue>" changed role to "scout"
L 03/21/2014 - 01:09:01: "Gord<132><STEAM_0:1:2327125><Red>" killed "Zingy Zigzagoon<88><STEAM_0:1:38093875><Blue>" with "tf_projectile_rocket" (attacker_position "203 -439 113") (victim_position "103 -436 75")
L 03/21/2014 - 01:09:06: "JaÃ¼ri, the Laughing Goddess<124><STEAM_0:1:17091633><Blue>" changed role to "scout"
L 03/21/2014 - 01:09:06: "JaÃ¼ri, the Laughing Goddess<124><STEAM_0:1:17091633><Blue>" committed suicide with "world" (attacker_position "1024 -508 288")
L 03/21/2014 - 01:09:07: "Blizzard (Sean)áƒ¦<102><STEAM_0:1:47938377><Red>" killed "{SCG} PhantomX999<114><STEAM_0:1:13432606><Blue>" with "sword" (attacker_position "196 -556 45") (victim_position "210 -508 50")
L 03/21/2014 - 01:09:07: "JaÃ¼ri, the Laughing Goddess<124><STEAM_0:1:17091633><Blue>" say "!zf"
L 03/21/2014 - 01:09:08: "Gord<132><STEAM_0:1:2327125><Red>" killed "(void*)FoXX<118><STEAM_0:0:2179002><Blue>" with "shotgun_soldier" (attacker_position "-277 -147 288") (victim_position "-190 -267 288")
L 03/21/2014 - 01:09:09: "{SCG} FaolPlay<133><STEAM_0:1:24520147><Blue>" triggered "medic_death" against "{BFG} Nikdragon<108><STEAM_0:0:78154965><Red>" (healing "60") (ubercharge "0")
L 03/21/2014 - 01:09:09: "{SCG} FaolPlay<133><STEAM_0:1:24520147><Blue>" killed "{BFG} Nikdragon<108><STEAM_0:0:78154965><Red>" with "eternal_reward" (customkill "backstab") (attacker_position "-522 -291 64") (victim_position "-555 -368 64")
L 03/21/2014 - 01:09:09: "The Mutagen(unstable)<89><STEAM_0:0:49010827><Blue>" triggered "kill assist" against "{BFG} Nikdragon<108><STEAM_0:0:78154965><Red>" (assister_position "-507 -393 64") (attacker_position "-522 -291 64") (victim_position "-555 -368 64")
L 03/21/2014 - 01:09:11: "Blizzard (Sean)áƒ¦<102><STEAM_0:1:47938377><Red>" killed "Fortune the Don<135><STEAM_0:0:33251108><Blue>" with "sword" (attacker_position "572 -898 31") (victim_position "613 -860 31")
L 03/21/2014 - 01:09:15: "{BFG} Nikdragon<108><STEAM_0:0:78154965><Red>" joined team "Blue"
L 03/21/2014 - 01:09:16: "{SCG} Rowdy d(=^ï½¥Ï‰ï½¥^=)b<139><STEAM_0:0:21349373><Red>" killed "The Mutagen(unstable)<89><STEAM_0:0:49010827><Blue>" with "ham_shank" (attacker_position "220 869 150") (victim_position "162 810 147")
L 03/21/2014 - 01:09:16: "Herrocopter<67><STEAM_0:0:50403197><Red>" triggered "kill assist" against "The Mutagen(unstable)<89><STEAM_0:0:49010827><Blue>" (assister_position "105 -553 496") (attacker_position "220 869 150") (victim_position "162 810 147")
L 03/21/2014 - 01:09:17: "Fortune the Don<135><STEAM_0:0:33251108><Blue>" changed role to "scout"
L 03/21/2014 - 01:09:17: "Sammicus Panthera Tigris<134><STEAM_0:1:30442114><Red>" killed "Zingy Zigzagoon<88><STEAM_0:1:38093875><Blue>" with "degreaser" (attacker_position "-26 58 485") (victim_position "-21 294 480")
L 03/21/2014 - 01:09:17: "Gord<132><STEAM_0:1:2327125><Red>" triggered "kill assist" against "Zingy Zigzagoon<88><STEAM_0:1:38093875><Blue>" (assister_position "119 212 540") (attacker_position "-26 58 485") (victim_position "-21 294 480")
L 03/21/2014 - 01:09:20: "Herrocopter<67><STEAM_0:0:50403197><Red>" killed "Myntey<138><STEAM_0:0:33841019><Blue>" with "maxgun" (attacker_position "119 -465 496") (victim_position "119 -546 504")
L 03/21/2014 - 01:09:20: "Gord<132><STEAM_0:1:2327125><Red>" triggered "kill assist" against "Myntey<138><STEAM_0:0:33841019><Blue>" (assister_position "-102 -178 493") (attacker_position "119 -465 496") (victim_position "119 -546 504")
L 03/21/2014 - 01:09:21: "{SCG} Rowdy d(=^ï½¥Ï‰ï½¥^=)b<139><STEAM_0:0:21349373><Red>" killed "{SCG} FaolPlay<133><STEAM_0:1:24520147><Blue>" with "ham_shank" (attacker_position "130 873 168") (victim_position "154 816 149")
L 03/21/2014 - 01:09:27: "The Mutagen(unstable)<89><STEAM_0:0:49010827><Blue>" say "(â•¯Â°â–¡Â°ï¼‰â•¯ï¸µ â”»â”â”» I MAD, I FLIP TABLES"
L 03/21/2014 - 01:09:30: "{SCG} Rowdy d(=^ï½¥Ï‰ï½¥^=)b<139><STEAM_0:0:21349373><Red>" say ":   ( â•¯Â´ãƒ»Ï‰ãƒ»ï½€)â•¯ï¸µ Flippy days!"
L 03/21/2014 - 01:09:36: "The Mutagen(unstable)<89><STEAM_0:0:49010827><Blue>" say "â”¬â”€â”€â”¬â—¡ï¾‰(Â° -Â°ï¾‰) I fix table"
L 03/21/2014 - 01:09:40: "{SCG} Rowdy d(=^ï½¥Ï‰ï½¥^=)b<139><STEAM_0:0:21349373><Red>" killed "The Mutagen(unstable)<89><STEAM_0:0:49010827><Blue>" with "bazaar_bargain" (attacker_position "34 656 128") (victim_position "-33 -396 111")
L 03/21/2014 - 01:09:45: "sK|LordRascus (CLN)<136><STEAM_0:1:51473636><Blue>" disconnected (reason "Disconnect by user.")
L 03/21/2014 - 01:09:49: "Blizzard (Sean)áƒ¦<102><STEAM_0:1:47938377><Red>" killed "(void*)FoXX<118><STEAM_0:0:2179002><Blue>" with "tf_projectile_pipe_remote" (attacker_position "41 147 480") (victim_position "-119 -567 343")
L 03/21/2014 - 01:09:49: "Blizzard (Sean)áƒ¦<102><STEAM_0:1:47938377><Red>" killed "{SCG} PhantomX999<114><STEAM_0:1:13432606><Blue>" with "tf_projectile_pipe_remote" (attacker_position "41 147 480") (victim_position "102 -553 396")
L 03/21/2014 - 01:09:49: "Persi, the Neko God<12><STEAM_0:1:30286598><Red>" triggered "kill assist" against "{SCG} PhantomX999<114><STEAM_0:1:13432606><Blue>" (assister_position "49 -567 496") (attacker_position "41 147 480") (victim_position "102 -553 396")
L 03/21/2014 - 01:09:49: "{BFG} Sabre<79><STEAM_0:1:31072961><Blue>" say "OVER 90000"
L 03/21/2014 - 01:09:51: "Zingy Zigzagoon<88><STEAM_0:1:38093875><Blue>" killed "Herrocopter<67><STEAM_0:0:50403197><Red>" with "voodoo_pin" (customkill "backstab") (attacker_position "-221 -389 496") (victim_position "-223 -439 496")
L 03/21/2014 - 01:09:53: "Gord<132><STEAM_0:1:2327125><Red>" killed "Zingy Zigzagoon<88><STEAM_0:1:38093875><Blue>" with "tf_projectile_rocket" (attacker_position "177 -411 496") (victim_position "110 -66 288")
L 03/21/2014 - 01:09:53: "Sammicus Panthera Tigris<134><STEAM_0:1:30442114><Red>" triggered "kill assist" against "Zingy Zigzagoon<88><STEAM_0:1:38093875><Blue>" (assister_position "-52 -288 498") (attacker_position "177 -411 496") (victim_position "110 -66 288")
L 03/21/2014 - 01:09:53: "Gord<132><STEAM_0:1:2327125><Red>" triggered "domination" against "Zingy Zigzagoon<88><STEAM_0:1:38093875><Blue>"
L 03/21/2014 - 01:09:54: "{BFG} Sabre<79><STEAM_0:1:31072961><Blue>" say "nah"
L 03/21/2014 - 01:09:55: "{BFG} Nikdragon<108><STEAM_0:0:78154965><Blue>" changed role to "spy"
L 03/21/2014 - 01:09:56: "Sammicus Panthera Tigris<134><STEAM_0:1:30442114><Red>" killed "JaÃ¼ri, the Laughing Goddess<124><STEAM_0:1:17091633><Blue>" with "degreaser" (attacker_position "34 217 480") (victim_position "-13 201 480")
L 03/21/2014 - 01:09:57: "Herrocopter<67><STEAM_0:0:50403197><Red>" joined team "Blue"
L 03/21/2014 - 01:10:00: "{SCG} Rowdy d(=^ï½¥Ï‰ï½¥^=)b<139><STEAM_0:0:21349373><Red>" killed "Myntey<138><STEAM_0:0:33841019><Blue>" with "ham_shank" (attacker_position "239 753 128") (victim_position "209 827 181")
L 03/21/2014 - 01:10:01: "{SCG} Rowdy d(=^ï½¥Ï‰ï½¥^=)b<139><STEAM_0:0:21349373><Red>" killed "The Mutagen(unstable)<89><STEAM_0:0:49010827><Blue>" with "ham_shank" (attacker_position "165 890 165") (victim_position "138 843 158")
L 03/21/2014 - 01:10:03: "Herrocopter<67><STEAM_0:0:50403197><Blue>" changed role to "scout"
L 03/21/2014 - 01:10:03: "Herrocopter<67><STEAM_0:0:50403197><Blue>" committed suicide with "world" (attacker_position "489 -1648 37")
L 03/21/2014 - 01:10:07: "The Mutagen(unstable)<89><STEAM_0:0:49010827><Blue>" say "(â•¯Â°â–¡Â°ï¼‰â•¯ï¸µ â”»â”â”» I MAD, I FLIP TABLES"
L 03/21/2014 - 01:10:09: "{BFG} Sabre<79><STEAM_0:1:31072961><Blue>" say "only 900 ping"
L 03/21/2014 - 01:10:10: "Persi, the Neko God<12><STEAM_0:1:30286598><Red>" killed "JaÃ¼ri, the Laughing Goddess<124><STEAM_0:1:17091633><Blue>" with "flamethrower" (attacker_position "1 -59 288") (victim_position "53 -99 288")
L 03/21/2014 - 01:10:10: "Persi, the Neko God<12><STEAM_0:1:30286598><Red>" triggered "domination" against "JaÃ¼ri, the Laughing Goddess<124><STEAM_0:1:17091633><Blue>"
L 03/21/2014 - 01:10:13: "Gord<132><STEAM_0:1:2327125><Red>" killed "Zingy Zigzagoon<88><STEAM_0:1:38093875><Blue>" with "tf_projectile_rocket" (attacker_position "119 296 505") (victim_position "-44 241 480")
L 03/21/2014 - 01:10:13: "Sammicus Panthera Tigris<134><STEAM_0:1:30442114><Red>" triggered "kill assist" against "Zingy Zigzagoon<88><STEAM_0:1:38093875><Blue>" (assister_position "19 284 480") (attacker_position "119 296 505") (victim_position "-44 241 480")
L 03/21/2014 - 01:10:13: "Sammicus Panthera Tigris<134><STEAM_0:1:30442114><Red>" triggered "domination" against "Zingy Zigzagoon<88><STEAM_0:1:38093875><Blue>" (assist "1")
L 03/21/2014 - 01:10:15: "{SCG} Rowdy d(=^ï½¥Ï‰ï½¥^=)b<139><STEAM_0:0:21349373><Red>" killed "{SCG} PhantomX999<114><STEAM_0:1:13432606><Blue>" with "ham_shank" (attacker_position "-205 731 128") (victim_position "-174 693 128")
L 03/21/2014 - 01:10:18: "{SCG} Rowdy d(=^ï½¥Ï‰ï½¥^=)b<139><STEAM_0:0:21349373><Red>" killed "The Mutagen(unstable)<89><STEAM_0:0:49010827><Blue>" with "ham_shank" (attacker_position "201 518 151") (victim_position "206 587 216")
L 03/21/2014 - 01:10:18: "{SCG} Rowdy d(=^ï½¥Ï‰ï½¥^=)b<139><STEAM_0:0:21349373><Red>" triggered "domination" against "The Mutagen(unstable)<89><STEAM_0:0:49010827><Blue>"
L 03/21/2014 - 01:10:22: "{SCG} Rowdy d(=^ï½¥Ï‰ï½¥^=)b<139><STEAM_0:0:21349373><Red>" killed "(void*)FoXX<118><STEAM_0:0:2179002><Blue>" with "ham_shank" (attacker_position "64 655 128") (victim_position "42 709 128")
L 03/21/2014 - 01:10:27: "Gord<132><STEAM_0:1:2327125><Red>" killed "JaÃ¼ri, the Laughing Goddess<124><STEAM_0:1:17091633><Blue>" with "tf_projectile_rocket" (attacker_position "107 -512 486") (victim_position "8 -472 330")
L 03/21/2014 - 01:10:28: "Gord<132><STEAM_0:1:2327125><Red>" committed suicide with "world" (attacker_position "352 -281 228")
L 03/21/2014 - 01:10:32: "{SCG} Rowdy d(=^ï½¥Ï‰ï½¥^=)b<139><STEAM_0:0:21349373><Red>" killed "{SCG} PhantomX999<114><STEAM_0:1:13432606><Blue>" with "ham_shank" (attacker_position "148 492 128") (victim_position "172 433 166")
L 03/21/2014 - 01:10:34: "{SCG} PhantomX999<114><STEAM_0:1:13432606><Blue>" changed role to "scout"
L 03/21/2014 - 01:10:34: "Gord<132><STEAM_0:1:2327125><Red>" joined team "Blue"
L 03/21/2014 - 01:10:37: "Zingy Zigzagoon<88><STEAM_0:1:38093875><Blue>" killed "Sammicus Panthera Tigris<134><STEAM_0:1:30442114><Red>" with "voodoo_pin" (customkill "backstab") (attacker_position "9 184 480") (victim_position "-46 131 484")
L 03/21/2014 - 01:10:37: "Zingy Zigzagoon<88><STEAM_0:1:38093875><Blue>" triggered "revenge" against "Sammicus Panthera Tigris<134><STEAM_0:1:30442114><Red>"
L 03/21/2014 - 01:10:38: "Red Pandopticon<119><STEAM_0:0:15629443><Red>" killed "Zingy Zigzagoon<88><STEAM_0:1:38093875><Blue>" with "bushwacka" (attacker_position "11 174 480") (victim_position "23 192 480")
L 03/21/2014 - 01:10:38: "Sammicus Panthera Tigris<134><STEAM_0:1:30442114><Red>" triggered "kill assist" against "Zingy Zigzagoon<88><STEAM_0:1:38093875><Blue>" (assister_position "-42 137 494") (attacker_position "11 174 480") (victim_position "23 192 480")
L 03/21/2014 - 01:10:39: "Myntey<138><STEAM_0:0:33841019><Blue>" killed "Blizzard (Sean)áƒ¦<102><STEAM_0:1:47938377><Red>" with "knife" (customkill "backstab") (attacker_position "27 -51 720") (victim_position "101 -49 720")
L 03/21/2014 - 01:10:43: "Sammicus Panthera Tigris<134><STEAM_0:1:30442114><Red>" joined team "Blue"
L 03/21/2014 - 01:10:45: "Blizzard (Sean)áƒ¦<102><STEAM_0:1:47938377><Red>" joined team "Blue"
L 03/21/2014 - 01:10:46: "Sammicus Panthera Tigris<134><STEAM_0:1:30442114><Blue>" changed role to "scout"
L 03/21/2014 - 01:10:46: "Persi, the Neko God<12><STEAM_0:1:30286598><Red>" killed "Herrocopter<67><STEAM_0:0:50403197><Blue>" with "flamethrower" (attacker_position "-77 -28 489") (victim_position "-69 -164 552")
L 03/21/2014 - 01:10:46: "{SCG} Rowdy d(=^ï½¥Ï‰ï½¥^=)b<139><STEAM_0:0:21349373><Red>" killed "{SCG} PhantomX999<114><STEAM_0:1:13432606><Blue>" with "ham_shank" (attacker_position "182 424 166") (victim_position "174 471 128")
L 03/21/2014 - 01:10:46: "{SCG} Rowdy d(=^ï½¥Ï‰ï½¥^=)b<139><STEAM_0:0:21349373><Red>" triggered "domination" against "{SCG} PhantomX999<114><STEAM_0:1:13432606><Blue>"
L 03/21/2014 - 01:10:47: "{SCG} Rowdy d(=^ï½¥Ï‰ï½¥^=)b<139><STEAM_0:0:21349373><Red>" killed "The Mutagen(unstable)<89><STEAM_0:0:49010827><Blue>" with "ham_shank" (attacker_position "200 535 142") (victim_position "132 571 128")
L 03/21/2014 - 01:10:48: "Blizzard (Sean)áƒ¦<102><STEAM_0:1:47938377><Blue>" changed role to "spy"
L 03/21/2014 - 01:10:48: "Fortune the Don<135><STEAM_0:0:33251108><Blue>" killed "Persi, the Neko God<12><STEAM_0:1:30286598><Red>" with "sandman" (attacker_position "-177 -28 288") (victim_position "-220 -63 288")
L 03/21/2014 - 01:10:48: "Herrocopter<67><STEAM_0:0:50403197><Blue>" triggered "kill assist" against "Persi, the Neko God<12><STEAM_0:1:30286598><Red>" (assister_position "-69 -164 566") (attacker_position "-177 -28 288") (victim_position "-220 -63 288")
L 03/21/2014 - 01:10:52: "Gord<132><STEAM_0:1:2327125><Blue>" killed "Red Pandopticon<119><STEAM_0:0:15629443><Red>" with "gloves_running_urgently" (attacker_position "-89 260 480") (victim_position "-119 311 480")
L 03/21/2014 - 01:10:54: "Persi, the Neko God<12><STEAM_0:1:30286598><Red>" joined team "Blue"
L 03/21/2014 - 01:10:57: "{SCG} Rowdy d(=^ï½¥Ï‰ï½¥^=)b<139><STEAM_0:0:21349373><Red>" killed "{SCG} PhantomX999<114><STEAM_0:1:13432606><Blue>" with "ham_shank" (attacker_position "241 386 192") (victim_position "210 438 188")
L 03/21/2014 - 01:10:58: "{SCG} FaolPlay<133><STEAM_0:1:24520147><Blue>" killed "{SCG} Rowdy d(=^ï½¥Ï‰ï½¥^=)b<139><STEAM_0:0:21349373><Red>" with "eternal_reward" (customkill "backstab") (attacker_position "247 376 274") (victim_position "246 376 192")
L 03/21/2014 - 01:10:58: "Red Pandopticon<119><STEAM_0:0:15629443><Red>" joined team "Blue"
L 03/21/2014 - 01:10:58: World triggered "Round_Win" (winner "Blue")
L 03/21/2014 - 01:10:58: World triggered "Round_Length" (seconds "253.92")
L 03/21/2014 - 01:10:58: Team "Red" current score "1" with "1" players
L 03/21/2014 - 01:10:58: Team "Blue" current score "5" with "16" players
L 03/21/2014 - 01:11:04: "{SCG} Rowdy d(=^ï½¥Ï‰ï½¥^=)b<139><STEAM_0:0:21349373><Red>" joined team "Blue"
L 03/21/2014 - 01:11:10: "Zingy Zigzagoon<88><STEAM_0:1:38093875><Blue>" committed suicide with "world" (attacker_position "338 -1510 316")
L 03/21/2014 - 01:11:13: World triggered "Game_Over" reason "Reached Time Limit"
L 03/21/2014 - 01:11:13: Team "Red" final score "1" with "0" players
L 03/21/2014 - 01:11:13: Team "Blue" final score "5" with "17" players
L 03/21/2014 - 01:11:19: "Gord<132><STEAM_0:1:2327125><Blue>" disconnected (reason "Disconnect by user.")
L 03/21/2014 - 01:11:22: "Myntey<138><STEAM_0:0:33841019><Blue>" committed suicide with "world" (attacker_position "-720 -168 116")
L 03/21/2014 - 01:11:24: [META] Loaded 0 plugins (4 already loaded)
L 03/21/2014 - 01:11:24: [META] Loaded 0 plugins (4 already loaded)
L 03/21/2014 - 01:11:24: Loading map "cp_boulder_v5"
L 03/21/2014 - 01:11:24: server cvars start
L 03/21/2014 - 01:11:24: "stripper_version" = "1.2.2"
L 03/21/2014 - 01:11:24: "thirdperson_version" = "2.1.0"
L 03/21/2014 - 01:11:24: "sm_zf_version" = "4.3.0.0"
L 03/21/2014 - 01:11:24: "tf2items_rnd_normals" = "0"
L 03/21/2014 - 01:11:24: "tf2items_rnd_enabled" = "0"
L 03/21/2014 - 01:11:24: "tf2items_rnd_version" = "1.591"
L 03/21/2014 - 01:11:24: "prophunt_redux_version" = "3.0.2"
L 03/21/2014 - 01:11:24: "sm_uberspawn" = "1.0"
L 03/21/2014 - 01:11:24: "ufov_version" = "1.2.0"
L 03/21/2014 - 01:11:24: "scp_version" = "1.1.5"
L 03/21/2014 - 01:11:24: "rainbowize_version" = "1.6.2"
L 03/21/2014 - 01:11:24: "improved_map_randomizer_version" = "3.4.5"
L 03/21/2014 - 01:11:24: "sm_executeconfigs_version" = "1.2.2"
L 03/21/2014 - 01:11:24: "sm_mapcron_version" = "1.2 RC"
L 03/21/2014 - 01:11:24: "sm_buildrestrict_version" = "0.5.5"
L 03/21/2014 - 01:11:24: "sm_namechangeinfo_version" = "13.0918.1"
L 03/21/2014 - 01:11:24: "sm_tf2ii_version" = "1.8.17.4-20130729"
L 03/21/2014 - 01:11:24: "nativevotes_version" = "0.8.1"
L 03/21/2014 - 01:11:24: "sm_commandcooldowns_version" = "14.0222.0"
L 03/21/2014 - 01:11:24: "sm_tnounlockspls_version" = "0.4.8"
L 03/21/2014 - 01:11:24: "sm_srvcln_version" = "1.2.2"
L 03/21/2014 - 01:11:24: "swapteam_version" = "1.2.5"
L 03/21/2014 - 01:11:24: "scme_version" = "1.0.0"
L 03/21/2014 - 01:11:24: "sm_tnounlockspls_noext_version" = "0.4.0"
L 03/21/2014 - 01:11:24: "sm_fakeandforce_version" = "2.0"
L 03/21/2014 - 01:11:24: "sourcecomms_version" = "0.8.253"
L 03/21/2014 - 01:11:24: "nativevotes_basevotes_version" = "1.5.2"
L 03/21/2014 - 01:11:24: "sb_version" = "1.4.8"
L 03/21/2014 - 01:11:24: "basicdonator_recog_v" = "0.5"
L 03/21/2014 - 01:11:24: "fw_money_balance" = "1000"
L 03/21/2014 - 01:11:24: "fw_money_destroy_sentry" = "75"
L 03/21/2014 - 01:11:24: "fw_money_destroy_dispenser" = "75"
L 03/21/2014 - 01:11:24: "fw_money_backstab" = "50"
L 03/21/2014 - 01:11:24: "fw_money_headshot" = "50"
L 03/21/2014 - 01:11:24: "fw_money_domination" = "300"
L 03/21/2014 - 01:11:24: "fw_money_kill" = "100"
L 03/21/2014 - 01:11:24: "fw_money_win" = "1000"
L 03/21/2014 - 01:11:24: "fw_money_start" = "1000"
L 03/21/2014 - 01:11:24: "fw_unlock_menu_style" = "1"
L 03/21/2014 - 01:11:24: "fw_lulz" = "0"
L 03/21/2014 - 01:11:24: "fw_no_limit_time" = "60"
L 03/21/2014 - 01:11:24: "fw_setup_time" = "-1"
L 03/21/2014 - 01:11:24: "fw_prop_shadows" = "1"
L 03/21/2014 - 01:11:24: "fw_prop_health_multipler" = "1"
L 03/21/2014 - 01:11:24: "fw_stuck_protection" = "1"
L 03/21/2014 - 01:11:24: "fw_custom_spawn" = "0"
L 03/21/2014 - 01:11:24: "fw_spawn_protection" = "2.5"
L 03/21/2014 - 01:11:24: "fw_props_per_player_admin" = "70"
L 03/21/2014 - 01:11:24: "fw_props_per_player" = "70"
L 03/21/2014 - 01:11:24: "fw_props_per_team" = "250"
L 03/21/2014 - 01:11:24: "fw_maps" = "1"
L 03/21/2014 - 01:11:24: "fw_sql" = "1"
L 03/21/2014 - 01:11:24: "fw_version" = "6.52"
L 03/21/2014 - 01:11:24: "sm_testingtime_version" = "1.2"
L 03/21/2014 - 01:11:24: "stockmodels_version" = "1.0"
L 03/21/2014 - 01:11:24: "tf_models_list" = "tf2_modellist"
L 03/21/2014 - 01:11:24: "tf_models_blocktriggers" = "1"
L 03/21/2014 - 01:11:24: "tf_models_delayonspawn" = "0.1"
L 03/21/2014 - 01:11:24: "tf_models_force_admins" = "0"
L 03/21/2014 - 01:11:24: "tf_models_force_users" = "0"
L 03/21/2014 - 01:11:24: "tf_models_announce_plugin" = "1"
L 03/21/2014 - 01:11:24: "tf_models_announce" = "1"
L 03/21/2014 - 01:11:24: "tf_models_admin_override" = "0"
L 03/21/2014 - 01:11:24: "tf_models_admin_flags" = "b"
L 03/21/2014 - 01:11:24: "tf_models_version" = "1.0.3"
L 03/21/2014 - 01:11:24: "adsql_serverid" = "tf2rainbow"
L 03/21/2014 - 01:11:24: "adsql_version" = "2.4.0"
L 03/21/2014 - 01:11:24: "sm_redirect_version" = "1.2"
L 03/21/2014 - 01:11:24: "sm_snake_version" = "1.0"
L 03/21/2014 - 01:11:24: "webshortcutsredux_version" = "1.1"
L 03/21/2014 - 01:11:24: "sm_speechfun_version" = "1.0.2"
L 03/21/2014 - 01:11:24: "sm_hatremoval_version" = "1.1a"
L 03/21/2014 - 01:11:24: "sm_helpmenu_version" = "0.3"
L 03/21/2014 - 01:11:24: "sm_tnounlockspls_announce_version" = "0.4.0"
L 03/21/2014 - 01:11:24: "dts_version" = "1.1"
L 03/21/2014 - 01:11:24: "sm_cannounce_version" = "1.2"
L 03/21/2014 - 01:11:24: "fcg_version" = "1.1"
L 03/21/2014 - 01:11:24: "tf2attributes_version" = "1.1.1"
L 03/21/2014 - 01:11:24: "sm_resize_version" = "1.4.0"
L 03/21/2014 - 01:11:24: "sm_evilrocket_version" = "1.0.110"
L 03/21/2014 - 01:11:24: "sentryfun_version" = "1.3"
L 03/21/2014 - 01:11:24: "sentryfun_enabled" = "1"
L 03/21/2014 - 01:11:24: "sm_tf_maxclass" = "99999"
L 03/21/2014 - 01:11:24: "sm_textreplacer_version" = "0.2"
L 03/21/2014 - 01:11:24: "sm_gscramble_version" = "3.0.13"
L 03/21/2014 - 01:11:24: "gs_enabled" = "1"
L 03/21/2014 - 01:11:24: "sm_rtrigs" = "0"
L 03/21/2014 - 01:11:24: "sm_rtrigs_version" = "1.10"
L 03/21/2014 - 01:11:24: "tf2_decap_ver" = "1.0"
L 03/21/2014 - 01:11:24: "highfiveenemy_version" = "1.0"
L 03/21/2014 - 01:11:24: "sm_tnounlockspls_tf2items_version" = "0.4.0"
L 03/21/2014 - 01:11:24: "tfh_valentines" = "0"
L 03/21/2014 - 01:11:24: "tfh_meetthepyro" = "0"
L 03/21/2014 - 01:11:24: "tfh_winter" = "1"
L 03/21/2014 - 01:11:24: "tfh_birthday" = "0"
L 03/21/2014 - 01:11:24: "tfh_fullmoon" = "1"
L 03/21/2014 - 01:11:24: "tfh_halloween" = "-1"
L 03/21/2014 - 01:11:24: "tfh_use_overrides" = "1"
L 03/21/2014 - 01:11:24: "tfh_enabled" = "1"
L 03/21/2014 - 01:11:24: "tfh_version" = "1.8.1"
L 03/21/2014 - 01:11:24: "sm_customvotes_version" = "1.0"
L 03/21/2014 - 01:11:24: "sm_rtd_version" = "0.4.3.2"
L 03/21/2014 - 01:11:24: "sm_tnounlockspls_menu_version" = "0.4.0"
L 03/21/2014 - 01:11:24: "lights_version" = "0.6"
L 03/21/2014 - 01:11:24: "sm_downloader_version" = "1.4"
L 03/21/2014 - 01:11:24: "sm_spec_players" = "1"
L 03/21/2014 - 01:11:24: "sm_funcommandsx_version" = "2.3"
L 03/21/2014 - 01:11:24: "sm_adminlistmenu_version" = "1.0"
L 03/21/2014 - 01:11:24: "tf2items_manager" = "1"
L 03/21/2014 - 01:11:24: "tf2items_manager_version" = "1.4.1"
L 03/21/2014 - 01:11:24: "sm_respawn_override_version" = "1.0.1-20131019"
L 03/21/2014 - 01:11:24: "sm_setspeed_log" = "1"
L 03/21/2014 - 01:11:24: "sm_setspeed_chat" = "1"
L 03/21/2014 - 01:11:24: "sm_setspeed_version" = "1.3.1"
L 03/21/2014 - 01:11:24: "sm_spray_version" = "5.8a"
L 03/21/2014 - 01:11:24: "goomba_version" = "2.0.2"
L 03/21/2014 - 01:11:24: "sm_adminsmite_version" = "2.1"
L 03/21/2014 - 01:11:24: "mc_version" = "1.1.1"
L 03/21/2014 - 01:11:24: "sm_setplayerclass_version" = "1.0.1"
L 03/21/2014 - 01:11:24: "sm_tetris_version" = "1.0"
L 03/21/2014 - 01:11:24: "sm_hdmgtracker_version" = "1.2.2"
L 03/21/2014 - 01:11:24: "cid_mintime" = "10.0"
L 03/21/2014 - 01:11:24: "cid_maxdist" = "10000.0"
L 03/21/2014 - 01:11:24: "cid_enabled" = "1"
L 03/21/2014 - 01:11:24: "cid_version" = "1.1"
L 03/21/2014 - 01:11:24: "basicdonator_version" = "0.8"
L 03/21/2014 - 01:11:24: "sm_afkm_version" = "3.5.2"
L 03/21/2014 - 01:11:24: "sgadmins_version" = "1.2.0"
L 03/21/2014 - 01:11:24: "melee_version" = "0.4.1"
L 03/21/2014 - 01:11:24: "sm_pregame_slaughter_version" = "1.0.5.1"
L 03/21/2014 - 01:11:24: "fc_version" = "2.0"
L 03/21/2014 - 01:11:24: "jinglenotify_version" = "1.0.0"
L 03/21/2014 - 01:11:24: "sm_tf_captoggle" = "0.0.3"
L 03/21/2014 - 01:11:24: "sm_ignorelist_version" = "0x02"
L 03/21/2014 - 01:11:24: "tf2items_giveweapon_version" = "3.14159"
L 03/21/2014 - 01:11:24: "sm_bsd_version" = "2.0.0"
L 03/21/2014 - 01:11:24: "sm_rweapons_version" = "1.3"
L 03/21/2014 - 01:11:24: "sm_commanddump_version" = "1.1.0"
L 03/21/2014 - 01:11:24: "store_version" = "1.1-alpha"
L 03/21/2014 - 01:11:24: "sm_allchat_version" = "1.1.1"
L 03/21/2014 - 01:11:24: "sm_classrestrict_version" = "0.6"
L 03/21/2014 - 01:11:24: "sm_playersvotes_redux_version" = "1.3"
L 03/21/2014 - 01:11:24: "steamtools_version" = "0.8.3"
L 03/21/2014 - 01:11:24: "tf2items_version" = "1.6.0"
L 03/21/2014 - 01:11:24: "sm_nextmap" = "cp_boulder_v5"
L 03/21/2014 - 01:11:24: "sourcemod_version" = "1.5.3-dev+4004"
L 03/21/2014 - 01:11:24: "metamod_version" = "1.10.1-devV"
L 03/21/2014 - 01:11:24: "tf_playergib" = "1"
L 03/21/2014 - 01:11:24: "tf_allow_player_use" = "0"
L 03/21/2014 - 01:11:24: "tf_mvm_death_penalty" = "0"
L 03/21/2014 - 01:11:24: "sv_maxusrcmdprocessticks" = "24"
L 03/21/2014 - 01:11:24: "mp_teamplay" = "0"
L 03/21/2014 - 01:11:24: "mp_falldamage" = "0"
L 03/21/2014 - 01:11:24: "mp_weaponstay" = "0"
L 03/21/2014 - 01:11:24: "mp_forcerespawn" = "1"
L 03/21/2014 - 01:11:24: "mp_footsteps" = "1"
L 03/21/2014 - 01:11:24: "mp_flashlight" = "1"
L 03/21/2014 - 01:11:24: "mp_autocrosshair" = "1"
L 03/21/2014 - 01:11:24: "decalfrequency" = "10"
L 03/21/2014 - 01:11:24: "mp_teamlist" = "hgrunt;scientist"
L 03/21/2014 - 01:11:24: "mp_allowNPCs" = "1"
L 03/21/2014 - 01:11:24: "sv_alltalk" = "1"
L 03/21/2014 - 01:11:24: "tf_weapon_criticals" = "1"
L 03/21/2014 - 01:11:24: "tf_damage_disablespread" = "1"
L 03/21/2014 - 01:11:24: "tf_player_name_change_time" = "60"
L 03/21/2014 - 01:11:24: "tf_force_holidays_off" = "0"
L 03/21/2014 - 01:11:24: "tf_birthday" = "0"
L 03/21/2014 - 01:11:24: "mp_windifference" = "0"
L 03/21/2014 - 01:11:24: "mp_windifference_min" = "0"
L 03/21/2014 - 01:11:24: "tf_medieval" = "0"
L 03/21/2014 - 01:11:24: "tf_medieval_autorp" = "1"
L 03/21/2014 - 01:11:24: "tf_arena_force_class" = "0"
L 03/21/2014 - 01:11:24: "tf_arena_change_limit" = "1"
L 03/21/2014 - 01:11:24: "tf_arena_override_cap_enable_time" = "-1"
L 03/21/2014 - 01:11:24: "tf_arena_first_blood" = "1"
L 03/21/2014 - 01:11:24: "tf_mvm_min_players_to_start" = "3"
L 03/21/2014 - 01:11:24: "tf_gamemode_arena" = "0"
L 03/21/2014 - 01:11:24: "tf_gamemode_cp" = "0"
L 03/21/2014 - 01:11:24: "tf_gamemode_ctf" = "0"
L 03/21/2014 - 01:11:24: "tf_gamemode_sd" = "0"
L 03/21/2014 - 01:11:24: "tf_gamemode_payload" = "0"
L 03/21/2014 - 01:11:24: "tf_gamemode_mvm" = "0"
L 03/21/2014 - 01:11:24: "tf_bot_count" = "0"
L 03/21/2014 - 01:11:24: "tf_teamtalk" = "0"
L 03/21/2014 - 01:11:24: "tf_ctf_bonus_time" = "10"
L 03/21/2014 - 01:11:24: "tf_maxspeed" = "400"
L 03/21/2014 - 01:11:24: "tf_max_charge_speed" = "750"
L 03/21/2014 - 01:11:24: "tf_use_fixed_weaponspreads" = "0"
L 03/21/2014 - 01:11:24: "tf_overtime_nag" = "0"
L 03/21/2014 - 01:11:24: "mp_tournament" = "0"
L 03/21/2014 - 01:11:24: "mp_highlander" = "0"
L 03/21/2014 - 01:11:24: "mp_maxrounds" = "0"
L 03/21/2014 - 01:11:24: "mp_winlimit" = "0"
L 03/21/2014 - 01:11:24: "mp_disable_respawn_times" = "0"
L 03/21/2014 - 01:11:24: "mp_stalemate_meleeonly" = "0"
L 03/21/2014 - 01:11:24: "mp_forceautoteam" = "0"
L 03/21/2014 - 01:11:24: "mp_autoteambalance" = "0"
L 03/21/2014 - 01:11:24: "mp_stalemate_enable" = "1"
L 03/21/2014 - 01:11:24: "mp_match_end_at_timelimit" = "0"
L 03/21/2014 - 01:11:24: "mp_holiday_nogifts" = "0"
L 03/21/2014 - 01:11:24: "mp_scrambleteams_auto" = "0"
L 03/21/2014 - 01:11:24: "mp_scrambleteams_auto_windifference" = "2"
L 03/21/2014 - 01:11:24: "mp_timelimit" = "27"
L 03/21/2014 - 01:11:24: "mp_fraglimit" = "0"
L 03/21/2014 - 01:11:24: "nextlevel" = ""
L 03/21/2014 - 01:11:24: "sv_gravity" = "800"
L 03/21/2014 - 01:11:24: "sv_stopspeed" = "100"
L 03/21/2014 - 01:11:24: "sv_noclipaccelerate" = "5"
L 03/21/2014 - 01:11:24: "sv_noclipspeed" = "5"
L 03/21/2014 - 01:11:24: "sv_specaccelerate" = "5"
L 03/21/2014 - 01:11:24: "sv_specspeed" = "3"
L 03/21/2014 - 01:11:24: "sv_specnoclip" = "1"
L 03/21/2014 - 01:11:24: "sv_maxspeed" = "320"
L 03/21/2014 - 01:11:24: "sv_accelerate" = "10"
L 03/21/2014 - 01:11:24: "sv_airaccelerate" = "10"
L 03/21/2014 - 01:11:24: "sv_wateraccelerate" = "10"
L 03/21/2014 - 01:11:24: "sv_waterfriction" = "1"
L 03/21/2014 - 01:11:24: "sv_footsteps" = "1"
L 03/21/2014 - 01:11:24: "sv_rollspeed" = "200"
L 03/21/2014 - 01:11:24: "sv_rollangle" = "0"
L 03/21/2014 - 01:11:24: "sv_friction" = "4"
L 03/21/2014 - 01:11:24: "sv_bounce" = "0"
L 03/21/2014 - 01:11:24: "sv_stepsize" = "18"
L 03/21/2014 - 01:11:24: "r_VehicleViewDampen" = "1"
L 03/21/2014 - 01:11:24: "r_JeepViewDampenFreq" = "7.0"
L 03/21/2014 - 01:11:24: "r_JeepViewDampenDamp" = "1.0"
L 03/21/2014 - 01:11:24: "r_JeepViewZHeight" = "10.0"
L 03/21/2014 - 01:11:24: "r_AirboatViewDampenFreq" = "7.0"
L 03/21/2014 - 01:11:24: "r_AirboatViewDampenDamp" = "1.0"
L 03/21/2014 - 01:11:24: "r_AirboatViewZHeight" = "0.0"
L 03/21/2014 - 01:11:24: "mp_fadetoblack" = "0"
L 03/21/2014 - 01:11:24: "tf_mm_servermode" = "0"
L 03/21/2014 - 01:11:24: "tf_mm_strict" = "0"
L 03/21/2014 - 01:11:24: "tf_mm_trusted" = "0"
L 03/21/2014 - 01:11:24: "tf_server_identity_disable_quickplay" = "0"
L 03/21/2014 - 01:11:24: "sv_registration_successful" = "1"
L 03/21/2014 - 01:11:24: "sv_registration_message" = ""
L 03/21/2014 - 01:11:24: "sv_steamgroup" = ""
L 03/21/2014 - 01:11:24: "sv_cheats" = "0"
L 03/21/2014 - 01:11:24: "sv_pausable" = "0"
L 03/21/2014 - 01:11:24: "sv_contact" = "theoneandonly@rowedahelicon.com"
L 03/21/2014 - 01:11:24: "sv_voiceenable" = "1"
L 03/21/2014 - 01:11:24: "tv_enable" = "0"
L 03/21/2014 - 01:11:24: "deathmatch" = "1"
L 03/21/2014 - 01:11:24: "coop" = "0"
L 03/21/2014 - 01:11:24: "tv_password" = ""
L 03/21/2014 - 01:11:24: "tv_relaypassword" = ""
L 03/21/2014 - 01:11:24: "sv_password" = ""
L 03/21/2014 - 01:11:24: server cvars end
L 03/21/2014 - 01:11:26: Started map "cp_boulder_v5" (CRC "c3eb2064381260b49955ebd515244052")
L 03/21/2014 - 01:11:26: Executing dedicated server config file server.cfg
L 03/21/2014 - 01:11:31: server_cvar: "tf_gamemode_cp" "1"
L 03/21/2014 - 01:11:32: WARNING: ClientActive, but we don't know his SteamID?
L 03/21/2014 - 01:11:32: "Replay 2: The Replayening<2><BOT><>" entered the game
L 03/21/2014 - 01:11:32: "Replay 2: The Replayening<2><BOT><Unassigned>" joined team "Spectator"
L 03/21/2014 - 01:11:32: server_cvar: "mp_autoteambalance" "1"
L 03/21/2014 - 01:11:32: server_cvar: "tf_models_list" "TF2_ItemList"
L 03/21/2014 - 01:11:32: server_cvar: "mp_timelimit" "30"
L 03/21/2014 - 01:11:32: server_cvar: "sm_rtrigs" "1"
L 03/21/2014 - 01:11:33: server_cvar: "tf_models_list" "tf2_modellist"
L 03/21/2014 - 01:11:33: STEAMAUTH: Client Zingy Zigzagoon received failure code 6
L 03/21/2014 - 01:11:33: "Zingy Zigzagoon<88><STEAM_0:1:38093875><>" disconnected (reason "Client left game (Steam auth ticket has been canceled)
")
L 03/21/2014 - 01:11:33: STEAMAUTH: Client Blizzard (Sean)áƒ¦ received failure code 6
L 03/21/2014 - 01:11:33: "Blizzard (Sean)áƒ¦<102><STEAM_0:1:47938377><>" disconnected (reason "Client left game (Steam auth ticket has been canceled)
")
L 03/21/2014 - 01:11:33: server_cvar: "sm_nextmap" "ctf_well"
L 03/21/2014 - 01:11:38: server_cvar: "mp_autoteambalance" "0"
L 03/21/2014 - 01:11:49: server_cvar: "mp_disable_respawn_times" "1"
L 03/21/2014 - 01:11:55: "Myntey<138><STEAM_0:0:33841019><>" entered the game
L 03/21/2014 - 01:11:56: "Fortune the Don<135><STEAM_0:0:33251108><>" entered the game
L 03/21/2014 - 01:12:01: "Isaac Rundrake<140><STEAM_0:1:40971448><>" connected, address "81.158.108.141:27005"
L 03/21/2014 - 01:12:01: "Isaac Rundrake<140><STEAM_0:1:40971448><>" STEAM USERID validated
L 03/21/2014 - 01:12:02: "Myntey<138><STEAM_0:0:33841019><Unassigned>" joined team "Red"
L 03/21/2014 - 01:12:03: "Myntey<138><STEAM_0:0:33841019><Red>" changed role to "spy"
L 03/21/2014 - 01:12:08: World triggered "Round_Start"
L 03/21/2014 - 01:12:08: World triggered "Round_Setup_Begin"
L 03/21/2014 - 01:12:08: World triggered "Mini_Round_Selected" (round "round_1")
L 03/21/2014 - 01:12:08: World triggered "Mini_Round_Start"
L 03/21/2014 - 01:12:08: "Persi, the Neko God<12><STEAM_0:1:30286598><>" entered the game
L 03/21/2014 - 01:12:13: "Persi, the Neko God<12><STEAM_0:1:30286598><Unassigned>" joined team "Blue"
L 03/21/2014 - 01:12:14: "Persi, the Neko God<12><STEAM_0:1:30286598><Blue>" changed role to "scout"
L 03/21/2014 - 01:12:15: "Fortune the Don<135><STEAM_0:0:33251108><Unassigned>" joined team "Blue"
L 03/21/2014 - 01:12:16: "Fortune the Don<135><STEAM_0:0:33251108><Blue>" changed role to "scout"
L 03/21/2014 - 01:12:21: "Herrocopter<67><STEAM_0:0:50403197><>" entered the game
L 03/21/2014 - 01:12:23: "{SCG} FaolPlay<133><STEAM_0:1:24520147><>" entered the game
L 03/21/2014 - 01:12:28: "Herrocopter<67><STEAM_0:0:50403197><Unassigned>" joined team "Red"
L 03/21/2014 - 01:12:29: "Herrocopter<67><STEAM_0:0:50403197><Red>" changed role to "pyro"
L 03/21/2014 - 01:12:31: "{BFG} Nikdragon<108><STEAM_0:0:78154965><>" entered the game
L 03/21/2014 - 01:12:38: "{SCG} Rowdy d(=^ï½¥Ï‰ï½¥^=)b<139><STEAM_0:0:21349373><>" entered the game
L 03/21/2014 - 01:12:41: "{SCG} FaolPlay<133><STEAM_0:1:24520147><Unassigned>" joined team "Red"
L 03/21/2014 - 01:12:42: "{SCG} FaolPlay<133><STEAM_0:1:24520147><Red>" changed role to "sniper"
L 03/21/2014 - 01:12:44: "Isaac Rundrake<140><STEAM_0:1:40971448><>" entered the game
L 03/21/2014 - 01:12:44: "{SCG} Rowdy d(=^ï½¥Ï‰ï½¥^=)b<139><STEAM_0:0:21349373><Unassigned>" joined team "Blue"
L 03/21/2014 - 01:12:45: "{SCG} PhantomX999<114><STEAM_0:1:13432606><>" entered the game
L 03/21/2014 - 01:12:45: "{SCG} Rowdy d(=^ï½¥Ï‰ï½¥^=)b<139><STEAM_0:0:21349373><Blue>" changed role to "sniper"
L 03/21/2014 - 01:12:48: "{BFG} Nikdragon<108><STEAM_0:0:78154965><Unassigned>" joined team "Red"
L 03/21/2014 - 01:12:49: "{SCG} Rowdy d(=^ï½¥Ï‰ï½¥^=)b<139><STEAM_0:0:21349373><Blue>" committed suicide with "world" (attacker_position "-250 -2863 -471")
L 03/21/2014 - 01:12:52: "Isaac Rundrake<140><STEAM_0:1:40971448><Unassigned>" joined team "Blue"
L 03/21/2014 - 01:12:52: "Isaac Rundrake<140><STEAM_0:1:40971448><Blue>" changed role to "medic"
L 03/21/2014 - 01:12:55: server_cvar: "mp_disable_respawn_times" "0"
L 03/21/2014 - 01:12:57: "{BFG} Nikdragon<108><STEAM_0:0:78154965><Red>" changed role to "heavyweapons"
L 03/21/2014 - 01:12:59: "{SCG} PhantomX999<114><STEAM_0:1:13432606><Unassigned>" joined team "Blue"
L 03/21/2014 - 01:13:05: "{SCG} PhantomX999<114><STEAM_0:1:13432606><Blue>" changed role to "engineer"
L 03/21/2014 - 01:13:08: World triggered "Round_Setup_End"
L 03/21/2014 - 01:13:11: "{SCG} FaolPlay<133><STEAM_0:1:24520147><Red>" triggered "medic_death" against "Isaac Rundrake<140><STEAM_0:1:40971448><Blue>" (healing "203") (ubercharge "0")
L 03/21/2014 - 01:13:11: "{SCG} FaolPlay<133><STEAM_0:1:24520147><Red>" killed "Isaac Rundrake<140><STEAM_0:1:40971448><Blue>" with "machina" (attacker_position "-230 -210 -164") (victim_position "-319 -2249 -367")
L 03/21/2014 - 01:13:14: "JaÃ¼ri, the Laughing Goddess<124><STEAM_0:1:17091633><>" entered the game
L 03/21/2014 - 01:13:18: "{SCG} FaolPlay<133><STEAM_0:1:24520147><Red>" killed "Fortune the Don<135><STEAM_0:0:33251108><Blue>" with "machina" (attacker_position "-317 62 -157") (victim_position "97 -700 -160")
L 03/21/2014 - 01:13:20: "JaÃ¼ri, the Laughing Goddess<124><STEAM_0:1:17091633><Unassigned>" joined team "Red"
L 03/21/2014 - 01:13:21: "{SCG} Rowdy d(=^ï½¥Ï‰ï½¥^=)b<139><STEAM_0:0:21349373><Blue>" killed "{SCG} FaolPlay<133><STEAM_0:1:24520147><Red>" with "bazaar_bargain" (customkill "headshot") (attacker_position "-379 -2280 -367") (victim_position "-333 -14 -159")
L 03/21/2014 - 01:13:24: "Herrocopter<67><STEAM_0:0:50403197><Red>" killed "Persi, the Neko God<12><STEAM_0:1:30286598><Blue>" with "world" (attacker_position "96 -921 -256") (victim_position "-687 -1881 -561")
L 03/21/2014 - 01:13:26: "{SCG} PhantomX999<114><STEAM_0:1:13432606><Blue>" triggered "builtobject" (object "OBJ_SENTRYGUN") (position "-266 -1458 -366")
L 03/21/2014 - 01:13:27: "JaÃ¼ri, the Laughing Goddess<124><STEAM_0:1:17091633><Red>" changed role to "scout"
L 03/21/2014 - 01:13:28: "Herrocopter<67><STEAM_0:0:50403197><Red>" killed "{SCG} PhantomX999<114><STEAM_0:1:13432606><Blue>" with "degreaser" (attacker_position "19 -1198 -323") (victim_position "39 -1043 -286")
L 03/21/2014 - 01:13:30: "Myntey<138><STEAM_0:0:33841019><Red>" triggered "builtobject" (object "OBJ_ATTACHMENT_SAPPER") (position "-319 -1355 -341")
L 03/21/2014 - 01:13:30: "Sammicus Panthera Tigris<134><STEAM_0:1:30442114><>" entered the game
L 03/21/2014 - 01:13:31: "JaÃ¼ri, the Laughing Goddess<124><STEAM_0:1:17091633><Red>" changed role to "medic"
L 03/21/2014 - 01:13:32: "Herrocopter<67><STEAM_0:0:50403197><Red>" triggered "killedobject" (object "OBJ_SENTRYGUN") (weapon "reserve_shooter") (objectowner "{SCG} PhantomX999<114><STEAM_0:1:13432606><Blue>") (attacker_position "-206 -861 -225")
L 03/21/2014 - 01:13:32: "Myntey<138><STEAM_0:0:33841019><Red>" triggered "killedobject" (object "OBJ_SENTRYGUN") (objectowner "{SCG} PhantomX999<114><STEAM_0:1:13432606><Blue>") (assist "1") (assister_position "-540 -1450 -314") (attacker_position "-206 -861 -225")
L 03/21/2014 - 01:13:37: "Gord<141><STEAM_0:1:2327125><>" connected, address "72.35.129.251:27005"
L 03/21/2014 - 01:13:37: "Gord<141><STEAM_0:1:2327125><>" STEAM USERID validated
L 03/21/2014 - 01:13:40: "Sammicus Panthera Tigris<134><STEAM_0:1:30442114><Unassigned>" joined team "Red"
L 03/21/2014 - 01:13:48: "Fortune the Don<135><STEAM_0:0:33251108><Blue>" killed "{BFG} Nikdragon<108><STEAM_0:0:78154965><Red>" with "sandman" (attacker_position "-691 -1420 -533") (victim_position "-741 -1416 -517")
L 03/21/2014 - 01:13:48: "Sammicus Panthera Tigris<134><STEAM_0:1:30442114><Red>" changed role to "scout"
L 03/21/2014 - 01:13:51: "{SCG} PhantomX999<114><STEAM_0:1:13432606><Blue>" triggered "builtobject" (object "OBJ_SENTRYGUN") (position "-134 -1839 -373")
L 03/21/2014 - 01:13:52: "Herrocopter<67><STEAM_0:0:50403197><Red>" killed "{SCG} PhantomX999<114><STEAM_0:1:13432606><Blue>" with "degreaser" (attacker_position "17 -1451 -330") (victim_position "-54 -1834 -371")
L 03/21/2014 - 01:13:53: "Persi, the Neko God<12><STEAM_0:1:30286598><Blue>" killed "Herrocopter<67><STEAM_0:0:50403197><Red>" with "scattergun" (attacker_position "-263 -1378 -352") (victim_position "-183 -1385 -364")
L 03/21/2014 - 01:13:53: "Isaac Rundrake<140><STEAM_0:1:40971448><Blue>" triggered "kill assist" against "Herrocopter<67><STEAM_0:0:50403197><Red>" (assister_position "-609 -1089 -374") (attacker_position "-263 -1378 -352") (victim_position "-183 -1385 -364")
L 03/21/2014 - 01:13:54: "{BFG} Nikdragon<108><STEAM_0:0:78154965><Red>" changed role to "sniper"
L 03/21/2014 - 01:13:54: "Myntey<138><STEAM_0:0:33841019><Red>" triggered "medic_death" against "Isaac Rundrake<140><STEAM_0:1:40971448><Blue>" (healing "24") (ubercharge "0")
L 03/21/2014 - 01:13:54: "Myntey<138><STEAM_0:0:33841019><Red>" killed "Isaac Rundrake<140><STEAM_0:1:40971448><Blue>" with "revolver" (attacker_position "-679 -965 -402") (victim_position "-550 -1373 -442")
L 03/21/2014 - 01:13:54: "JaÃ¼ri, the Laughing Goddess<124><STEAM_0:1:17091633><Red>" triggered "kill assist" against "Isaac Rundrake<140><STEAM_0:1:40971448><Blue>" (assister_position "-475 -567 -158") (attacker_position "-679 -965 -402") (victim_position "-550 -1373 -442")
L 03/21/2014 - 01:14:00: "Gord<141><STEAM_0:1:2327125><>" entered the game
L 03/21/2014 - 01:14:05: "JaÃ¼ri, the Laughing Goddess<124><STEAM_0:1:17091633><Red>" triggered "killedobject" (object "OBJ_SENTRYGUN") (weapon "syringegun_medic") (objectowner "{SCG} PhantomX999<114><STEAM_0:1:13432606><Blue>") (attacker_position "-435 -229 -148")
L 03/21/2014 - 01:14:05: "Gord<141><STEAM_0:1:2327125><Unassigned>" joined team "Blue"
L 03/21/2014 - 01:14:07: "(void*)FoXX<118><STEAM_0:0:2179002><>" entered the game
L 03/21/2014 - 01:14:07: "Isaac Rundrake<140><STEAM_0:1:40971448><Blue>" changed role to "pyro"
L 03/21/2014 - 01:14:08: "Gord<141><STEAM_0:1:2327125><Blue>" changed role to "soldier"
L 03/21/2014 - 01:14:12: "{SCG} PhantomX999<114><STEAM_0:1:13432606><Blue>" triggered "builtobject" (object "OBJ_SENTRYGUN") (position "83 -136 -167")
L 03/21/2014 - 01:14:13: "Gord<141><STEAM_0:1:2327125><Blue>" say "have gord, will carry"
L 03/21/2014 - 01:14:15: "{SCG} Rowdy d(=^ï½¥Ï‰ï½¥^=)b<139><STEAM_0:0:21349373><Blue>" triggered "medic_death" against "JaÃ¼ri, the Laughing Goddess<124><STEAM_0:1:17091633><Red>" (healing "85") (ubercharge "0")
L 03/21/2014 - 01:14:15: "{SCG} Rowdy d(=^ï½¥Ï‰ï½¥^=)b<139><STEAM_0:0:21349373><Blue>" killed "JaÃ¼ri, the Laughing Goddess<124><STEAM_0:1:17091633><Red>" with "bazaar_bargain" (attacker_position "-349 -2282 -367") (victim_position "-178 -373 -174")
L 03/21/2014 - 01:14:15: "{SCG} PhantomX999<114><STEAM_0:1:13432606><Blue>" triggered "kill assist" against "JaÃ¼ri, the Laughing Goddess<124><STEAM_0:1:17091633><Red>" (assister_position "-187 -307 -169") (attacker_position "-349 -2282 -367") (victim_position "-178 -373 -174")
L 03/21/2014 - 01:14:20: "JaÃ¼ri, the Laughing Goddess<124><STEAM_0:1:17091633><Red>" changed role to "soldier"
L 03/21/2014 - 01:14:21: "Myntey<138><STEAM_0:0:33841019><Red>" triggered "builtobject" (object "OBJ_ATTACHMENT_SAPPER") (position "217 -160 -85")
L 03/21/2014 - 01:14:26: "{SCG} FaolPlay<133><STEAM_0:1:24520147><Red>" killed "Isaac Rundrake<140><STEAM_0:1:40971448><Blue>" with "tribalkukri" (attacker_position "-695 652 0") (victim_position "-763 653 0")
L 03/21/2014 - 01:14:27: "Myntey<138><STEAM_0:0:33841019><Red>" triggered "killedobject" (object "OBJ_SENTRYGUN") (weapon "obj_attachment_sapper") (objectowner "{SCG} PhantomX999<114><STEAM_0:1:13432606><Blue>") (attacker_position "-614 51 -159")
L 03/21/2014 - 01:14:29: "{SCG} PhantomX999<114><STEAM_0:1:13432606><Blue>" triggered "builtobject" (object "OBJ_SENTRYGUN") (position "1 266 0")
L 03/21/2014 - 01:14:32: "Herrocopter<67><STEAM_0:0:50403197><Red>" killed "Gord<141><STEAM_0:1:2327125><Blue>" with "reserve_shooter" (attacker_position "-461 337 -168") (victim_position "-316 349 -142")
L 03/21/2014 - 01:14:32: "Sammicus Panthera Tigris<134><STEAM_0:1:30442114><Red>" triggered "kill assist" against "Gord<141><STEAM_0:1:2327125><Blue>" (assister_position "-580 194 -171") (attacker_position "-461 337 -168") (victim_position "-316 349 -142")
L 03/21/2014 - 01:14:33: "{SCG} FaolPlay<133><STEAM_0:1:24520147><Red>" triggered "captureblocked" (cp "0") (cpname "Cap 1, Stage 1") (position "-489 696 0")
L 03/21/2014 - 01:14:33: "{SCG} FaolPlay<133><STEAM_0:1:24520147><Red>" killed "{SCG} PhantomX999<114><STEAM_0:1:13432606><Blue>" with "machina" (customkill "headshot") (attacker_position "-489 696 0") (victim_position "-53 222 7")
L 03/21/2014 - 01:14:34: "Persi, the Neko God<12><STEAM_0:1:30286598><Blue>" killed "{SCG} FaolPlay<133><STEAM_0:1:24520147><Red>" with "scattergun" (attacker_position "-279 712 0") (victim_position "-550 731 0")
L 03/21/2014 - 01:14:35: "Herrocopter<67><STEAM_0:0:50403197><Red>" triggered "killedobject" (object "OBJ_SENTRYGUN") (weapon "degreaser") (objectowner "{SCG} PhantomX999<114><STEAM_0:1:13432606><Blue>") (attacker_position "28 265 0")
L 03/21/2014 - 01:14:43: "Herrocopter<67><STEAM_0:0:50403197><Red>" killed "Persi, the Neko God<12><STEAM_0:1:30286598><Blue>" with "reserve_shooter" (attacker_position "-471 187 -183") (victim_position "-207 -614 -193")
L 03/21/2014 - 01:14:44: "{SCG} PhantomX999<114><STEAM_0:1:13432606><Blue>" changed role to "soldier"
L 03/21/2014 - 01:14:45: "{SCG} Rowdy d(=^ï½¥Ï‰ï½¥^=)b<139><STEAM_0:0:21349373><Blue>" killed "Sammicus Panthera Tigris<134><STEAM_0:1:30442114><Red>" with "bazaar_bargain" (attacker_position "-382 -2286 -367") (victim_position "-151 61 7")
L 03/21/2014 - 01:14:47: "Isaac Rundrake<140><STEAM_0:1:40971448><Blue>" killed "Herrocopter<67><STEAM_0:0:50403197><Red>" with "flamethrower" (attacker_position "-433 104 -171") (victim_position "-367 160 -169")
L 03/21/2014 - 01:14:47: "The Mutagen(unstable)<89><STEAM_0:0:49010827><>" entered the game
L 03/21/2014 - 01:14:54: "{SCG} Rowdy d(=^ï½¥Ï‰ï½¥^=)b<139><STEAM_0:0:21349373><Blue>" killed "JaÃ¼ri, the Laughing Goddess<124><STEAM_0:1:17091633><Red>" with "bazaar_bargain" (attacker_position "-398 -2280 -367") (victim_position "-273 -1020 -144")
L 03/21/2014 - 01:14:54: "Gord<141><STEAM_0:1:2327125><Blue>" triggered "kill assist" against "JaÃ¼ri, the Laughing Goddess<124><STEAM_0:1:17091633><Red>" (assister_position "-314 -693 -177") (attacker_position "-398 -2280 -367") (victim_position "-273 -1020 -144")
L 03/21/2014 - 01:14:55: "Myntey<138><STEAM_0:0:33841019><Red>" killed "Gord<141><STEAM_0:1:2327125><Blue>" with "revolver" (attacker_position "-294 -559 -178") (victim_position "-334 -762 -187")
L 03/21/2014 - 01:14:56: "The Mutagen(unstable)<89><STEAM_0:0:49010827><Unassigned>" joined team "Red"
L 03/21/2014 - 01:14:57: "The Mutagen(unstable)<89><STEAM_0:0:49010827><Red>" changed role to "sniper"
L 03/21/2014 - 01:14:57: "Isaac Rundrake<140><STEAM_0:1:40971448><Blue>" killed "Myntey<138><STEAM_0:0:33841019><Red>" with "flamethrower" (attacker_position "-23 -298 -169") (victim_position "-139 -272 -169")
L 03/21/2014 - 01:14:57: "Fortune the Don<135><STEAM_0:0:33251108><Blue>" triggered "kill assist" against "Myntey<138><STEAM_0:0:33841019><Red>" (assister_position "-273 -256 -165") (attacker_position "-23 -298 -169") (victim_position "-139 -272 -169")
L 03/21/2014 - 01:15:07: Team "Blue" triggered "pointcaptured" (cp "0") (cpname "Cap 1, Stage 1") (numcappers "2") (player1 "Persi, the Neko God<12><STEAM_0:1:30286598><Blue>") (position1 "-90 189 7") (player2 "{SCG} PhantomX999<114><STEAM_0:1:13432606><Blue>") (position2 "-43 32 0") 
L 03/21/2014 - 01:15:09: "Red Pandopticon<119><STEAM_0:0:15629443><>" entered the game
L 03/21/2014 - 01:15:18: "{SCG} FaolPlay<133><STEAM_0:1:24520147><Red>" killed "Isaac Rundrake<140><STEAM_0:1:40971448><Blue>" with "machina" (customkill "headshot") (attacker_position "46 1789 0") (victim_position "-459 1534 -108")
L 03/21/2014 - 01:15:19: "Fortune the Don<135><STEAM_0:0:33251108><Blue>" killed "{BFG} Nikdragon<108><STEAM_0:0:78154965><Red>" with "scattergun" (attacker_position "-589 120 -159") (victim_position "-900 153 -157")
L 03/21/2014 - 01:15:19: "Gord<141><STEAM_0:1:2327125><Blue>" triggered "kill assist" against "{BFG} Nikdragon<108><STEAM_0:0:78154965><Red>" (assister_position "-702 -99 -186") (attacker_position "-589 120 -159") (victim_position "-900 153 -157")
L 03/21/2014 - 01:15:21: "Red Pandopticon<119><STEAM_0:0:15629443><Unassigned>" joined team "Blue"
L 03/21/2014 - 01:15:21: "{SCG} PhantomX999<114><STEAM_0:1:13432606><Blue>" killed "{SCG} FaolPlay<133><STEAM_0:1:24520147><Red>" with "liberty_launcher" (attacker_position "373 2090 0") (victim_position "463 1933 0")
L 03/21/2014 - 01:15:22: "Red Pandopticon<119><STEAM_0:0:15629443><Blue>" changed role to "sniper"
L 03/21/2014 - 01:15:24: "Herrocopter<67><STEAM_0:0:50403197><Red>" killed "Persi, the Neko God<12><STEAM_0:1:30286598><Blue>" with "degreaser" (attacker_position "-319 1426 -255") (victim_position "-245 1696 -206")
L 03/21/2014 - 01:15:24: "Sammicus Panthera Tigris<134><STEAM_0:1:30442114><Red>" triggered "kill assist" against "Persi, the Neko God<12><STEAM_0:1:30286598><Blue>" (assister_position "-768 1441 -188") (attacker_position "-319 1426 -255") (victim_position "-245 1696 -206")
L 03/21/2014 - 01:15:26: "Isaac Rundrake<140><STEAM_0:1:40971448><Blue>" changed role to "medic"
L 03/21/2014 - 01:15:27: "JaÃ¼ri, the Laughing Goddess<124><STEAM_0:1:17091633><Red>" killed "Gord<141><STEAM_0:1:2327125><Blue>" with "goomba" (attacker_position "-705 1352 89") (victim_position "-737 1396 7")
L 03/21/2014 - 01:15:27: "Red Pandopticon<119><STEAM_0:0:15629443><Blue>" changed role to "demoman"
L 03/21/2014 - 01:15:28: "Sammicus Panthera Tigris<134><STEAM_0:1:30442114><Red>" killed "Fortune the Don<135><STEAM_0:0:33251108><Blue>" with "soda_popper" (attacker_position "-621 2227 -3") (victim_position "-595 2395 0")
L 03/21/2014 - 01:15:28: "Myntey<138><STEAM_0:0:33841019><Red>" triggered "kill assist" against "Fortune the Don<135><STEAM_0:0:33251108><Blue>" (assister_position "-807 2413 0") (attacker_position "-621 2227 -3") (victim_position "-595 2395 0")
L 03/21/2014 - 01:15:30: "Myntey<138><STEAM_0:0:33841019><Red>" killed "{SCG} PhantomX999<114><STEAM_0:1:13432606><Blue>" with "revolver" (attacker_position "-417 2597 0") (victim_position "-150 2451 0")
L 03/21/2014 - 01:15:30: "The Mutagen(unstable)<89><STEAM_0:0:49010827><Red>" triggered "kill assist" against "{SCG} PhantomX999<114><STEAM_0:1:13432606><Blue>" (assister_position "-442 3316 208") (attacker_position "-417 2597 0") (victim_position "-150 2451 0")
L 03/21/2014 - 01:15:32: "Gord<141><STEAM_0:1:2327125><Blue>" say "oh noooooo :C"
L 03/21/2014 - 01:15:32: "Red Pandopticon<119><STEAM_0:0:15629443><Blue>" changed role to "pyro"
L 03/21/2014 - 01:15:34: "The Mutagen(unstable)<89><STEAM_0:0:49010827><Red>" killed "{SCG} Rowdy d(=^ï½¥Ï‰ï½¥^=)b<139><STEAM_0:0:21349373><Blue>" with "pro_rifle" (customkill "headshot") (attacker_position "-518 3250 208") (victim_position "286 2159 0")
L 03/21/2014 - 01:15:50: "Red Pandopticon<119><STEAM_0:0:15629443><Blue>" killed "Myntey<138><STEAM_0:0:33841019><Red>" with "shotgun_pyro" (attacker_position "-148 507 -25") (victim_position "-216 546 0")
L 03/21/2014 - 01:16:02: "Persi, the Neko God<12><STEAM_0:1:30286598><Blue>" killed "Sammicus Panthera Tigris<134><STEAM_0:1:30442114><Red>" with "scattergun" (attacker_position "-691 1586 17") (victim_position "-517 1693 84")
L 03/21/2014 - 01:16:02: "The Mutagen(unstable)<89><STEAM_0:0:49010827><Red>" triggered "medic_death" against "Isaac Rundrake<140><STEAM_0:1:40971448><Blue>" (healing "664") (ubercharge "0")
L 03/21/2014 - 01:16:02: "The Mutagen(unstable)<89><STEAM_0:0:49010827><Red>" killed "Isaac Rundrake<140><STEAM_0:1:40971448><Blue>" with "pro_rifle" (customkill "headshot") (attacker_position "-317 3266 208") (victim_position "-572 2041 47")
L 03/21/2014 - 01:16:05: "Fortune the Don<135><STEAM_0:0:33251108><Blue>" killed "{BFG} Nikdragon<108><STEAM_0:0:78154965><Red>" with "scattergun" (attacker_position "-1386 2638 -33") (victim_position "-1054 3267 208")
L 03/21/2014 - 01:16:06: "Persi, the Neko God<12><STEAM_0:1:30286598><Blue>" killed "{SCG} FaolPlay<133><STEAM_0:1:24520147><Red>" with "scattergun" (attacker_position "-206 2158 -255") (victim_position "-93 1855 -251")
L 03/21/2014 - 01:16:08: "Red Pandopticon<119><STEAM_0:0:15629443><Blue>" killed "Herrocopter<67><STEAM_0:0:50403197><Red>" with "powerjack" (attacker_position "-1135 1500 -244") (victim_position "-1158 1495 -239")
L 03/21/2014 - 01:16:08: "{SCG} PhantomX999<114><STEAM_0:1:13432606><Blue>" triggered "kill assist" against "Herrocopter<67><STEAM_0:0:50403197><Red>" (assister_position "-1345 1232 -231") (attacker_position "-1135 1500 -244") (victim_position "-1158 1495 -239")
L 03/21/2014 - 01:16:09: "Sammicus Panthera Tigris<134><STEAM_0:1:30442114><Red>" changed role to "heavyweapons"
L 03/21/2014 - 01:16:11: "The Mutagen(unstable)<89><STEAM_0:0:49010827><Red>" triggered "jarate_attack" against "Gord<141><STEAM_0:1:2327125><Blue>" with "tf_weapon_jar" (attacker_position "-891 2716 -1") (victim_position "-755 2484 7")
L 03/21/2014 - 01:16:12: "The Mutagen(unstable)<89><STEAM_0:0:49010827><Red>" triggered "captureblocked" (cp "1") (cpname "Cap 2, Stage 1") (position "-839 2418 25")
L 03/21/2014 - 01:16:13: "Gord<141><STEAM_0:1:2327125><Blue>" killed "The Mutagen(unstable)<89><STEAM_0:0:49010827><Red>" with "tf_projectile_rocket" (attacker_position "-553 2535 2") (victim_position "-774 2432 0")
L 03/21/2014 - 01:16:13: "JaÃ¼ri, the Laughing Goddess<124><STEAM_0:1:17091633><Red>" killed "{SCG} Rowdy d(=^ï½¥Ï‰ï½¥^=)b<139><STEAM_0:0:21349373><Blue>" with "market_gardener" (attacker_position "-189 -1880 -306") (victim_position "-210 -1922 -365")
L 03/21/2014 - 01:16:16: Team "Blue" triggered "pointcaptured" (cp "1") (cpname "Cap 2, Stage 1") (numcappers "4") (player1 "Fortune the Don<135><STEAM_0:0:33251108><Blue>") (position1 "-583 2511 7") (player2 "Gord<141><STEAM_0:1:2327125><Blue>") (position2 "-647 2456 7") (player3 "Persi, the Neko God<12><STEAM_0:1:30286598><Blue>") (position3 "-677 2555 7") (player4 "{SCG} PhantomX999<114><STEAM_0:1:13432606><Blue>") (position4 "-622 2569 7") 
L 03/21/2014 - 01:16:16: World triggered "Mini_Round_Win" (winner "Blue") (round "round_1")
L 03/21/2014 - 01:16:16: World triggered "Mini_Round_Length" (seconds "247.59")
L 03/21/2014 - 01:16:18: "Herrocopter<67><STEAM_0:0:50403197><Red>" changed role to "demoman"
L 03/21/2014 - 01:16:20: "{BFG} Nikdragon<108><STEAM_0:0:78154965><Red>" changed role to "demoman"
L 03/21/2014 - 01:16:20: "Isaac Rundrake<140><STEAM_0:1:40971448><Blue>" killed "JaÃ¼ri, the Laughing Goddess<124><STEAM_0:1:17091633><Red>" with "ubersaw" (attacker_position "-1022 -1336 -247") (victim_position "-974 -1286 -247")
L 03/21/2014 - 01:16:21: "Myntey<138><STEAM_0:0:33841019><Red>" committed suicide with "world" (attacker_position "-595 2243 883")
L 03/21/2014 - 01:16:31: World triggered "Round_Setup_Begin"
L 03/21/2014 - 01:16:31: World triggered "Mini_Round_Selected" (round "round_2")
L 03/21/2014 - 01:16:31: World triggered "Mini_Round_Start"
L 03/21/2014 - 01:17:17: "{SCG} PhantomX999<114><STEAM_0:1:13432606><Blue>" say "!fucks"
L 03/21/2014 - 01:17:20: "Sammicus Panthera Tigris<134><STEAM_0:1:30442114><Red>" changed role to "engineer"
L 03/21/2014 - 01:17:20: "Sammicus Panthera Tigris<134><STEAM_0:1:30442114><Red>" committed suicide with "world" (attacker_position "-963 6754 -95")
L 03/21/2014 - 01:17:27: "(void*)FoXX<118><STEAM_0:0:2179002><Unassigned>" joined team "Spectator"
L 03/21/2014 - 01:17:31: "Isaac Rundrake<140><STEAM_0:1:40971448><Blue>" triggered "chargedeployed"
L 03/21/2014 - 01:17:31: World triggered "Round_Setup_End"
L 03/21/2014 - 01:17:33: "AndriNaline<142><STEAM_0:1:59437109><>" connected, address "122.148.72.45:27005"
L 03/21/2014 - 01:17:33: "AndriNaline<142><STEAM_0:1:59437109><>" STEAM USERID validated
L 03/21/2014 - 01:17:35: "Gord<141><STEAM_0:1:2327125><Blue>" killed "{BFG} Nikdragon<108><STEAM_0:0:78154965><Red>" with "tf_projectile_rocket" (attacker_position "-1362 5563 -174") (victim_position "-1383 5647 -367")
L 03/21/2014 - 01:17:35: "Isaac Rundrake<140><STEAM_0:1:40971448><Blue>" triggered "kill assist" against "{BFG} Nikdragon<108><STEAM_0:0:78154965><Red>" (assister_position "-1479 5446 -169") (attacker_position "-1362 5563 -174") (victim_position "-1383 5647 -367")
L 03/21/2014 - 01:17:35: "{SCG} FaolPlay<133><STEAM_0:1:24520147><Red>" killed "Red Pandopticon<119><STEAM_0:0:15629443><Blue>" with "machina" (attacker_position "-1011 6343 -152") (victim_position "-798 4938 -155")
L 03/21/2014 - 01:17:37: "The Mutagen(unstable)<89><STEAM_0:0:49010827><Red>" killed "{SCG} Rowdy d(=^ï½¥Ï‰ï½¥^=)b<139><STEAM_0:0:21349373><Blue>" with "pro_rifle" (customkill "headshot") (attacker_position "-1095 6685 -95") (victim_position "-929 4368 -159")
L 03/21/2014 - 01:17:39: "Herrocopter<67><STEAM_0:0:50403197><Red>" killed "Persi, the Neko God<12><STEAM_0:1:30286598><Blue>" with "paintrain" (attacker_position "-324 6408 -156") (victim_position "-289 6356 -129")
L 03/21/2014 - 01:17:42: "Myntey<138><STEAM_0:0:33841019><Red>" triggered "medic_death" against "Isaac Rundrake<140><STEAM_0:1:40971448><Blue>" (healing "944") (ubercharge "0")
L 03/21/2014 - 01:17:42: "Myntey<138><STEAM_0:0:33841019><Red>" killed "Isaac Rundrake<140><STEAM_0:1:40971448><Blue>" with "knife" (customkill "backstab") (attacker_position "-1234 5038 -148") (victim_position "-1164 5042 -141")
L 03/21/2014 - 01:17:44: "Sammicus Panthera Tigris<134><STEAM_0:1:30442114><Red>" triggered "builtobject" (object "OBJ_TELEPORTER") (position "1045 9995 -159")
L 03/21/2014 - 01:17:46: "Fortune the Don<135><STEAM_0:0:33251108><Blue>" killed "Myntey<138><STEAM_0:0:33841019><Red>" with "sandman" (attacker_position "-201 5152 -157") (victim_position "-153 5152 -157")
L 03/21/2014 - 01:17:46: "{SCG} PhantomX999<114><STEAM_0:1:13432606><Blue>" triggered "kill assist" against "Myntey<138><STEAM_0:0:33841019><Red>" (assister_position "-44 5342 -150") (attacker_position "-201 5152 -157") (victim_position "-153 5152 -157")
L 03/21/2014 - 01:17:47: "Gord<141><STEAM_0:1:2327125><Blue>" killed "{SCG} FaolPlay<133><STEAM_0:1:24520147><Red>" with "tf_projectile_rocket" (attacker_position "-992 6089 -159") (victim_position "-1227 6291 -150")
L 03/21/2014 - 01:17:49: "JaÃ¼ri, the Laughing Goddess<124><STEAM_0:1:17091633><Red>" killed "{SCG} PhantomX999<114><STEAM_0:1:13432606><Blue>" with "goomba" (attacker_position "-466 5396 -83") (victim_position "-501 5368 -165")
L 03/21/2014 - 01:17:49: "The Mutagen(unstable)<89><STEAM_0:0:49010827><Red>" triggered "jarate_attack" against "Gord<141><STEAM_0:1:2327125><Blue>" with "tf_weapon_jar" (attacker_position "-779 6781 -95") (victim_position "-735 6509 -142")
L 03/21/2014 - 01:17:50: "Zingy Zigzagoon<143><STEAM_0:1:38093875><>" connected, address "71.83.109.153:27635"
L 03/21/2014 - 01:17:50: "Zingy Zigzagoon<143><STEAM_0:1:38093875><>" STEAM USERID validated
L 03/21/2014 - 01:17:55: "The Mutagen(unstable)<89><STEAM_0:0:49010827><Red>" killed "Gord<141><STEAM_0:1:2327125><Blue>" with "pro_rifle" (attacker_position "-869 6239 -130") (victim_position "-1468 6324 -150")
L 03/21/2014 - 01:17:57: "OverlordDarius<144><STEAM_0:0:58198177><>" connected, address "69.117.145.83:27005"
L 03/21/2014 - 01:17:57: "OverlordDarius<144><STEAM_0:0:58198177><>" STEAM USERID validated
L 03/21/2014 - 01:17:58: "{SCG} Rowdy d(=^ï½¥Ï‰ï½¥^=)b<139><STEAM_0:0:21349373><Blue>" killed "The Mutagen(unstable)<89><STEAM_0:0:49010827><Red>" with "bazaar_bargain" (customkill "headshot") (attacker_position "-923 4695 -159") (victim_position "-1083 6712 -95")
L 03/21/2014 - 01:18:02: "Myntey<138><STEAM_0:0:33841019><Red>" changed role to "pyro"
L 03/21/2014 - 01:18:04: "Red Pandopticon<119><STEAM_0:0:15629443><Blue>" killed "JaÃ¼ri, the Laughing Goddess<124><STEAM_0:1:17091633><Red>" with "degreaser" (attacker_position "-1011 6572 -88") (victim_position "-1060 6549 230")
L 03/21/2014 - 01:18:05: "Gord<141><STEAM_0:1:2327125><Blue>" say "this map is pretty attacker-sided"
L 03/21/2014 - 01:18:06: "Gord<141><STEAM_0:1:2327125><Blue>" say "we should be okay"
L 03/21/2014 - 01:18:09: "Persi, the Neko God<12><STEAM_0:1:30286598><Blue>" killed "Herrocopter<67><STEAM_0:0:50403197><Red>" with "scattergun" (attacker_position "-982 6408 -105") (victim_position "-1068 6596 -89")
L 03/21/2014 - 01:18:09: "Red Pandopticon<119><STEAM_0:0:15629443><Blue>" triggered "kill assist" against "Herrocopter<67><STEAM_0:0:50403197><Red>" (assister_position "-1085 6759 -95") (attacker_position "-982 6408 -105") (victim_position "-1068 6596 -89")
L 03/21/2014 - 01:18:14: Team "Blue" triggered "pointcaptured" (cp "2") (cpname "Cap 1, Stage 2") (numcappers "4") (player1 "Isaac Rundrake<140><STEAM_0:1:40971448><Blue>") (position1 "-994 6559 -88") (player2 "Fortune the Don<135><STEAM_0:0:33251108><Blue>") (position2 "-926 6640 -88") (player3 "Persi, the Neko God<12><STEAM_0:1:30286598><Blue>") (position3 "-936 6728 -94") (player4 "Red Pandopticon<119><STEAM_0:0:15629443><Blue>") (position4 "-913 6647 -88") 
L 03/21/2014 - 01:18:18: "{BFG} Sabre<79><STEAM_0:1:31072961><>" entered the game
L 03/21/2014 - 01:18:21: "JaÃ¼ri, the Laughing Goddess<124><STEAM_0:1:17091633><Red>" say "gernoight"
L 03/21/2014 - 01:18:22: "Red Pandopticon<119><STEAM_0:0:15629443><Blue>" killed "Sammicus Panthera Tigris<134><STEAM_0:1:30442114><Red>" with "shotgun_pyro" (attacker_position "-810 8246 -168") (victim_position "-707 8612 -65")
L 03/21/2014 - 01:18:22: "Persi, the Neko God<12><STEAM_0:1:30286598><Blue>" triggered "kill assist" against "Sammicus Panthera Tigris<134><STEAM_0:1:30442114><Red>" (assister_position "-853 8191 -170") (attacker_position "-810 8246 -168") (victim_position "-707 8612 -65")
L 03/21/2014 - 01:18:26: "Zingy Zigzagoon<143><STEAM_0:1:38093875><>" entered the game
L 03/21/2014 - 01:18:26: "Herrocopter<67><STEAM_0:0:50403197><Red>" disconnected (reason "Disconnect by user.")
L 03/21/2014 - 01:18:27: "Myntey<138><STEAM_0:0:33841019><Red>" killed "Fortune the Don<135><STEAM_0:0:33251108><Blue>" with "degreaser" (attacker_position "-1400 8143 -160") (victim_position "-1373 8094 -150")
L 03/21/2014 - 01:18:29: "Gord<141><STEAM_0:1:2327125><Blue>" killed "Myntey<138><STEAM_0:0:33841019><Red>" with "tf_projectile_rocket" (attacker_position "-1417 7800 -95") (victim_position "-1400 8410 -164")
L 03/21/2014 - 01:18:29: "Isaac Rundrake<140><STEAM_0:1:40971448><Blue>" triggered "kill assist" against "Myntey<138><STEAM_0:0:33841019><Red>" (assister_position "-1486 7639 -95") (attacker_position "-1417 7800 -95") (victim_position "-1400 8410 -164")
L 03/21/2014 - 01:18:31: "Zingy Zigzagoon<143><STEAM_0:1:38093875><Unassigned>" joined team "Red"
L 03/21/2014 - 01:18:32: "Persi, the Neko God<12><STEAM_0:1:30286598><Blue>" killed "{SCG} FaolPlay<133><STEAM_0:1:24520147><Red>" with "scattergun" (attacker_position "1000 8679 -155") (victim_position "1063 8712 -152")
L 03/21/2014 - 01:18:32: "Red Pandopticon<119><STEAM_0:0:15629443><Blue>" triggered "kill assist" against "{SCG} FaolPlay<133><STEAM_0:1:24520147><Red>" (assister_position "867 8980 -151") (attacker_position "1000 8679 -155") (victim_position "1063 8712 -152")
L 03/21/2014 - 01:18:32: "Zingy Zigzagoon<143><STEAM_0:1:38093875><Red>" changed role to "sniper"
L 03/21/2014 - 01:18:32: "AndriNaline<142><STEAM_0:1:59437109><>" disconnected (reason "Disconnect by user.")
L 03/21/2014 - 01:18:34: "JaÃ¼ri, the Laughing Goddess<124><STEAM_0:1:17091633><Red>" killed "Persi, the Neko God<12><STEAM_0:1:30286598><Blue>" with "market_gardener" (attacker_position "1036 8936 -51") (victim_position "1049 8973 -88")
L 03/21/2014 - 01:18:34: "{SCG} FaolPlay<133><STEAM_0:1:24520147><Red>" triggered "kill assist" against "Persi, the Neko God<12><STEAM_0:1:30286598><Blue>" (assister_position "1048 8725 -138") (attacker_position "1036 8936 -51") (victim_position "1049 8973 -88")
L 03/21/2014 - 01:18:38: "{BFG} Sabre<79><STEAM_0:1:31072961><Unassigned>" joined team "Blue"
L 03/21/2014 - 01:18:39: "Red Pandopticon<119><STEAM_0:0:15629443><Blue>" killed "The Mutagen(unstable)<89><STEAM_0:0:49010827><Red>" with "shotgun_pyro" (attacker_position "1005 9021 -88") (victim_position "1029 8599 -156")
L 03/21/2014 - 01:18:40: "{BFG} Sabre<79><STEAM_0:1:31072961><Blue>" changed role to "spy"
L 03/21/2014 - 01:18:43: "{SCG} PhantomX999<114><STEAM_0:1:13432606><Blue>" killed "{BFG} Nikdragon<108><STEAM_0:0:78154965><Red>" with "liberty_launcher" (attacker_position "-659 8252 -160") (victim_position "-615 8481 -159")
L 03/21/2014 - 01:18:43: "Gord<141><STEAM_0:1:2327125><Blue>" triggered "kill assist" against "{BFG} Nikdragon<108><STEAM_0:0:78154965><Red>" (assister_position "-716 8510 -116") (attacker_position "-659 8252 -160") (victim_position "-615 8481 -159")
L 03/21/2014 - 01:18:45: "Zingy Zigzagoon<143><STEAM_0:1:38093875><Red>" triggered "captureblocked" (cp "3") (cpname "Cap 2, Stage 2") (position "1112 9111 -95")
L 03/21/2014 - 01:18:46: "Zingy Zigzagoon<143><STEAM_0:1:38093875><Red>" triggered "captureblocked" (cp "3") (cpname "Cap 2, Stage 2") (position "1083 9090 -95")
L 03/21/2014 - 01:18:46: "Zingy Zigzagoon<143><STEAM_0:1:38093875><Red>" killed "Red Pandopticon<119><STEAM_0:0:15629443><Blue>" with "fryingpan" (attacker_position "1083 9090 -95") (victim_position "1069 9057 -88")
L 03/21/2014 - 01:18:52: "JaÃ¼ri, the Laughing Goddess<124><STEAM_0:1:17091633><Red>" killed "{SCG} PhantomX999<114><STEAM_0:1:13432606><Blue>" with "goomba" (attacker_position "397 8892 146") (victim_position "359 8903 64")
L 03/21/2014 - 01:18:55: "JaÃ¼ri, the Laughing Goddess<124><STEAM_0:1:17091633><Red>" triggered "medic_death" against "Isaac Rundrake<140><STEAM_0:1:40971448><Blue>" (healing "1071") (ubercharge "0")
L 03/21/2014 - 01:18:55: "JaÃ¼ri, the Laughing Goddess<124><STEAM_0:1:17091633><Red>" killed "Isaac Rundrake<140><STEAM_0:1:40971448><Blue>" with "market_gardener" (attacker_position "539 8569 -96") (victim_position "528 8547 -117")
L 03/21/2014 - 01:18:56: "{SCG} Rowdy d(=^ï½¥Ï‰ï½¥^=)b<139><STEAM_0:0:21349373><Blue>" killed "Sammicus Panthera Tigris<134><STEAM_0:1:30442114><Red>" with "bazaar_bargain" (customkill "headshot") (attacker_position "71 8812 64") (victim_position "1255 9163 -95")
L 03/21/2014 - 01:18:56: "Myntey<138><STEAM_0:0:33841019><Red>" killed "Gord<141><STEAM_0:1:2327125><Blue>" with "deflect_rocket" (attacker_position "854 8195 -162") (victim_position "941 8114 -111")
L 03/21/2014 - 01:18:56: "Gord<141><STEAM_0:1:2327125><Blue>" killed "Myntey<138><STEAM_0:0:33841019><Red>" with "world" (attacker_position "941 8114 -111") (victim_position "854 8195 -162")
L 03/21/2014 - 01:19:02: "Gord<141><STEAM_0:1:2327125><Blue>" say "i'll take that :]"
L 03/21/2014 - 01:19:04: "{SCG} FaolPlay<133><STEAM_0:1:24520147><Red>" triggered "captureblocked" (cp "3") (cpname "Cap 2, Stage 2") (position "999 9006 -88")
L 03/21/2014 - 01:19:04: "JaÃ¼ri, the Laughing Goddess<124><STEAM_0:1:17091633><Red>" killed "{BFG} Sabre<79><STEAM_0:1:31072961><Blue>" with "market_gardener" (attacker_position "517 8030 64") (victim_position "472 8004 64")
L 03/21/2014 - 01:19:04: "Isaac Rundrake<140><STEAM_0:1:40971448><Blue>" say "Sorry Gord D:"
L 03/21/2014 - 01:19:05: "Persi, the Neko God<12><STEAM_0:1:30286598><Blue>" killed "JaÃ¼ri, the Laughing Goddess<124><STEAM_0:1:17091633><Red>" with "scattergun" (attacker_position "2 8007 64") (victim_position "331 8043 64")
L 03/21/2014 - 01:19:08: "{SCG} FaolPlay<133><STEAM_0:1:24520147><Red>" killed "Fortune the Don<135><STEAM_0:0:33251108><Blue>" with "machina" (attacker_position "1171 9188 -95") (victim_position "1138 9046 -95")
L 03/21/2014 - 01:19:08: "Zingy Zigzagoon<143><STEAM_0:1:38093875><Red>" triggered "kill assist" against "Fortune the Don<135><STEAM_0:0:33251108><Blue>" (assister_position "1035 8946 -88") (attacker_position "1171 9188 -95") (victim_position "1138 9046 -95")
L 03/21/2014 - 01:19:11: "Gord<141><STEAM_0:1:2327125><Blue>" say "any day i kill myntey is a good dday"
L 03/21/2014 - 01:19:14: "Persi, the Neko God<12><STEAM_0:1:30286598><Blue>" killed "The Mutagen(unstable)<89><STEAM_0:0:49010827><Red>" with "scattergun" (attacker_position "1007 8636 -157") (victim_position "1082 8625 -149")
L 03/21/2014 - 01:19:15: "Isaac Rundrake<140><STEAM_0:1:40971448><Blue>" say "(ï½€ãƒ»Ï‰ãƒ»Â´)"
L 03/21/2014 - 01:19:16: "Persi, the Neko God<12><STEAM_0:1:30286598><Blue>" killed "{SCG} FaolPlay<133><STEAM_0:1:24520147><Red>" with "scattergun" (attacker_position "582 8883 -171") (victim_position "653 8861 -169")
L 03/21/2014 - 01:19:19: "{SCG} FaolPlay<133><STEAM_0:1:24520147><Red>" killed "Persi, the Neko God<12><STEAM_0:1:30286598><Blue>" with "bleed_kill" (attacker_position "630 8876 -155") (victim_position "772 8148 -152")
L 03/21/2014 - 01:19:25: "Sammicus Panthera Tigris<134><STEAM_0:1:30442114><Red>" triggered "builtobject" (object "OBJ_DISPENSER") (position "368 9674 -111")
L 03/21/2014 - 01:19:26: "Red Pandopticon<119><STEAM_0:0:15629443><Blue>" triggered "killedobject" (object "OBJ_DISPENSER") (weapon "shotgun_pyro") (objectowner "Sammicus Panthera Tigris<134><STEAM_0:1:30442114><Red>") (attacker_position "610 9334 -155")
L 03/21/2014 - 01:19:27: "Myntey<138><STEAM_0:0:33841019><Red>" killed "Red Pandopticon<119><STEAM_0:0:15629443><Blue>" with "powerjack" (attacker_position "605 9255 -158") (victim_position "624 9197 -159")
L 03/21/2014 - 01:19:31: "Sammicus Panthera Tigris<134><STEAM_0:1:30442114><Red>" triggered "builtobject" (object "OBJ_DISPENSER") (position "370 9679 -111")
L 03/21/2014 - 01:19:33: "Red Pandopticon<119><STEAM_0:0:15629443><Blue>" say "!pony"
L 03/21/2014 - 01:19:33: "{SCG} PhantomX999<114><STEAM_0:1:13432606><Blue>" killed "{BFG} Nikdragon<108><STEAM_0:0:78154965><Red>" with "liberty_launcher" (attacker_position "-1112 8625 -160") (victim_position "-1050 8579 -161")
L 03/21/2014 - 01:19:33: "{BFG} Nikdragon<108><STEAM_0:0:78154965><Red>" killed "{SCG} PhantomX999<114><STEAM_0:1:13432606><Blue>" with "world" (attacker_position "-1050 8579 -161") (victim_position "-1112 8625 -160")
L 03/21/2014 - 01:19:35: "Myntey<138><STEAM_0:0:33841019><Red>" killed "{SCG} Rowdy d(=^ï½¥Ï‰ï½¥^=)b<139><STEAM_0:0:21349373><Blue>" with "powerjack" (attacker_position "-189 9274 69") (victim_position "-157 9301 86")
L 03/21/2014 - 01:19:36: "Fortune the Don<135><STEAM_0:0:33251108><Blue>" killed "JaÃ¼ri, the Laughing Goddess<124><STEAM_0:1:17091633><Red>" with "scattergun" (attacker_position "-164 7964 66") (victim_position "-11 7976 64")
L 03/21/2014 - 01:19:36: "Red Pandopticon<119><STEAM_0:0:15629443><Blue>" say "!poni"
L 03/21/2014 - 01:19:41: "Fortune the Don<135><STEAM_0:0:33251108><Blue>" killed "Zingy Zigzagoon<143><STEAM_0:1:38093875><Red>" with "scattergun" (attacker_position "729 8515 -158") (victim_position "1093 8580 -150")
L 03/21/2014 - 01:19:45: "Isaac Rundrake<140><STEAM_0:1:40971448><Blue>" triggered "player_extinguished" against "Gord<141><STEAM_0:1:2327125><Blue>" with "tf_weapon_medigun" (attacker_position "-797 8691 64") (victim_position "-847 8906 64")
L 03/21/2014 - 01:19:45: "Gord<141><STEAM_0:1:2327125><Blue>" killed "Myntey<138><STEAM_0:0:33841019><Red>" with "shotgun_soldier" (attacker_position "-847 8909 64") (victim_position "-736 8853 55")
L 03/21/2014 - 01:19:45: "Isaac Rundrake<140><STEAM_0:1:40971448><Blue>" triggered "kill assist" against "Myntey<138><STEAM_0:0:33841019><Red>" (assister_position "-797 8691 64") (attacker_position "-847 8909 64") (victim_position "-736 8853 55")
L 03/21/2014 - 01:19:46: "The Mutagen(unstable)<89><STEAM_0:0:49010827><Red>" killed "Fortune the Don<135><STEAM_0:0:33251108><Blue>" with "tf_projectile_arrow" (attacker_position "1061 9059 -88") (victim_position "1239 8733 -123")
L 03/21/2014 - 01:19:47: "Red Pandopticon<119><STEAM_0:0:15629443><Blue>" say "I don't think it works :c"
L 03/21/2014 - 01:19:48: "{SCG} PhantomX999<114><STEAM_0:1:13432606><Blue>" changed role to "engineer"
L 03/21/2014 - 01:19:49: "Sammicus Panthera Tigris<134><STEAM_0:1:30442114><Red>" triggered "builtobject" (object "OBJ_SENTRYGUN") (position "350 9662 -111")
L 03/21/2014 - 01:19:50: "{SCG} PhantomX999<114><STEAM_0:1:13432606><Blue>" triggered "builtobject" (object "OBJ_TELEPORTER") (position "-821 3686 8")
L 03/21/2014 - 01:19:53: "Gord<141><STEAM_0:1:2327125><Blue>" triggered "killedobject" (object "OBJ_DISPENSER") (weapon "tf_projectile_rocket") (objectowner "Sammicus Panthera Tigris<134><STEAM_0:1:30442114><Red>") (attacker_position "334 9101 -10")
L 03/21/2014 - 01:19:54: "Gord<141><STEAM_0:1:2327125><Blue>" triggered "killedobject" (object "OBJ_SENTRYGUN") (weapon "tf_projectile_rocket") (objectowner "Sammicus Panthera Tigris<134><STEAM_0:1:30442114><Red>") (attacker_position "299 9069 5")
L 03/21/2014 - 01:19:55: "Gord<141><STEAM_0:1:2327125><Blue>" killed "Sammicus Panthera Tigris<134><STEAM_0:1:30442114><Red>" with "tf_projectile_rocket" (attacker_position "489 9098 10") (victim_position "355 9656 -111")
L 03/21/2014 - 01:19:58: Team "Blue" triggered "pointcaptured" (cp "3") (cpname "Cap 2, Stage 2") (numcappers "1") (player1 "Persi, the Neko God<12><STEAM_0:1:30286598><Blue>") (position1 "1041 8913 -88") 
L 03/21/2014 - 01:19:58: World triggered "Mini_Round_Win" (winner "Blue") (round "round_2")
L 03/21/2014 - 01:19:58: World triggered "Mini_Round_Length" (seconds "206.95")
L 03/21/2014 - 01:19:58: "Isaac Rundrake<140><STEAM_0:1:40971448><Blue>" killed "{SCG} FaolPlay<133><STEAM_0:1:24520147><Red>" with "ubersaw" (attacker_position "976 9130 -125") (victim_position "999 9127 -117")
L 03/21/2014 - 01:19:58: "Persi, the Neko God<12><STEAM_0:1:30286598><Blue>" triggered "kill assist" against "{SCG} FaolPlay<133><STEAM_0:1:24520147><Red>" (assister_position "1122 8849 -95") (attacker_position "976 9130 -125") (victim_position "999 9127 -117")
L 03/21/2014 - 01:19:59: "Zingy Zigzagoon<143><STEAM_0:1:38093875><Red>" say "!poni"
L 03/21/2014 - 01:19:59: "{SCG} Rowdy d(=^ï½¥Ï‰ï½¥^=)b<139><STEAM_0:0:21349373><Blue>" say "what were you trying to do?"
L 03/21/2014 - 01:20:01: "The Mutagen(unstable)<89><STEAM_0:0:49010827><Red>" say "!rocketme"
L 03/21/2014 - 01:20:01: "Isaac Rundrake<140><STEAM_0:1:40971448><Blue>" triggered "chargedeployed"
L 03/21/2014 - 01:20:02: "{BFG} Nikdragon<108><STEAM_0:0:78154965><Red>" killed "{BFG} Sabre<79><STEAM_0:1:31072961><Blue>" with "goomba" (attacker_position "1312 9603 -87") (victim_position "1302 9572 -169")
L 03/21/2014 - 01:20:04: "The Mutagen(unstable)<89><STEAM_0:0:49010827><Red>" committed suicide with "world" (attacker_position "1183 8450 876")
L 03/21/2014 - 01:20:06: "Persi, the Neko God<12><STEAM_0:1:30286598><Blue>" killed "{BFG} Nikdragon<108><STEAM_0:0:78154965><Red>" with "atomizer" (attacker_position "828 9393 -149") (victim_position "825 9419 -153")
L 03/21/2014 - 01:20:06: "Isaac Rundrake<140><STEAM_0:1:40971448><Blue>" triggered "kill assist" against "{BFG} Nikdragon<108><STEAM_0:0:78154965><Red>" (assister_position "970 9433 -162") (attacker_position "828 9393 -149") (victim_position "825 9419 -153")
L 03/21/2014 - 01:20:11: "Zingy Zigzagoon<143><STEAM_0:1:38093875><Red>" say "why aren't pony mods installed :c"
L 03/21/2014 - 01:20:11: "{BFG} Sabre<79><STEAM_0:1:31072961><Blue>" say "i have no idea what happened"
L 03/21/2014 - 01:20:13: "Persi, the Neko God<12><STEAM_0:1:30286598><Blue>" killed "JaÃ¼ri, the Laughing Goddess<124><STEAM_0:1:17091633><Red>" with "atomizer" (attacker_position "714 10045 -159") (victim_position "666 10037 -161")
L 03/21/2014 - 01:20:13: World triggered "Round_Setup_Begin"
L 03/21/2014 - 01:20:13: World triggered "Mini_Round_Selected" (round "round_3")
L 03/21/2014 - 01:20:13: World triggered "Mini_Round_Start"
L 03/21/2014 - 01:20:15: "Sammicus Panthera Tigris<134><STEAM_0:1:30442114><Red>" say "!helpmenu"
L 03/21/2014 - 01:20:17: "{SCG} Rowdy d(=^ï½¥Ï‰ï½¥^=)b<139><STEAM_0:0:21349373><Blue>" say "Because no ponies"
L 03/21/2014 - 01:20:20: "{SCG} Rowdy d(=^ï½¥Ï‰ï½¥^=)b<139><STEAM_0:0:21349373><Blue>" say "All the complaints"
L 03/21/2014 - 01:20:21: "Myntey<138><STEAM_0:0:33841019><Red>" say "For good reason."
L 03/21/2014 - 01:20:23: "Myntey<138><STEAM_0:0:33841019><Red>" changed role to "demoman"
L 03/21/2014 - 01:20:23: "{SCG} PhantomX999<114><STEAM_0:1:13432606><Blue>" triggered "builtobject" (object "OBJ_TELEPORTER") (position "1032 9951 -159")
L 03/21/2014 - 01:20:30: "Isaac Rundrake<140><STEAM_0:1:40971448><Blue>" say "but friendship is magic :c"
L 03/21/2014 - 01:20:34: "{SCG} Rowdy d(=^ï½¥Ï‰ï½¥^=)b<139><STEAM_0:0:21349373><Blue>" say "(ï½¡ï½¥ï½€Ï‰Â´ï½¥ï½¡)"
L 03/21/2014 - 01:20:34: "Isaac Rundrake<140><STEAM_0:1:40971448><Blue>" say "ï½¡ï¼šï¾Ÿ(ï½¡ï¾‰Ï‰ï¼¼ï½¡)ï¾Ÿï½¥ï½¡ Sad days!"
L 03/21/2014 - 01:20:34: "Sammicus Panthera Tigris<134><STEAM_0:1:30442114><Red>" triggered "builtobject" (object "OBJ_TELEPORTER") (position "2744 5271 -143")
L 03/21/2014 - 01:20:35: "Isaac Rundrake<140><STEAM_0:1:40971448><Blue>" say "(ï½¡ï½¥ï½€Ï‰Â´ï½¥ï½¡)"
L 03/21/2014 - 01:20:36: "{SCG} FaolPlay<133><STEAM_0:1:24520147><Red>" say "shut up stupiod"
L 03/21/2014 - 01:20:37: "The Mutagen(unstable)<89><STEAM_0:0:49010827><Red>" say "(â•¯Â°â–¡Â°ï¼‰â•¯ï¸µ â”»â”â”» I MAD, I FLIP TABLES"
L 03/21/2014 - 01:20:37: "{SCG} Rowdy d(=^ï½¥Ï‰ï½¥^=)b<139><STEAM_0:0:21349373><Blue>" say "(ï½¡ï½¥ï½€Ï‰Â´ï½¥ï½¡)"
L 03/21/2014 - 01:20:37: "(void*)FoXX<118><STEAM_0:0:2179002><Spectator>" disconnected (reason "[AFK Manager] You were kicked for being AFK too long.")
L 03/21/2014 - 01:20:37: "Isaac Rundrake<140><STEAM_0:1:40971448><Blue>" say "(ï½€ãƒ»Ï‰ãƒ»Â´)"
L 03/21/2014 - 01:20:37: "{SCG} FaolPlay<133><STEAM_0:1:24520147><Red>" say "stupid"
L 03/21/2014 - 01:20:38: "Gord<141><STEAM_0:1:2327125><Blue>" say "i hear there are servers like ponyvile and pony fortress that have pony mods"
L 03/21/2014 - 01:20:38: "{SCG} Rowdy d(=^ï½¥Ï‰ï½¥^=)b<139><STEAM_0:0:21349373><Blue>" say "(ï½¡ï½¥ï½€Ï‰Â´ï½¥ï½¡)"
L 03/21/2014 - 01:20:38: "{SCG} FaolPlay<133><STEAM_0:1:24520147><Red>" say "even"
L 03/21/2014 - 01:20:39: "{SCG} Rowdy d(=^ï½¥Ï‰ï½¥^=)b<139><STEAM_0:0:21349373><Blue>" say "(ï½¡ï½¥ï½€Ï‰Â´ï½¥ï½¡)"
L 03/21/2014 - 01:20:39: "The Mutagen(unstable)<89><STEAM_0:0:49010827><Red>" say "(â•¯Â°â–¡Â°ï¼‰â•¯ï¸µ â”»â”â”» I MAD, I FLIP TABLES"
L 03/21/2014 - 01:20:40: "Isaac Rundrake<140><STEAM_0:1:40971448><Blue>" say "(ï½€ãƒ»Ï‰ãƒ»Â´)"
L 03/21/2014 - 01:20:40: "{SCG} Rowdy d(=^ï½¥Ï‰ï½¥^=)b<139><STEAM_0:0:21349373><Blue>" say "(ï½¡ï½¥ï½€Ï‰Â´ï½¥ï½¡)"
L 03/21/2014 - 01:20:41: "{SCG} FaolPlay<133><STEAM_0:1:24520147><Red>" say "stupid "
L 03/21/2014 - 01:20:41: "{SCG} Rowdy d(=^ï½¥Ï‰ï½¥^=)b<139><STEAM_0:0:21349373><Blue>" say "(ï½¡ï½¥ï½€Ï‰Â´ï½¥ï½¡)"
L 03/21/2014 - 01:20:42: "{SCG} FaolPlay<133><STEAM_0:1:24520147><Red>" say "white"
L 03/21/2014 - 01:20:42: "{SCG} Rowdy d(=^ï½¥Ï‰ï½¥^=)b<139><STEAM_0:0:21349373><Blue>" say "(ï½¡ï½¥ï½€Ï‰Â´ï½¥ï½¡)"
L 03/21/2014 - 01:20:42: "Isaac Rundrake<140><STEAM_0:1:40971448><Blue>" say "(ï½¡ï½¥Ï‰ï½¥ï½¡)ï¾‰â™¡"
L 03/21/2014 - 01:20:43: "{SCG} Rowdy d(=^ï½¥Ï‰ï½¥^=)b<139><STEAM_0:0:21349373><Blue>" say "(ï½¡ï½¥ï½€Ï‰Â´ï½¥ï½¡)"
L 03/21/2014 - 01:20:44: "{SCG} Rowdy d(=^ï½¥Ï‰ï½¥^=)b<139><STEAM_0:0:21349373><Blue>" say "(ï½€ãƒ»Ï‰ãƒ»Â´)"
L 03/21/2014 - 01:20:44: "Isaac Rundrake<140><STEAM_0:1:40971448><Blue>" say "(ï½¡ï½¥ï½€Ï‰Â´ï½¥ï½¡)"
L 03/21/2014 - 01:20:45: "{SCG} Rowdy d(=^ï½¥Ï‰ï½¥^=)b<139><STEAM_0:0:21349373><Blue>" say "(ï½¡ï½¥Ï‰ï½¥ï½¡)ï¾‰â™¡"
L 03/21/2014 - 01:20:46: "Isaac Rundrake<140><STEAM_0:1:40971448><Blue>" say "(ï½€ãƒ»Ï‰ãƒ»Â´)"
L 03/21/2014 - 01:20:48: "Isaac Rundrake<140><STEAM_0:1:40971448><Blue>" say "(Â´ï½¥Ï‰ï½¥`) Happy days!"
L 03/21/2014 - 01:20:49: "{SCG} Rowdy d(=^ï½¥Ï‰ï½¥^=)b<139><STEAM_0:0:21349373><Blue>" say "'?(Â´ï½¥Ï‰ï½¥`)ØŸ' Happy Crux days!"
L 03/21/2014 - 01:20:54: "{BFG} Sabre<79><STEAM_0:1:31072961><>" disconnected (reason "Connection closing")
L 03/21/2014 - 01:20:54: "{BFG} Sabre<145><STEAM_0:1:31072961><>" connected, address "67.182.76.160:27005"
L 03/21/2014 - 01:20:54: "{BFG} Sabre<145><STEAM_0:1:31072961><>" STEAM USERID validated
L 03/21/2014 - 01:21:01: "Zingy Zigzagoon<143><STEAM_0:1:38093875><Red>" say "anyone know any hookups"
L 03/21/2014 - 01:21:02: "Isaac Rundrake<140><STEAM_0:1:40971448><Blue>" say "(         Â´ï½¥Ï‰ï½¥`         )  Happier days!"
L 03/21/2014 - 01:21:06: "{BFG} Sabre<145><STEAM_0:1:31072961><>" entered the game
L 03/21/2014 - 01:21:07: "{BFG} Sabre<145><STEAM_0:1:31072961><Unassigned>" disconnected (reason "Disconnect by user.")
L 03/21/2014 - 01:21:13: World triggered "Round_Setup_End"
L 03/21/2014 - 01:21:13: "Isaac Rundrake<140><STEAM_0:1:40971448><Blue>" triggered "chargedeployed"
L 03/21/2014 - 01:21:14: "Sammicus Panthera Tigris<134><STEAM_0:1:30442114><Red>" triggered "builtobject" (object "OBJ_SENTRYGUN") (position "4328 9867 -95")
L 03/21/2014 - 01:21:14: "Zingy Zigzagoon<143><STEAM_0:1:38093875><Red>" say "i'm looking for some nice ice if you know what i mean"
L 03/21/2014 - 01:21:19: "JaÃ¼ri, the Laughing Goddess<124><STEAM_0:1:17091633><Red>" killed "Persi, the Neko God<12><STEAM_0:1:30286598><Blue>" with "market_gardener" (attacker_position "2882 9674 -332") (victim_position "2929 9654 -372")
L 03/21/2014 - 01:21:19: "Sammicus Panthera Tigris<134><STEAM_0:1:30442114><Red>" triggered "builtobject" (object "OBJ_DISPENSER") (position "4323 9951 -95")
L 03/21/2014 - 01:21:20: "{SCG} PhantomX999<114><STEAM_0:1:13432606><Blue>" triggered "builtobject" (object "OBJ_SENTRYGUN") (position "2915 10185 -383")
L 03/21/2014 - 01:21:22: "The Mutagen(unstable)<89><STEAM_0:0:49010827><Red>" triggered "jarate_attack" against "Red Pandopticon<119><STEAM_0:0:15629443><Blue>" with "tf_weapon_jar" (attacker_position "3699 9413 -209") (victim_position "3769 9644 -215")
L 03/21/2014 - 01:21:23: "Fortune the Don<135><STEAM_0:0:33251108><Blue>" killed "{SCG} FaolPlay<133><STEAM_0:1:24520147><Red>" with "scattergun" (attacker_position "3375 10352 -95") (victim_position "3274 10340 -95")
L 03/21/2014 - 01:21:24: "{SCG} Rowdy d(=^ï½¥Ï‰ï½¥^=)b<139><STEAM_0:0:21349373><Blue>" killed "Myntey<138><STEAM_0:0:33841019><Red>" with "bazaar_bargain" (customkill "headshot") (attacker_position "1885 9667 -143") (victim_position "3378 9388 16")
L 03/21/2014 - 01:21:25: "The Mutagen(unstable)<89><STEAM_0:0:49010827><Red>" killed "Red Pandopticon<119><STEAM_0:0:15629443><Blue>" with "pro_rifle" (attacker_position "3750 9644 -219") (victim_position "3599 9451 -224")
L 03/21/2014 - 01:21:26: "{BFG} Nikdragon<108><STEAM_0:0:78154965><Red>" killed "Fortune the Don<135><STEAM_0:0:33251108><Blue>" with "demokatana" (attacker_position "3204 9936 -88") (victim_position "3180 9984 -73")
L 03/21/2014 - 01:21:26: "{SCG} PhantomX999<114><STEAM_0:1:13432606><Blue>" killed "JaÃ¼ri, the Laughing Goddess<124><STEAM_0:1:17091633><Red>" with "obj_sentrygun" (attacker_position "2911 10158 -383") (victim_position "2842 9566 -382")
L 03/21/2014 - 01:21:26: "Red Pandopticon<119><STEAM_0:0:15629443><Blue>" triggered "kill assist" against "JaÃ¼ri, the Laughing Goddess<124><STEAM_0:1:17091633><Red>" (assister_position "3637 9431 -150") (attacker_position "2911 10158 -383") (victim_position "2842 9566 -382")
L 03/21/2014 - 01:21:29: "Gord<141><STEAM_0:1:2327125><Blue>" killed "{BFG} Nikdragon<108><STEAM_0:0:78154965><Red>" with "tf_projectile_rocket" (attacker_position "3101 9966 -62") (victim_position "3296 10363 -95")
L 03/21/2014 - 01:21:29: "Gord<141><STEAM_0:1:2327125><Blue>" triggered "domination" against "{BFG} Nikdragon<108><STEAM_0:0:78154965><Red>"
L 03/21/2014 - 01:21:34: "Isaac Rundrake<140><STEAM_0:1:40971448><Blue>" killed "The Mutagen(unstable)<89><STEAM_0:0:49010827><Red>" with "ubersaw" (attacker_position "4213 10118 -95") (victim_position "4194 10081 -95")
L 03/21/2014 - 01:21:37: "Sammicus Panthera Tigris<134><STEAM_0:1:30442114><Red>" triggered "builtobject" (object "OBJ_TELEPORTER") (position "4574 9951 -95")
L 03/21/2014 - 01:21:37: "Gord<141><STEAM_0:1:2327125><Blue>" triggered "killedobject" (object "OBJ_SENTRYGUN") (weapon "tf_projectile_rocket") (objectowner "Sammicus Panthera Tigris<134><STEAM_0:1:30442114><Red>") (attacker_position "3090 9902 -88")
L 03/21/2014 - 01:21:37: "{SCG} PhantomX999<114><STEAM_0:1:13432606><Blue>" triggered "builtobject" (object "OBJ_DISPENSER") (position "2919 10212 -383")
L 03/21/2014 - 01:21:38: "Gord<141><STEAM_0:1:2327125><Blue>" triggered "killedobject" (object "OBJ_TELEPORTER") (weapon "tf_projectile_rocket") (objectowner "Sammicus Panthera Tigris<134><STEAM_0:1:30442114><Red>") (attacker_position "3156 10118 -53")
L 03/21/2014 - 01:21:40: "Sammicus Panthera Tigris<134><STEAM_0:1:30442114><Red>" triggered "builtobject" (object "OBJ_SENTRYGUN") (position "4346 9915 -95")
L 03/21/2014 - 01:21:45: Team "Blue" triggered "pointcaptured" (cp "4") (cpname "Cap 1, Stage 3") (numcappers "3") (player1 "Isaac Rundrake<140><STEAM_0:1:40971448><Blue>") (position1 "3000 9811 -95") (player2 "Gord<141><STEAM_0:1:2327125><Blue>") (position2 "3199 9870 -88") (player3 "Persi, the Neko God<12><STEAM_0:1:30286598><Blue>") (position3 "3114 9937 -88") 
L 03/21/2014 - 01:21:49: "The Mutagen(unstable)<89><STEAM_0:0:49010827><Red>" changed role to "scout"
L 03/21/2014 - 01:21:49: "Sammicus Panthera Tigris<134><STEAM_0:1:30442114><Red>" killed "Fortune the Don<135><STEAM_0:0:33251108><Blue>" with "obj_sentrygun" (attacker_position "4438 9951 -95") (victim_position "4120 9660 -95")
L 03/21/2014 - 01:21:50: "Sammicus Panthera Tigris<134><STEAM_0:1:30442114><Red>" triggered "builtobject" (object "OBJ_TELEPORTER") (position "4466 9947 -95")
L 03/21/2014 - 01:21:50: "OverlordDarius<144><STEAM_0:0:58198177><>" entered the game
L 03/21/2014 - 01:21:52: "Gord<141><STEAM_0:1:2327125><Blue>" triggered "killedobject" (object "OBJ_TELEPORTER") (weapon "tf_projectile_rocket") (objectowner "Sammicus Panthera Tigris<134><STEAM_0:1:30442114><Red>") (attacker_position "3403 9303 17")
L 03/21/2014 - 01:21:52: "Isaac Rundrake<140><STEAM_0:1:40971448><Blue>" triggered "killedobject" (object "OBJ_TELEPORTER") (objectowner "Sammicus Panthera Tigris<134><STEAM_0:1:30442114><Red>") (assist "1") (assister_position "3477 9257 0") (attacker_position "3403 9303 17")
L 03/21/2014 - 01:21:58: "Persi, the Neko God<12><STEAM_0:1:30286598><Blue>" killed "Zingy Zigzagoon<143><STEAM_0:1:38093875><Red>" with "scattergun" (attacker_position "4097 8072 0") (victim_position "3852 8029 0")
L 03/21/2014 - 01:21:58: "Red Pandopticon<119><STEAM_0:0:15629443><Blue>" triggered "kill assist" against "Zingy Zigzagoon<143><STEAM_0:1:38093875><Red>" (assister_position "4132 8280 0") (attacker_position "4097 8072 0") (victim_position "3852 8029 0")
L 03/21/2014 - 01:22:01: "JaÃ¼ri, the Laughing Goddess<124><STEAM_0:1:17091633><Red>" triggered "medic_death" against "Isaac Rundrake<140><STEAM_0:1:40971448><Blue>" (healing "1026") (ubercharge "0")
L 03/21/2014 - 01:22:01: "JaÃ¼ri, the Laughing Goddess<124><STEAM_0:1:17091633><Red>" killed "Isaac Rundrake<140><STEAM_0:1:40971448><Blue>" with "goomba" (attacker_position "3931 9247 82") (victim_position "3971 9252 0")
L 03/21/2014 - 01:22:01: "Sammicus Panthera Tigris<134><STEAM_0:1:30442114><Red>" triggered "kill assist" against "Isaac Rundrake<140><STEAM_0:1:40971448><Blue>" (assister_position "4350 9948 -95") (attacker_position "3931 9247 82") (victim_position "3971 9252 0")
L 03/21/2014 - 01:22:01: "Gord<141><STEAM_0:1:2327125><Blue>" triggered "killedobject" (object "OBJ_DISPENSER") (weapon "tf_projectile_rocket") (objectowner "Sammicus Panthera Tigris<134><STEAM_0:1:30442114><Red>") (attacker_position "4230 9417 8")
L 03/21/2014 - 01:22:02: "OverlordDarius<144><STEAM_0:0:58198177><Unassigned>" joined team "Red"
L 03/21/2014 - 01:22:03: "Gord<141><STEAM_0:1:2327125><Blue>" triggered "killedobject" (object "OBJ_SENTRYGUN") (weapon "tf_projectile_rocket") (objectowner "Sammicus Panthera Tigris<134><STEAM_0:1:30442114><Red>") (attacker_position "4489 9368 19")
L 03/21/2014 - 01:22:04: "OverlordDarius<144><STEAM_0:0:58198177><Red>" changed role to "soldier"
L 03/21/2014 - 01:22:05: "JaÃ¼ri, the Laughing Goddess<124><STEAM_0:1:17091633><Red>" killed "Gord<141><STEAM_0:1:2327125><Blue>" with "market_gardener" (attacker_position "4442 9549 -63") (victim_position "4469 9487 -70")
L 03/21/2014 - 01:22:05: "Sammicus Panthera Tigris<134><STEAM_0:1:30442114><Red>" triggered "kill assist" against "Gord<141><STEAM_0:1:2327125><Blue>" (assister_position "4421 9678 -95") (attacker_position "4442 9549 -63") (victim_position "4469 9487 -70")
L 03/21/2014 - 01:22:08: "Persi, the Neko God<12><STEAM_0:1:30286598><Blue>" killed "{BFG} Nikdragon<108><STEAM_0:0:78154965><Red>" with "goomba" (attacker_position "3062 8169 -109") (victim_position "3062 8212 -191")
L 03/21/2014 - 01:22:10: "(void*)FoXX<146><STEAM_0:0:2179002><>" connected, address "24.130.158.49:27005"
L 03/21/2014 - 01:22:10: "{SCG} PhantomX999<114><STEAM_0:1:13432606><Blue>" triggered "builtobject" (object "OBJ_SENTRYGUN") (position "2705 8438 0")
L 03/21/2014 - 01:22:10: "(void*)FoXX<146><STEAM_0:0:2179002><>" STEAM USERID validated
L 03/21/2014 - 01:22:11: "JaÃ¼ri, the Laughing Goddess<124><STEAM_0:1:17091633><Red>" killed "{SCG} Rowdy d(=^ï½¥Ï‰ï½¥^=)b<139><STEAM_0:0:21349373><Blue>" with "market_gardener" (attacker_position "3785 9239 61") (victim_position "3766 9245 0")
L 03/21/2014 - 01:22:11: "Red Pandopticon<119><STEAM_0:0:15629443><Blue>" killed "Sammicus Panthera Tigris<134><STEAM_0:1:30442114><Red>" with "degreaser" (attacker_position "4149 8806 1") (victim_position "4288 8863 0")
L 03/21/2014 - 01:22:14: "JaÃ¼ri, the Laughing Goddess<124><STEAM_0:1:17091633><Red>" killed "Red Pandopticon<119><STEAM_0:0:15629443><Blue>" with "market_gardener" (attacker_position "4264 8767 48") (victim_position "4234 8756 0")
L 03/21/2014 - 01:22:14: "Sammicus Panthera Tigris<134><STEAM_0:1:30442114><Red>" triggered "kill assist" against "Red Pandopticon<119><STEAM_0:0:15629443><Blue>" (assister_position "4288 8863 14") (attacker_position "4264 8767 48") (victim_position "4234 8756 0")
L 03/21/2014 - 01:22:15: "The Mutagen(unstable)<89><STEAM_0:0:49010827><Red>" killed "{SCG} PhantomX999<114><STEAM_0:1:13432606><Blue>" with "scattergun" (attacker_position "2645 8344 0") (victim_position "2693 8402 0")
L 03/21/2014 - 01:22:17: "{SCG} PhantomX999<114><STEAM_0:1:13432606><Blue>" killed "The Mutagen(unstable)<89><STEAM_0:0:49010827><Red>" with "obj_sentrygun2" (attacker_position "2693 8370 14") (victim_position "2614 8540 26")
L 03/21/2014 - 01:22:17: "Gord<141><STEAM_0:1:2327125><Blue>" say "who was saying HOLD THE LIIINE"
L 03/21/2014 - 01:22:19: "JaÃ¼ri, the Laughing Goddess<124><STEAM_0:1:17091633><Red>" committed suicide with "world" (attacker_position "4020 8797 -88")
L 03/21/2014 - 01:22:22: "{SCG} FaolPlay<133><STEAM_0:1:24520147><Red>" killed "Persi, the Neko God<12><STEAM_0:1:30286598><Blue>" with "machina" (customkill "headshot") (attacker_position "2169 5406 32") (victim_position "2826 6191 -18")
L 03/21/2014 - 01:22:27: "(void*)FoXX<146><STEAM_0:0:2179002><>" entered the game
L 03/21/2014 - 01:22:28: "The Mutagen(unstable)<89><STEAM_0:0:49010827><Red>" say "(â•¯Â°â–¡Â°ï¼‰â•¯ï¸µ â”»â”â”» I MAD, I FLIP TABLES"
L 03/21/2014 - 01:22:31: "{SCG} Rowdy d(=^ï½¥Ï‰ï½¥^=)b<139><STEAM_0:0:21349373><Blue>" say ":   ( â•¯Â´ãƒ»Ï‰ãƒ»ï½€)â•¯ï¸µ Flippy days!"
L 03/21/2014 - 01:22:36: "(void*)FoXX<146><STEAM_0:0:2179002><Unassigned>" joined team "Blue"
L 03/21/2014 - 01:22:37: "(void*)FoXX<146><STEAM_0:0:2179002><Blue>" changed role to "spy"
L 03/21/2014 - 01:22:45: "{SCG} Rowdy d(=^ï½¥Ï‰ï½¥^=)b<139><STEAM_0:0:21349373><Blue>" killed "OverlordDarius<144><STEAM_0:0:58198177><Red>" with "bazaar_bargain" (attacker_position "3534 7320 -127") (victim_position "3542 7400 -78")
L 03/21/2014 - 01:22:45: "Gord<141><STEAM_0:1:2327125><Blue>" triggered "kill assist" against "OverlordDarius<144><STEAM_0:0:58198177><Red>" (assister_position "3329 7553 -167") (attacker_position "3534 7320 -127") (victim_position "3542 7400 -78")
L 03/21/2014 - 01:22:45: "Sammicus Panthera Tigris<134><STEAM_0:1:30442114><Red>" triggered "killedobject" (object "OBJ_TELEPORTER") (weapon "pda_engineer") (objectowner "Sammicus Panthera Tigris<134><STEAM_0:1:30442114><Red>") (attacker_position "3204 5145 0")
L 03/21/2014 - 01:22:45: "{BFG} Nikdragon<108><STEAM_0:0:78154965><Red>" say "â€¢Ï‰â€¢â€¢Ï‰â€¢â€¢Ï‰â€¢â€¢Ï‰â€¢â€¢Ï‰â€¢â€¢Ï‰â€¢â€¢Ï‰â€¢â€¢Ï‰â€¢"
L 03/21/2014 - 01:22:46: "Myntey<138><STEAM_0:0:33841019><Red>" killed "Gord<141><STEAM_0:1:2327125><Blue>" with "tf_projectile_pipe" (attacker_position "2672 7187 -271") (victim_position "3500 7362 -127")
L 03/21/2014 - 01:22:46: "OverlordDarius<144><STEAM_0:0:58198177><Red>" triggered "kill assist" against "Gord<141><STEAM_0:1:2327125><Blue>" (assister_position "3535 7375 -77") (attacker_position "2672 7187 -271") (victim_position "3500 7362 -127")
L 03/21/2014 - 01:22:48: "Sammicus Panthera Tigris<134><STEAM_0:1:30442114><Red>" triggered "builtobject" (object "OBJ_TELEPORTER") (position "3218 5059 32")
L 03/21/2014 - 01:22:49: "Myntey<138><STEAM_0:0:33841019><Red>" killed "{SCG} Rowdy d(=^ï½¥Ï‰ï½¥^=)b<139><STEAM_0:0:21349373><Blue>" with "sticky_resistance" (attacker_position "2610 6333 -17") (victim_position "3119 6578 -63")
L 03/21/2014 - 01:22:53: "Gord<141><STEAM_0:1:2327125><Blue>" say "is okay :3"
L 03/21/2014 - 01:22:55: "Myntey<138><STEAM_0:0:33841019><Red>" triggered "medic_death" against "Isaac Rundrake<140><STEAM_0:1:40971448><Blue>" (healing "425") (ubercharge "0")
L 03/21/2014 - 01:22:55: "Myntey<138><STEAM_0:0:33841019><Red>" killed "Isaac Rundrake<140><STEAM_0:1:40971448><Blue>" with "tf_projectile_pipe" (attacker_position "2723 6202 -63") (victim_position "3042 6532 -28")
L 03/21/2014 - 01:23:02: "Red Pandopticon<119><STEAM_0:0:15629443><Blue>" killed "Myntey<138><STEAM_0:0:33841019><Red>" with "shotgun_pyro" (attacker_position "2359 5679 -7") (victim_position "2118 5978 -63")
L 03/21/2014 - 01:23:04: "{SCG} FaolPlay<133><STEAM_0:1:24520147><Red>" killed "Red Pandopticon<119><STEAM_0:0:15629443><Blue>" with "machina" (attacker_position "2824 5458 38") (victim_position "2307 5508 32")
L 03/21/2014 - 01:23:04: "Myntey<138><STEAM_0:0:33841019><Red>" triggered "kill assist" against "Red Pandopticon<119><STEAM_0:0:15629443><Blue>" (assister_position "2117 6033 -49") (attacker_position "2824 5458 38") (victim_position "2307 5508 32")
L 03/21/2014 - 01:23:06: "OverlordDarius<144><STEAM_0:0:58198177><Red>" changed role to "sniper"
L 03/21/2014 - 01:23:07: "{SCG} PhantomX999<114><STEAM_0:1:13432606><Blue>" triggered "builtobject" (object "OBJ_DISPENSER") (position "2599 8466 4")
L 03/21/2014 - 01:23:11: "{SCG} FaolPlay<133><STEAM_0:1:24520147><Red>" killed "Fortune the Don<135><STEAM_0:0:33251108><Blue>" with "machina" (customkill "headshot") (attacker_position "2930 5500 32") (victim_position "2701 5428 39")
L 03/21/2014 - 01:23:11: "The Mutagen(unstable)<89><STEAM_0:0:49010827><Red>" triggered "kill assist" against "Fortune the Don<135><STEAM_0:0:33251108><Blue>" (assister_position "2472 5457 32") (attacker_position "2930 5500 32") (victim_position "2701 5428 39")
L 03/21/2014 - 01:23:14: "{SCG} PhantomX999<114><STEAM_0:1:13432606><Blue>" triggered "builtobject" (object "OBJ_TELEPORTER") (position "2411 8394 17")
L 03/21/2014 - 01:23:15: "Scruff<147><STEAM_0:0:61337606><>" connected, address "76.104.195.128:27005"
L 03/21/2014 - 01:23:16: "Scruff<147><STEAM_0:0:61337606><>" STEAM USERID validated
L 03/21/2014 - 01:23:16: "Fortune the Don<135><STEAM_0:0:33251108><Blue>" say "first headshot :D"
L 03/21/2014 - 01:23:20: "Sammicus Panthera Tigris<134><STEAM_0:1:30442114><Red>" triggered "builtobject" (object "OBJ_DISPENSER") (position "2940 7127 -63")
L 03/21/2014 - 01:23:23: "Persi, the Neko God<12><STEAM_0:1:30286598><Blue>" killed "{BFG} Nikdragon<108><STEAM_0:0:78154965><Red>" with "scattergun" (attacker_position "2929 8091 -27") (victim_position "3252 8158 -191")
L 03/21/2014 - 01:23:23: "{SCG} PhantomX999<114><STEAM_0:1:13432606><Blue>" triggered "kill assist" against "{BFG} Nikdragon<108><STEAM_0:0:78154965><Red>" (assister_position "2730 8456 0") (attacker_position "2929 8091 -27") (victim_position "3252 8158 -191")
L 03/21/2014 - 01:23:26: "{SCG} FaolPlay<133><STEAM_0:1:24520147><Red>" say "do you want more?"
L 03/21/2014 - 01:23:28: "{SCG} PhantomX999<114><STEAM_0:1:13432606><Blue>" triggered "builtobject" (object "OBJ_SENTRYGUN") (position "2609 8332 0")
L 03/21/2014 - 01:23:35: "Fortune the Don<135><STEAM_0:0:33251108><Blue>" say "it'd be a start"
L 03/21/2014 - 01:23:36: "Sammicus Panthera Tigris<134><STEAM_0:1:30442114><Red>" triggered "builtobject" (object "OBJ_SENTRYGUN") (position "2946 7104 -63")
L 03/21/2014 - 01:23:40: "Gord<141><STEAM_0:1:2327125><Blue>" killed "OverlordDarius<144><STEAM_0:0:58198177><Red>" with "tf_projectile_rocket" (attacker_position "3439 6696 -56") (victim_position "3805 6516 -67")
L 03/21/2014 - 01:23:40: "Red Pandopticon<119><STEAM_0:0:15629443><Blue>" triggered "kill assist" against "OverlordDarius<144><STEAM_0:0:58198177><Red>" (assister_position "2771 6304 -63") (attacker_position "3439 6696 -56") (victim_position "3805 6516 -67")
L 03/21/2014 - 01:23:41: "Red Pandopticon<119><STEAM_0:0:15629443><Blue>" killed "Myntey<138><STEAM_0:0:33841019><Red>" with "shotgun_pyro" (attacker_position "2697 6247 -63") (victim_position "2582 6108 -63")
L 03/21/2014 - 01:23:42: "Sammicus Panthera Tigris<134><STEAM_0:1:30442114><Red>" killed "Red Pandopticon<119><STEAM_0:0:15629443><Blue>" with "obj_sentrygun" (attacker_position "2953 7120 -63") (victim_position "2717 6100 -63")
L 03/21/2014 - 01:23:42: "The Mutagen(unstable)<89><STEAM_0:0:49010827><Red>" triggered "kill assist" against "Red Pandopticon<119><STEAM_0:0:15629443><Blue>" (assister_position "2833 5748 -127") (attacker_position "2953 7120 -63") (victim_position "2717 6100 -63")
L 03/21/2014 - 01:23:43: "{SCG} FaolPlay<133><STEAM_0:1:24520147><Red>" say "you have a problem?"
L 03/21/2014 - 01:23:44: "Scruff<147><STEAM_0:0:61337606><>" entered the game
L 03/21/2014 - 01:23:46: "Red Pandopticon<119><STEAM_0:0:15629443><Blue>" killed "The Mutagen(unstable)<89><STEAM_0:0:49010827><Red>" with "degreaser" (attacker_position "2933 8349 -110") (victim_position "1811 5933 -63")
L 03/21/2014 - 01:23:47: "(void*)FoXX<146><STEAM_0:0:2179002><Blue>" killed "{SCG} FaolPlay<133><STEAM_0:1:24520147><Red>" with "knife" (customkill "backstab") (attacker_position "2656 5336 32") (victim_position "2631 5398 32")
L 03/21/2014 - 01:23:49: "{BFG} Nikdragon<108><STEAM_0:0:78154965><Red>" say "brb ((bathroom break!))"
L 03/21/2014 - 01:23:50: "Scruff<147><STEAM_0:0:61337606><Unassigned>" joined team "Blue"
L 03/21/2014 - 01:23:51: "Scruff<147><STEAM_0:0:61337606><Blue>" changed role to "scout"
L 03/21/2014 - 01:23:51: "Sammicus Panthera Tigris<134><STEAM_0:1:30442114><Red>" killed "{SCG} Rowdy d(=^ï½¥Ï‰ï½¥^=)b<139><STEAM_0:0:21349373><Blue>" with "frontier_justice" (attacker_position "3346 6678 -80") (victim_position "3930 6534 -64")
L 03/21/2014 - 01:23:52: "Zingy Zigzagoon<143><STEAM_0:1:38093875><Red>" killed "(void*)FoXX<146><STEAM_0:0:2179002><Blue>" with "tf_projectile_arrow" (customkill "headshot") (attacker_position "2562 6831 90") (victim_position "2719 5684 32")
L 03/21/2014 - 01:23:54: Team "Blue" triggered "pointcaptured" (cp "5") (cpname "Cap 2, Stage 3") (numcappers "1") (player1 "Gord<141><STEAM_0:1:2327125><Blue>") (position1 "2798 5430 39") 
L 03/21/2014 - 01:23:54: World triggered "Mini_Round_Win" (winner "Blue") (round "round_3")
L 03/21/2014 - 01:23:54: World triggered "Mini_Round_Length" (seconds "221.52")
L 03/21/2014 - 01:23:54: World triggered "Round_Win" (winner "Blue")
L 03/21/2014 - 01:23:54: Team "Red" current score "0" with "8" players
L 03/21/2014 - 01:23:54: Team "Blue" current score "6" with "9" players
L 03/21/2014 - 01:23:56: "{SCG} FaolPlay<133><STEAM_0:1:24520147><Red>" killed "{SCG} PhantomX999<114><STEAM_0:1:13432606><Blue>" with "obj_sentrygun3" (attacker_position "2524 6132 232") (victim_position "2533 8243 0")
L 03/21/2014 - 01:23:58: "Fortune the Don<135><STEAM_0:0:33251108><Blue>" triggered "killedobject" (object "OBJ_ATTACHMENT_SAPPER") (weapon "scattergun") (objectowner "{SCG} FaolPlay<133><STEAM_0:1:24520147><Red>") (attacker_position "2774 8389 0")
L 03/21/2014 - 01:23:58: "Gord<141><STEAM_0:1:2327125><Blue>" killed "{BFG} Nikdragon<108><STEAM_0:0:78154965><Red>" with "tf_projectile_rocket" (attacker_position "2787 5423 -143") (victim_position "2784 5608 -143")
L 03/21/2014 - 01:24:00: "Isaac Rundrake<140><STEAM_0:1:40971448><Blue>" killed "JaÃ¼ri, the Laughing Goddess<124><STEAM_0:1:17091633><Red>" with "crusaders_crossbow" (attacker_position "1828 5936 -63") (victim_position "1879 5848 -63")
L 03/21/2014 - 01:24:03: "(void*)FoXX<146><STEAM_0:0:2179002><Blue>" say "dat mid-air crit"
L 03/21/2014 - 01:24:05: "Isaac Rundrake<140><STEAM_0:1:40971448><Blue>" killed "Sammicus Panthera Tigris<134><STEAM_0:1:30442114><Red>" with "ubersaw" (attacker_position "2349 5837 -60") (victim_position "2320 5789 -44")
L 03/21/2014 - 01:24:06: "(void*)FoXX<146><STEAM_0:0:2179002><Blue>" say "deelishus"
L 03/21/2014 - 01:24:07: "Sammicus Panthera Tigris<134><STEAM_0:1:30442114><Red>" killed "Gord<141><STEAM_0:1:2327125><Blue>" with "obj_sentrygun" (attacker_position "2320 5789 23") (victim_position "2878 6002 -63")
L 03/21/2014 - 01:24:09: "Myntey<138><STEAM_0:0:33841019><Red>" changed role to "sniper"
L 03/21/2014 - 01:24:09: World triggered "Round_Start"
L 03/21/2014 - 01:24:09: World triggered "Round_Setup_Begin"
L 03/21/2014 - 01:24:09: World triggered "Mini_Round_Selected" (round "round_1")
L 03/21/2014 - 01:24:09: World triggered "Mini_Round_Start"
L 03/21/2014 - 01:24:09: "Isaac Rundrake<140><STEAM_0:1:40971448><Blue>" joined team "Red"
L 03/21/2014 - 01:24:09: "The Mutagen(unstable)<89><STEAM_0:0:49010827><Red>" joined team "Blue"
L 03/21/2014 - 01:24:09: "{SCG} FaolPlay<133><STEAM_0:1:24520147><Red>" joined team "Blue"
L 03/21/2014 - 01:24:09: "(void*)FoXX<146><STEAM_0:0:2179002><Blue>" joined team "Red"
L 03/21/2014 - 01:24:09: "Sammicus Panthera Tigris<134><STEAM_0:1:30442114><Red>" joined team "Blue"
L 03/21/2014 - 01:24:09: "Fortune the Don<135><STEAM_0:0:33251108><Blue>" joined team "Red"
L 03/21/2014 - 01:24:09: "Gord<141><STEAM_0:1:2327125><Blue>" joined team "Red"
L 03/21/2014 - 01:24:09: "Persi, the Neko God<12><STEAM_0:1:30286598><Blue>" joined team "Red"
L 03/21/2014 - 01:24:09: "Scruff<147><STEAM_0:0:61337606><Blue>" joined team "Red"
L 03/21/2014 - 01:24:09: "JaÃ¼ri, the Laughing Goddess<124><STEAM_0:1:17091633><Red>" joined team "Blue"
L 03/21/2014 - 01:24:09: "Zingy Zigzagoon<143><STEAM_0:1:38093875><Red>" joined team "Blue"
L 03/21/2014 - 01:24:09: "{BFG} Nikdragon<108><STEAM_0:0:78154965><Red>" joined team "Blue"
L 03/21/2014 - 01:24:09: "Myntey<138><STEAM_0:0:33841019><Red>" joined team "Blue"
L 03/21/2014 - 01:24:09: "{SCG} PhantomX999<114><STEAM_0:1:13432606><Blue>" joined team "Red"
L 03/21/2014 - 01:24:09: "{SCG} Rowdy d(=^ï½¥Ï‰ï½¥^=)b<139><STEAM_0:0:21349373><Blue>" joined team "Red"
L 03/21/2014 - 01:24:09: "OverlordDarius<144><STEAM_0:0:58198177><Red>" joined team "Blue"
L 03/21/2014 - 01:24:09: "Red Pandopticon<119><STEAM_0:0:15629443><Blue>" joined team "Red"
L 03/21/2014 - 01:24:11: "Zingy Zigzagoon<143><STEAM_0:1:38093875><Blue>" committed suicide with "world" (attacker_position "-96 -2864 -471")
L 03/21/2014 - 01:24:12: "Myntey<138><STEAM_0:0:33841019><Blue>" changed role to "spy"
L 03/21/2014 - 01:24:16: "{SCG} PhantomX999<114><STEAM_0:1:13432606><Red>" triggered "builtobject" (object "OBJ_TELEPORTER") (position "-861 3689 4")
L 03/21/2014 - 01:24:18: "Isaac Rundrake<140><STEAM_0:1:40971448><Red>" say "HOLD THE LINE"
L 03/21/2014 - 01:24:22: "(void*)FoXX<146><STEAM_0:0:2179002><Red>" say "nuuuuu"
L 03/21/2014 - 01:24:24: "Isaac Rundrake<140><STEAM_0:1:40971448><Red>" say "LOVE ISN'T ALWAYS ON TIME"
L 03/21/2014 - 01:24:24: "Gord<141><STEAM_0:1:2327125><Red>" say "LOVE ISN'T ALWAYS ON TIME"
L 03/21/2014 - 01:24:26: "Isaac Rundrake<140><STEAM_0:1:40971448><Red>" say "(ï½€ãƒ»Ï‰ãƒ»Â´)"
L 03/21/2014 - 01:24:28: "{SCG} Rowdy d(=^ï½¥Ï‰ï½¥^=)b<139><STEAM_0:0:21349373><Red>" say "(ï½€ãƒ»Ï‰ãƒ»Â´)"
L 03/21/2014 - 01:24:29: "OverlordDarius<144><STEAM_0:0:58198177><Blue>" changed role to "medic"
L 03/21/2014 - 01:24:32: "Hoosktron<148><STEAM_0:0:33245321><>" connected, address "97.79.245.122:23741"
L 03/21/2014 - 01:24:33: "Hoosktron<148><STEAM_0:0:33245321><>" STEAM USERID validated
L 03/21/2014 - 01:24:35: "{SCG} PhantomX999<114><STEAM_0:1:13432606><Red>" triggered "builtobject" (object "OBJ_SENTRYGUN") (position "-626 527 0")
L 03/21/2014 - 01:24:42: "{SCG} PhantomX999<114><STEAM_0:1:13432606><Red>" triggered "builtobject" (object "OBJ_DISPENSER") (position "-692 538 0")
L 03/21/2014 - 01:24:45: "{SCG} FaolPlay<133><STEAM_0:1:24520147><Blue>" say "If i know i can kill you without a headshot, i'm not going to bother taking the time to get one :3"
L 03/21/2014 - 01:24:47: "Isaac Rundrake<140><STEAM_0:1:40971448><Red>" say "(ï½€ãƒ»Ï‰ãƒ»Â´)"
L 03/21/2014 - 01:24:48: "Persi, the Neko God<12><STEAM_0:1:30286598><Red>" say "That's terrifying"
L 03/21/2014 - 01:24:52: "Gord<141><STEAM_0:1:2327125><Red>" say "NO NO NOOOO"
L 03/21/2014 - 01:24:57: "Fortune the Don<135><STEAM_0:0:33251108><Red>" say ":U."
L 03/21/2014 - 01:24:57: "{SCG} FaolPlay<133><STEAM_0:1:24520147><Blue>" say "yes yes yes"
L 03/21/2014 - 01:24:59: "Persi, the Neko God<12><STEAM_0:1:30286598><Red>" say "The eating bet, that is"
L 03/21/2014 - 01:25:00: "{SCG} FaolPlay<133><STEAM_0:1:24520147><Blue>" say "get over yourselves"
L 03/21/2014 - 01:25:03: "Persi, the Neko God<12><STEAM_0:1:30286598><Red>" say "bit*"
L 03/21/2014 - 01:25:04: "Gord<141><STEAM_0:1:2327125><Red>" say "not that"
L 03/21/2014 - 01:25:05: "Gord<141><STEAM_0:1:2327125><Red>" say "the song"
L 03/21/2014 - 01:25:06: "Gord<141><STEAM_0:1:2327125><Red>" say "hold the line"
L 03/21/2014 - 01:25:08: "Gord<141><STEAM_0:1:2327125><Red>" say ":["
L 03/21/2014 - 01:25:09: World triggered "Round_Setup_End"
L 03/21/2014 - 01:25:09: "{BFG} Nikdragon<108><STEAM_0:0:78154965><Blue>" joined team "Spectator"
L 03/21/2014 - 01:25:10: "Isaac Rundrake<140><STEAM_0:1:40971448><Red>" say "ï½¡ï¼šï¾Ÿ(ï½¡ï¾‰Ï‰ï¼¼ï½¡)ï¾Ÿï½¥ï½¡ Sad days!"
L 03/21/2014 - 01:25:16: "The Mutagen(unstable)<89><STEAM_0:0:49010827><Blue>" say "jesus, fao, calm down"
L 03/21/2014 - 01:25:25: "Zingy Zigzagoon<143><STEAM_0:1:38093875><Blue>" killed "Scruff<147><STEAM_0:0:61337606><Red>" with "tf_projectile_arrow" (customkill "headshot") (attacker_position "-332 -1752 -376") (victim_position "-312 -1534 -369")
L 03/21/2014 - 01:25:25: "OverlordDarius<144><STEAM_0:0:58198177><Blue>" triggered "chargedeployed"
L 03/21/2014 - 01:25:27: "Isaac Rundrake<140><STEAM_0:1:40971448><Red>" triggered "chargedeployed"
L 03/21/2014 - 01:25:28: "Gord<141><STEAM_0:1:2327125><Red>" killed "Zingy Zigzagoon<143><STEAM_0:1:38093875><Blue>" with "tf_projectile_rocket" (attacker_position "-171 -824 -222") (victim_position "-222 -1175 -302")
L 03/21/2014 - 01:25:28: "Isaac Rundrake<140><STEAM_0:1:40971448><Red>" triggered "kill assist" against "Zingy Zigzagoon<143><STEAM_0:1:38093875><Blue>" (assister_position "-239 -891 -165") (attacker_position "-171 -824 -222") (victim_position "-222 -1175 -302")
L 03/21/2014 - 01:25:29: "Sammicus Panthera Tigris<134><STEAM_0:1:30442114><Blue>" triggered "builtobject" (object "OBJ_SENTRYGUN") (position "-178 -1915 -365")
L 03/21/2014 - 01:25:31: "Gord<141><STEAM_0:1:2327125><Red>" triggered "killedobject" (object "OBJ_SENTRYGUN") (weapon "tf_projectile_rocket") (objectowner "Sammicus Panthera Tigris<134><STEAM_0:1:30442114><Blue>") (attacker_position "-271 -1471 -362")
L 03/21/2014 - 01:25:31: "Isaac Rundrake<140><STEAM_0:1:40971448><Red>" triggered "killedobject" (object "OBJ_SENTRYGUN") (objectowner "Sammicus Panthera Tigris<134><STEAM_0:1:30442114><Blue>") (assist "1") (assister_position "-277 -1504 -345") (attacker_position "-271 -1471 -362")
L 03/21/2014 - 01:25:31: "Red Pandopticon<119><STEAM_0:0:15629443><Red>" killed "Sammicus Panthera Tigris<134><STEAM_0:1:30442114><Blue>" with "degreaser" (attacker_position "-92 -1737 -389") (victim_position "-179 -1833 -342")
L 03/21/2014 - 01:25:31: "Gord<141><STEAM_0:1:2327125><Red>" triggered "kill assist" against "Sammicus Panthera Tigris<134><STEAM_0:1:30442114><Blue>" (assister_position "-275 -1492 -373") (attacker_position "-92 -1737 -389") (victim_position "-179 -1833 -342")
L 03/21/2014 - 01:25:33: "Fortune the Don<135><STEAM_0:0:33251108><Red>" say "yeh. I was the only one teasing you. you don't have to justify your playstyle to me :P"
L 03/21/2014 - 01:25:34: "{SCG} PhantomX999<114><STEAM_0:1:13432606><Red>" triggered "builtobject" (object "OBJ_TELEPORTER") (position "-506 902 0")
L 03/21/2014 - 01:25:37: "{SCG} Rowdy d(=^ï½¥Ï‰ï½¥^=)b<139><STEAM_0:0:21349373><Red>" killed "The Mutagen(unstable)<89><STEAM_0:0:49010827><Blue>" with "ham_shank" (attacker_position "326 1010 0") (victim_position "412 994 0")
L 03/21/2014 - 01:25:44: "Myntey<138><STEAM_0:0:33841019><Blue>" killed "Red Pandopticon<119><STEAM_0:0:15629443><Red>" with "revolver" (attacker_position "-873 -341 -279") (victim_position "-661 -609 -292")
L 03/21/2014 - 01:25:44: "{SCG} FaolPlay<133><STEAM_0:1:24520147><Blue>" triggered "kill assist" against "Red Pandopticon<119><STEAM_0:0:15629443><Red>" (assister_position "32 -2252 -367") (attacker_position "-873 -341 -279") (victim_position "-661 -609 -292")
L 03/21/2014 - 01:25:46: "(void*)FoXX<146><STEAM_0:0:2179002><Red>" say "such a tease"
L 03/21/2014 - 01:25:47: "Sammicus Panthera Tigris<134><STEAM_0:1:30442114><Blue>" triggered "builtobject" (object "OBJ_SENTRYGUN") (position "-749 -912 -331")
L 03/21/2014 - 01:25:49: "JaÃ¼ri, the Laughing Goddess<124><STEAM_0:1:17091633><Blue>" triggered "medic_death" against "Isaac Rundrake<140><STEAM_0:1:40971448><Red>" (healing "897") (ubercharge "0")
L 03/21/2014 - 01:25:49: "JaÃ¼ri, the Laughing Goddess<124><STEAM_0:1:17091633><Blue>" killed "Isaac Rundrake<140><STEAM_0:1:40971448><Red>" with "market_gardener" (attacker_position "-313 -824 -182") (victim_position "-284 -825 -195")
L 03/21/2014 - 01:25:51: "Persi, the Neko God<12><STEAM_0:1:30286598><Red>" killed "Scruff<147><STEAM_0:0:61337606><Blue>" with "scattergun" (attacker_position "-571 -1106 -437") (victim_position "-751 -1922 -570")
L 03/21/2014 - 01:25:51: "Sammicus Panthera Tigris<134><STEAM_0:1:30442114><Blue>" killed "Persi, the Neko God<12><STEAM_0:1:30286598><Red>" with "obj_minisentry" (attacker_position "-765 149 -159") (victim_position "-634 -996 -407")
L 03/21/2014 - 01:25:51: "The Mutagen(unstable)<89><STEAM_0:0:49010827><Blue>" triggered "kill assist" against "Persi, the Neko God<12><STEAM_0:1:30286598><Red>" (assister_position "-681 -1512 -569") (attacker_position "-765 149 -159") (victim_position "-634 -996 -407")
L 03/21/2014 - 01:25:54: "(void*)FoXX<146><STEAM_0:0:2179002><Red>" triggered "builtobject" (object "OBJ_ATTACHMENT_SAPPER") (position "-822 -785 -369")
L 03/21/2014 - 01:25:59: "Myntey<138><STEAM_0:0:33841019><Blue>" killed "{SCG} PhantomX999<114><STEAM_0:1:13432606><Red>" with "knife" (customkill "backstab") (attacker_position "-617 553 0") (victim_position "-611 504 0")
L 03/21/2014 - 01:26:00: "Myntey<138><STEAM_0:0:33841019><Blue>" triggered "builtobject" (object "OBJ_ATTACHMENT_SAPPER") (position "-620 532 0")
L 03/21/2014 - 01:26:00: "Gord<141><STEAM_0:1:2327125><Red>" killed "Sammicus Panthera Tigris<134><STEAM_0:1:30442114><Blue>" with "tf_projectile_rocket" (attacker_position "-382 730 -192") (victim_position "-272 828 -239")
L 03/21/2014 - 01:26:00: "Myntey<138><STEAM_0:0:33841019><Blue>" triggered "builtobject" (object "OBJ_ATTACHMENT_SAPPER") (position "-727 520 0")
L 03/21/2014 - 01:26:01: "{SCG} FaolPlay<133><STEAM_0:1:24520147><Blue>" triggered "killedobject" (object "OBJ_SENTRYGUN") (weapon "machina") (objectowner "{SCG} PhantomX999<114><STEAM_0:1:13432606><Red>") (attacker_position "-108 -2263 -367")
L 03/21/2014 - 01:26:01: "Myntey<138><STEAM_0:0:33841019><Blue>" triggered "killedobject" (object "OBJ_SENTRYGUN") (objectowner "{SCG} PhantomX999<114><STEAM_0:1:13432606><Red>") (assist "1") (assister_position "-650 488 0") (attacker_position "-108 -2263 -367")
L 03/21/2014 - 01:26:04: "{SCG} FaolPlay<133><STEAM_0:1:24520147><Blue>" killed "{SCG} Rowdy d(=^ï½¥Ï‰ï½¥^=)b<139><STEAM_0:0:21349373><Red>" with "machina" (customkill "headshot") (attacker_position "-161 -2208 -367") (victim_position "-362 701 0")
L 03/21/2014 - 01:26:04: "OverlordDarius<144><STEAM_0:0:58198177><Blue>" triggered "kill assist" against "{SCG} Rowdy d(=^ï½¥Ï‰ï½¥^=)b<139><STEAM_0:0:21349373><Red>" (assister_position "119 -2212 -367") (attacker_position "-161 -2208 -367") (victim_position "-362 701 0")
L 03/21/2014 - 01:26:04: "(void*)FoXX<146><STEAM_0:0:2179002><Red>" triggered "killedobject" (object "OBJ_SENTRYGUN") (weapon "recorder") (objectowner "Sammicus Panthera Tigris<134><STEAM_0:1:30442114><Blue>") (attacker_position "-893 -86 -183")
L 03/21/2014 - 01:26:07: "Sammicus Panthera Tigris<134><STEAM_0:1:30442114><Blue>" changed role to "heavyweapons"
L 03/21/2014 - 01:26:09: "Myntey<138><STEAM_0:0:33841019><Blue>" triggered "killedobject" (object "OBJ_DISPENSER") (weapon "obj_attachment_sapper") (objectowner "{SCG} PhantomX999<114><STEAM_0:1:13432606><Red>") (attacker_position "-983 312 -55")
L 03/21/2014 - 01:26:14: "{BFG} Nikdragon<108><STEAM_0:0:78154965><Spectator>" joined team "Blue"
L 03/21/2014 - 01:26:16: "(void*)FoXX<146><STEAM_0:0:2179002><Red>" triggered "captureblocked" (cp "0") (cpname "Cap 1, Stage 1") (position "-216 231 7")
L 03/21/2014 - 01:26:16: "Myntey<138><STEAM_0:0:33841019><Blue>" killed "Gord<141><STEAM_0:1:2327125><Red>" with "revolver" (attacker_position "-270 89 0") (victim_position "-542 320 -116")
L 03/21/2014 - 01:26:16: "The Mutagen(unstable)<89><STEAM_0:0:49010827><Blue>" triggered "kill assist" against "Gord<141><STEAM_0:1:2327125><Red>" (assister_position "-592 462 -162") (attacker_position "-270 89 0") (victim_position "-542 320 -116")
L 03/21/2014 - 01:26:17: "(void*)FoXX<146><STEAM_0:0:2179002><Red>" killed "Zingy Zigzagoon<143><STEAM_0:1:38093875><Blue>" with "knife" (attacker_position "-87 259 7") (victim_position "-1 263 0")
L 03/21/2014 - 01:26:17: "{BFG} Nikdragon<108><STEAM_0:0:78154965><Blue>" changed role to "spy"
L 03/21/2014 - 01:26:19: "Persi, the Neko God<12><STEAM_0:1:30286598><Red>" killed "JaÃ¼ri, the Laughing Goddess<124><STEAM_0:1:17091633><Blue>" with "scattergun" (attacker_position "-682 993 0") (victim_position "-718 953 0")
L 03/21/2014 - 01:26:20: "Fortune the Don<135><STEAM_0:0:33251108><Red>" triggered "captureblocked" (cp "0") (cpname "Cap 1, Stage 1") (position "-93 213 7")
L 03/21/2014 - 01:26:24: "Myntey<138><STEAM_0:0:33841019><Blue>" killed "(void*)FoXX<146><STEAM_0:0:2179002><Red>" with "revolver" (attacker_position "-223 157 7") (victim_position "-85 254 7")
L 03/21/2014 - 01:26:24: "The Mutagen(unstable)<89><STEAM_0:0:49010827><Blue>" killed "Fortune the Don<135><STEAM_0:0:33251108><Red>" with "scattergun" (attacker_position "67 194 0") (victim_position "230 333 0")
L 03/21/2014 - 01:26:24: "Myntey<138><STEAM_0:0:33841019><Blue>" triggered "kill assist" against "Fortune the Don<135><STEAM_0:0:33251108><Red>" (assister_position "-235 163 6") (attacker_position "67 194 0") (victim_position "230 333 0")
L 03/21/2014 - 01:26:24: "{BFG} Nikdragon<108><STEAM_0:0:78154965><Blue>" joined team "Red"
L 03/21/2014 - 01:26:24: "{BFG} Nikdragon<108><STEAM_0:0:78154965><Red>" committed suicide with "world" (attacker_position "-138 -2834 -471")
L 03/21/2014 - 01:26:26: Team "Blue" triggered "pointcaptured" (cp "0") (cpname "Cap 1, Stage 1") (numcappers "2") (player1 "The Mutagen(unstable)<89><STEAM_0:0:49010827><Blue>") (position1 "-105 152 7") (player2 "Scruff<147><STEAM_0:0:61337606><Blue>") (position2 "-167 83 7") 
L 03/21/2014 - 01:26:27: "Red Pandopticon<119><STEAM_0:0:15629443><Red>" killed "Scruff<147><STEAM_0:0:61337606><Blue>" with "degreaser" (attacker_position "-199 240 7") (victim_position "-222 137 7")
L 03/21/2014 - 01:26:27: "Isaac Rundrake<140><STEAM_0:1:40971448><Red>" triggered "kill assist" against "Scruff<147><STEAM_0:0:61337606><Blue>" (assister_position "-96 579 0") (attacker_position "-199 240 7") (victim_position "-222 137 7")
L 03/21/2014 - 01:26:29: "{SCG} FaolPlay<133><STEAM_0:1:24520147><Blue>" triggered "medic_death" against "Isaac Rundrake<140><STEAM_0:1:40971448><Red>" (healing "231") (ubercharge "0")
L 03/21/2014 - 01:26:29: "{SCG} FaolPlay<133><STEAM_0:1:24520147><Blue>" killed "Isaac Rundrake<140><STEAM_0:1:40971448><Red>" with "machina" (attacker_position "-327 -1986 -367") (victim_position "-84 245 7")
L 03/21/2014 - 01:26:29: "Sammicus Panthera Tigris<134><STEAM_0:1:30442114><Blue>" triggered "kill assist" against "Isaac Rundrake<140><STEAM_0:1:40971448><Red>" (assister_position "-321 89 -157") (attacker_position "-327 -1986 -367") (victim_position "-84 245 7")
L 03/21/2014 - 01:26:29: "Fortune the Don<135><STEAM_0:0:33251108><Red>" say "invis scout :<"
L 03/21/2014 - 01:26:31: "OverlordDarius<144><STEAM_0:0:58198177><Blue>" triggered "player_extinguished" against "Myntey<138><STEAM_0:0:33841019><Blue>" with "tf_weapon_medigun" (attacker_position "-125 -81 -165") (victim_position "-362 -66 -159")
L 03/21/2014 - 01:26:32: "Red Pandopticon<119><STEAM_0:0:15629443><Red>" killed "The Mutagen(unstable)<89><STEAM_0:0:49010827><Blue>" with "degreaser" (attacker_position "207 357 -3") (victim_position "-253 53 0")
L 03/21/2014 - 01:26:38: "{SCG} PhantomX999<114><STEAM_0:1:13432606><Red>" triggered "builtobject" (object "OBJ_SENTRYGUN") (position "-999 2538 0")
L 03/21/2014 - 01:26:47: "Red Pandopticon<119><STEAM_0:0:15629443><Red>" killed "Sammicus Panthera Tigris<134><STEAM_0:1:30442114><Blue>" with "powerjack" (attacker_position "-824 1284 -268") (victim_position "-855 1287 -269")
L 03/21/2014 - 01:26:52: "Hoosktron<148><STEAM_0:0:33245321><>" entered the game
L 03/21/2014 - 01:26:53: "{SCG} PhantomX999<114><STEAM_0:1:13432606><Red>" triggered "builtobject" (object "OBJ_SENTRYGUN") (position "-939 2444 0")
L 03/21/2014 - 01:26:55: "{SCG} FaolPlay<133><STEAM_0:1:24520147><Blue>" killed "Fortune the Don<135><STEAM_0:0:33251108><Red>" with "machina" (customkill "headshot") (attacker_position "402 1900 0") (victim_position "212 2411 0")
L 03/21/2014 - 01:26:58: "Scruff<147><STEAM_0:0:61337606><Blue>" triggered "medic_death" against "Isaac Rundrake<140><STEAM_0:1:40971448><Red>" (healing "96") (ubercharge "0")
L 03/21/2014 - 01:26:58: "Scruff<147><STEAM_0:0:61337606><Blue>" killed "Isaac Rundrake<140><STEAM_0:1:40971448><Red>" with "force_a_nature" (attacker_position "-707 928 82") (victim_position "-927 930 10")
L 03/21/2014 - 01:27:00: "Gord<141><STEAM_0:1:2327125><Red>" killed "The Mutagen(unstable)<89><STEAM_0:0:49010827><Blue>" with "tf_projectile_rocket" (attacker_position "-697 2517 134") (victim_position "-754 2568 7")
L 03/21/2014 - 01:27:00: "{SCG} PhantomX999<114><STEAM_0:1:13432606><Red>" triggered "kill assist" against "The Mutagen(unstable)<89><STEAM_0:0:49010827><Blue>" (assister_position "-608 3246 3") (attacker_position "-697 2517 134") (victim_position "-754 2568 7")
L 03/21/2014 - 01:27:00: "{SCG} FaolPlay<133><STEAM_0:1:24520147><Blue>" killed "Red Pandopticon<119><STEAM_0:0:15629443><Red>" with "tribalkukri" (attacker_position "373 1887 0") (victim_position "298 1866 0")
L 03/21/2014 - 01:27:00: "Zingy Zigzagoon<143><STEAM_0:1:38093875><Blue>" triggered "kill assist" against "Red Pandopticon<119><STEAM_0:0:15629443><Red>" (assister_position "79 2062 0") (attacker_position "373 1887 0") (victim_position "298 1866 0")
L 03/21/2014 - 01:27:01: "Myntey<138><STEAM_0:0:33841019><Blue>" triggered "builtobject" (object "OBJ_ATTACHMENT_SAPPER") (position "-946 2570 0")
L 03/21/2014 - 01:27:02: "Scruff<147><STEAM_0:0:61337606><Blue>" triggered "killedobject" (object "OBJ_TELEPORTER") (weapon "force_a_nature") (objectowner "{SCG} PhantomX999<114><STEAM_0:1:13432606><Red>") (attacker_position "-456 848 0")
L 03/21/2014 - 01:27:04: "JaÃ¼ri, the Laughing Goddess<124><STEAM_0:1:17091633><Blue>" disconnected (reason "JaÃ¼ri, the Laughing Goddess timed out")
L 03/21/2014 - 01:27:05: "Myntey<138><STEAM_0:0:33841019><Blue>" killed "(void*)FoXX<146><STEAM_0:0:2179002><Red>" with "knife" (customkill "backstab") (attacker_position "-770 1696 14") (victim_position "-729 1671 15")
L 03/21/2014 - 01:27:05: "Fortune the Don<135><STEAM_0:0:33251108><Red>" say "ugh. more invisible people z.z;"
L 03/21/2014 - 01:27:06: "Gord<141><STEAM_0:1:2327125><Red>" killed "Scruff<147><STEAM_0:0:61337606><Blue>" with "tf_projectile_rocket" (attacker_position "-644 2194 -3") (victim_position "-788 1593 13")
L 03/21/2014 - 01:27:06: "Persi, the Neko God<12><STEAM_0:1:30286598><Red>" triggered "kill assist" against "Scruff<147><STEAM_0:0:61337606><Blue>" (assister_position "-742 1789 15") (attacker_position "-644 2194 -3") (victim_position "-788 1593 13")
L 03/21/2014 - 01:27:07: "Myntey<138><STEAM_0:0:33841019><Blue>" triggered "killedobject" (object "OBJ_SENTRYGUN") (weapon "obj_attachment_sapper") (objectowner "{SCG} PhantomX999<114><STEAM_0:1:13432606><Red>") (attacker_position "-611 1379 -94")
L 03/21/2014 - 01:27:11: "Hoosktron<148><STEAM_0:0:33245321><Unassigned>" joined team "Blue"
L 03/21/2014 - 01:27:12: "{SCG} PhantomX999<114><STEAM_0:1:13432606><Red>" triggered "builtobject" (object "OBJ_SENTRYGUN") (position "-893 2442 0")
L 03/21/2014 - 01:27:16: "{SCG} FaolPlay<133><STEAM_0:1:24520147><Blue>" say "record a demo then stop it"
L 03/21/2014 - 01:27:16: "Zingy Zigzagoon<143><STEAM_0:1:38093875><Blue>" triggered "killedobject" (object "OBJ_SENTRYGUN") (weapon "huntsman") (objectowner "{SCG} PhantomX999<114><STEAM_0:1:13432606><Red>") (attacker_position "266 2333 0")
L 03/21/2014 - 01:27:16: "Hoosktron<148><STEAM_0:0:33245321><Blue>" changed role to "soldier"
L 03/21/2014 - 01:27:17: "Fortune the Don<135><STEAM_0:0:33251108><Red>" say "why isn't this workinggggg"
L 03/21/2014 - 01:27:18: "{SCG} FaolPlay<133><STEAM_0:1:24520147><Blue>" say "that usually fixes that"
L 03/21/2014 - 01:27:20: "Persi, the Neko God<12><STEAM_0:1:30286598><Red>" triggered "medic_death" against "OverlordDarius<144><STEAM_0:0:58198177><Blue>" (healing "1564") (ubercharge "1")
L 03/21/2014 - 01:27:20: "Persi, the Neko God<12><STEAM_0:1:30286598><Red>" killed "OverlordDarius<144><STEAM_0:0:58198177><Blue>" with "scattergun" (attacker_position "-557 653 -236") (victim_position "-570 386 -158")
L 03/21/2014 - 01:27:20: "Fortune the Don<135><STEAM_0:0:33251108><Red>" say "I did"
L 03/21/2014 - 01:27:21: "{SCG} PhantomX999<114><STEAM_0:1:13432606><Red>" triggered "builtobject" (object "OBJ_SENTRYGUN") (position "-937 2418 0")
L 03/21/2014 - 01:27:21: "Gord<141><STEAM_0:1:2327125><Red>" killed "Zingy Zigzagoon<143><STEAM_0:1:38093875><Blue>" with "tf_projectile_rocket" (attacker_position "235 2335 48") (victim_position "268 2227 0")
L 03/21/2014 - 01:27:23: "Gord<141><STEAM_0:1:2327125><Red>" killed "{SCG} FaolPlay<133><STEAM_0:1:24520147><Blue>" with "tf_projectile_rocket" (attacker_position "271 2144 12") (victim_position "250 1918 0")
L 03/21/2014 - 01:27:30: "{SCG} FaolPlay<133><STEAM_0:1:24520147><Blue>" say "restart the game"
L 03/21/2014 - 01:27:31: "Red Pandopticon<119><STEAM_0:0:15629443><Red>" killed "Sammicus Panthera Tigris<134><STEAM_0:1:30442114><Blue>" with "shotgun_pyro" (attacker_position "-553 1874 7") (victim_position "-568 1735 20")
L 03/21/2014 - 01:27:31: "Isaac Rundrake<140><STEAM_0:1:40971448><Red>" triggered "kill assist" against "Sammicus Panthera Tigris<134><STEAM_0:1:30442114><Blue>" (assister_position "-747 2023 -3") (attacker_position "-553 1874 7") (victim_position "-568 1735 20")
L 03/21/2014 - 01:27:32: "Red Pandopticon<119><STEAM_0:0:15629443><Red>" killed "The Mutagen(unstable)<89><STEAM_0:0:49010827><Blue>" with "shotgun_pyro" (attacker_position "-750 1731 15") (victim_position "-705 1367 0")
L 03/21/2014 - 01:27:32: "Isaac Rundrake<140><STEAM_0:1:40971448><Red>" triggered "kill assist" against "The Mutagen(unstable)<89><STEAM_0:0:49010827><Blue>" (assister_position "-799 1858 10") (attacker_position "-750 1731 15") (victim_position "-705 1367 0")
L 03/21/2014 - 01:27:38: "{SCG} PhantomX999<114><STEAM_0:1:13432606><Red>" triggered "killedobject" (object "OBJ_TELEPORTER") (weapon "pda_engineer") (objectowner "{SCG} PhantomX999<114><STEAM_0:1:13432606><Red>") (attacker_position "-976 3353 8")
L 03/21/2014 - 01:27:38: "Red Pandopticon<119><STEAM_0:0:15629443><Red>" killed "Hoosktron<148><STEAM_0:0:33245321><Blue>" with "shotgun_pyro" (attacker_position "-905 735 0") (victim_position "-948 449 -27")
L 03/21/2014 - 01:27:42: "Myntey<138><STEAM_0:0:33841019><Blue>" killed "{BFG} Nikdragon<108><STEAM_0:0:78154965><Red>" with "revolver" (attacker_position "484 2344 82") (victim_position "474 2208 120")
L 03/21/2014 - 01:27:48: "Fortune the Don<135><STEAM_0:0:33251108><Red>" say "but I'm leaving after this maaaap"
L 03/21/2014 - 01:27:52: "{SCG} FaolPlay<133><STEAM_0:1:24520147><Blue>" killed "Red Pandopticon<119><STEAM_0:0:15629443><Red>" with "tribalkukri" (attacker_position "-241 -238 -165") (victim_position "-260 -191 -162")
L 03/21/2014 - 01:27:52: "Zingy Zigzagoon<143><STEAM_0:1:38093875><Blue>" triggered "kill assist" against "Red Pandopticon<119><STEAM_0:0:15629443><Red>" (assister_position "-568 -528 -149") (attacker_position "-241 -238 -165") (victim_position "-260 -191 -162")
L 03/21/2014 - 01:27:52: "{SCG} FaolPlay<133><STEAM_0:1:24520147><Blue>" triggered "domination" against "Red Pandopticon<119><STEAM_0:0:15629443><Red>"
L 03/21/2014 - 01:27:55: "Gord<141><STEAM_0:1:2327125><Red>" say "yeah me too"
L 03/21/2014 - 01:27:57: "(void*)FoXX<146><STEAM_0:0:2179002><Red>" say "*right click TF2 in library -> delete local content*"
L 03/21/2014 - 01:28:05: "Fortune the Don<135><STEAM_0:0:33251108><Red>" killed "The Mutagen(unstable)<89><STEAM_0:0:49010827><Blue>" with "scattergun" (attacker_position "-947 696 0") (victim_position "-950 754 0")
L 03/21/2014 - 01:28:05: "Fortune the Don<135><STEAM_0:0:33251108><Red>" killed "{SCG} FaolPlay<133><STEAM_0:1:24520147><Blue>" with "scattergun" (attacker_position "-942 596 0") (victim_position "-953 772 0")
L 03/21/2014 - 01:28:05: "Persi, the Neko God<12><STEAM_0:1:30286598><Red>" triggered "kill assist" against "{SCG} FaolPlay<133><STEAM_0:1:24520147><Blue>" (assister_position "-660 910 0") (attacker_position "-942 596 0") (victim_position "-953 772 0")
L 03/21/2014 - 01:28:13: "{SCG} PhantomX999<114><STEAM_0:1:13432606><Red>" killed "Scruff<147><STEAM_0:0:61337606><Blue>" with "obj_sentrygun2" (attacker_position "-927 2455 0") (victim_position "-1010 2792 20")
L 03/21/2014 - 01:28:15: "{SCG} Rowdy d(=^ï½¥Ï‰ï½¥^=)b<139><STEAM_0:0:21349373><Red>" killed "Sammicus Panthera Tigris<134><STEAM_0:1:30442114><Blue>" with "machina" (customkill "headshot") (attacker_position "-805 2623 0") (victim_position "-608 1716 24")
L 03/21/2014 - 01:28:15: "Gord<141><STEAM_0:1:2327125><Red>" triggered "kill assist" against "Sammicus Panthera Tigris<134><STEAM_0:1:30442114><Blue>" (assister_position "-688 2453 7") (attacker_position "-805 2623 0") (victim_position "-608 1716 24")
L 03/21/2014 - 01:28:15: "Fortune the Don<135><STEAM_0:0:33251108><Red>" killed "Zingy Zigzagoon<143><STEAM_0:1:38093875><Blue>" with "scattergun" (attacker_position "-623 1077 -224") (victim_position "-691 1148 -235")
L 03/21/2014 - 01:28:18: "Persi, the Neko God<12><STEAM_0:1:30286598><Red>" triggered "medic_death" against "OverlordDarius<144><STEAM_0:0:58198177><Blue>" (healing "538") (ubercharge "0")
L 03/21/2014 - 01:28:18: "Persi, the Neko God<12><STEAM_0:1:30286598><Red>" killed "OverlordDarius<144><STEAM_0:0:58198177><Blue>" with "scattergun" (attacker_position "-916 1071 -246") (victim_position "-950 1171 -255")
L 03/21/2014 - 01:28:23: "Myntey<138><STEAM_0:0:33841019><Blue>" triggered "builtobject" (object "OBJ_ATTACHMENT_SAPPER") (position "-863 2515 0")
L 03/21/2014 - 01:28:29: "(void*)FoXX<146><STEAM_0:0:2179002><Red>" killed "Hoosktron<148><STEAM_0:0:33245321><Blue>" with "samrevolver" (attacker_position "15 1816 0") (victim_position "-258 1122 -250")
L 03/21/2014 - 01:28:29: "Red Pandopticon<119><STEAM_0:0:15629443><Red>" triggered "kill assist" against "Hoosktron<148><STEAM_0:0:33245321><Blue>" (assister_position "-477 1143 -252") (attacker_position "15 1816 0") (victim_position "-258 1122 -250")
L 03/21/2014 - 01:28:29: "{SCG} PhantomX999<114><STEAM_0:1:13432606><Red>" triggered "killedobject" (object "OBJ_ATTACHMENT_SAPPER") (weapon "southern_comfort_kill") (objectowner "Myntey<138><STEAM_0:0:33841019><Blue>") (attacker_position "-888 2461 0")
L 03/21/2014 - 01:28:34: "Gord<141><STEAM_0:1:2327125><Red>" killed "The Mutagen(unstable)<89><STEAM_0:0:49010827><Blue>" with "shotgun_soldier" (attacker_position "-879 1300 -272") (victim_position "-1194 1441 -238")
L 03/21/2014 - 01:28:34: "Isaac Rundrake<140><STEAM_0:1:40971448><Red>" triggered "kill assist" against "The Mutagen(unstable)<89><STEAM_0:0:49010827><Blue>" (assister_position "-646 1291 -209") (attacker_position "-879 1300 -272") (victim_position "-1194 1441 -238")
L 03/21/2014 - 01:28:39: "Gord<141><STEAM_0:1:2327125><Red>" killed "Scruff<147><STEAM_0:0:61337606><Blue>" with "goomba" (attacker_position "-668 2277 78") (victim_position "-679 2322 -3")
L 03/21/2014 - 01:28:41: "Gord<141><STEAM_0:1:2327125><Red>" say "what"
L 03/21/2014 - 01:28:43: "{SCG} PhantomX999<114><STEAM_0:1:13432606><Red>" triggered "builtobject" (object "OBJ_DISPENSER") (position "-943 2445 0")
L 03/21/2014 - 01:28:44: "{BFG} Nikdragon<108><STEAM_0:0:78154965><Red>" say "!votemelee"
L 03/21/2014 - 01:28:49: "Scruff<147><STEAM_0:0:61337606><Blue>" say "iunno"
L 03/21/2014 - 01:28:54: "{BFG} Nikdragon<108><STEAM_0:0:78154965><Red>" say "!meleevote"
L 03/21/2014 - 01:28:54: "Sammicus Panthera Tigris<134><STEAM_0:1:30442114><Blue>" killed "Fortune the Don<135><STEAM_0:0:33251108><Red>" with "minigun" (attacker_position "-1340 1457 -218") (victim_position "-959 1576 -173")
L 03/21/2014 - 01:28:54: "OverlordDarius<144><STEAM_0:0:58198177><Blue>" triggered "kill assist" against "Fortune the Don<135><STEAM_0:0:33251108><Red>" (assister_position "-1781 1458 -253") (attacker_position "-1340 1457 -218") (victim_position "-959 1576 -173")
L 03/21/2014 - 01:28:59: "Isaac Rundrake<140><STEAM_0:1:40971448><Red>" triggered "chargedeployed"
L 03/21/2014 - 01:29:00: "{BFG} Nikdragon<108><STEAM_0:0:78154965><Red>" say "!melee"
L 03/21/2014 - 01:29:03: "{SCG} Rowdy d(=^ï½¥Ï‰ï½¥^=)b<139><STEAM_0:0:21349373><Red>" killed "Hoosktron<148><STEAM_0:0:33245321><Blue>" with "world" (attacker_position "-785 2647 0") (victim_position "-652 1184 55")
L 03/21/2014 - 01:29:06: "Gord<141><STEAM_0:1:2327125><Red>" killed "Sammicus Panthera Tigris<134><STEAM_0:1:30442114><Blue>" with "shotgun_soldier" (attacker_position "-1742 921 -255") (victim_position "-1722 795 -254")
L 03/21/2014 - 01:29:06: "Isaac Rundrake<140><STEAM_0:1:40971448><Red>" triggered "kill assist" against "Sammicus Panthera Tigris<134><STEAM_0:1:30442114><Blue>" (assister_position "-1830 972 -267") (attacker_position "-1742 921 -255") (victim_position "-1722 795 -254")
L 03/21/2014 - 01:29:06: "Gord<141><STEAM_0:1:2327125><Red>" triggered "domination" against "Sammicus Panthera Tigris<134><STEAM_0:1:30442114><Blue>"
L 03/21/2014 - 01:29:10: "Fortune the Don<135><STEAM_0:0:33251108><Red>" say "penith"
L 03/21/2014 - 01:29:11: "(void*)FoXX<146><STEAM_0:0:2179002><Red>" triggered "medic_death" against "OverlordDarius<144><STEAM_0:0:58198177><Blue>" (healing "659") (ubercharge "0")
L 03/21/2014 - 01:29:11: "(void*)FoXX<146><STEAM_0:0:2179002><Red>" killed "OverlordDarius<144><STEAM_0:0:58198177><Blue>" with "samrevolver" (attacker_position "-1799 1073 -261") (victim_position "-1792 1028 -265")
L 03/21/2014 - 01:29:14: "{SCG} FaolPlay<133><STEAM_0:1:24520147><Blue>" killed "Red Pandopticon<119><STEAM_0:0:15629443><Red>" with "machina" (attacker_position "-939 499 -2") (victim_position "-946 730 0")
L 03/21/2014 - 01:29:14: "The Mutagen(unstable)<89><STEAM_0:0:49010827><Blue>" triggered "kill assist" against "Red Pandopticon<119><STEAM_0:0:15629443><Red>" (assister_position "-820 576 0") (attacker_position "-939 499 -2") (victim_position "-946 730 0")
L 03/21/2014 - 01:29:17: "Gord<141><STEAM_0:1:2327125><Red>" killed "Zingy Zigzagoon<143><STEAM_0:1:38093875><Blue>" with "tf_projectile_rocket" (attacker_position "-1236 1343 -202") (victim_position "-881 1130 -158")
L 03/21/2014 - 01:29:17: "Isaac Rundrake<140><STEAM_0:1:40971448><Red>" triggered "kill assist" against "Zingy Zigzagoon<143><STEAM_0:1:38093875><Blue>" (assister_position "-1365 1319 -228") (attacker_position "-1236 1343 -202") (victim_position "-881 1130 -158")
L 03/21/2014 - 01:29:31: "Gord<141><STEAM_0:1:2327125><Red>" killed "Scruff<147><STEAM_0:0:61337606><Blue>" with "tf_projectile_rocket" (attacker_position "-1117 2531 -2") (victim_position "-1271 3088 7")
L 03/21/2014 - 01:29:34: "Gord<141><STEAM_0:1:2327125><Red>" killed "The Mutagen(unstable)<89><STEAM_0:0:49010827><Blue>" with "tf_projectile_rocket" (attacker_position "-928 2363 -184") (victim_position "-1068 2165 -253")
L 03/21/2014 - 01:29:34: "Persi, the Neko God<12><STEAM_0:1:30286598><Red>" triggered "kill assist" against "The Mutagen(unstable)<89><STEAM_0:0:49010827><Blue>" (assister_position "-1108 2300 -240") (attacker_position "-928 2363 -184") (victim_position "-1068 2165 -253")
L 03/21/2014 - 01:29:35: "{SCG} FaolPlay<133><STEAM_0:1:24520147><Blue>" killed "Fortune the Don<135><STEAM_0:0:33251108><Red>" with "machina" (customkill "headshot") (attacker_position "-1045 618 0") (victim_position "-1484 670 -193")
L 03/21/2014 - 01:29:37: "(void*)FoXX<146><STEAM_0:0:2179002><Red>" triggered "medic_death" against "OverlordDarius<144><STEAM_0:0:58198177><Blue>" (healing "0") (ubercharge "0")
L 03/21/2014 - 01:29:37: "(void*)FoXX<146><STEAM_0:0:2179002><Red>" killed "OverlordDarius<144><STEAM_0:0:58198177><Blue>" with "knife" (customkill "backstab") (attacker_position "-188 1487 -241") (victim_position "-111 1555 -238")
L 03/21/2014 - 01:29:40: "Red Pandopticon<119><STEAM_0:0:15629443><Red>" killed "Myntey<138><STEAM_0:0:33841019><Blue>" with "degreaser" (attacker_position "-694 3114 2") (victim_position "-742 3116 1")
L 03/21/2014 - 01:29:44: "Gord<141><STEAM_0:1:2327125><Red>" killed "Hoosktron<148><STEAM_0:0:33245321><Blue>" with "tf_projectile_rocket" (attacker_position "-277 2510 52") (victim_position "355 2259 0")
L 03/21/2014 - 01:29:44: "Persi, the Neko God<12><STEAM_0:1:30286598><Red>" triggered "kill assist" against "Hoosktron<148><STEAM_0:0:33245321><Blue>" (assister_position "159 2431 46") (attacker_position "-277 2510 52") (victim_position "355 2259 0")
L 03/21/2014 - 01:29:46: "Sammicus Panthera Tigris<134><STEAM_0:1:30442114><Blue>" killed "{BFG} Nikdragon<108><STEAM_0:0:78154965><Red>" with "minigun" (attacker_position "-313 2930 -243") (victim_position "-277 2983 -253")
L 03/21/2014 - 01:29:48: "Gord<141><STEAM_0:1:2327125><Red>" killed "Sammicus Panthera Tigris<134><STEAM_0:1:30442114><Blue>" with "tf_projectile_rocket" (attacker_position "-158 2749 -224") (victim_position "-268 2946 -248")
L 03/21/2014 - 01:29:48: "Isaac Rundrake<140><STEAM_0:1:40971448><Red>" triggered "kill assist" against "Sammicus Panthera Tigris<134><STEAM_0:1:30442114><Blue>" (assister_position "-89 2523 -219") (attacker_position "-158 2749 -224") (victim_position "-268 2946 -248")
L 03/21/2014 - 01:29:50: "Fortune the Don<135><STEAM_0:0:33251108><Red>" say "what mouse you rockin on that setup boo?"
L 03/21/2014 - 01:29:50: "Myntey<138><STEAM_0:0:33841019><Blue>" changed role to "demoman"
L 03/21/2014 - 01:29:51: "Zingy Zigzagoon<143><STEAM_0:1:38093875><Blue>" killed "Persi, the Neko God<12><STEAM_0:1:30286598><Red>" with "tf_projectile_arrow" (attacker_position "-1518 1780 -15") (victim_position "-1252 2696 -9")
L 03/21/2014 - 01:29:56: "Zingy Zigzagoon<143><STEAM_0:1:38093875><Blue>" killed "Gord<141><STEAM_0:1:2327125><Red>" with "tf_projectile_arrow" (attacker_position "-792 1710 13") (victim_position "-892 1799 69")
L 03/21/2014 - 01:29:58: "{SCG} Rowdy d(=^ï½¥Ï‰ï½¥^=)b<139><STEAM_0:0:21349373><Red>" killed "{SCG} FaolPlay<133><STEAM_0:1:24520147><Blue>" with "machina" (attacker_position "-782 2595 1") (victim_position "-686 900 0")
L 03/21/2014 - 01:30:00: "{SCG} PhantomX999<114><STEAM_0:1:13432606><Red>" killed "The Mutagen(unstable)<89><STEAM_0:0:49010827><Blue>" with "obj_sentrygun3" (attacker_position "-943 2408 0") (victim_position "-727 2361 0")
L 03/21/2014 - 01:30:03: "Fortune the Don<135><STEAM_0:0:33251108><Red>" triggered "medic_death" against "OverlordDarius<144><STEAM_0:0:58198177><Blue>" (healing "0") (ubercharge "0")
L 03/21/2014 - 01:30:03: "Fortune the Don<135><STEAM_0:0:33251108><Red>" killed "OverlordDarius<144><STEAM_0:0:58198177><Blue>" with "scattergun" (attacker_position "-1117 1339 -264") (victim_position "-910 1152 -253")
L 03/21/2014 - 01:30:04: "Red Pandopticon<119><STEAM_0:0:15629443><Red>" killed "Zingy Zigzagoon<143><STEAM_0:1:38093875><Blue>" with "shotgun_pyro" (attacker_position "-890 1687 5") (victim_position "-915 1272 42")
L 03/21/2014 - 01:30:07: "Gord<141><STEAM_0:1:2327125><Red>" say "who is boo :["
L 03/21/2014 - 01:30:11: "Fortune the Don<135><STEAM_0:0:33251108><Red>" killed "Sammicus Panthera Tigris<134><STEAM_0:1:30442114><Blue>" with "scattergun" (attacker_position "-963 592 0") (victim_position "-925 429 -37")
L 03/21/2014 - 01:30:11: "Red Pandopticon<119><STEAM_0:0:15629443><Red>" triggered "kill assist" against "Sammicus Panthera Tigris<134><STEAM_0:1:30442114><Blue>" (assister_position "-978 469 -17") (attacker_position "-963 592 0") (victim_position "-925 429 -37")
L 03/21/2014 - 01:30:11: "Red Pandopticon<119><STEAM_0:0:15629443><Red>" triggered "domination" against "Sammicus Panthera Tigris<134><STEAM_0:1:30442114><Blue>" (assist "1")
L 03/21/2014 - 01:30:11: "Persi, the Neko God<12><STEAM_0:1:30286598><Red>" killed "Scruff<147><STEAM_0:0:61337606><Blue>" with "scattergun" (attacker_position "-568 3119 1") (victim_position "-622 2857 0")
L 03/21/2014 - 01:30:12: "OverlordDarius<144><STEAM_0:0:58198177><Blue>" changed role to "scout"
L 03/21/2014 - 01:30:13: "{SCG} PhantomX999<114><STEAM_0:1:13432606><Red>" triggered "builtobject" (object "OBJ_DISPENSER") (position "-909 2474 0")
L 03/21/2014 - 01:30:15: "{SCG} FaolPlay<133><STEAM_0:1:24520147><Blue>" say "whoo be boo"
L 03/21/2014 - 01:30:16: "Sammicus Panthera Tigris<134><STEAM_0:1:30442114><Blue>" changed role to "spy"
L 03/21/2014 - 01:30:17: "Myntey<138><STEAM_0:0:33841019><Blue>" committed suicide with "tf_projectile_pipe" (attacker_position "-133 618 0")
L 03/21/2014 - 01:30:20: "Hoosktron<148><STEAM_0:0:33245321><Blue>" killed "Red Pandopticon<119><STEAM_0:0:15629443><Red>" with "tf_projectile_rocket" (attacker_position "-355 -345 -165") (victim_position "-362 -36 -159")
L 03/21/2014 - 01:30:20: "The Mutagen(unstable)<89><STEAM_0:0:49010827><Blue>" triggered "kill assist" against "Red Pandopticon<119><STEAM_0:0:15629443><Red>" (assister_position "-360 -110 -154") (attacker_position "-355 -345 -165") (victim_position "-362 -36 -159")
L 03/21/2014 - 01:30:21: "Scruff<147><STEAM_0:0:61337606><Blue>" say "hey what's up"
L 03/21/2014 - 01:30:21: "Fortune the Don<135><STEAM_0:0:33251108><Red>" say "dat b u"
L 03/21/2014 - 01:30:27: "Gord<141><STEAM_0:1:2327125><Red>" say "oe."
L 03/21/2014 - 01:30:28: "{SCG} FaolPlay<133><STEAM_0:1:24520147><Blue>" say "logitech g500"
L 03/21/2014 - 01:30:30: "{SCG} FaolPlay<133><STEAM_0:1:24520147><Blue>" say "not s"
L 03/21/2014 - 01:30:31: "The Mutagen(unstable)<89><STEAM_0:0:49010827><Blue>" killed "Persi, the Neko God<12><STEAM_0:1:30286598><Red>" with "scattergun" (attacker_position "-111 645 0") (victim_position "-17 554 0")
L 03/21/2014 - 01:30:31: "Zingy Zigzagoon<143><STEAM_0:1:38093875><Blue>" triggered "kill assist" against "Persi, the Neko God<12><STEAM_0:1:30286598><Red>" (assister_position "-685 636 0") (attacker_position "-111 645 0") (victim_position "-17 554 0")
L 03/21/2014 - 01:30:42: "{SCG} FaolPlay<133><STEAM_0:1:24520147><Blue>" killed "{BFG} Nikdragon<108><STEAM_0:0:78154965><Red>" with "bleed_kill" (attacker_position "43 404 0") (victim_position "-7 523 0")
L 03/21/2014 - 01:30:47: "Zingy Zigzagoon<143><STEAM_0:1:38093875><Blue>" killed "Gord<141><STEAM_0:1:2327125><Red>" with "tf_projectile_arrow" (customkill "headshot") (attacker_position "273 2226 0") (victim_position "187 2368 0")
L 03/21/2014 - 01:30:49: "Fortune the Don<135><STEAM_0:0:33251108><Red>" say "aw baby you gotta step that up"
L 03/21/2014 - 01:30:51: "Zingy Zigzagoon<143><STEAM_0:1:38093875><Blue>" killed "{SCG} Rowdy d(=^ï½¥Ï‰ï½¥^=)b<139><STEAM_0:0:21349373><Red>" with "tf_projectile_arrow" (attacker_position "243 2233 0") (victim_position "-1015 2589 0")
L 03/21/2014 - 01:30:51: "Hoosktron<148><STEAM_0:0:33245321><Blue>" triggered "kill assist" against "{SCG} Rowdy d(=^ï½¥Ï‰ï½¥^=)b<139><STEAM_0:0:21349373><Red>" (assister_position "326 2431 0") (attacker_position "243 2233 0") (victim_position "-1015 2589 0")
L 03/21/2014 - 01:30:51: "Hoosktron<148><STEAM_0:0:33245321><Blue>" triggered "killedobject" (object "OBJ_SENTRYGUN") (weapon "tf_projectile_rocket") (objectowner "{SCG} PhantomX999<114><STEAM_0:1:13432606><Red>") (attacker_position "327 2438 0")
L 03/21/2014 - 01:30:52: "Isaac Rundrake<140><STEAM_0:1:40971448><Red>" triggered "chargedeployed"
L 03/21/2014 - 01:30:54: "{BFG} Nikdragon<108><STEAM_0:0:78154965><Red>" changed role to "heavyweapons"
L 03/21/2014 - 01:30:55: "Hoosktron<148><STEAM_0:0:33245321><Blue>" triggered "killedobject" (object "OBJ_DISPENSER") (weapon "tf_projectile_rocket") (objectowner "{SCG} PhantomX999<114><STEAM_0:1:13432606><Red>") (attacker_position "346 2357 0")
L 03/21/2014 - 01:30:56: "Gord<141><STEAM_0:1:2327125><Red>" say "logitech something-or-other"
L 03/21/2014 - 01:31:01: "{SCG} FaolPlay<133><STEAM_0:1:24520147><Blue>" triggered "medic_death" against "Isaac Rundrake<140><STEAM_0:1:40971448><Red>" (healing "3072") (ubercharge "0")
L 03/21/2014 - 01:31:01: "{SCG} FaolPlay<133><STEAM_0:1:24520147><Blue>" killed "Isaac Rundrake<140><STEAM_0:1:40971448><Red>" with "machina" (attacker_position "70 932 0") (victim_position "-998 2838 19")
L 03/21/2014 - 01:31:01: "Hoosktron<148><STEAM_0:0:33245321><Blue>" triggered "kill assist" against "Isaac Rundrake<140><STEAM_0:1:40971448><Red>" (assister_position "-698 2463 15") (attacker_position "70 932 0") (victim_position "-998 2838 19")
L 03/21/2014 - 01:31:02: "{SCG} PhantomX999<114><STEAM_0:1:13432606><Red>" triggered "captureblocked" (cp "1") (cpname "Cap 2, Stage 1") (position "-644 2609 7")
L 03/21/2014 - 01:31:02: "{SCG} PhantomX999<114><STEAM_0:1:13432606><Red>" killed "Hoosktron<148><STEAM_0:0:33245321><Blue>" with "pomson" (attacker_position "-644 2609 7") (victim_position "-610 2543 7")
L 03/21/2014 - 01:31:02: "Red Pandopticon<119><STEAM_0:0:15629443><Red>" triggered "kill assist" against "Hoosktron<148><STEAM_0:0:33245321><Blue>" (assister_position "-717 2515 7") (attacker_position "-644 2609 7") (victim_position "-610 2543 7")
L 03/21/2014 - 01:31:03: "Persi, the Neko God<12><STEAM_0:1:30286598><Red>" killed "Zingy Zigzagoon<143><STEAM_0:1:38093875><Blue>" with "scattergun" (attacker_position "85 2094 0") (victim_position "91 2142 0")
L 03/21/2014 - 01:31:03: "Fortune the Don<135><STEAM_0:0:33251108><Red>" killed "OverlordDarius<144><STEAM_0:0:58198177><Blue>" with "scattergun" (attacker_position "-1470 2596 -75") (victim_position "-1465 2448 -69")
L 03/21/2014 - 01:31:09: "Persi, the Neko God<12><STEAM_0:1:30286598><Red>" killed "Scruff<147><STEAM_0:0:61337606><Blue>" with "scattergun" (attacker_position "-420 2505 0") (victim_position "-713 2514 7")
L 03/21/2014 - 01:31:09: "Persi, the Neko God<12><STEAM_0:1:30286598><Red>" triggered "domination" against "Scruff<147><STEAM_0:0:61337606><Blue>"
L 03/21/2014 - 01:31:11: "{BFG} Nikdragon<108><STEAM_0:0:78154965><Red>" say "!nominate"
L 03/21/2014 - 01:31:12: "(void*)FoXX<146><STEAM_0:0:2179002><Red>" killed "The Mutagen(unstable)<89><STEAM_0:0:49010827><Blue>" with "samrevolver" (attacker_position "-733 2544 7") (victim_position "-221 2488 0")
L 03/21/2014 - 01:31:12: "Red Pandopticon<119><STEAM_0:0:15629443><Red>" triggered "kill assist" against "The Mutagen(unstable)<89><STEAM_0:0:49010827><Blue>" (assister_position "-816 2504 0") (attacker_position "-733 2544 7") (victim_position "-221 2488 0")
L 03/21/2014 - 01:31:14: "{SCG} FaolPlay<133><STEAM_0:1:24520147><Blue>" killed "(void*)FoXX<146><STEAM_0:0:2179002><Red>" with "machina" (customkill "headshot") (attacker_position "54 945 0") (victim_position "-684 2308 -3")
L 03/21/2014 - 01:31:16: "{SCG} PhantomX999<114><STEAM_0:1:13432606><Red>" triggered "builtobject" (object "OBJ_SENTRYGUN") (position "-935 2408 0")
L 03/21/2014 - 01:31:23: "Myntey<138><STEAM_0:0:33841019><Blue>" killed "{SCG} Rowdy d(=^ï½¥Ï‰ï½¥^=)b<139><STEAM_0:0:21349373><Red>" with "tf_projectile_pipe_remote" (attacker_position "-1264 3050 12") (victim_position "-1085 2926 42")
L 03/21/2014 - 01:31:26: "Myntey<138><STEAM_0:0:33841019><Blue>" killed "{SCG} PhantomX999<114><STEAM_0:1:13432606><Red>" with "tf_projectile_pipe_remote" (attacker_position "-1140 2768 37") (victim_position "-921 2432 0")
L 03/21/2014 - 01:31:26: "Myntey<138><STEAM_0:0:33841019><Blue>" triggered "killedobject" (object "OBJ_SENTRYGUN") (weapon "tf_projectile_pipe_remote") (objectowner "{SCG} PhantomX999<114><STEAM_0:1:13432606><Red>") (attacker_position "-1140 2768 37")
L 03/21/2014 - 01:31:28: "{SCG} FaolPlay<133><STEAM_0:1:24520147><Blue>" killed "Persi, the Neko God<12><STEAM_0:1:30286598><Red>" with "machina" (customkill "headshot") (attacker_position "365 1033 0") (victim_position "96 949 0")
L 03/21/2014 - 01:31:29: "Isaac Rundrake<140><STEAM_0:1:40971448><Red>" killed "Myntey<138><STEAM_0:0:33841019><Blue>" with "ubersaw" (attacker_position "-1022 2559 -231") (victim_position "-991 2581 -232")
L 03/21/2014 - 01:31:31: "Gord<141><STEAM_0:1:2327125><Red>" killed "Zingy Zigzagoon<143><STEAM_0:1:38093875><Blue>" with "tf_projectile_rocket" (attacker_position "-703 531 49") (victim_position "-655 525 0")
L 03/21/2014 - 01:31:36: "OverlordDarius<144><STEAM_0:0:58198177><Blue>" disconnected (reason "Disconnect by user.")
L 03/21/2014 - 01:31:38: "{SCG} FaolPlay<133><STEAM_0:1:24520147><Blue>" killed "Red Pandopticon<119><STEAM_0:0:15629443><Red>" with "machina" (attacker_position "425 2067 0") (victim_position "213 1978 0")
L 03/21/2014 - 01:31:38: "The Mutagen(unstable)<89><STEAM_0:0:49010827><Blue>" killed "Fortune the Don<135><STEAM_0:0:33251108><Red>" with "scattergun" (attacker_position "-296 1050 -244") (victim_position "-556 1190 -248")
L 03/21/2014 - 01:31:47: "Myntey<138><STEAM_0:0:33841019><Blue>" committed suicide with "world" (attacker_position "-451 679 7")
L 03/21/2014 - 01:31:49: "Gord<141><STEAM_0:1:2327125><Red>" killed "The Mutagen(unstable)<89><STEAM_0:0:49010827><Blue>" with "tf_projectile_rocket" (attacker_position "-771 2478 29") (victim_position "-504 2523 0")
L 03/21/2014 - 01:31:49: "Gord<141><STEAM_0:1:2327125><Red>" triggered "domination" against "The Mutagen(unstable)<89><STEAM_0:0:49010827><Blue>"
L 03/21/2014 - 01:31:51: "(void*)FoXX<146><STEAM_0:0:2179002><Red>" killed "Hoosktron<148><STEAM_0:0:33245321><Blue>" with "samrevolver" (attacker_position "-778 2638 0") (victim_position "-380 2568 57")
L 03/21/2014 - 01:31:51: "Gord<141><STEAM_0:1:2327125><Red>" triggered "kill assist" against "Hoosktron<148><STEAM_0:0:33245321><Blue>" (assister_position "-1015 2623 2") (attacker_position "-778 2638 0") (victim_position "-380 2568 57")
L 03/21/2014 - 01:31:52: "{SCG} PhantomX999<114><STEAM_0:1:13432606><Red>" triggered "builtobject" (object "OBJ_SENTRYGUN") (position "-961 2446 0")
L 03/21/2014 - 01:31:52: "{SCG} FaolPlay<133><STEAM_0:1:24520147><Blue>" killed "Gord<141><STEAM_0:1:2327125><Red>" with "machina" (customkill "headshot") (attacker_position "345 2377 0") (victim_position "-900 2523 0")
L 03/21/2014 - 01:31:52: "Scruff<147><STEAM_0:0:61337606><Blue>" triggered "kill assist" against "Gord<141><STEAM_0:1:2327125><Red>" (assister_position "-1439 2595 -59") (attacker_position "345 2377 0") (victim_position "-900 2523 0")
L 03/21/2014 - 01:31:53: "Persi, the Neko God<12><STEAM_0:1:30286598><Red>" killed "{SCG} FaolPlay<133><STEAM_0:1:24520147><Blue>" with "scattergun" (attacker_position "329 2465 0") (victim_position "363 2469 0")
L 03/21/2014 - 01:31:59: "{SCG} PhantomX999<114><STEAM_0:1:13432606><Red>" killed "Scruff<147><STEAM_0:0:61337606><Blue>" with "obj_sentrygun" (attacker_position "-937 2408 0") (victim_position "-779 2495 6")
L 03/21/2014 - 01:32:02: "Gord<141><STEAM_0:1:2327125><Red>" say "hold the lii-ii-iine"
L 03/21/2014 - 01:32:04: "Sammicus Panthera Tigris<134><STEAM_0:1:30442114><Blue>" killed "{SCG} Rowdy d(=^ï½¥Ï‰ï½¥^=)b<139><STEAM_0:0:21349373><Red>" with "eternal_reward" (customkill "backstab") (attacker_position "-415 3391 208") (victim_position "-366 3391 208")
L 03/21/2014 - 01:32:08: "{SCG}Sgt-Fox<149><STEAM_0:0:62985111><>" connected, address "58.164.44.65:55512"
L 03/21/2014 - 01:32:08: "{SCG}Sgt-Fox<149><STEAM_0:0:62985111><>" STEAM USERID validated
L 03/21/2014 - 01:32:10: "Fortune the Don<135><STEAM_0:0:33251108><Red>" say "I got that logitech m-bz96c"
L 03/21/2014 - 01:32:15: "{SCG} PhantomX999<114><STEAM_0:1:13432606><Red>" triggered "builtobject" (object "OBJ_DISPENSER") (position "-923 2513 0")
L 03/21/2014 - 01:32:16: "{BFG} Nikdragon<108><STEAM_0:0:78154965><Blue>" changed role to "spy"
L 03/21/2014 - 01:32:17: "{SCG} FaolPlay<133><STEAM_0:1:24520147><Blue>" say "dafuq"
L 03/21/2014 - 01:32:17: "Red Pandopticon<119><STEAM_0:0:15629443><Red>" killed "The Mutagen(unstable)<89><STEAM_0:0:49010827><Blue>" with "degreaser" (attacker_position "138 1945 22") (victim_position "306 1080 0")
L 03/21/2014 - 01:32:18: "Gord<141><STEAM_0:1:2327125><Red>" say "logitech m705"
L 03/21/2014 - 01:32:20: "{SCG} FaolPlay<133><STEAM_0:1:24520147><Blue>" say "nigger you high"
L 03/21/2014 - 01:32:25: "Isaac Rundrake<140><STEAM_0:1:40971448><Red>" say "logitech g400"
L 03/21/2014 - 01:32:28: "The Mutagen(unstable)<89><STEAM_0:0:49010827><Blue>" say "what the fuck am i supposed to do, im away from spawn"
L 03/21/2014 - 01:32:30: "Hoosktron<148><STEAM_0:0:33245321><Blue>" triggered "killedobject" (object "OBJ_SENTRYGUN") (weapon "tf_projectile_rocket") (objectowner "{SCG} PhantomX999<114><STEAM_0:1:13432606><Red>") (attacker_position "307 2348 0")
L 03/21/2014 - 01:32:32: "Hoosktron<148><STEAM_0:0:33245321><Blue>" triggered "killedobject" (object "OBJ_DISPENSER") (weapon "tf_projectile_rocket") (objectowner "{SCG} PhantomX999<114><STEAM_0:1:13432606><Red>") (attacker_position "169 2517 0")
L 03/21/2014 - 01:32:32: "Fortune the Don<135><STEAM_0:0:33251108><Red>" say "vintage radioshack 2007 swag"
L 03/21/2014 - 01:32:34: "{SCG} PhantomX999<114><STEAM_0:1:13432606><Red>" killed "Hoosktron<148><STEAM_0:0:33245321><Blue>" with "pomson" (attacker_position "-259 2532 0") (victim_position "-37 2536 0")
L 03/21/2014 - 01:32:34: "Gord<141><STEAM_0:1:2327125><Red>" triggered "kill assist" against "Hoosktron<148><STEAM_0:0:33245321><Blue>" (assister_position "-454 2527 221") (attacker_position "-259 2532 0") (victim_position "-37 2536 0")
L 03/21/2014 - 01:32:38: "(void*)FoXX<146><STEAM_0:0:2179002><Red>" killed "Myntey<138><STEAM_0:0:33841019><Blue>" with "samrevolver" (attacker_position "-1361 2396 -246") (victim_position "-1495 2263 -191")
L 03/21/2014 - 01:32:38: "Red Pandopticon<119><STEAM_0:0:15629443><Red>" triggered "kill assist" against "Myntey<138><STEAM_0:0:33841019><Blue>" (assister_position "-1326 2153 -254") (attacker_position "-1361 2396 -246") (victim_position "-1495 2263 -191")
L 03/21/2014 - 01:32:40: "Gord<141><STEAM_0:1:2327125><Red>" killed "Scruff<147><STEAM_0:0:61337606><Blue>" with "shotgun_soldier" (attacker_position "-693 2403 0") (victim_position "-883 2321 44")
L 03/21/2014 - 01:32:41: "Sammicus Panthera Tigris<134><STEAM_0:1:30442114><Blue>" killed "{SCG} Rowdy d(=^ï½¥Ï‰ï½¥^=)b<139><STEAM_0:0:21349373><Red>" with "eternal_reward" (customkill "backstab") (attacker_position "-489 3391 208") (victim_position "-459 3391 208")
L 03/21/2014 - 01:32:44: "{SCG} PhantomX999<114><STEAM_0:1:13432606><Red>" triggered "builtobject" (object "OBJ_SENTRYGUN") (position "-905 2558 0")
L 03/21/2014 - 01:32:45: "Myntey<138><STEAM_0:0:33841019><Blue>" changed role to "medic"
L 03/21/2014 - 01:32:49: "{SCG} Rowdy d(=^ï½¥Ï‰ï½¥^=)b<139><STEAM_0:0:21349373><Red>" changed role to "pyro"
L 03/21/2014 - 01:32:50: "{SCG} FaolPlay<133><STEAM_0:1:24520147><Blue>" say "radioshack isn't about to be a thing anymore ;w;"
L 03/21/2014 - 01:32:51: "Red Pandopticon<119><STEAM_0:0:15629443><Red>" killed "{BFG} Nikdragon<108><STEAM_0:0:78154965><Blue>" with "shotgun_pyro" (attacker_position "-427 1876 -246") (victim_position "-274 2046 -197")
L 03/21/2014 - 01:32:54: "(void*)FoXX<146><STEAM_0:0:2179002><Red>" killed "{SCG} FaolPlay<133><STEAM_0:1:24520147><Blue>" with "knife" (customkill "backstab") (attacker_position "77 928 0") (victim_position "28 905 0")
L 03/21/2014 - 01:32:56: "{SCG} PhantomX999<114><STEAM_0:1:13432606><Red>" triggered "builtobject" (object "OBJ_DISPENSER") (position "-924 2458 0")
L 03/21/2014 - 01:32:57: "{SCG} PhantomX999<114><STEAM_0:1:13432606><Red>" killed "The Mutagen(unstable)<89><STEAM_0:0:49010827><Blue>" with "obj_sentrygun" (attacker_position "-956 2676 0") (victim_position "225 2460 0")
L 03/21/2014 - 01:32:57: "{SCG} PhantomX999<114><STEAM_0:1:13432606><Red>" triggered "domination" against "The Mutagen(unstable)<89><STEAM_0:0:49010827><Blue>"
L 03/21/2014 - 01:32:57: "{SCG} PhantomX999<114><STEAM_0:1:13432606><Red>" killed "Sammicus Panthera Tigris<134><STEAM_0:1:30442114><Blue>" with "southern_hospitality" (attacker_position "-988 2676 0") (victim_position "-964 2724 4")
L 03/21/2014 - 01:32:57: "Fortune the Don<135><STEAM_0:0:33251108><Red>" triggered "kill assist" against "Sammicus Panthera Tigris<134><STEAM_0:1:30442114><Blue>" (assister_position "-952 2772 15") (attacker_position "-988 2676 0") (victim_position "-964 2724 4")
L 03/21/2014 - 01:33:02: "(void*)FoXX<146><STEAM_0:0:2179002><Red>" killed "Zingy Zigzagoon<143><STEAM_0:1:38093875><Blue>" with "knife" (customkill "backstab") (attacker_position "324 2084 0") (victim_position "313 2129 0")
L 03/21/2014 - 01:33:02: "{SCG} PhantomX999<114><STEAM_0:1:13432606><Red>" triggered "kill assist" against "Zingy Zigzagoon<143><STEAM_0:1:38093875><Blue>" (assister_position "-883 2522 0") (attacker_position "324 2084 0") (victim_position "313 2129 0")
L 03/21/2014 - 01:33:09: "Fortune the Don<135><STEAM_0:0:33251108><Red>" say "at least circuit city is still reliable"
L 03/21/2014 - 01:33:12: "{SCG} Rowdy d(=^ï½¥Ï‰ï½¥^=)b<139><STEAM_0:0:21349373><Red>" killed "Scruff<147><STEAM_0:0:61337606><Blue>" with "rainblower" (attacker_position "-1007 2773 20") (victim_position "-868 2666 0")
L 03/21/2014 - 01:33:12: "{SCG} PhantomX999<114><STEAM_0:1:13432606><Red>" triggered "kill assist" against "Scruff<147><STEAM_0:0:61337606><Blue>" (assister_position "-914 3470 8") (attacker_position "-1007 2773 20") (victim_position "-868 2666 0")
L 03/21/2014 - 01:33:16: "Isaac Rundrake<140><STEAM_0:1:40971448><Red>" triggered "chargedeployed"
L 03/21/2014 - 01:33:16: "Hoosktron<148><STEAM_0:0:33245321><Blue>" triggered "killedobject" (object "OBJ_SENTRYGUN") (weapon "tf_projectile_rocket") (objectowner "{SCG} PhantomX999<114><STEAM_0:1:13432606><Red>") (attacker_position "330 2383 0")
L 03/21/2014 - 01:33:16: "Myntey<138><STEAM_0:0:33841019><Blue>" triggered "killedobject" (object "OBJ_SENTRYGUN") (objectowner "{SCG} PhantomX999<114><STEAM_0:1:13432606><Red>") (assist "1") (assister_position "222 2213 0") (attacker_position "330 2383 0")
L 03/21/2014 - 01:33:18: "Hoosktron<148><STEAM_0:0:33245321><Blue>" triggered "killedobject" (object "OBJ_DISPENSER") (weapon "tf_projectile_rocket") (objectowner "{SCG} PhantomX999<114><STEAM_0:1:13432606><Red>") (attacker_position "292 2307 40")
L 03/21/2014 - 01:33:18: "Myntey<138><STEAM_0:0:33841019><Blue>" triggered "killedobject" (object "OBJ_DISPENSER") (objectowner "{SCG} PhantomX999<114><STEAM_0:1:13432606><Red>") (assist "1") (assister_position "250 2142 0") (attacker_position "292 2307 40")
L 03/21/2014 - 01:33:20: "Myntey<138><STEAM_0:0:33841019><Blue>" triggered "player_extinguished" against "Hoosktron<148><STEAM_0:0:33245321><Blue>" with "tf_weapon_medigun" (attacker_position "241 2056 0") (victim_position "363 2565 42")
L 03/21/2014 - 01:33:22: "Red Pandopticon<119><STEAM_0:0:15629443><Red>" killed "{SCG} FaolPlay<133><STEAM_0:1:24520147><Blue>" with "degreaser" (attacker_position "-322 -627 -173") (victim_position "-365 -742 -181")
L 03/21/2014 - 01:33:22: "Red Pandopticon<119><STEAM_0:0:15629443><Red>" triggered "revenge" against "{SCG} FaolPlay<133><STEAM_0:1:24520147><Blue>"
L 03/21/2014 - 01:33:22: "Gord<141><STEAM_0:1:2327125><Red>" killed "Hoosktron<148><STEAM_0:0:33245321><Blue>" with "world" (attacker_position "245 2371 0") (victim_position "44 2442 52")
L 03/21/2014 - 01:33:22: "Isaac Rundrake<140><STEAM_0:1:40971448><Red>" triggered "kill assist" against "Hoosktron<148><STEAM_0:0:33245321><Blue>" (assister_position "195 2068 0") (attacker_position "245 2371 0") (victim_position "44 2442 52")
L 03/21/2014 - 01:33:22: "Gord<141><STEAM_0:1:2327125><Red>" triggered "domination" against "Hoosktron<148><STEAM_0:0:33245321><Blue>"
L 03/21/2014 - 01:33:22: "{SCG} FaolPlay<133><STEAM_0:1:24520147><Blue>" say "circuit city got bought out by systemax aka tigerdirect"
L 03/21/2014 - 01:33:22: "The Mutagen(unstable)<89><STEAM_0:0:49010827><Blue>" killed "Red Pandopticon<119><STEAM_0:0:15629443><Red>" with "scattergun" (attacker_position "-176 -468 -189") (victim_position "-239 -761 -196")
L 03/21/2014 - 01:33:23: "Fortune the Don<135><STEAM_0:0:33251108><Red>" killed "The Mutagen(unstable)<89><STEAM_0:0:49010827><Blue>" with "scattergun" (attacker_position "-262 -98 -159") (victim_position "-179 -533 -195")
L 03/21/2014 - 01:33:23: "Red Pandopticon<119><STEAM_0:0:15629443><Red>" triggered "kill assist" against "The Mutagen(unstable)<89><STEAM_0:0:49010827><Blue>" (assister_position "-259 -801 -181") (attacker_position "-262 -98 -159") (victim_position "-179 -533 -195")
L 03/21/2014 - 01:33:25: "{SCG} PhantomX999<114><STEAM_0:1:13432606><Red>" triggered "builtobject" (object "OBJ_SENTRYGUN") (position "-922 2446 0")
L 03/21/2014 - 01:33:26: "Gord<141><STEAM_0:1:2327125><Red>" triggered "medic_death" against "Myntey<138><STEAM_0:0:33841019><Blue>" (healing "347") (ubercharge "0")
L 03/21/2014 - 01:33:26: "Gord<141><STEAM_0:1:2327125><Red>" killed "Myntey<138><STEAM_0:0:33841019><Blue>" with "unique_pickaxe" (attacker_position "148 1874 0") (victim_position "75 1836 4")
L 03/21/2014 - 01:33:26: "Persi, the Neko God<12><STEAM_0:1:30286598><Red>" triggered "kill assist" against "Myntey<138><STEAM_0:0:33841019><Blue>" (assister_position "253 1999 0") (attacker_position "148 1874 0") (victim_position "75 1836 4")
L 03/21/2014 - 01:33:41: "Fortune the Don<135><STEAM_0:0:33251108><Red>" say "b-but"
L 03/21/2014 - 01:33:43: "{SCG} PhantomX999<114><STEAM_0:1:13432606><Red>" triggered "builtobject" (object "OBJ_DISPENSER") (position "-959 2486 0")
L 03/21/2014 - 01:33:44: "Fortune the Don<135><STEAM_0:0:33251108><Red>" killed "{BFG} Nikdragon<108><STEAM_0:0:78154965><Blue>" with "sandman" (attacker_position "360 1986 0") (victim_position "345 1970 0")
L 03/21/2014 - 01:33:45: "{SCG}Sgt-Fox<149><STEAM_0:0:62985111><>" entered the game
L 03/21/2014 - 01:33:47: "Myntey<138><STEAM_0:0:33841019><Blue>" say "Attacker sided, Gord said"
L 03/21/2014 - 01:33:50: "Myntey<138><STEAM_0:0:33841019><Blue>" say "this is why I have no faith"
L 03/21/2014 - 01:33:51: "Fortune the Don<135><STEAM_0:0:33251108><Red>" say "I got my warranty there"
L 03/21/2014 - 01:33:51: "The Mutagen(unstable)<89><STEAM_0:0:49010827><Blue>" killed "Persi, the Neko God<12><STEAM_0:1:30286598><Red>" with "scattergun" (attacker_position "-515 1796 11") (victim_position "-636 2081 -3")
L 03/21/2014 - 01:33:52: "{SCG} FaolPlay<133><STEAM_0:1:24520147><Blue>" triggered "medic_death" against "Isaac Rundrake<140><STEAM_0:1:40971448><Red>" (healing "1954") (ubercharge "0")
L 03/21/2014 - 01:33:52: "{SCG} FaolPlay<133><STEAM_0:1:24520147><Blue>" killed "Isaac Rundrake<140><STEAM_0:1:40971448><Red>" with "machina" (attacker_position "65 938 0") (victim_position "-718 2288 -3")
L 03/21/2014 - 01:33:55: "(void*)FoXX<146><STEAM_0:0:2179002><Red>" killed "The Mutagen(unstable)<89><STEAM_0:0:49010827><Blue>" with "samrevolver" (attacker_position "-1005 1438 -67") (victim_position "-1462 1390 -222")
L 03/21/2014 - 01:33:56: "Sammicus Panthera Tigris<134><STEAM_0:1:30442114><Blue>" killed "{SCG} PhantomX999<114><STEAM_0:1:13432606><Red>" with "spy_cicle" (customkill "backstab") (attacker_position "-964 2510 0") (victim_position "-938 2462 0")
L 03/21/2014 - 01:33:56: "Sammicus Panthera Tigris<134><STEAM_0:1:30442114><Blue>" triggered "builtobject" (object "OBJ_ATTACHMENT_SAPPER") (position "-926 2495 0")
L 03/21/2014 - 01:33:57: "{SCG} FaolPlay<133><STEAM_0:1:24520147><Blue>" triggered "killedobject" (object "OBJ_SENTRYGUN") (weapon "machina") (objectowner "{SCG} PhantomX999<114><STEAM_0:1:13432606><Red>") (attacker_position "74 943 0")
L 03/21/2014 - 01:33:57: "Sammicus Panthera Tigris<134><STEAM_0:1:30442114><Blue>" triggered "killedobject" (object "OBJ_SENTRYGUN") (objectowner "{SCG} PhantomX999<114><STEAM_0:1:13432606><Red>") (assist "1") (assister_position "-913 2573 0") (attacker_position "74 943 0")
L 03/21/2014 - 01:33:57: "{BFG} Nikdragon<108><STEAM_0:0:78154965><Blue>" changed role to "sniper"
L 03/21/2014 - 01:34:02: "{SCG} FaolPlay<133><STEAM_0:1:24520147><Blue>" killed "{SCG} Rowdy d(=^ï½¥Ï‰ï½¥^=)b<139><STEAM_0:0:21349373><Red>" with "machina" (customkill "headshot") (attacker_position "31 939 0") (victim_position "-981 2854 18")
L 03/21/2014 - 01:34:03: "(void*)FoXX<146><STEAM_0:0:2179002><Red>" killed "Zingy Zigzagoon<143><STEAM_0:1:38093875><Blue>" with "samrevolver" (attacker_position "-905 1267 -268") (victim_position "-963 1388 -259")
L 03/21/2014 - 01:34:04: "Hoosktron<148><STEAM_0:0:33245321><Blue>" killed "Fortune the Don<135><STEAM_0:0:33251108><Red>" with "tf_projectile_rocket" (attacker_position "-31 2507 0") (victim_position "-417 2533 33")
L 03/21/2014 - 01:34:06: "{SCG} PhantomX999<114><STEAM_0:1:13432606><Red>" changed role to "scout"
L 03/21/2014 - 01:34:08: "Gord<141><STEAM_0:1:2327125><Red>" triggered "captureblocked" (cp "1") (cpname "Cap 2, Stage 1") (position "-651 2217 24")
L 03/21/2014 - 01:34:08: "Gord<141><STEAM_0:1:2327125><Red>" killed "Hoosktron<148><STEAM_0:0:33245321><Blue>" with "tf_projectile_rocket" (attacker_position "-651 2217 24") (victim_position "-648 2515 55")
L 03/21/2014 - 01:34:09: World triggered "Round_Overtime"
L 03/21/2014 - 01:34:10: "{SCG} FaolPlay<133><STEAM_0:1:24520147><Blue>" killed "Gord<141><STEAM_0:1:2327125><Red>" with "machina" (customkill "headshot") (attacker_position "33 998 0") (victim_position "-908 2756 8")
L 03/21/2014 - 01:34:12: "Sammicus Panthera Tigris<134><STEAM_0:1:30442114><Blue>" triggered "killedobject" (object "OBJ_DISPENSER") (weapon "diamondback") (objectowner "{SCG} PhantomX999<114><STEAM_0:1:13432606><Red>") (attacker_position "-747 2591 7")
L 03/21/2014 - 01:34:16: "Isaac Rundrake<140><STEAM_0:1:40971448><Red>" killed "Scruff<147><STEAM_0:0:61337606><Blue>" with "ubersaw" (attacker_position "-634 2516 7") (victim_position "-552 2572 1")
L 03/21/2014 - 01:34:17: "(void*)FoXX<146><STEAM_0:0:2179002><Red>" killed "The Mutagen(unstable)<89><STEAM_0:0:49010827><Blue>" with "knife" (attacker_position "295 727 -3") (victim_position "295 771 -3")
L 03/21/2014 - 01:34:17: "Red Pandopticon<119><STEAM_0:0:15629443><Red>" triggered "kill assist" against "The Mutagen(unstable)<89><STEAM_0:0:49010827><Blue>" (assister_position "247 437 -31") (attacker_position "295 727 -3") (victim_position "295 771 -3")
L 03/21/2014 - 01:34:18: "{SCG} FaolPlay<133><STEAM_0:1:24520147><Blue>" triggered "medic_death" against "Isaac Rundrake<140><STEAM_0:1:40971448><Red>" (healing "0") (ubercharge "0")
L 03/21/2014 - 01:34:18: "{SCG} FaolPlay<133><STEAM_0:1:24520147><Blue>" killed "Isaac Rundrake<140><STEAM_0:1:40971448><Red>" with "machina" (customkill "headshot") (attacker_position "32 989 0") (victim_position "-761 2618 3")
L 03/21/2014 - 01:34:18: "{SCG} FaolPlay<133><STEAM_0:1:24520147><Blue>" triggered "domination" against "Isaac Rundrake<140><STEAM_0:1:40971448><Red>"
L 03/21/2014 - 01:34:19: "(void*)FoXX<146><STEAM_0:0:2179002><Red>" killed "{SCG} FaolPlay<133><STEAM_0:1:24520147><Blue>" with "knife" (customkill "backstab") (attacker_position "75 935 0") (victim_position "32 989 0")
L 03/21/2014 - 01:34:20: "1/2 Bit<150><STEAM_0:0:26523066><>" connected, address "67.83.69.74:27005"
L 03/21/2014 - 01:34:20: "1/2 Bit<150><STEAM_0:0:26523066><>" STEAM USERID validated
L 03/21/2014 - 01:34:23: "Persi, the Neko God<12><STEAM_0:1:30286598><Red>" triggered "captureblocked" (cp "1") (cpname "Cap 2, Stage 1") (position "-506 2541 0")
L 03/21/2014 - 01:34:26: "{SCG} PhantomX999<114><STEAM_0:1:13432606><Red>" triggered "captureblocked" (cp "1") (cpname "Cap 2, Stage 1") (position "-681 2624 7")
L 03/21/2014 - 01:34:27: "{SCG}Sgt-Fox<149><STEAM_0:0:62985111><Unassigned>" joined team "Red"
L 03/21/2014 - 01:34:28: "{SCG}Sgt-Fox<149><STEAM_0:0:62985111><Red>" changed role to "soldier"
L 03/21/2014 - 01:34:29: "(void*)FoXX<146><STEAM_0:0:2179002><Red>" triggered "medic_death" against "Myntey<138><STEAM_0:0:33841019><Blue>" (healing "95") (ubercharge "0")
L 03/21/2014 - 01:34:29: "(void*)FoXX<146><STEAM_0:0:2179002><Red>" triggered "captureblocked" (cp "1") (cpname "Cap 2, Stage 1") (position "-504 2434 0")
L 03/21/2014 - 01:34:29: "(void*)FoXX<146><STEAM_0:0:2179002><Red>" killed "Myntey<138><STEAM_0:0:33841019><Blue>" with "knife" (customkill "backstab") (attacker_position "-504 2434 0") (victim_position "-530 2488 0")
L 03/21/2014 - 01:34:29: "Persi, the Neko God<12><STEAM_0:1:30286598><Red>" triggered "kill assist" against "Myntey<138><STEAM_0:0:33841019><Blue>" (assister_position "-542 2616 0") (attacker_position "-504 2434 0") (victim_position "-530 2488 0")
L 03/21/2014 - 01:34:35: "(void*)FoXX<146><STEAM_0:0:2179002><Red>" killed "Sammicus Panthera Tigris<134><STEAM_0:1:30442114><Blue>" with "samrevolver" (attacker_position "-965 2697 0") (victim_position "-1181 2810 18")
L 03/21/2014 - 01:34:37: World triggered "Mini_Round_Win" (winner "Red") (round "round_1")
L 03/21/2014 - 01:34:37: World triggered "Mini_Round_Length" (seconds "627.75")
L 03/21/2014 - 01:34:37: World triggered "Round_Win" (winner "Red")
L 03/21/2014 - 01:34:37: Team "Red" current score "6" with "9" players
L 03/21/2014 - 01:34:37: Team "Blue" current score "1" with "8" players
L 03/21/2014 - 01:34:39: "Scruff<147><STEAM_0:0:61337606><Blue>" say "t/rocketme"
L 03/21/2014 - 01:34:39: "{SCG} FaolPlay<133><STEAM_0:1:24520147><Blue>" say "!rocketme"
L 03/21/2014 - 01:34:42: "Hoosktron<148><STEAM_0:0:33245321><Blue>" committed suicide with "world" (attacker_position "-950 1498 854")
L 03/21/2014 - 01:34:43: "{SCG} FaolPlay<133><STEAM_0:1:24520147><Blue>" committed suicide with "world" (attacker_position "-731 -446 859")
L 03/21/2014 - 01:34:44: "Scruff<147><STEAM_0:0:61337606><Blue>" committed suicide with "world" (attacker_position "209 -91 877")
L 03/21/2014 - 01:34:45: "Gord<141><STEAM_0:1:2327125><Red>" say "hoooo"
L 03/21/2014 - 01:34:46: "Red Pandopticon<119><STEAM_0:0:15629443><Red>" committed suicide with "world" (attacker_position "-176 1710 -246")
L 03/21/2014 - 01:34:46: "{SCG} Rowdy d(=^ï½¥Ï‰ï½¥^=)b<139><STEAM_0:0:21349373><Red>" killed "Zingy Zigzagoon<143><STEAM_0:1:38093875><Blue>" with "rainblower" (attacker_position "-319 1765 -262") (victim_position "-351 1627 -260")
L 03/21/2014 - 01:34:48: "Gord<141><STEAM_0:1:2327125><Red>" say "do you now believe in gord"
L 03/21/2014 - 01:34:48: "{BFG} Nikdragon<108><STEAM_0:0:78154965><Blue>" say "!rocketme"
L 03/21/2014 - 01:34:50: "Scruff<147><STEAM_0:0:61337606><Blue>" say "that took long enough XD"
L 03/21/2014 - 01:34:50: "Persi, the Neko God<12><STEAM_0:1:30286598><Red>" killed "{BFG} Nikdragon<108><STEAM_0:0:78154965><Blue>" with "atomizer" (attacker_position "-732 32 -155") (victim_position "-721 -15 -155")
L 03/21/2014 - 01:34:50: "Persi, the Neko God<12><STEAM_0:1:30286598><Red>" triggered "domination" against "{BFG} Nikdragon<108><STEAM_0:0:78154965><Blue>"
L 03/21/2014 - 01:34:52: World triggered "Round_Start"
L 03/21/2014 - 01:34:52: World triggered "Round_Setup_Begin"
L 03/21/2014 - 01:34:52: World triggered "Mini_Round_Selected" (round "round_1")
L 03/21/2014 - 01:34:52: World triggered "Mini_Round_Start"
L 03/21/2014 - 01:34:52: "Isaac Rundrake<140><STEAM_0:1:40971448><Red>" joined team "Blue"
L 03/21/2014 - 01:34:52: "The Mutagen(unstable)<89><STEAM_0:0:49010827><Blue>" joined team "Red"
L 03/21/2014 - 01:34:52: "{SCG} FaolPlay<133><STEAM_0:1:24520147><Blue>" joined team "Red"
L 03/21/2014 - 01:34:52: "(void*)FoXX<146><STEAM_0:0:2179002><Red>" joined team "Blue"
L 03/21/2014 - 01:34:52: "Sammicus Panthera Tigris<134><STEAM_0:1:30442114><Blue>" joined team "Red"
L 03/21/2014 - 01:34:52: "Fortune the Don<135><STEAM_0:0:33251108><Red>" joined team "Blue"
L 03/21/2014 - 01:34:52: "Gord<141><STEAM_0:1:2327125><Red>" joined team "Blue"
L 03/21/2014 - 01:34:52: "Persi, the Neko God<12><STEAM_0:1:30286598><Red>" joined team "Blue"
L 03/21/2014 - 01:34:52: "Scruff<147><STEAM_0:0:61337606><Blue>" joined team "Red"
L 03/21/2014 - 01:34:52: "{SCG}Sgt-Fox<149><STEAM_0:0:62985111><Red>" joined team "Blue"
L 03/21/2014 - 01:34:52: "Hoosktron<148><STEAM_0:0:33245321><Blue>" joined team "Red"
L 03/21/2014 - 01:34:52: "Zingy Zigzagoon<143><STEAM_0:1:38093875><Blue>" joined team "Red"
L 03/21/2014 - 01:34:52: "{BFG} Nikdragon<108><STEAM_0:0:78154965><Blue>" joined team "Red"
L 03/21/2014 - 01:34:52: "Myntey<138><STEAM_0:0:33841019><Blue>" joined team "Red"
L 03/21/2014 - 01:34:52: "{SCG} PhantomX999<114><STEAM_0:1:13432606><Red>" joined team "Blue"
L 03/21/2014 - 01:34:52: "{SCG} Rowdy d(=^ï½¥Ï‰ï½¥^=)b<139><STEAM_0:0:21349373><Red>" joined team "Blue"
L 03/21/2014 - 01:34:52: "Red Pandopticon<119><STEAM_0:0:15629443><Red>" joined team "Blue"
L 03/21/2014 - 01:34:52: "Myntey<138><STEAM_0:0:33841019><Red>" say "never have"
L 03/21/2014 - 01:34:54: "Myntey<138><STEAM_0:0:33841019><Blue>" say "never will"
L 03/21/2014 - 01:34:55: "{SCG} Rowdy d(=^ï½¥Ï‰ï½¥^=)b<139><STEAM_0:0:21349373><Blue>" changed role to "sniper"
L 03/21/2014 - 01:34:56: "Myntey<138><STEAM_0:0:33841019><Blue>" changed role to "spy"
L 03/21/2014 - 01:34:58: "Gord<141><STEAM_0:1:2327125><Blue>" say ":["
L 03/21/2014 - 01:34:59: "Myntey<138><STEAM_0:0:33841019><Blue>" changed role to "medic"
L 03/21/2014 - 01:34:59: "Sammicus Panthera Tigris<134><STEAM_0:1:30442114><Blue>" changed role to "engineer"
L 03/21/2014 - 01:35:00: "Hoosktron<148><STEAM_0:0:33245321><Red>" say ";w;"
L 03/21/2014 - 01:35:05: "(void*)FoXX<146><STEAM_0:0:2179002><Blue>" say "dat gourd"
L 03/21/2014 - 01:35:09: "Sammicus Panthera Tigris<134><STEAM_0:1:30442114><Blue>" changed role to "spy"
L 03/21/2014 - 01:35:11: "Gord<141><STEAM_0:1:2327125><Blue>" say "gord draws power from his followers"
L 03/21/2014 - 01:35:20: "1/2 Bit<150><STEAM_0:0:26523066><>" entered the game
L 03/21/2014 - 01:35:21: "(void*)FoXX<146><STEAM_0:0:2179002><Blue>" say "just like a twitter account"
L 03/21/2014 - 01:35:26: "Myntey<138><STEAM_0:0:33841019><Blue>" changed role to "engineer"
L 03/21/2014 - 01:35:27: "The Mutagen(unstable)<89><STEAM_0:0:49010827><Red>" say "gasp"
L 03/21/2014 - 01:35:28: "Gord<141><STEAM_0:1:2327125><Blue>" say "yeah"
L 03/21/2014 - 01:35:29: "1/2 Bit<150><STEAM_0:0:26523066><Unassigned>" joined team "Red"
L 03/21/2014 - 01:35:29: "Scruff<147><STEAM_0:0:61337606><Blue>" say "uuuuugh I hate offense XD"
L 03/21/2014 - 01:35:31: "1/2 Bit<150><STEAM_0:0:26523066><Red>" changed role to "scout"
L 03/21/2014 - 01:35:37: "Gord<141><STEAM_0:1:2327125><Blue>" say "#justagordthing"
L 03/21/2014 - 01:35:46: "Scruff<147><STEAM_0:0:61337606><Blue>" say "Whichever one attacking is"
L 03/21/2014 - 01:35:52: World triggered "Round_Setup_End"
L 03/21/2014 - 01:35:54: "Hoosktron<148><STEAM_0:0:33245321><Red>" killed "Gord<141><STEAM_0:1:2327125><Blue>" with "tf_projectile_rocket" (attacker_position "-448 -1280 -317") (victim_position "-64 -1832 -316")
L 03/21/2014 - 01:35:54: "Isaac Rundrake<140><STEAM_0:1:40971448><Red>" triggered "kill assist" against "Gord<141><STEAM_0:1:2327125><Blue>" (assister_position "-170 -1304 -246") (attacker_position "-448 -1280 -317") (victim_position "-64 -1832 -316")
L 03/21/2014 - 01:35:54: "Hoosktron<148><STEAM_0:0:33245321><Red>" triggered "revenge" against "Gord<141><STEAM_0:1:2327125><Blue>"
L 03/21/2014 - 01:35:59: "The Mutagen(unstable)<89><STEAM_0:0:49010827><Red>" killed "Red Pandopticon<119><STEAM_0:0:15629443><Blue>" with "scattergun" (attacker_position "-206 -1384 -361") (victim_position "-403 -1837 -370")
L 03/21/2014 - 01:35:59: "Hoosktron<148><STEAM_0:0:33245321><Red>" triggered "kill assist" against "Red Pandopticon<119><STEAM_0:0:15629443><Blue>" (assister_position "-122 -1015 -270") (attacker_position "-206 -1384 -361") (victim_position "-403 -1837 -370")
L 03/21/2014 - 01:36:02: "{SCG}Sgt-Fox<149><STEAM_0:0:62985111><Blue>" killed "Hoosktron<148><STEAM_0:0:33245321><Red>" with "goomba" (attacker_position "-237 -1292 -253") (victim_position "-213 -1265 -335")
L 03/21/2014 - 01:36:03: "{SCG} Rowdy d(=^ï½¥Ï‰ï½¥^=)b<139><STEAM_0:0:21349373><Blue>" killed "{BFG} Nikdragon<108><STEAM_0:0:78154965><Red>" with "bazaar_bargain" (customkill "headshot") (attacker_position "-338 -2255 -367") (victim_position "-195 126 7")
L 03/21/2014 - 01:36:09: "Hoosktron<148><STEAM_0:0:33245321><Red>" say ">:|"
L 03/21/2014 - 01:36:11: "Isaac Rundrake<140><STEAM_0:1:40971448><Red>" triggered "chargedeployed"
L 03/21/2014 - 01:36:16: "Persi, the Neko God<12><STEAM_0:1:30286598><Blue>" killed "{SCG} FaolPlay<133><STEAM_0:1:24520147><Red>" with "scattergun" (attacker_position "-499 698 0") (victim_position "-625 494 0")
L 03/21/2014 - 01:36:17: "Scruff<147><STEAM_0:0:61337606><Blue>" killed "The Mutagen(unstable)<89><STEAM_0:0:49010827><Red>" with "force_a_nature" (attacker_position "-1319 611 -38") (victim_position "-1173 628 -54")
L 03/21/2014 - 01:36:17: "Persi, the Neko God<12><STEAM_0:1:30286598><Blue>" triggered "kill assist" against "The Mutagen(unstable)<89><STEAM_0:0:49010827><Red>" (assister_position "-562 689 0") (attacker_position "-1319 611 -38") (victim_position "-1173 628 -54")
L 03/21/2014 - 01:36:22: "Gord<141><STEAM_0:1:2327125><Blue>" killed "{SCG} PhantomX999<114><STEAM_0:1:13432606><Red>" with "tf_projectile_rocket" (attacker_position "-687 140 -159") (victim_position "-1027 -385 -279")
L 03/21/2014 - 01:36:22: "Myntey<138><STEAM_0:0:33841019><Blue>" triggered "kill assist" against "{SCG} PhantomX999<114><STEAM_0:1:13432606><Red>" (assister_position "-891 -404 -285") (attacker_position "-687 140 -159") (victim_position "-1027 -385 -279")
L 03/21/2014 - 01:36:23: "Isaac Rundrake<140><STEAM_0:1:40971448><Red>" killed "{SCG}Sgt-Fox<149><STEAM_0:0:62985111><Blue>" with "ubersaw" (attacker_position "-231 -573 -187") (victim_position "-304 -552 -177")
L 03/21/2014 - 01:36:24: "Scruff<147><STEAM_0:0:61337606><Blue>" killed "Fortune the Don<135><STEAM_0:0:33251108><Red>" with "force_a_nature" (attacker_position "-978 312 55") (victim_position "-981 441 -31")
L 03/21/2014 - 01:36:24: "(void*)FoXX<146><STEAM_0:0:2179002><Blue>" triggered "kill assist" against "Fortune the Don<135><STEAM_0:0:33251108><Red>" (assister_position "-929 492 -5") (attacker_position "-978 312 55") (victim_position "-981 441 -31")
L 03/21/2014 - 01:36:25: "Gord<141><STEAM_0:1:2327125><Blue>" killed "Zingy Zigzagoon<143><STEAM_0:1:38093875><Red>" with "tf_projectile_rocket" (attacker_position "-485 289 -179") (victim_position "-832 320 -67")
L 03/21/2014 - 01:36:27: "Myntey<138><STEAM_0:0:33841019><Blue>" triggered "builtobject" (object "OBJ_SENTRYGUN") (position "-923 107 -154")
L 03/21/2014 - 01:36:27: "Isaac Rundrake<140><STEAM_0:1:40971448><Red>" killed "Gord<141><STEAM_0:1:2327125><Blue>" with "ubersaw" (attacker_position "-200 511 -43") (victim_position "-171 491 -39")
L 03/21/2014 - 01:36:30: "Isaac Rundrake<140><STEAM_0:1:40971448><Red>" triggered "chargedeployed"
L 03/21/2014 - 01:36:36: "Hoosktron<148><STEAM_0:0:33245321><Red>" killed "Myntey<138><STEAM_0:0:33841019><Blue>" with "tf_projectile_rocket" (attacker_position "-623 728 0") (victim_position "-363 584 0")
L 03/21/2014 - 01:36:36: "Hoosktron<148><STEAM_0:0:33245321><Red>" killed "Persi, the Neko God<12><STEAM_0:1:30286598><Blue>" with "tf_projectile_rocket" (attacker_position "-461 759 30") (victim_position "-215 739 40")
L 03/21/2014 - 01:36:38: "1/2 Bit<150><STEAM_0:0:26523066><Red>" killed "Red Pandopticon<119><STEAM_0:0:15629443><Blue>" with "force_a_nature" (attacker_position "-881 1316 -270") (victim_position "-631 1208 -245")
L 03/21/2014 - 01:36:40: "(void*)FoXX<146><STEAM_0:0:2179002><Blue>" triggered "medic_death" against "Isaac Rundrake<140><STEAM_0:1:40971448><Red>" (healing "858") (ubercharge "0")
L 03/21/2014 - 01:36:40: "(void*)FoXX<146><STEAM_0:0:2179002><Blue>" killed "Isaac Rundrake<140><STEAM_0:1:40971448><Red>" with "knife" (customkill "backstab") (attacker_position "295 585 -3") (victim_position "295 618 -3")
L 03/21/2014 - 01:36:40: "Myntey<138><STEAM_0:0:33841019><Blue>" triggered "kill assist" against "Isaac Rundrake<140><STEAM_0:1:40971448><Red>" (assister_position "-363 584 68") (attacker_position "295 585 -3") (victim_position "295 618 -3")
L 03/21/2014 - 01:36:42: "Hoosktron<148><STEAM_0:0:33245321><Red>" killed "(void*)FoXX<146><STEAM_0:0:2179002><Blue>" with "tf_projectile_rocket" (attacker_position "211 638 -3") (victim_position "273 851 0")
L 03/21/2014 - 01:36:42: "Fortune the Don<135><STEAM_0:0:33251108><Red>" say "map boring without gordteam"
L 03/21/2014 - 01:36:42: "The Mutagen(unstable)<89><STEAM_0:0:49010827><Red>" changed role to "engineer"
L 03/21/2014 - 01:36:43: "Gord<141><STEAM_0:1:2327125><Blue>" say "it's basically a gaming comic w/ no jokes but cute cats"
L 03/21/2014 - 01:36:43: "The Mutagen(unstable)<89><STEAM_0:0:49010827><Red>" committed suicide with "world" (attacker_position "-733 1055 0")
L 03/21/2014 - 01:36:44: "Myntey<138><STEAM_0:0:33841019><Blue>" killed "1/2 Bit<150><STEAM_0:0:26523066><Red>" with "obj_sentrygun" (attacker_position "-860 141 -157") (victim_position "-541 202 -178")
L 03/21/2014 - 01:36:46: "Myntey<138><STEAM_0:0:33841019><Blue>" killed "Hoosktron<148><STEAM_0:0:33245321><Red>" with "obj_sentrygun" (attacker_position "-104 -2704 -471") (victim_position "-5 540 30")
L 03/21/2014 - 01:36:48: "Red Pandopticon<119><STEAM_0:0:15629443><Blue>" changed role to "medic"
L 03/21/2014 - 01:36:51: Team "Blue" triggered "pointcaptured" (cp "0") (cpname "Cap 1, Stage 1") (numcappers "1") (player1 "Scruff<147><STEAM_0:0:61337606><Blue>") (position1 "-134 92 7") 
L 03/21/2014 - 01:36:54: "Myntey<138><STEAM_0:0:33841019><Blue>" killed "{BFG} Nikdragon<108><STEAM_0:0:78154965><Red>" with "obj_sentrygun" (attacker_position "-429 -556 -163") (victim_position "-482 105 -171")
L 03/21/2014 - 01:36:54: "Persi, the Neko God<12><STEAM_0:1:30286598><Blue>" triggered "kill assist" against "{BFG} Nikdragon<108><STEAM_0:0:78154965><Red>" (assister_position "-319 -148 -159") (attacker_position "-429 -556 -163") (victim_position "-482 105 -171")
L 03/21/2014 - 01:36:58: "Fortune the Don<135><STEAM_0:0:33251108><Red>" killed "Gord<141><STEAM_0:1:2327125><Blue>" with "ball" (attacker_position "-330 754 -239") (victim_position "-404 717 -239")
L 03/21/2014 - 01:36:58: "{SCG} FaolPlay<133><STEAM_0:1:24520147><Red>" killed "Myntey<138><STEAM_0:0:33841019><Blue>" with "machina" (attacker_position "-408 759 0") (victim_position "-286 -239 -117")
L 03/21/2014 - 01:37:02: "Gord<141><STEAM_0:1:2327125><Blue>" say "wwaaaa"
L 03/21/2014 - 01:37:03: "{SCG} FaolPlay<133><STEAM_0:1:24520147><Red>" killed "{SCG} Rowdy d(=^ï½¥Ï‰ï½¥^=)b<139><STEAM_0:0:21349373><Blue>" with "machina" (customkill "headshot") (attacker_position "-609 478 0") (victim_position "-280 -413 -174")
L 03/21/2014 - 01:37:05: "(void*)FoXX<146><STEAM_0:0:2179002><Blue>" killed "Zingy Zigzagoon<143><STEAM_0:1:38093875><Red>" with "knife" (customkill "backstab") (attacker_position "-620 370 -158") (victim_position "-562 362 -158")
L 03/21/2014 - 01:37:05: "Myntey<138><STEAM_0:0:33841019><Blue>" triggered "kill assist" against "Zingy Zigzagoon<143><STEAM_0:1:38093875><Red>" (assister_position "-860 141 -157") (attacker_position "-620 370 -158") (victim_position "-562 362 -158")
L 03/21/2014 - 01:37:05: "(void*)FoXX<146><STEAM_0:0:2179002><Blue>" triggered "domination" against "Zingy Zigzagoon<143><STEAM_0:1:38093875><Red>"
L 03/21/2014 - 01:37:06: "Fortune the Don<135><STEAM_0:0:33251108><Red>" say "dingers"
L 03/21/2014 - 01:37:06: "The Mutagen(unstable)<89><STEAM_0:0:49010827><Red>" say "(â•¯Â°â–¡Â°ï¼‰â•¯ï¸µ â”»â”â”» I MAD, I FLIP TABLES"
L 03/21/2014 - 01:37:07: "Gord<141><STEAM_0:1:2327125><Blue>" say "how did i take 90 damage from a sandman ball"
L 03/21/2014 - 01:37:08: "The Mutagen(unstable)<89><STEAM_0:0:49010827><Red>" say "(â•¯Â°â–¡Â°ï¼‰â•¯ï¸µ â”»â”â”» I MAD, I FLIP TABLES"
L 03/21/2014 - 01:37:08: "Myntey<138><STEAM_0:0:33841019><Blue>" killed "{SCG} PhantomX999<114><STEAM_0:1:13432606><Red>" with "obj_sentrygun" (attacker_position "-304 -2784 -471") (victim_position "-104 299 59")
L 03/21/2014 - 01:37:08: "Persi, the Neko God<12><STEAM_0:1:30286598><Blue>" triggered "kill assist" against "{SCG} PhantomX999<114><STEAM_0:1:13432606><Red>" (assister_position "-22 369 0") (attacker_position "-304 -2784 -471") (victim_position "-104 299 59")
L 03/21/2014 - 01:37:09: "Isaac Rundrake<140><STEAM_0:1:40971448><Red>" say "ï½¡ï¼šï¾Ÿ(ï½¡ï¾‰Ï‰ï¼¼ï½¡)ï¾Ÿï½¥ï½¡ Sad days!"
L 03/21/2014 - 01:37:11: Team "Blue" triggered "pointcaptured" (cp "1") (cpname "Cap 2, Stage 1") (numcappers "2") (player1 "Sammicus Panthera Tigris<134><STEAM_0:1:30442114><Blue>") (position1 "-720 2558 7") (player2 "Scruff<147><STEAM_0:0:61337606><Blue>") (position2 "-714 2473 7") 
L 03/21/2014 - 01:37:11: World triggered "Mini_Round_Win" (winner "Blue") (round "round_1")
L 03/21/2014 - 01:37:11: World triggered "Mini_Round_Length" (seconds "139.20")
L 03/21/2014 - 01:37:13: server_cvar: "sm_nextmap" "dr_horrors_prefinal"
L 03/21/2014 - 01:37:14: "Persi, the Neko God<12><STEAM_0:1:30286598><Blue>" killed "{SCG} FaolPlay<133><STEAM_0:1:24520147><Red>" with "scattergun" (attacker_position "-752 1570 13") (victim_position "-926 1956 20")
L 03/21/2014 - 01:37:14: "Sammicus Panthera Tigris<134><STEAM_0:1:30442114><Blue>" triggered "kill assist" against "{SCG} FaolPlay<133><STEAM_0:1:24520147><Red>" (assister_position "-730 2188 -3") (attacker_position "-752 1570 13") (victim_position "-926 1956 20")
L 03/21/2014 - 01:37:15: "Scruff<147><STEAM_0:0:61337606><Blue>" triggered "medic_death" against "Isaac Rundrake<140><STEAM_0:1:40971448><Red>" (healing "0") (ubercharge "0")
L 03/21/2014 - 01:37:15: "Scruff<147><STEAM_0:0:61337606><Blue>" killed "Isaac Rundrake<140><STEAM_0:1:40971448><Red>" with "force_a_nature" (attacker_position "-731 2473 7") (victim_position "-773 2516 7")
L 03/21/2014 - 01:37:15: "1/2 Bit<150><STEAM_0:0:26523066><Red>" say "ï½¡ï¼šï¾Ÿ(ï½¡ï¾‰Ï‰ï¼¼ï½¡)ï¾Ÿï½¥ï½¡ Sad days!"
L 03/21/2014 - 01:37:16: "Hoosktron<148><STEAM_0:0:33245321><Red>" committed suicide with "world" (attacker_position "-256 2676 877")
L 03/21/2014 - 01:37:19: "Sammicus Panthera Tigris<134><STEAM_0:1:30442114><Blue>" killed "Fortune the Don<135><STEAM_0:0:33251108><Red>" with "diamondback" (attacker_position "-321 1948 -264") (victim_position "-333 1573 -264")
L 03/21/2014 - 01:37:19: "Scruff<147><STEAM_0:0:61337606><Blue>" killed "The Mutagen(unstable)<89><STEAM_0:0:49010827><Red>" with "force_a_nature" (attacker_position "-439 3462 12") (victim_position "-421 3609 21")
L 03/21/2014 - 01:37:22: "{SCG} PhantomX999<114><STEAM_0:1:13432606><Red>" say "rtv"
L 03/21/2014 - 01:37:23: "Myntey<138><STEAM_0:0:33841019><Blue>" disconnected (reason "Disconnect by user.")
L 03/21/2014 - 01:37:25: "(void*)FoXX<146><STEAM_0:0:2179002><Blue>" say "JUSTICE WAS HAD"
L 03/21/2014 - 01:37:26: World triggered "Round_Setup_Begin"
L 03/21/2014 - 01:37:26: World triggered "Mini_Round_Selected" (round "round_2")
L 03/21/2014 - 01:37:26: World triggered "Mini_Round_Start"
L 03/21/2014 - 01:37:31: "Scruff<147><STEAM_0:0:61337606><Blue>" say "dere ya go XD"
L 03/21/2014 - 01:37:31: "{BFG} Nikdragon<108><STEAM_0:0:78154965><Red>" changed role to "heavyweapons"
L 03/21/2014 - 01:37:32: "Fortune the Don<135><STEAM_0:0:33251108><Red>" say "JUSTICE IS HARD"
L 03/21/2014 - 01:37:34: "{SCG}ExcelsiorTheLion(NoVoice)<151><STEAM_0:1:6659757><>" connected, address "76.191.154.141:27005"
L 03/21/2014 - 01:37:34: "{SCG}ExcelsiorTheLion(NoVoice)<151><STEAM_0:1:6659757><>" STEAM USERID validated
L 03/21/2014 - 01:37:43: "(void*)FoXX<146><STEAM_0:0:2179002><Blue>" say "JUSTICE IS ERECT"
L 03/21/2014 - 01:37:58: "Persi, the Neko God<12><STEAM_0:1:30286598><Blue>" say "Justice is so big... :c"
L 03/21/2014 - 01:38:05: "Gord<141><STEAM_0:1:2327125><Blue>" say "why are most of my friends on the other team :c"
L 03/21/2014 - 01:38:08: "(void*)FoXX<146><STEAM_0:0:2179002><Blue>" say "3 big 5 u"
L 03/21/2014 - 01:38:16: "Scruff<147><STEAM_0:0:61337606><Blue>" say "cause game"
L 03/21/2014 - 01:38:18: "{SCG} FaolPlay<133><STEAM_0:1:24520147><Red>" say "you have friends?"
L 03/21/2014 - 01:38:22: "Gord<141><STEAM_0:1:2327125><Blue>" say "... :CCCCCCCC"
L 03/21/2014 - 01:38:26: "Scruff<147><STEAM_0:0:61337606><Blue>" say "C:"
L 03/21/2014 - 01:38:26: World triggered "Round_Setup_End"
L 03/21/2014 - 01:38:27: "Red Pandopticon<119><STEAM_0:0:15629443><Blue>" triggered "chargedeployed"
L 03/21/2014 - 01:38:27: "Isaac Rundrake<140><STEAM_0:1:40971448><Red>" triggered "chargedeployed"
L 03/21/2014 - 01:38:29: "{SCG}Sgt-Fox<149><STEAM_0:0:62985111><Blue>" killed "{BFG} Nikdragon<108><STEAM_0:0:78154965><Red>" with "tf_projectile_rocket" (attacker_position "-1246 4709 -110") (victim_position "-1497 5142 -150")
L 03/21/2014 - 01:38:29: "Gord<141><STEAM_0:1:2327125><Blue>" triggered "kill assist" against "{BFG} Nikdragon<108><STEAM_0:0:78154965><Red>" (assister_position "-1243 4724 -159") (attacker_position "-1246 4709 -110") (victim_position "-1497 5142 -150")
L 03/21/2014 - 01:38:33: "Zingy Zigzagoon<143><STEAM_0:1:38093875><Red>" killed "Gord<141><STEAM_0:1:2327125><Blue>" with "tf_projectile_arrow" (attacker_position "-735 6052 8") (victim_position "-956 5876 -91")
L 03/21/2014 - 01:38:33: "{SCG} FaolPlay<133><STEAM_0:1:24520147><Red>" triggered "kill assist" against "Gord<141><STEAM_0:1:2327125><Blue>" (assister_position "-1770 5055 -146") (attacker_position "-735 6052 8") (victim_position "-956 5876 -91")
L 03/21/2014 - 01:38:34: "{SCG}Sgt-Fox<149><STEAM_0:0:62985111><Blue>" killed "1/2 Bit<150><STEAM_0:0:26523066><Red>" with "tf_projectile_rocket" (attacker_position "-955 4748 -159") (victim_position "-953 5156 -145")
L 03/21/2014 - 01:38:34: "Gord<141><STEAM_0:1:2327125><Blue>" triggered "kill assist" against "1/2 Bit<150><STEAM_0:0:26523066><Red>" (assister_position "-956 5876 -77") (attacker_position "-955 4748 -159") (victim_position "-953 5156 -145")
L 03/21/2014 - 01:38:37: "The Mutagen(unstable)<89><STEAM_0:0:49010827><Red>" say "(â•¯Â°â–¡Â°ï¼‰â•¯ï¸µ â”»â”â”» I MAD, I FLIP TABLES"
L 03/21/2014 - 01:38:37: "(void*)FoXX<146><STEAM_0:0:2179002><Blue>" say "friendships ruined and hats simulated"
L 03/21/2014 - 01:38:39: "Scruff<147><STEAM_0:0:61337606><Blue>" killed "Zingy Zigzagoon<143><STEAM_0:1:38093875><Red>" with "force_a_nature" (attacker_position "-162 6140 -141") (victim_position "-168 6360 -151")
L 03/21/2014 - 01:38:44: "Fortune the Don<135><STEAM_0:0:33251108><Red>" killed "Persi, the Neko God<12><STEAM_0:1:30286598><Blue>" with "scattergun" (attacker_position "-958 5340 -150") (victim_position "-1217 5154 -140")
L 03/21/2014 - 01:38:44: "{SCG} FaolPlay<133><STEAM_0:1:24520147><Red>" triggered "kill assist" against "Persi, the Neko God<12><STEAM_0:1:30286598><Blue>" (assister_position "-1798 5036 -142") (attacker_position "-958 5340 -150") (victim_position "-1217 5154 -140")
L 03/21/2014 - 01:38:45: "{SCG}ExcelsiorTheLion(NoVoice)<151><STEAM_0:1:6659757><>" entered the game
L 03/21/2014 - 01:38:46: "{SCG} Rowdy d(=^ï½¥Ï‰ï½¥^=)b<139><STEAM_0:0:21349373><Blue>" triggered "medic_death" against "Isaac Rundrake<140><STEAM_0:1:40971448><Red>" (healing "953") (ubercharge "0")
L 03/21/2014 - 01:38:46: "{SCG} Rowdy d(=^ï½¥Ï‰ï½¥^=)b<139><STEAM_0:0:21349373><Blue>" killed "Isaac Rundrake<140><STEAM_0:1:40971448><Red>" with "bazaar_bargain" (customkill "headshot") (attacker_position "-1422 4705 -159") (victim_position "-887 5466 -159")
L 03/21/2014 - 01:38:46: "1/2 Bit<150><STEAM_0:0:26523066><Red>" say "(â•¯Â°â–¡Â°)â•¯ï¸µ â”»â”â”»"
L 03/21/2014 - 01:38:47: "(void*)FoXX<146><STEAM_0:0:2179002><Blue>" killed "{SCG} FaolPlay<133><STEAM_0:1:24520147><Red>" with "knife" (customkill "backstab") (attacker_position "-1732 5255 -147") (victim_position "-1651 5208 -156")
L 03/21/2014 - 01:38:48: "Hoosktron<148><STEAM_0:0:33245321><Red>" killed "{SCG} Rowdy d(=^ï½¥Ï‰ï½¥^=)b<139><STEAM_0:0:21349373><Blue>" with "tf_projectile_rocket" (attacker_position "-975 5634 -111") (victim_position "-1451 4731 -159")
L 03/21/2014 - 01:38:48: "Fortune the Don<135><STEAM_0:0:33251108><Red>" triggered "kill assist" against "{SCG} Rowdy d(=^ï½¥Ï‰ï½¥^=)b<139><STEAM_0:0:21349373><Blue>" (assister_position "-1118 4656 -159") (attacker_position "-975 5634 -111") (victim_position "-1451 4731 -159")
L 03/21/2014 - 01:38:55: "Fortune the Don<135><STEAM_0:0:33251108><Red>" killed "{SCG}Sgt-Fox<149><STEAM_0:0:62985111><Blue>" with "scattergun" (attacker_position "-776 4687 -159") (victim_position "-817 4812 -117")
L 03/21/2014 - 01:38:56: "{SCG}ExcelsiorTheLion(NoVoice)<151><STEAM_0:1:6659757><Unassigned>" joined team "Blue"
L 03/21/2014 - 01:38:56: "Gord<141><STEAM_0:1:2327125><Blue>" killed "Hoosktron<148><STEAM_0:0:33245321><Red>" with "tf_projectile_rocket" (attacker_position "-792 6277 -36") (victim_position "-821 6715 -48")
L 03/21/2014 - 01:38:56: "Red Pandopticon<119><STEAM_0:0:15629443><Blue>" triggered "kill assist" against "Hoosktron<148><STEAM_0:0:33245321><Red>" (assister_position "-1121 6014 44") (attacker_position "-792 6277 -36") (victim_position "-821 6715 -48")
L 03/21/2014 - 01:38:58: "Shax<152><STEAM_0:0:30231507><>" connected, address "67.175.152.5:27005"
L 03/21/2014 - 01:38:58: "Shax<152><STEAM_0:0:30231507><>" STEAM USERID validated
L 03/21/2014 - 01:38:59: "{SCG}ExcelsiorTheLion(NoVoice)<151><STEAM_0:1:6659757><Blue>" changed role to "heavyweapons"
L 03/21/2014 - 01:39:02: "Sammicus Panthera Tigris<134><STEAM_0:1:30442114><Blue>" killed "Fortune the Don<135><STEAM_0:0:33251108><Red>" with "diamondback" (attacker_position "-913 6613 -88") (victim_position "-1195 6409 -150")
L 03/21/2014 - 01:39:02: "Red Pandopticon<119><STEAM_0:0:15629443><Blue>" triggered "kill assist" against "Fortune the Don<135><STEAM_0:0:33251108><Red>" (assister_position "-1065 6753 -95") (attacker_position "-913 6613 -88") (victim_position "-1195 6409 -150")
L 03/21/2014 - 01:39:04: "Persi, the Neko God<12><STEAM_0:1:30286598><Blue>" killed "{SCG} PhantomX999<114><STEAM_0:1:13432606><Red>" with "scattergun" (attacker_position "-891 6674 -88") (victim_position "-805 6810 -95")
L 03/21/2014 - 01:39:08: Team "Blue" triggered "pointcaptured" (cp "2") (cpname "Cap 1, Stage 2") (numcappers "4") (player1 "(void*)FoXX<146><STEAM_0:0:2179002><Blue>") (position1 "-1047 6471 -95") (player2 "Persi, the Neko God<12><STEAM_0:1:30286598><Blue>") (position2 "-916 6521 -88") (player3 "Scruff<147><STEAM_0:0:61337606><Blue>") (position3 "-914 6567 -88") (player4 "Red Pandopticon<119><STEAM_0:0:15629443><Blue>") (position4 "-955 6588 -88") 
L 03/21/2014 - 01:39:09: "Fortune the Don<135><STEAM_0:0:33251108><Red>" say "wow that medic doe"
L 03/21/2014 - 01:39:09: "The Mutagen(unstable)<89><STEAM_0:0:49010827><Red>" triggered "builtobject" (object "OBJ_DISPENSER") (position "923 9337 -153")
L 03/21/2014 - 01:39:16: "{SCG} Rowdy d(=^ï½¥Ï‰ï½¥^=)b<139><STEAM_0:0:21349373><Blue>" killed "1/2 Bit<150><STEAM_0:0:26523066><Red>" with "bushwacka" (attacker_position "-842 6384 -156") (victim_position "-856 6432 -155")
L 03/21/2014 - 01:39:18: "The Mutagen(unstable)<89><STEAM_0:0:49010827><Red>" triggered "builtobject" (object "OBJ_SENTRYGUN") (position "284 9033 23")
L 03/21/2014 - 01:39:20: "Persi, the Neko God<12><STEAM_0:1:30286598><Blue>" killed "Zingy Zigzagoon<143><STEAM_0:1:38093875><Red>" with "scattergun" (attacker_position "-49 9117 64") (victim_position "223 9099 102")
L 03/21/2014 - 01:39:20: "Scruff<147><STEAM_0:0:61337606><Blue>" triggered "kill assist" against "Zingy Zigzagoon<143><STEAM_0:1:38093875><Red>" (assister_position "32 9299 64") (attacker_position "-49 9117 64") (victim_position "223 9099 102")
L 03/21/2014 - 01:39:21: "1/2 Bit<150><STEAM_0:0:26523066><Red>" say "ï½¡ï¼šï¾Ÿ(ï½¡ï¾‰Ï‰ï¼¼ï½¡)ï¾Ÿï½¥ï½¡ Sad days!"
L 03/21/2014 - 01:39:25: "Gord<141><STEAM_0:1:2327125><Blue>" triggered "killedobject" (object "OBJ_SENTRYGUN") (weapon "tf_projectile_rocket") (objectowner "The Mutagen(unstable)<89><STEAM_0:0:49010827><Red>") (attacker_position "1039 8407 -153")
L 03/21/2014 - 01:39:27: "Hoosktron<148><STEAM_0:0:33245321><Red>" killed "Scruff<147><STEAM_0:0:61337606><Blue>" with "tf_projectile_rocket" (attacker_position "937 9191 -138") (victim_position "1023 9006 -88")
L 03/21/2014 - 01:39:27: "The Mutagen(unstable)<89><STEAM_0:0:49010827><Red>" triggered "kill assist" against "Scruff<147><STEAM_0:0:61337606><Blue>" (assister_position "677 9511 -175") (attacker_position "937 9191 -138") (victim_position "1023 9006 -88")
L 03/21/2014 - 01:39:27: "Hoosktron<148><STEAM_0:0:33245321><Red>" killed "Gord<141><STEAM_0:1:2327125><Blue>" with "tf_projectile_rocket" (attacker_position "937 9191 -138") (victim_position "1142 9093 -95")
L 03/21/2014 - 01:39:27: "{BFG} Nikdragon<108><STEAM_0:0:78154965><Red>" triggered "kill assist" against "Gord<141><STEAM_0:1:2327125><Blue>" (assister_position "1023 8028 -95") (attacker_position "937 9191 -138") (victim_position "1142 9093 -95")
L 03/21/2014 - 01:39:37: "Hoosktron<148><STEAM_0:0:33245321><Red>" triggered "medic_death" against "Red Pandopticon<119><STEAM_0:0:15629443><Blue>" (healing "1940") (ubercharge "0")
L 03/21/2014 - 01:39:37: "Hoosktron<148><STEAM_0:0:33245321><Red>" killed "Red Pandopticon<119><STEAM_0:0:15629443><Blue>" with "tf_projectile_rocket" (attacker_position "867 9098 -102") (victim_position "709 9175 -159")
L 03/21/2014 - 01:39:37: "{BFG} Nikdragon<108><STEAM_0:0:78154965><Red>" triggered "kill assist" against "Red Pandopticon<119><STEAM_0:0:15629443><Blue>" (assister_position "450 9182 -159") (attacker_position "867 9098 -102") (victim_position "709 9175 -159")
L 03/21/2014 - 01:39:37: "Gord<141><STEAM_0:1:2327125><Blue>" say "no sentries/fun allowed"
L 03/21/2014 - 01:39:41: "(void*)FoXX<146><STEAM_0:0:2179002><Blue>" killed "The Mutagen(unstable)<89><STEAM_0:0:49010827><Red>" with "knife" (customkill "backstab") (attacker_position "212 8871 64") (victim_position "149 8907 64")
L 03/21/2014 - 01:39:41: "(void*)FoXX<146><STEAM_0:0:2179002><Blue>" triggered "domination" against "The Mutagen(unstable)<89><STEAM_0:0:49010827><Red>"
L 03/21/2014 - 01:39:43: "{SCG} FaolPlay<133><STEAM_0:1:24520147><Red>" killed "(void*)FoXX<146><STEAM_0:0:2179002><Blue>" with "machina" (customkill "headshot") (attacker_position "-514 8938 68") (victim_position "-251 8980 68")
L 03/21/2014 - 01:39:48: "{SCG} Rowdy d(=^ï½¥Ï‰ï½¥^=)b<139><STEAM_0:0:21349373><Blue>" killed "{BFG} Nikdragon<108><STEAM_0:0:78154965><Red>" with "bazaar_bargain" (customkill "headshot") (attacker_position "560 8018 64") (victim_position "641 9288 -156")
L 03/21/2014 - 01:39:50: "Hoosktron<148><STEAM_0:0:33245321><Red>" killed "{SCG} Rowdy d(=^ï½¥Ï‰ï½¥^=)b<139><STEAM_0:0:21349373><Blue>" with "tf_projectile_rocket" (attacker_position "677 8623 -155") (victim_position "550 8009 64")
L 03/21/2014 - 01:39:50: "{BFG} Nikdragon<108><STEAM_0:0:78154965><Red>" triggered "kill assist" against "{SCG} Rowdy d(=^ï½¥Ï‰ï½¥^=)b<139><STEAM_0:0:21349373><Blue>" (assister_position "641 9288 -142") (attacker_position "677 8623 -155") (victim_position "550 8009 64")
L 03/21/2014 - 01:39:51: "Fortune the Don<135><STEAM_0:0:33251108><Red>" killed "Persi, the Neko God<12><STEAM_0:1:30286598><Blue>" with "scattergun" (attacker_position "537 8622 -167") (victim_position "791 8383 -171")
L 03/21/2014 - 01:39:57: "Sammicus Panthera Tigris<134><STEAM_0:1:30442114><Blue>" killed "Hoosktron<148><STEAM_0:0:33245321><Red>" with "spy_cicle" (customkill "backstab") (attacker_position "1223 8988 -99") (victim_position "1176 9000 -74")
L 03/21/2014 - 01:40:04: "Fortune the Don<135><STEAM_0:0:33251108><Red>" killed "{SCG}Sgt-Fox<149><STEAM_0:0:62985111><Blue>" with "scattergun" (attacker_position "-308 8622 -159") (victim_position "-645 8283 -158")
L 03/21/2014 - 01:40:04: "1/2 Bit<150><STEAM_0:0:26523066><Red>" triggered "kill assist" against "{SCG}Sgt-Fox<149><STEAM_0:0:62985111><Blue>" (assister_position "-566 8566 -159") (attacker_position "-308 8622 -159") (victim_position "-645 8283 -158")
L 03/21/2014 - 01:40:12: "{SCG} FaolPlay<133><STEAM_0:1:24520147><Red>" killed "Scruff<147><STEAM_0:0:61337606><Blue>" with "machina" (attacker_position "297 9543 -162") (victim_position "270 8823 64")
L 03/21/2014 - 01:40:17: "{SCG}ExcelsiorTheLion(NoVoice)<151><STEAM_0:1:6659757><Blue>" killed "1/2 Bit<150><STEAM_0:0:26523066><Red>" with "tomislav" (attacker_position "47 9214 64") (victim_position "223 9199 64")
L 03/21/2014 - 01:40:20: "Gord<141><STEAM_0:1:2327125><Blue>" killed "Fortune the Don<135><STEAM_0:0:33251108><Red>" with "tf_projectile_rocket" (attacker_position "861 8056 -147") (victim_position "947 8012 -95")
L 03/21/2014 - 01:40:20: "{SCG} FaolPlay<133><STEAM_0:1:24520147><Red>" killed "{SCG}ExcelsiorTheLion(NoVoice)<151><STEAM_0:1:6659757><Blue>" with "machina" (customkill "headshot") (attacker_position "253 8838 64") (victim_position "-17 9097 64")
L 03/21/2014 - 01:40:23: "{SCG} PhantomX999<114><STEAM_0:1:13432606><Red>" killed "Gord<141><STEAM_0:1:2327125><Blue>" with "bat" (attacker_position "738 8331 -169") (victim_position "772 8269 -148")
L 03/21/2014 - 01:40:25: "The Mutagen(unstable)<89><STEAM_0:0:49010827><Red>" say "(â•¯Â°â–¡Â°ï¼‰â•¯ï¸µ â”»â”â”» I MAD, I FLIP TABLES"
L 03/21/2014 - 01:40:26: "The Mutagen(unstable)<89><STEAM_0:0:49010827><Red>" triggered "builtobject" (object "OBJ_SENTRYGUN") (position "792 7842 -95")
L 03/21/2014 - 01:40:28: "1/2 Bit<150><STEAM_0:0:26523066><Red>" say "(â•¯Â°â–¡Â°)â•¯ï¸µ â”»â”â”»"
L 03/21/2014 - 01:40:28: "(void*)FoXX<146><STEAM_0:0:2179002><Blue>" triggered "builtobject" (object "OBJ_ATTACHMENT_SAPPER") (position "919 7874 -95")
L 03/21/2014 - 01:40:29: "Gord<141><STEAM_0:1:2327125><Blue>" say "hoosks gonna hoosk"
L 03/21/2014 - 01:40:30: "Isaac Rundrake<140><STEAM_0:1:40971448><Red>" say "( â•¯Â´ãƒ»Ï‰ãƒ»ï½€)â•¯ï¸µ Flippy days!"
L 03/21/2014 - 01:40:30: "{SCG} Rowdy d(=^ï½¥Ï‰ï½¥^=)b<139><STEAM_0:0:21349373><Blue>" say ":   ( â•¯Â´ãƒ»Ï‰ãƒ»ï½€)â•¯ï¸µ Flippy days!"
L 03/21/2014 - 01:40:31: "(void*)FoXX<146><STEAM_0:0:2179002><Blue>" triggered "killedobject" (object "OBJ_SENTRYGUN") (weapon "recorder") (objectowner "The Mutagen(unstable)<89><STEAM_0:0:49010827><Red>") (attacker_position "1022 8075 -95")
L 03/21/2014 - 01:40:32: "Zingy Zigzagoon<143><STEAM_0:1:38093875><Red>" killed "Sammicus Panthera Tigris<134><STEAM_0:1:30442114><Blue>" with "tf_projectile_arrow" (customkill "headshot") (attacker_position "-753 8891 64") (victim_position "-674 8489 -127")
L 03/21/2014 - 01:40:32: "Gord<141><STEAM_0:1:2327125><Blue>" changed role to "demoman"
L 03/21/2014 - 01:40:33: "Isaac Rundrake<140><STEAM_0:1:40971448><Red>" say "(ï½€ãƒ»Ï‰ãƒ»Â´)"
L 03/21/2014 - 01:40:34: "(void*)FoXX<146><STEAM_0:0:2179002><Blue>" killed "The Mutagen(unstable)<89><STEAM_0:0:49010827><Red>" with "samrevolver" (attacker_position "1051 8013 -95") (victim_position "895 7845 -95")
L 03/21/2014 - 01:40:35: "1/2 Bit<150><STEAM_0:0:26523066><Red>" say "(ï½¡ï½¥ï½€Ï‰Â´ï½¥ï½¡)"
L 03/21/2014 - 01:40:39: "Hoosktron<148><STEAM_0:0:33245321><Red>" killed "{SCG} Rowdy d(=^ï½¥Ï‰ï½¥^=)b<139><STEAM_0:0:21349373><Blue>" with "tf_projectile_rocket" (attacker_position "-148 7963 66") (victim_position "-211 8043 64")
L 03/21/2014 - 01:40:39: "{BFG} Nikdragon<108><STEAM_0:0:78154965><Red>" triggered "kill assist" against "{SCG} Rowdy d(=^ï½¥Ï‰ï½¥^=)b<139><STEAM_0:0:21349373><Blue>" (assister_position "-673 8522 26") (attacker_position "-148 7963 66") (victim_position "-211 8043 64")
L 03/21/2014 - 01:40:39: "Hoosktron<148><STEAM_0:0:33245321><Red>" triggered "domination" against "{SCG} Rowdy d(=^ï½¥Ï‰ï½¥^=)b<139><STEAM_0:0:21349373><Blue>"
L 03/21/2014 - 01:40:44: "Hoosktron<148><STEAM_0:0:33245321><Red>" killed "Persi, the Neko God<12><STEAM_0:1:30286598><Blue>" with "tf_projectile_rocket" (attacker_position "346 8106 64") (victim_position "385 7960 72")
L 03/21/2014 - 01:40:52: "Fortune the Don<135><STEAM_0:0:33251108><Red>" killed "(void*)FoXX<146><STEAM_0:0:2179002><Blue>" with "scattergun" (attacker_position "591 9034 -170") (victim_position "928 9137 -141")
L 03/21/2014 - 01:41:00: "Scruff<147><STEAM_0:0:61337606><Blue>" killed "Fortune the Don<135><STEAM_0:0:33251108><Red>" with "force_a_nature" (attacker_position "1029 8752 -54") (victim_position "1106 8988 -88")
L 03/21/2014 - 01:41:00: "Gord<141><STEAM_0:1:2327125><Blue>" triggered "kill assist" against "Fortune the Don<135><STEAM_0:0:33251108><Red>" (assister_position "509 8018 64") (attacker_position "1029 8752 -54") (victim_position "1106 8988 -88")
L 03/21/2014 - 01:41:04: "{SCG}ExcelsiorTheLion(NoVoice)<151><STEAM_0:1:6659757><Blue>" killed "Zingy Zigzagoon<143><STEAM_0:1:38093875><Red>" with "tomislav" (attacker_position "-975 7993 -160") (victim_position "-992 7882 -164")
L 03/21/2014 - 01:41:04: "Red Pandopticon<119><STEAM_0:0:15629443><Blue>" triggered "kill assist" against "Zingy Zigzagoon<143><STEAM_0:1:38093875><Red>" (assister_position "-772 8260 -121") (attacker_position "-975 7993 -160") (victim_position "-992 7882 -164")
L 03/21/2014 - 01:41:06: "Isaac Rundrake<140><STEAM_0:1:40971448><Red>" triggered "chargedeployed"
L 03/21/2014 - 01:41:08: "{SCG} FaolPlay<133><STEAM_0:1:24520147><Red>" killed "Scruff<147><STEAM_0:0:61337606><Blue>" with "machina" (attacker_position "347 8767 64") (victim_position "95 8554 -159")
L 03/21/2014 - 01:41:08: "Shax<152><STEAM_0:0:30231507><>" entered the game
L 03/21/2014 - 01:41:10: "{SCG}ExcelsiorTheLion(NoVoice)<151><STEAM_0:1:6659757><Blue>" killed "1/2 Bit<150><STEAM_0:0:26523066><Red>" with "tomislav" (attacker_position "-1284 7617 -95") (victim_position "-799 7640 -148")
L 03/21/2014 - 01:41:10: "Red Pandopticon<119><STEAM_0:0:15629443><Blue>" triggered "kill assist" against "1/2 Bit<150><STEAM_0:0:26523066><Red>" (assister_position "-1411 7758 -95") (attacker_position "-1284 7617 -95") (victim_position "-799 7640 -148")
L 03/21/2014 - 01:41:11: "The Mutagen(unstable)<89><STEAM_0:0:49010827><Red>" triggered "builtobject" (object "OBJ_SENTRYGUN") (position "802 7855 -95")
L 03/21/2014 - 01:41:17: "{SCG} FaolPlay<133><STEAM_0:1:24520147><Red>" triggered "medic_death" against "Red Pandopticon<119><STEAM_0:0:15629443><Blue>" (healing "666") (ubercharge "1")
L 03/21/2014 - 01:41:17: "{SCG} FaolPlay<133><STEAM_0:1:24520147><Red>" killed "Red Pandopticon<119><STEAM_0:0:15629443><Blue>" with "machina" (attacker_position "-105 9121 60") (victim_position "-614 8044 -153")
L 03/21/2014 - 01:41:17: "{SCG} PhantomX999<114><STEAM_0:1:13432606><Red>" triggered "kill assist" against "Red Pandopticon<119><STEAM_0:0:15629443><Blue>" (assister_position "-593 8207 -153") (attacker_position "-105 9121 60") (victim_position "-614 8044 -153")
L 03/21/2014 - 01:41:18: "Gord<141><STEAM_0:1:2327125><Blue>" killed "Hoosktron<148><STEAM_0:0:33245321><Red>" with "tf_projectile_pipe_remote" (attacker_position "430 8320 55") (victim_position "404 8136 64")
L 03/21/2014 - 01:41:21: "Isaac Rundrake<140><STEAM_0:1:40971448><Red>" killed "Gord<141><STEAM_0:1:2327125><Blue>" with "ubersaw" (attacker_position "456 8360 -91") (victim_position "485 8316 -90")
L 03/21/2014 - 01:41:21: "{SCG} FaolPlay<133><STEAM_0:1:24520147><Red>" killed "{SCG}ExcelsiorTheLion(NoVoice)<151><STEAM_0:1:6659757><Blue>" with "machina" (customkill "headshot") (attacker_position "-29 9104 64") (victim_position "-580 8121 -151")
L 03/21/2014 - 01:41:21: "{SCG} PhantomX999<114><STEAM_0:1:13432606><Red>" triggered "kill assist" against "{SCG}ExcelsiorTheLion(NoVoice)<151><STEAM_0:1:6659757><Blue>" (assister_position "-845 8098 -173") (attacker_position "-29 9104 64") (victim_position "-580 8121 -151")
L 03/21/2014 - 01:41:24: "Sammicus Panthera Tigris<134><STEAM_0:1:30442114><Blue>" killed "{SCG} FaolPlay<133><STEAM_0:1:24520147><Red>" with "spy_cicle" (customkill "backstab") (attacker_position "-218 9131 59") (victim_position "-225 9051 60")
L 03/21/2014 - 01:41:28: "{SCG} Rowdy d(=^ï½¥Ï‰ï½¥^=)b<139><STEAM_0:0:21349373><Blue>" killed "{BFG} Nikdragon<108><STEAM_0:0:78154965><Red>" with "bazaar_bargain" (customkill "headshot") (attacker_position "-221 7599 64") (victim_position "-503 8921 68")
L 03/21/2014 - 01:41:28: "Persi, the Neko God<12><STEAM_0:1:30286598><Blue>" triggered "kill assist" against "{BFG} Nikdragon<108><STEAM_0:0:78154965><Red>" (assister_position "-458 8226 -153") (attacker_position "-221 7599 64") (victim_position "-503 8921 68")
L 03/21/2014 - 01:41:34: "The Mutagen(unstable)<89><STEAM_0:0:49010827><Red>" triggered "builtobject" (object "OBJ_DISPENSER") (position "921 7844 -95")
L 03/21/2014 - 01:41:40: "{SCG} PhantomX999<114><STEAM_0:1:13432606><Red>" killed "Persi, the Neko God<12><STEAM_0:1:30286598><Blue>" with "bat" (attacker_position "-836 8023 -170") (victim_position "-916 8032 -159")
L 03/21/2014 - 01:41:41: "Shax<152><STEAM_0:0:30231507><Unassigned>" joined team "Blue"
L 03/21/2014 - 01:41:42: "Sammicus Panthera Tigris<134><STEAM_0:1:30442114><Blue>" killed "Zingy Zigzagoon<143><STEAM_0:1:38093875><Red>" with "spy_cicle" (customkill "backstab") (attacker_position "16 9096 64") (victim_position "-24 9024 64")
L 03/21/2014 - 01:41:44: "Shax<152><STEAM_0:0:30231507><Blue>" changed role to "pyro"
L 03/21/2014 - 01:41:50: "{SCG} FaolPlay<133><STEAM_0:1:24520147><Red>" killed "Scruff<147><STEAM_0:0:61337606><Blue>" with "tribalkukri" (attacker_position "284 9089 -4") (victim_position "304 9006 69")
L 03/21/2014 - 01:41:50: "The Mutagen(unstable)<89><STEAM_0:0:49010827><Red>" triggered "kill assist" against "Scruff<147><STEAM_0:0:61337606><Blue>" (assister_position "803 7853 -95") (attacker_position "284 9089 -4") (victim_position "304 9006 69")
L 03/21/2014 - 01:41:58: "(void*)FoXX<146><STEAM_0:0:2179002><Blue>" killed "{SCG} FaolPlay<133><STEAM_0:1:24520147><Red>" with "knife" (customkill "backstab") (attacker_position "-273 9018 68") (victim_position "-308 8958 68")
L 03/21/2014 - 01:42:02: "The Mutagen(unstable)<89><STEAM_0:0:49010827><Red>" triggered "builtobject" (object "OBJ_SENTRYGUN") (position "792 7832 -95")
L 03/21/2014 - 01:42:03: "Gord<141><STEAM_0:1:2327125><Blue>" killed "Hoosktron<148><STEAM_0:0:33245321><Red>" with "tf_projectile_pipe_remote" (attacker_position "204 7967 89") (victim_position "425 7964 83")
L 03/21/2014 - 01:42:03: "Red Pandopticon<119><STEAM_0:0:15629443><Blue>" triggered "kill assist" against "Hoosktron<148><STEAM_0:0:33245321><Red>" (assister_position "-38 8202 64") (attacker_position "204 7967 89") (victim_position "425 7964 83")
L 03/21/2014 - 01:42:06: "1/2 Bit<150><STEAM_0:0:26523066><Red>" killed "{SCG} Rowdy d(=^ï½¥Ï‰ï½¥^=)b<139><STEAM_0:0:21349373><Blue>" with "force_a_nature" (attacker_position "-240 8116 64") (victim_position "-229 7685 43")
L 03/21/2014 - 01:42:06: "Fortune the Don<135><STEAM_0:0:33251108><Red>" triggered "kill assist" against "{SCG} Rowdy d(=^ï½¥Ï‰ï½¥^=)b<139><STEAM_0:0:21349373><Blue>" (assister_position "-159 7566 74") (attacker_position "-240 8116 64") (victim_position "-229 7685 43")
L 03/21/2014 - 01:42:07: "(void*)FoXX<146><STEAM_0:0:2179002><Blue>" killed "{BFG} Nikdragon<108><STEAM_0:0:78154965><Red>" with "knife" (customkill "backstab") (attacker_position "310 8891 64") (victim_position "291 8841 64")
L 03/21/2014 - 01:42:09: "Isaac Rundrake<140><STEAM_0:1:40971448><Red>" killed "Sammicus Panthera Tigris<134><STEAM_0:1:30442114><Blue>" with "ubersaw" (attacker_position "509 9322 -155") (victim_position "528 9392 -155")
L 03/21/2014 - 01:42:09: "Gord<141><STEAM_0:1:2327125><Blue>" triggered "killedobject" (object "OBJ_DISPENSER") (weapon "tf_projectile_pipe_remote") (objectowner "The Mutagen(unstable)<89><STEAM_0:0:49010827><Red>") (attacker_position "445 8026 64")
L 03/21/2014 - 01:42:11: "The Mutagen(unstable)<89><STEAM_0:0:49010827><Red>" say "(â•¯Â°â–¡Â°ï¼‰â•¯ï¸µ â”»â”â”» I MAD, I FLIP TABLES"
L 03/21/2014 - 01:42:13: "Gord<141><STEAM_0:1:2327125><Blue>" killed "The Mutagen(unstable)<89><STEAM_0:0:49010827><Red>" with "tf_projectile_pipe_remote" (attacker_position "527 8039 64") (victim_position "839 7855 -95")
L 03/21/2014 - 01:42:13: "Red Pandopticon<119><STEAM_0:0:15629443><Blue>" triggered "kill assist" against "The Mutagen(unstable)<89><STEAM_0:0:49010827><Red>" (assister_position "636 8021 64") (attacker_position "527 8039 64") (victim_position "839 7855 -95")
L 03/21/2014 - 01:42:14: "Fortune the Don<135><STEAM_0:0:33251108><Red>" killed "{SCG}ExcelsiorTheLion(NoVoice)<151><STEAM_0:1:6659757><Blue>" with "scattergun" (attacker_position "-1286 7159 -95") (victim_position "-1454 7309 -95")
L 03/21/2014 - 01:42:16: "Gord<141><STEAM_0:1:2327125><Blue>" triggered "killedobject" (object "OBJ_SENTRYGUN") (weapon "tf_projectile_pipe") (objectowner "The Mutagen(unstable)<89><STEAM_0:0:49010827><Red>") (attacker_position "814 8121 -154")
L 03/21/2014 - 01:42:17: "Isaac Rundrake<140><STEAM_0:1:40971448><Red>" triggered "captureblocked" (cp "3") (cpname "Cap 2, Stage 2") (position "978 8927 -88")
L 03/21/2014 - 01:42:17: "Isaac Rundrake<140><STEAM_0:1:40971448><Red>" killed "(void*)FoXX<146><STEAM_0:0:2179002><Blue>" with "ubersaw" (attacker_position "978 8927 -88") (victim_position "954 8884 -88")
L 03/21/2014 - 01:42:18: "{SCG}Sgt-Fox<149><STEAM_0:0:62985111><Blue>" killed "Fortune the Don<135><STEAM_0:0:33251108><Red>" with "tf_projectile_rocket" (attacker_position "-866 6699 -40") (victim_position "-844 6932 -95")
L 03/21/2014 - 01:42:20: "{SCG} FaolPlay<133><STEAM_0:1:24520147><Red>" changed role to "spy"
L 03/21/2014 - 01:42:24: "Isaac Rundrake<140><STEAM_0:1:40971448><Red>" triggered "chargedeployed"
L 03/21/2014 - 01:42:25: "{SCG} FaolPlay<133><STEAM_0:1:24520147><Red>" say "!rename fao "Admiral Crisp""
L 03/21/2014 - 01:42:25: "{SCG} FaolPlay<133><STEAM_0:1:24520147><Red>" changed name to "Admiral Crisp"
L 03/21/2014 - 01:42:27: "Zingy Zigzagoon<143><STEAM_0:1:38093875><Red>" triggered "captureblocked" (cp "3") (cpname "Cap 2, Stage 2") (position "1112 9067 -95")
L 03/21/2014 - 01:42:27: "Zingy Zigzagoon<143><STEAM_0:1:38093875><Red>" killed "Gord<141><STEAM_0:1:2327125><Blue>" with "fryingpan" (attacker_position "1112 9067 -95") (victim_position "1074 9027 -88")
L 03/21/2014 - 01:42:29: "The Mutagen(unstable)<89><STEAM_0:0:49010827><Red>" say "(â•¯Â°â–¡Â°ï¼‰â•¯ï¸µ â”»â”â”» I MAD, I FLIP TABLES"
L 03/21/2014 - 01:42:36: "The Mutagen(unstable)<89><STEAM_0:0:49010827><Red>" triggered "builtobject" (object "OBJ_SENTRYGUN") (position "418 8967 -160")
L 03/21/2014 - 01:42:37: "Shax<152><STEAM_0:0:30231507><Blue>" triggered "killedobject" (object "OBJ_SENTRYGUN") (weapon "flamethrower") (objectowner "The Mutagen(unstable)<89><STEAM_0:0:49010827><Red>") (attacker_position "518 9006 -165")
L 03/21/2014 - 01:42:37: "{BFG} Nikdragon<108><STEAM_0:0:78154965><Red>" say "admiral buttercrisp XD"
L 03/21/2014 - 01:42:39: "Shax<152><STEAM_0:0:30231507><Blue>" killed "The Mutagen(unstable)<89><STEAM_0:0:49010827><Red>" with "flamethrower" (attacker_position "488 8994 -163") (victim_position "597 9161 -159")
L 03/21/2014 - 01:42:39: "Hoosktron<148><STEAM_0:0:33245321><Red>" killed "Shax<152><STEAM_0:0:30231507><Blue>" with "tf_projectile_rocket" (attacker_position "558 9151 -159") (victim_position "508 9057 -163")
L 03/21/2014 - 01:42:39: "Isaac Rundrake<140><STEAM_0:1:40971448><Red>" triggered "kill assist" against "Shax<152><STEAM_0:0:30231507><Blue>" (assister_position "931 9033 -89") (attacker_position "558 9151 -159") (victim_position "508 9057 -163")
L 03/21/2014 - 01:42:42: "Hoosktron<148><STEAM_0:0:33245321><Red>" killed "Scruff<147><STEAM_0:0:61337606><Blue>" with "tf_projectile_rocket" (attacker_position "1047 8941 -88") (victim_position "934 8420 -118")
L 03/21/2014 - 01:42:43: "Red Pandopticon<119><STEAM_0:0:15629443><Blue>" killed "1/2 Bit<150><STEAM_0:0:26523066><Red>" with "syringegun_medic" (attacker_position "-546 7753 -163") (victim_position "-676 8014 -154")
L 03/21/2014 - 01:42:45: "Isaac Rundrake<140><STEAM_0:1:40971448><Red>" triggered "player_extinguished" against "Hoosktron<148><STEAM_0:0:33245321><Red>" with "tf_weapon_medigun" (attacker_position "882 9144 -156") (victim_position "1189 8961 -43")
L 03/21/2014 - 01:42:46: "{SCG}Sgt-Fox<149><STEAM_0:0:62985111><Blue>" killed "Zingy Zigzagoon<143><STEAM_0:1:38093875><Red>" with "unique_pickaxe" (attacker_position "644 8461 -159") (victim_position "672 8385 -165")
L 03/21/2014 - 01:42:47: "Red Pandopticon<119><STEAM_0:0:15629443><Blue>" killed "{SCG} PhantomX999<114><STEAM_0:1:13432606><Red>" with "syringegun_medic" (attacker_position "-634 8079 -154") (victim_position "-678 7680 -149")
L 03/21/2014 - 01:42:48: "Hoosktron<148><STEAM_0:0:33245321><Red>" killed "Persi, the Neko God<12><STEAM_0:1:30286598><Blue>" with "tf_projectile_rocket" (attacker_position "1226 9151 -47") (victim_position "847 8985 -52")
L 03/21/2014 - 01:42:48: "Isaac Rundrake<140><STEAM_0:1:40971448><Red>" triggered "kill assist" against "Persi, the Neko God<12><STEAM_0:1:30286598><Blue>" (assister_position "1002 9030 -88") (attacker_position "1226 9151 -47") (victim_position "847 8985 -52")
L 03/21/2014 - 01:42:48: "1/2 Bit<150><STEAM_0:0:26523066><Red>" say "(Â´ï½¥Ï‰ï½¥`)"
L 03/21/2014 - 01:42:51: "Hoosktron<148><STEAM_0:0:33245321><Red>" killed "{SCG}Sgt-Fox<149><STEAM_0:0:62985111><Blue>" with "tf_projectile_rocket" (attacker_position "1047 8973 -88") (victim_position "902 8319 -169")
L 03/21/2014 - 01:42:51: "Isaac Rundrake<140><STEAM_0:1:40971448><Red>" triggered "kill assist" against "{SCG}Sgt-Fox<149><STEAM_0:0:62985111><Blue>" (assister_position "1062 8892 -88") (attacker_position "1047 8973 -88") (victim_position "902 8319 -169")
L 03/21/2014 - 01:42:53: "Fortune the Don<135><STEAM_0:0:33251108><Red>" say "admiral crip"
L 03/21/2014 - 01:42:55: "madgod zhar<153><STEAM_0:0:28814709><>" connected, address "129.123.227.198:27005"
L 03/21/2014 - 01:42:55: "madgod zhar<153><STEAM_0:0:28814709><>" STEAM USERID validated
L 03/21/2014 - 01:42:57: "1/2 Bit<150><STEAM_0:0:26523066><Red>" say "( Â´ãƒ»Ï‰ãƒ»ï½€)"
L 03/21/2014 - 01:42:58: "1/2 Bit<150><STEAM_0:0:26523066><Red>" say "(Â´ï½¥Ï‰ï½¥`)"
L 03/21/2014 - 01:42:59: "Red Pandopticon<119><STEAM_0:0:15629443><Blue>" triggered "chargedeployed"
L 03/21/2014 - 01:43:01: "The Mutagen(unstable)<89><STEAM_0:0:49010827><Red>" say "(â•¯Â°â–¡Â°ï¼‰â•¯ï¸µ â”»â”â”» I MAD, I FLIP TABLES"
L 03/21/2014 - 01:43:01: "Fortune the Don<135><STEAM_0:0:33251108><Red>" say "snoop fao"
L 03/21/2014 - 01:43:07: "1/2 Bit<150><STEAM_0:0:26523066><Red>" say "(ï½¡ï½¥ï½€Ï‰Â´ï½¥ï½¡)"
L 03/21/2014 - 01:43:07: "The Mutagen(unstable)<89><STEAM_0:0:49010827><Red>" triggered "builtobject" (object "OBJ_SENTRYGUN") (position "418 9106 -160")
L 03/21/2014 - 01:43:07: "{SCG}ExcelsiorTheLion(NoVoice)<151><STEAM_0:1:6659757><Blue>" killed "{BFG} Nikdragon<108><STEAM_0:0:78154965><Red>" with "eviction_notice" (attacker_position "-311 8950 68") (victim_position "-389 8971 68")
L 03/21/2014 - 01:43:07: "Red Pandopticon<119><STEAM_0:0:15629443><Blue>" triggered "kill assist" against "{BFG} Nikdragon<108><STEAM_0:0:78154965><Red>" (assister_position "-114 9072 62") (attacker_position "-311 8950 68") (victim_position "-389 8971 68")
L 03/21/2014 - 01:43:07: "1/2 Bit<150><STEAM_0:0:26523066><Red>" say "(â•¯Â°â–¡Â°)â•¯ï¸µ â”»â”â”»"
L 03/21/2014 - 01:43:09: "Hoosktron<148><STEAM_0:0:33245321><Red>" killed "(void*)FoXX<146><STEAM_0:0:2179002><Blue>" with "tf_projectile_rocket" (attacker_position "1177 9113 -95") (victim_position "1225 8923 -91")
L 03/21/2014 - 01:43:10: "The Mutagen(unstable)<89><STEAM_0:0:49010827><Red>" say "(â•¯Â°â–¡Â°ï¼‰â•¯ï¸µ â”»â”â”» I MAD, I FLIP TABLES"
L 03/21/2014 - 01:43:13: "Admiral Crisp<133><STEAM_0:1:24520147><Red>" killed "{SCG} Rowdy d(=^ï½¥Ï‰ï½¥^=)b<139><STEAM_0:0:21349373><Blue>" with "ambassador" (customkill "headshot") (attacker_position "-1008 8361 -155") (victim_position "-987 8515 -161")
L 03/21/2014 - 01:43:13: "Fortune the Don<135><STEAM_0:0:33251108><Red>" triggered "kill assist" against "{SCG} Rowdy d(=^ï½¥Ï‰ï½¥^=)b<139><STEAM_0:0:21349373><Blue>" (assister_position "-999 8106 -153") (attacker_position "-1008 8361 -155") (victim_position "-987 8515 -161")
L 03/21/2014 - 01:43:14: "The Mutagen(unstable)<89><STEAM_0:0:49010827><Red>" triggered "builtobject" (object "OBJ_DISPENSER") (position "933 9363 -154")
L 03/21/2014 - 01:43:17: "{SCG}ExcelsiorTheLion(NoVoice)<151><STEAM_0:1:6659757><Blue>" killed "1/2 Bit<150><STEAM_0:0:26523066><Red>" with "tomislav" (attacker_position "9 9065 64") (victim_position "-286 9045 61")
L 03/21/2014 - 01:43:17: "Red Pandopticon<119><STEAM_0:0:15629443><Blue>" triggered "kill assist" against "1/2 Bit<150><STEAM_0:0:26523066><Red>" (assister_position "153 8959 103") (attacker_position "9 9065 64") (victim_position "-286 9045 61")
L 03/21/2014 - 01:43:17: "{SCG}Sgt-Fox<149><STEAM_0:0:62985111><Blue>" disconnected (reason "{SCG}Sgt-Fox timed out")
L 03/21/2014 - 01:43:17: "Sensei Shpee<154><STEAM_0:0:61662648><>" connected, address "173.245.65.172:27005"
L 03/21/2014 - 01:43:18: "Sensei Shpee<154><STEAM_0:0:61662648><>" STEAM USERID validated
L 03/21/2014 - 01:43:19: "Persi, the Neko God<12><STEAM_0:1:30286598><Blue>" killed "Admiral Crisp<133><STEAM_0:1:24520147><Red>" with "scattergun" (attacker_position "-736 8748 2") (victim_position "-607 8701 -14")
L 03/21/2014 - 01:43:19: "The Mutagen(unstable)<89><STEAM_0:0:49010827><Red>" killed "Gord<141><STEAM_0:1:2327125><Blue>" with "obj_sentrygun" (attacker_position "418 9102 -160") (victim_position "851 8439 -163")
L 03/21/2014 - 01:43:19: "The Mutagen(unstable)<89><STEAM_0:0:49010827><Red>" triggered "revenge" against "Gord<141><STEAM_0:1:2327125><Blue>"
L 03/21/2014 - 01:43:19: "{SCG} Rowdy d(=^ï½¥Ï‰ï½¥^=)b<139><STEAM_0:0:21349373><Blue>" changed role to "pyro"
L 03/21/2014 - 01:43:21: "The Mutagen(unstable)<89><STEAM_0:0:49010827><Red>" killed "Scruff<147><STEAM_0:0:61337606><Blue>" with "obj_sentrygun" (attacker_position "418 9113 -160") (victim_position "921 8296 -36")
L 03/21/2014 - 01:43:21: "Hoosktron<148><STEAM_0:0:33245321><Red>" triggered "kill assist" against "Scruff<147><STEAM_0:0:61337606><Blue>" (assister_position "983 9043 -88") (attacker_position "418 9113 -160") (victim_position "921 8296 -36")
L 03/21/2014 - 01:43:23: "(void*)FoXX<146><STEAM_0:0:2179002><Blue>" changed role to "demoman"
L 03/21/2014 - 01:43:23: "1/2 Bit<150><STEAM_0:0:26523066><Red>" say "(â•¯Â°â–¡Â°)â•¯ï¸µ â”»â”â”»"
L 03/21/2014 - 01:43:24: "1/2 Bit<150><STEAM_0:0:26523066><Red>" say "(ï½¡ï½¥ï½€Ï‰Â´ï½¥ï½¡)"
L 03/21/2014 - 01:43:32: "{SCG}ExcelsiorTheLion(NoVoice)<151><STEAM_0:1:6659757><Blue>" triggered "killedobject" (object "OBJ_SENTRYGUN") (weapon "tomislav") (objectowner "The Mutagen(unstable)<89><STEAM_0:0:49010827><Red>") (attacker_position "872 9124 -155")
L 03/21/2014 - 01:43:32: "Red Pandopticon<119><STEAM_0:0:15629443><Blue>" triggered "killedobject" (object "OBJ_SENTRYGUN") (objectowner "The Mutagen(unstable)<89><STEAM_0:0:49010827><Red>") (assist "1") (assister_position "800 9144 -159") (attacker_position "872 9124 -155")
L 03/21/2014 - 01:43:32: "Scruff<147><STEAM_0:0:61337606><Blue>" say "Hehe bit :3"
L 03/21/2014 - 01:43:32: "The Mutagen(unstable)<89><STEAM_0:0:49010827><Red>" triggered "medic_death" against "Red Pandopticon<119><STEAM_0:0:15629443><Blue>" (healing "1462") (ubercharge "0")
L 03/21/2014 - 01:43:32: "The Mutagen(unstable)<89><STEAM_0:0:49010827><Red>" killed "Red Pandopticon<119><STEAM_0:0:15629443><Blue>" with "frontier_justice" (attacker_position "577 9187 -159") (victim_position "843 9145 -159")
L 03/21/2014 - 01:43:32: "Zingy Zigzagoon<143><STEAM_0:1:38093875><Red>" triggered "kill assist" against "Red Pandopticon<119><STEAM_0:0:15629443><Blue>" (assister_position "991 8591 -160") (attacker_position "577 9187 -159") (victim_position "843 9145 -159")
L 03/21/2014 - 01:43:35: "madgod zhar<153><STEAM_0:0:28814709><>" entered the game
L 03/21/2014 - 01:43:36: "Zingy Zigzagoon<143><STEAM_0:1:38093875><Red>" killed "Persi, the Neko God<12><STEAM_0:1:30286598><Blue>" with "fryingpan" (attacker_position "1192 8903 -128") (victim_position "1180 8969 -106")
L 03/21/2014 - 01:43:36: "Hoosktron<148><STEAM_0:0:33245321><Red>" triggered "kill assist" against "Persi, the Neko God<12><STEAM_0:1:30286598><Blue>" (assister_position "614 9136 -140") (attacker_position "1192 8903 -128") (victim_position "1180 8969 -106")
L 03/21/2014 - 01:43:36: "Hoosktron<148><STEAM_0:0:33245321><Red>" triggered "domination" against "Persi, the Neko God<12><STEAM_0:1:30286598><Blue>" (assist "1")
L 03/21/2014 - 01:43:36: "Isaac Rundrake<140><STEAM_0:1:40971448><Red>" triggered "chargedeployed"
L 03/21/2014 - 01:43:36: "Sensei Shpee<154><STEAM_0:0:61662648><>" disconnected (reason "Disconnect by user.")
L 03/21/2014 - 01:43:36: "Isaac Rundrake<140><STEAM_0:1:40971448><Red>" triggered "captureblocked" (cp "3") (cpname "Cap 2, Stage 2") (position "1040 9110 -95")
L 03/21/2014 - 01:43:37: "{SCG}ExcelsiorTheLion(NoVoice)<151><STEAM_0:1:6659757><Blue>" killed "Zingy Zigzagoon<143><STEAM_0:1:38093875><Red>" with "tomislav" (attacker_position "1031 8980 -88") (victim_position "1103 9022 -88")
L 03/21/2014 - 01:43:37: "Shax<152><STEAM_0:0:30231507><Blue>" triggered "kill assist" against "Zingy Zigzagoon<143><STEAM_0:1:38093875><Red>" (assister_position "8 8588 64") (attacker_position "1031 8980 -88") (victim_position "1103 9022 -88")
L 03/21/2014 - 01:43:38: "The Mutagen(unstable)<89><STEAM_0:0:49010827><Red>" triggered "captureblocked" (cp "3") (cpname "Cap 2, Stage 2") (position "1037 8903 -88")
L 03/21/2014 - 01:43:38: "The Mutagen(unstable)<89><STEAM_0:0:49010827><Red>" killed "{SCG}ExcelsiorTheLion(NoVoice)<151><STEAM_0:1:6659757><Blue>" with "wrench_jag" (attacker_position "1037 8903 -88") (victim_position "1095 8950 -88")
L 03/21/2014 - 01:43:38: "Zingy Zigzagoon<143><STEAM_0:1:38093875><Red>" triggered "kill assist" against "{SCG}ExcelsiorTheLion(NoVoice)<151><STEAM_0:1:6659757><Blue>" (assister_position "1060 9086 -20") (attacker_position "1037 8903 -88") (victim_position "1095 8950 -88")
L 03/21/2014 - 01:43:39: "The Mutagen(unstable)<89><STEAM_0:0:49010827><Red>" say "(â•¯Â°â–¡Â°ï¼‰â•¯ï¸µ â”»â”â”» I MAD, I FLIP TABLES"
L 03/21/2014 - 01:43:44: "The Mutagen(unstable)<89><STEAM_0:0:49010827><Red>" triggered "builtobject" (object "OBJ_SENTRYGUN") (position "427 8982 -160")
L 03/21/2014 - 01:43:48: "Isaac Rundrake<140><STEAM_0:1:40971448><Red>" triggered "player_extinguished" against "Hoosktron<148><STEAM_0:0:33245321><Red>" with "tf_weapon_medigun" (attacker_position "906 9040 -95") (victim_position "1146 8755 -153")
L 03/21/2014 - 01:43:51: "Fortune the Don<135><STEAM_0:0:33251108><Red>" killed "Scruff<147><STEAM_0:0:61337606><Blue>" with "goomba" (attacker_position "-864 8187 -90") (victim_position "-823 8184 -172")
L 03/21/2014 - 01:43:54: "Fortune the Don<135><STEAM_0:0:33251108><Red>" killed "Shax<152><STEAM_0:0:30231507><Blue>" with "scattergun" (attacker_position "-496 8534 -130") (victim_position "-717 8185 -168")
L 03/21/2014 - 01:43:55: "Sammicus Panthera Tigris<134><STEAM_0:1:30442114><Blue>" triggered "builtobject" (object "OBJ_ATTACHMENT_SAPPER") (position "455 9074 -161")
L 03/21/2014 - 01:43:56: "(void*)FoXX<146><STEAM_0:0:2179002><Blue>" triggered "killedobject" (object "OBJ_SENTRYGUN") (weapon "loose_cannon_impact") (objectowner "The Mutagen(unstable)<89><STEAM_0:0:49010827><Red>") (attacker_position "439 7982 64")
L 03/21/2014 - 01:43:56: "Sammicus Panthera Tigris<134><STEAM_0:1:30442114><Blue>" triggered "killedobject" (object "OBJ_SENTRYGUN") (objectowner "The Mutagen(unstable)<89><STEAM_0:0:49010827><Red>") (assist "1") (assister_position "565 8829 -173") (attacker_position "439 7982 64")
L 03/21/2014 - 01:43:57: "Hoosktron<148><STEAM_0:0:33245321><Red>" killed "{SCG} Rowdy d(=^ï½¥Ï‰ï½¥^=)b<139><STEAM_0:0:21349373><Blue>" with "tf_projectile_rocket" (attacker_position "118 8471 117") (victim_position "179 8420 83")
L 03/21/2014 - 01:43:57: "The Mutagen(unstable)<89><STEAM_0:0:49010827><Red>" say "(â•¯Â°â–¡Â°ï¼‰â•¯ï¸µ â”»â”â”» I MAD, I FLIP TABLES"
L 03/21/2014 - 01:43:58: "Gord<141><STEAM_0:1:2327125><Blue>" killed "Hoosktron<148><STEAM_0:0:33245321><Red>" with "tf_projectile_pipe_remote" (attacker_position "366 8117 64") (victim_position "100 8471 64")
L 03/21/2014 - 01:43:58: "{SCG} Rowdy d(=^ï½¥Ï‰ï½¥^=)b<139><STEAM_0:0:21349373><Blue>" triggered "kill assist" against "Hoosktron<148><STEAM_0:0:33245321><Red>" (assister_position "179 8420 97") (attacker_position "366 8117 64") (victim_position "100 8471 64")
L 03/21/2014 - 01:43:58: "{SCG} Rowdy d(=^ï½¥Ï‰ï½¥^=)b<139><STEAM_0:0:21349373><Blue>" triggered "revenge" against "Hoosktron<148><STEAM_0:0:33245321><Red>" (assist "1")
L 03/21/2014 - 01:43:59: "madgod zhar<153><STEAM_0:0:28814709><Unassigned>" disconnected (reason "Disconnect by user.")
L 03/21/2014 - 01:44:00: "Shax<152><STEAM_0:0:30231507><Blue>" killed "{SCG} PhantomX999<114><STEAM_0:1:13432606><Red>" with "flamethrower" (attacker_position "-677 8236 -148") (victim_position "-133 8746 -162")
L 03/21/2014 - 01:44:01: "Scruff<147><STEAM_0:0:61337606><Blue>" say "the sad thing is I saw that happening"
L 03/21/2014 - 01:44:03: "The Mutagen(unstable)<89><STEAM_0:0:49010827><Red>" say "(â•¯Â°â–¡Â°ï¼‰â•¯ï¸µ â”»â”â”» I MAD, I FLIP TABLES"
L 03/21/2014 - 01:44:03: "Shax<152><STEAM_0:0:30231507><Blue>" killed "Fortune the Don<135><STEAM_0:0:33251108><Red>" with "flamethrower" (attacker_position "1271 8664 -154") (victim_position "913 7915 -95")
L 03/21/2014 - 01:44:04: "Persi, the Neko God<12><STEAM_0:1:30286598><Blue>" killed "1/2 Bit<150><STEAM_0:0:26523066><Red>" with "scattergun" (attacker_position "193 8010 64") (victim_position "275 8029 64")
L 03/21/2014 - 01:44:05: "Gord<141><STEAM_0:1:2327125><Blue>" triggered "medic_death" against "Isaac Rundrake<140><STEAM_0:1:40971448><Red>" (healing "4438") (ubercharge "0")
L 03/21/2014 - 01:44:05: "Gord<141><STEAM_0:1:2327125><Blue>" killed "Isaac Rundrake<140><STEAM_0:1:40971448><Red>" with "tf_projectile_pipe_remote" (attacker_position "672 8537 -157") (victim_position "932 9112 -139")
L 03/21/2014 - 01:44:10: "Zingy Zigzagoon<143><STEAM_0:1:38093875><Red>" triggered "captureblocked" (cp "3") (cpname "Cap 2, Stage 2") (position "346 9235 -77")
L 03/21/2014 - 01:44:10: "Zingy Zigzagoon<143><STEAM_0:1:38093875><Red>" killed "Gord<141><STEAM_0:1:2327125><Blue>" with "tf_projectile_arrow" (customkill "headshot") (attacker_position "346 9235 -77") (victim_position "1044 8900 -88")
L 03/21/2014 - 01:44:11: "Persi, the Neko God<12><STEAM_0:1:30286598><Blue>" killed "The Mutagen(unstable)<89><STEAM_0:0:49010827><Red>" with "scattergun" (attacker_position "611 8457 -159") (victim_position "578 8666 -162")
L 03/21/2014 - 01:44:12: "{BFG} Sabre<155><STEAM_0:1:31072961><>" connected, address "67.182.76.160:27005"
L 03/21/2014 - 01:44:12: "{BFG} Sabre<155><STEAM_0:1:31072961><>" STEAM USERID validated
L 03/21/2014 - 01:44:13: "Zingy Zigzagoon<143><STEAM_0:1:38093875><Red>" triggered "captureblocked" (cp "3") (cpname "Cap 2, Stage 2") (position "355 9079 0")
L 03/21/2014 - 01:44:13: "Zingy Zigzagoon<143><STEAM_0:1:38093875><Red>" killed "Sammicus Panthera Tigris<134><STEAM_0:1:30442114><Blue>" with "tf_projectile_arrow" (attacker_position "355 9079 0") (victim_position "1115 8917 -88")
L 03/21/2014 - 01:44:14: "(void*)FoXX<146><STEAM_0:0:2179002><Blue>" killed "Zingy Zigzagoon<143><STEAM_0:1:38093875><Red>" with "loose_cannon_impact" (attacker_position "1058 8914 -88") (victim_position "342 8882 64")
L 03/21/2014 - 01:44:16: Team "Blue" triggered "pointcaptured" (cp "3") (cpname "Cap 2, Stage 2") (numcappers "2") (player1 "(void*)FoXX<146><STEAM_0:0:2179002><Blue>") (position1 "1058 8878 -88") (player2 "Persi, the Neko God<12><STEAM_0:1:30286598><Blue>") (position2 "1049 8915 -88") 
L 03/21/2014 - 01:44:16: World triggered "Mini_Round_Win" (winner "Blue") (round "round_2")
L 03/21/2014 - 01:44:16: World triggered "Mini_Round_Length" (seconds "409.89")
L 03/21/2014 - 01:44:19: "Red Pandopticon<119><STEAM_0:0:15629443><Blue>" killed "{BFG} Nikdragon<108><STEAM_0:0:78154965><Red>" with "ubersaw" (attacker_position "-949 8156 -162") (victim_position "-953 8081 -162")
L 03/21/2014 - 01:44:19: "Scruff<147><STEAM_0:0:61337606><Blue>" triggered "kill assist" against "{BFG} Nikdragon<108><STEAM_0:0:78154965><Red>" (assister_position "-979 8214 -158") (attacker_position "-949 8156 -162") (victim_position "-953 8081 -162")
L 03/21/2014 - 01:44:21: "Gord<141><STEAM_0:1:2327125><Blue>" say "it was foretold"
L 03/21/2014 - 01:44:22: "{BFG} Sabre<155><STEAM_0:1:31072961><>" entered the game
L 03/21/2014 - 01:44:24: "Isaac Rundrake<140><STEAM_0:1:40971448><Red>" say "ï½¡ï¼šï¾Ÿ(ï½¡ï¾‰Ï‰ï¼¼ï½¡)ï¾Ÿï½¥ï½¡ Sad days!"
L 03/21/2014 - 01:44:24: "Red Pandopticon<119><STEAM_0:0:15629443><Blue>" killed "Admiral Crisp<133><STEAM_0:1:24520147><Red>" with "syringegun_medic" (attacker_position "-580 8396 -159") (victim_position "-554 8129 -150")
L 03/21/2014 - 01:44:24: "Scruff<147><STEAM_0:0:61337606><Blue>" triggered "kill assist" against "Admiral Crisp<133><STEAM_0:1:24520147><Red>" (assister_position "-548 8539 -159") (attacker_position "-580 8396 -159") (victim_position "-554 8129 -150")
L 03/21/2014 - 01:44:24: "(void*)FoXX<146><STEAM_0:0:2179002><Blue>" triggered "killedobject" (object "OBJ_DISPENSER") (weapon "fryingpan") (objectowner "The Mutagen(unstable)<89><STEAM_0:0:49010827><Red>") (attacker_position "937 9335 -154")
L 03/21/2014 - 01:44:26: "1/2 Bit<150><STEAM_0:0:26523066><Red>" say "ï½¡ï¼šï¾Ÿ(ï½¡ï¾‰Ï‰ï¼¼ï½¡)ï¾Ÿï½¥ï½¡ Sad days!"
L 03/21/2014 - 01:44:30: "The Mutagen(unstable)<89><STEAM_0:0:49010827><Red>" changed role to "medic"
L 03/21/2014 - 01:44:31: World triggered "Round_Setup_Begin"
L 03/21/2014 - 01:44:31: World triggered "Mini_Round_Selected" (round "round_3")
L 03/21/2014 - 01:44:31: World triggered "Mini_Round_Start"
L 03/21/2014 - 01:44:34: "{BFG} Sabre<155><STEAM_0:1:31072961><Unassigned>" joined team "Blue"
L 03/21/2014 - 01:44:35: "Gord<141><STEAM_0:1:2327125><Blue>" say "no team is safe from team panda"
L 03/21/2014 - 01:44:36: "Shax<152><STEAM_0:0:30231507><Blue>" changed role to "scout"
L 03/21/2014 - 01:44:37: "{BFG} Sabre<155><STEAM_0:1:31072961><Blue>" changed role to "sniper"
L 03/21/2014 - 01:44:38: "The Mutagen(unstable)<89><STEAM_0:0:49010827><Red>" say "its time we had a COMPETENT medic"
L 03/21/2014 - 01:44:40: "Fortune the Don<135><STEAM_0:0:33251108><Red>" say "mine eyes have seen the glory of the coming of the gord"
L 03/21/2014 - 01:44:46: "Admiral Crisp<133><STEAM_0:1:24520147><Red>" committed suicide with "world" (attacker_position "2587 6386 -63")
L 03/21/2014 - 01:44:47: "Admiral Crisp<133><STEAM_0:1:24520147><Red>" changed role to "sniper"
L 03/21/2014 - 01:44:50: "Persi, the Neko God<12><STEAM_0:1:30286598><Blue>" say "Team neko, you mean"
L 03/21/2014 - 01:44:51: "Gord<141><STEAM_0:1:2327125><Blue>" say "oh my"
L 03/21/2014 - 01:44:53: "Gord<141><STEAM_0:1:2327125><Blue>" say "you were watching that?"
L 03/21/2014 - 01:45:00: "Fortune the Don<135><STEAM_0:0:33251108><Red>" say ":J"
L 03/21/2014 - 01:45:06: "Gord<141><STEAM_0:1:2327125><Blue>" say "there was a naughty joke somewhere in there"
L 03/21/2014 - 01:45:28: "(void*)FoXX<146><STEAM_0:0:2179002><Blue>" say "feel the gord! caress the gord! lick the gord! be the gord!"
L 03/21/2014 - 01:45:31: World triggered "Round_Setup_End"
L 03/21/2014 - 01:45:34: "Admiral Crisp<133><STEAM_0:1:24520147><Red>" killed "{BFG} Sabre<155><STEAM_0:1:31072961><Blue>" with "machina" (customkill "headshot") (attacker_position "3023 10036 -95") (victim_position "2065 9518 -143")
L 03/21/2014 - 01:45:35: "{BFG} Sabre<155><STEAM_0:1:31072961><Blue>" killed "Admiral Crisp<133><STEAM_0:1:24520147><Red>" with "tf_projectile_arrow" (customkill "headshot") (attacker_position "2016 9518 -131") (victim_position "3023 10036 -95")
L 03/21/2014 - 01:45:36: "Gord<141><STEAM_0:1:2327125><Blue>" killed "1/2 Bit<150><STEAM_0:0:26523066><Red>" with "tf_projectile_pipe_remote" (attacker_position "2661 10028 -335") (victim_position "2552 9639 -383")
L 03/21/2014 - 01:45:40: "{BFG} Sabre<155><STEAM_0:1:31072961><Blue>" say "lol fao"
L 03/21/2014 - 01:45:41: "{BFG} Nikdragon<108><STEAM_0:0:78154965><Red>" say "*summons a dentist*"
L 03/21/2014 - 01:45:44: "Isaac Rundrake<140><STEAM_0:1:40971448><Red>" triggered "chargedeployed"
L 03/21/2014 - 01:45:45: "Zingy Zigzagoon<143><STEAM_0:1:38093875><Red>" killed "Sammicus Panthera Tigris<134><STEAM_0:1:30442114><Blue>" with "tf_projectile_arrow" (attacker_position "3383 9351 20") (victim_position "3136 9573 -348")
L 03/21/2014 - 01:45:48: "{SCG} PhantomX999<114><STEAM_0:1:13432606><Red>" killed "Scruff<147><STEAM_0:0:61337606><Blue>" with "pep_brawlerblaster" (attacker_position "3137 9793 -95") (victim_position "3146 9975 -88")
L 03/21/2014 - 01:45:48: "Zingy Zigzagoon<143><STEAM_0:1:38093875><Red>" triggered "kill assist" against "Scruff<147><STEAM_0:0:61337606><Blue>" (assister_position "3450 9282 0") (attacker_position "3137 9793 -95") (victim_position "3146 9975 -88")
L 03/21/2014 - 01:45:49: "Shax<152><STEAM_0:0:30231507><Blue>" say "THat avvie is my character :3"
L 03/21/2014 - 01:45:51: "Fortune the Don<135><STEAM_0:0:33251108><Red>" killed "{SCG} Rowdy d(=^ï½¥Ï‰ï½¥^=)b<139><STEAM_0:0:21349373><Blue>" with "scattergun" (attacker_position "3760 10005 -146") (victim_position "4179 10106 -95")
L 03/21/2014 - 01:45:51: "The Mutagen(unstable)<89><STEAM_0:0:49010827><Red>" triggered "kill assist" against "{SCG} Rowdy d(=^ï½¥Ï‰ï½¥^=)b<139><STEAM_0:0:21349373><Blue>" (assister_position "3225 10009 -92") (attacker_position "3760 10005 -146") (victim_position "4179 10106 -95")
L 03/21/2014 - 01:45:51: "Fortune the Don<135><STEAM_0:0:33251108><Red>" triggered "domination" against "{SCG} Rowdy d(=^ï½¥Ï‰ï½¥^=)b<139><STEAM_0:0:21349373><Blue>"
L 03/21/2014 - 01:45:52: "Red Pandopticon<119><STEAM_0:0:15629443><Blue>" triggered "chargedeployed"
L 03/21/2014 - 01:45:52: "Admiral Crisp<133><STEAM_0:1:24520147><Red>" changed role to "spy"
L 03/21/2014 - 01:45:53: "{SCG}ExcelsiorTheLion(NoVoice)<151><STEAM_0:1:6659757><Blue>" killed "Fortune the Don<135><STEAM_0:0:33251108><Red>" with "tomislav" (attacker_position "3649 10129 -220") (victim_position "4210 10088 -95")
L 03/21/2014 - 01:45:53: "Red Pandopticon<119><STEAM_0:0:15629443><Blue>" triggered "kill assist" against "Fortune the Don<135><STEAM_0:0:33251108><Red>" (assister_position "3400 10057 -286") (attacker_position "3649 10129 -220") (victim_position "4210 10088 -95")
L 03/21/2014 - 01:45:57: "Isaac Rundrake<140><STEAM_0:1:40971448><Red>" triggered "player_extinguished" against "{SCG} PhantomX999<114><STEAM_0:1:13432606><Red>" with "tf_weapon_medigun" (attacker_position "3693 10458 -95") (victim_position "3352 10404 -47")
L 03/21/2014 - 01:45:57: "The Mutagen(unstable)<89><STEAM_0:0:49010827><Red>" triggered "chargedeployed"
L 03/21/2014 - 01:46:03: "Hoosktron<148><STEAM_0:0:33245321><Red>" killed "Shax<152><STEAM_0:0:30231507><Blue>" with "tf_projectile_rocket" (attacker_position "3284 10340 -95") (victim_position "3333 10351 -95")
L 03/21/2014 - 01:46:03: "The Mutagen(unstable)<89><STEAM_0:0:49010827><Red>" triggered "kill assist" against "Shax<152><STEAM_0:0:30231507><Blue>" (assister_position "3178 10315 -95") (attacker_position "3284 10340 -95") (victim_position "3333 10351 -95")
L 03/21/2014 - 01:46:05: "Hoosktron<148><STEAM_0:0:33245321><Red>" killed "{SCG}ExcelsiorTheLion(NoVoice)<151><STEAM_0:1:6659757><Blue>" with "tf_projectile_rocket" (attacker_position "3249 10363 -95") (victim_position "3328 10351 -95")
L 03/21/2014 - 01:46:05: "The Mutagen(unstable)<89><STEAM_0:0:49010827><Red>" triggered "kill assist" against "{SCG}ExcelsiorTheLion(NoVoice)<151><STEAM_0:1:6659757><Blue>" (assister_position "3073 10247 -95") (attacker_position "3249 10363 -95") (victim_position "3328 10351 -95")
L 03/21/2014 - 01:46:05: "Hoosktron<148><STEAM_0:0:33245321><Red>" killed "(void*)FoXX<146><STEAM_0:0:2179002><Blue>" with "tf_projectile_rocket" (attacker_position "3249 10363 -95") (victim_position "3387 10357 -95")
L 03/21/2014 - 01:46:05: "The Mutagen(unstable)<89><STEAM_0:0:49010827><Red>" triggered "kill assist" against "(void*)FoXX<146><STEAM_0:0:2179002><Blue>" (assister_position "3073 10247 -95") (attacker_position "3249 10363 -95") (victim_position "3387 10357 -95")
L 03/21/2014 - 01:46:05: "The Mutagen(unstable)<89><STEAM_0:0:49010827><Red>" triggered "revenge" against "(void*)FoXX<146><STEAM_0:0:2179002><Blue>" (assist "1")
L 03/21/2014 - 01:46:06: "Gord<141><STEAM_0:1:2327125><Blue>" triggered "medic_death" against "Isaac Rundrake<140><STEAM_0:1:40971448><Red>" (healing "1019") (ubercharge "0")
L 03/21/2014 - 01:46:06: "Gord<141><STEAM_0:1:2327125><Blue>" killed "Isaac Rundrake<140><STEAM_0:1:40971448><Red>" with "tf_projectile_pipe_remote" (attacker_position "3778 10091 -156") (victim_position "3096 10014 -88")
L 03/21/2014 - 01:46:08: "Gord<141><STEAM_0:1:2327125><Blue>" killed "Hoosktron<148><STEAM_0:0:33245321><Red>" with "tf_projectile_pipe_remote" (attacker_position "3715 9915 -159") (victim_position "3199 10012 -88")
L 03/21/2014 - 01:46:08: "Persi, the Neko God<12><STEAM_0:1:30286598><Blue>" triggered "kill assist" against "Hoosktron<148><STEAM_0:0:33245321><Red>" (assister_position "4146 10030 -95") (attacker_position "3715 9915 -159") (victim_position "3199 10012 -88")
L 03/21/2014 - 01:46:08: "Gord<141><STEAM_0:1:2327125><Blue>" triggered "domination" against "Hoosktron<148><STEAM_0:0:33245321><Red>"
L 03/21/2014 - 01:46:08: "Persi, the Neko God<12><STEAM_0:1:30286598><Blue>" triggered "revenge" against "Hoosktron<148><STEAM_0:0:33245321><Red>" (assist "1")
L 03/21/2014 - 01:46:11: "Zingy Zigzagoon<143><STEAM_0:1:38093875><Red>" killed "Persi, the Neko God<12><STEAM_0:1:30286598><Blue>" with "tf_projectile_arrow" (customkill "headshot") (attacker_position "4014 9277 0") (victim_position "4240 9367 0")
L 03/21/2014 - 01:46:14: "{BFG} Sabre<155><STEAM_0:1:31072961><Blue>" killed "{BFG} Nikdragon<108><STEAM_0:0:78154965><Red>" with "tf_projectile_arrow" (customkill "headshot") (attacker_position "4144 10108 -95") (victim_position "3477 9289 0")
L 03/21/2014 - 01:46:14: "Red Pandopticon<119><STEAM_0:0:15629443><Blue>" triggered "kill assist" against "{BFG} Nikdragon<108><STEAM_0:0:78154965><Red>" (assister_position "4174 9832 -95") (attacker_position "4144 10108 -95") (victim_position "3477 9289 0")
L 03/21/2014 - 01:46:18: "{SCG} Rowdy d(=^ï½¥Ï‰ï½¥^=)b<139><STEAM_0:0:21349373><Blue>" triggered "medic_death" against "The Mutagen(unstable)<89><STEAM_0:0:49010827><Red>" (healing "1070") (ubercharge "0")
L 03/21/2014 - 01:46:18: "{SCG} Rowdy d(=^ï½¥Ï‰ï½¥^=)b<139><STEAM_0:0:21349373><Blue>" killed "The Mutagen(unstable)<89><STEAM_0:0:49010827><Red>" with "flaregun" (attacker_position "3645 10320 -95") (victim_position "3407 10397 -95")
L 03/21/2014 - 01:46:18: "Gord<141><STEAM_0:1:2327125><Blue>" triggered "kill assist" against "The Mutagen(unstable)<89><STEAM_0:0:49010827><Red>" (assister_position "4049 10076 -116") (attacker_position "3645 10320 -95") (victim_position "3407 10397 -95")
L 03/21/2014 - 01:46:19: "{BFG} Sabre<155><STEAM_0:1:31072961><Blue>" killed "Zingy Zigzagoon<143><STEAM_0:1:38093875><Red>" with "tf_projectile_arrow" (customkill "headshot") (attacker_position "4279 9247 0") (victim_position "3446 9279 0")
L 03/21/2014 - 01:46:22: "Gord<141><STEAM_0:1:2327125><Blue>" committed suicide with "tf_projectile_pipe_remote" (attacker_position "3281 10361 -95")
L 03/21/2014 - 01:46:28: "1/2 Bit<150><STEAM_0:0:26523066><Red>" killed "Scruff<147><STEAM_0:0:61337606><Blue>" with "force_a_nature" (attacker_position "3326 10320 -95") (victim_position "3028 10384 -95")
L 03/21/2014 - 01:46:32: "{BFG} Sabre<155><STEAM_0:1:31072961><Blue>" say "yes"
L 03/21/2014 - 01:46:36: "Red Pandopticon<119><STEAM_0:0:15629443><Blue>" killed "{SCG} PhantomX999<114><STEAM_0:1:13432606><Red>" with "syringegun_medic" (attacker_position "4255 8569 0") (victim_position "4182 8417 0")
L 03/21/2014 - 01:46:36: "Sammicus Panthera Tigris<134><STEAM_0:1:30442114><Blue>" triggered "kill assist" against "{SCG} PhantomX999<114><STEAM_0:1:13432606><Red>" (assister_position "4123 8039 0") (attacker_position "4255 8569 0") (victim_position "4182 8417 0")
L 03/21/2014 - 01:46:37: "Persi, the Neko God<12><STEAM_0:1:30286598><Blue>" killed "1/2 Bit<150><STEAM_0:0:26523066><Red>" with "scattergun" (attacker_position "3725 10393 -95") (victim_position "3581 10362 -95")
L 03/21/2014 - 01:46:47: "Isaac Rundrake<140><STEAM_0:1:40971448><Red>" triggered "player_extinguished" against "Hoosktron<148><STEAM_0:0:33245321><Red>" with "tf_weapon_medigun" (attacker_position "2726 8027 -163") (victim_position "2800 7757 -243")
L 03/21/2014 - 01:46:47: "Persi, the Neko God<12><STEAM_0:1:30286598><Blue>" killed "Admiral Crisp<133><STEAM_0:1:24520147><Red>" with "scattergun" (attacker_position "3132 10028 -89") (victim_position "3250 10375 -95")
L 03/21/2014 - 01:46:47: "(void*)FoXX<146><STEAM_0:0:2179002><Blue>" triggered "kill assist" against "Admiral Crisp<133><STEAM_0:1:24520147><Red>" (assister_position "3031 10391 -95") (attacker_position "3132 10028 -89") (victim_position "3250 10375 -95")
L 03/21/2014 - 01:46:48: "{SCG} Rowdy d(=^ï½¥Ï‰ï½¥^=)b<139><STEAM_0:0:21349373><Blue>" triggered "medic_death" against "Isaac Rundrake<140><STEAM_0:1:40971448><Red>" (healing "219") (ubercharge "0")
L 03/21/2014 - 01:46:48: "{SCG} Rowdy d(=^ï½¥Ï‰ï½¥^=)b<139><STEAM_0:0:21349373><Blue>" killed "Isaac Rundrake<140><STEAM_0:1:40971448><Red>" with "deflect_rocket" (attacker_position "3159 7449 -221") (victim_position "2797 7611 -275")
L 03/21/2014 - 01:46:49: "Zingy Zigzagoon<143><STEAM_0:1:38093875><Red>" killed "{SCG} Rowdy d(=^ï½¥Ï‰ï½¥^=)b<139><STEAM_0:0:21349373><Blue>" with "tf_projectile_arrow" (customkill "headshot") (attacker_position "2658 7207 -271") (victim_position "3019 7478 -275")
L 03/21/2014 - 01:46:52: Team "Blue" triggered "pointcaptured" (cp "4") (cpname "Cap 1, Stage 3") (numcappers "2") (player1 "Persi, the Neko God<12><STEAM_0:1:30286598><Blue>") (position1 "3125 9786 -95") (player2 "Scruff<147><STEAM_0:0:61337606><Blue>") (position2 "3064 9943 -88") 
L 03/21/2014 - 01:47:04: "Fuck Boy<156><STEAM_0:0:40810888><>" connected, address "130.126.173.65:27005"
L 03/21/2014 - 01:47:04: "Fuck Boy<156><STEAM_0:0:40810888><>" STEAM USERID validated
L 03/21/2014 - 01:47:07: "Zingy Zigzagoon<143><STEAM_0:1:38093875><Red>" killed "Shax<152><STEAM_0:0:30231507><Blue>" with "fryingpan" (attacker_position "3753 9720 -214") (victim_position "3742 9669 -217")
L 03/21/2014 - 01:47:09: "{SCG}ExcelsiorTheLion(NoVoice)<151><STEAM_0:1:6659757><Blue>" killed "{BFG} Nikdragon<108><STEAM_0:0:78154965><Red>" with "tomislav" (attacker_position "2766 8408 0") (victim_position "2820 7808 -226")
L 03/21/2014 - 01:47:09: "Gord<141><STEAM_0:1:2327125><Blue>" triggered "kill assist" against "{BFG} Nikdragon<108><STEAM_0:0:78154965><Red>" (assister_position "3205 8125 -176") (attacker_position "2766 8408 0") (victim_position "2820 7808 -226")
L 03/21/2014 - 01:47:10: "{SCG}ExcelsiorTheLion(NoVoice)<151><STEAM_0:1:6659757><Blue>" killed "Hoosktron<148><STEAM_0:0:33245321><Red>" with "tomislav" (attacker_position "2708 8334 0") (victim_position "2851 7664 -220")
L 03/21/2014 - 01:47:10: "Scruff<147><STEAM_0:0:61337606><Blue>" triggered "kill assist" against "Hoosktron<148><STEAM_0:0:33245321><Red>" (assister_position "2545 8171 0") (attacker_position "2708 8334 0") (victim_position "2851 7664 -220")
L 03/21/2014 - 01:47:11: "{SCG}ExcelsiorTheLion(NoVoice)<151><STEAM_0:1:6659757><Blue>" triggered "medic_death" against "The Mutagen(unstable)<89><STEAM_0:0:49010827><Red>" (healing "610") (ubercharge "0")
L 03/21/2014 - 01:47:11: "{SCG}ExcelsiorTheLion(NoVoice)<151><STEAM_0:1:6659757><Blue>" killed "The Mutagen(unstable)<89><STEAM_0:0:49010827><Red>" with "tomislav" (attacker_position "2706 8325 0") (victim_position "2905 7410 -276")
L 03/21/2014 - 01:47:16: "Zingy Zigzagoon<143><STEAM_0:1:38093875><Red>" killed "Sammicus Panthera Tigris<134><STEAM_0:1:30442114><Blue>" with "tf_projectile_arrow" (customkill "feign_death") (attacker_position "4006 10238 -95") (victim_position "3336 10323 -95")
L 03/21/2014 - 01:47:26: "(void*)FoXX<146><STEAM_0:0:2179002><Blue>" killed "Admiral Crisp<133><STEAM_0:1:24520147><Red>" with "loose_cannon_impact" (attacker_position "2218 6855 -271") (victim_position "2246 6448 -427")
L 03/21/2014 - 01:47:28: "Gord<141><STEAM_0:1:2327125><Blue>" killed "1/2 Bit<150><STEAM_0:0:26523066><Red>" with "tf_projectile_pipe" (attacker_position "3161 6002 32") (victim_position "3321 5736 52")
L 03/21/2014 - 01:47:28: "Red Pandopticon<119><STEAM_0:0:15629443><Blue>" triggered "chargedeployed"
L 03/21/2014 - 01:47:33: "Scruff<147><STEAM_0:0:61337606><Blue>" triggered "medic_death" against "Isaac Rundrake<140><STEAM_0:1:40971448><Red>" (healing "162") (ubercharge "0")
L 03/21/2014 - 01:47:33: "Scruff<147><STEAM_0:0:61337606><Blue>" killed "Isaac Rundrake<140><STEAM_0:1:40971448><Red>" with "force_a_nature" (attacker_position "2430 5854 -63") (victim_position "2500 5640 -127")
L 03/21/2014 - 01:47:36: "Persi, the Neko God<12><STEAM_0:1:30286598><Blue>" killed "{SCG} PhantomX999<114><STEAM_0:1:13432606><Red>" with "scattergun" (attacker_position "2908 7480 -276") (victim_position "2703 7483 -281")
L 03/21/2014 - 01:47:36: "Red Pandopticon<119><STEAM_0:0:15629443><Blue>" triggered "kill assist" against "{SCG} PhantomX999<114><STEAM_0:1:13432606><Red>" (assister_position "2978 7443 -271") (attacker_position "2908 7480 -276") (victim_position "2703 7483 -281")
L 03/21/2014 - 01:47:38: Team "Blue" triggered "pointcaptured" (cp "5") (cpname "Cap 2, Stage 3") (numcappers "3") (player1 "Gord<141><STEAM_0:1:2327125><Blue>") (position1 "2888 5547 32") (player2 "Scruff<147><STEAM_0:0:61337606><Blue>") (position2 "2725 5586 39") (player3 "{BFG} Sabre<155><STEAM_0:1:31072961><Blue>") (position3 "2808 5409 32") 
L 03/21/2014 - 01:47:38: World triggered "Mini_Round_Win" (winner "Blue") (round "round_3")
L 03/21/2014 - 01:47:38: World triggered "Mini_Round_Length" (seconds "186.44")
L 03/21/2014 - 01:47:38: World triggered "Round_Win" (winner "Blue")
L 03/21/2014 - 01:47:38: Team "Red" current score "1" with "9" players
L 03/21/2014 - 01:47:38: Team "Blue" current score "12" with "10" players
L 03/21/2014 - 01:47:39: "Shax<152><STEAM_0:0:30231507><Blue>" killed "Fortune the Don<135><STEAM_0:0:33251108><Red>" with "scattergun" (attacker_position "2904 8445 0") (victim_position "3192 8495 0")
L 03/21/2014 - 01:47:40: "Gord<141><STEAM_0:1:2327125><Blue>" killed "Hoosktron<148><STEAM_0:0:33245321><Red>" with "tf_projectile_pipe_remote" (attacker_position "2808 5468 81") (victim_position "2902 5981 -63")
L 03/21/2014 - 01:47:40: "Persi, the Neko God<12><STEAM_0:1:30286598><Blue>" triggered "kill assist" against "Hoosktron<148><STEAM_0:0:33245321><Red>" (assister_position "2744 6385 -63") (attacker_position "2808 5468 81") (victim_position "2902 5981 -63")
L 03/21/2014 - 01:47:44: "Red Pandopticon<119><STEAM_0:0:15629443><Blue>" triggered "medic_death" against "The Mutagen(unstable)<89><STEAM_0:0:49010827><Red>" (healing "85") (ubercharge "0")
L 03/21/2014 - 01:47:44: "Red Pandopticon<119><STEAM_0:0:15629443><Blue>" killed "The Mutagen(unstable)<89><STEAM_0:0:49010827><Red>" with "ubersaw" (attacker_position "3074 5772 -127") (victim_position "3079 5779 -127")
L 03/21/2014 - 01:47:47: "Gord<141><STEAM_0:1:2327125><Blue>" killed "{BFG} Nikdragon<108><STEAM_0:0:78154965><Red>" with "persian_persuader" (attacker_position "3093 5559 -143") (victim_position "3104 5596 -143")
L 03/21/2014 - 01:47:47: "{SCG}ExcelsiorTheLion(NoVoice)<151><STEAM_0:1:6659757><Blue>" triggered "kill assist" against "{BFG} Nikdragon<108><STEAM_0:0:78154965><Red>" (assister_position "3128 5524 -143") (attacker_position "3093 5559 -143") (victim_position "3104 5596 -143")
L 03/21/2014 - 01:47:53: World triggered "Game_Over" reason "Reached Time Limit"
L 03/21/2014 - 01:47:53: Team "Red" final score "1" with "9" players
L 03/21/2014 - 01:47:53: Team "Blue" final score "12" with "10" players
L 03/21/2014 - 01:47:55: "Gord<141><STEAM_0:1:2327125><Blue>" say "gg :3"
L 03/21/2014 - 01:47:56: "The Mutagen(unstable)<89><STEAM_0:0:49010827><Red>" disconnected (reason "Disconnect by user.")
L 03/21/2014 - 01:47:57: "Scruff<147><STEAM_0:0:61337606><Blue>" say "I never got the "should I be offended" remark, that's walking into another joke"
L 03/21/2014 - 01:47:59: "Gord<141><STEAM_0:1:2327125><Blue>" say "gord's out."
L 03/21/2014 - 01:48:00: "Scruff<147><STEAM_0:0:61337606><Blue>" say "probably"
L 03/21/2014 - 01:48:03: [META] Loaded 0 plugins (4 already loaded)
L 03/21/2014 - 01:48:03: [META] Loaded 0 plugins (4 already loaded)
L 03/21/2014 - 01:48:03: Loading map "dr_horrors_prefinal"
L 03/21/2014 - 01:48:03: server cvars start
L 03/21/2014 - 01:48:03: "stripper_version" = "1.2.2"
L 03/21/2014 - 01:48:03: "thirdperson_version" = "2.1.0"
L 03/21/2014 - 01:48:03: "sm_zf_version" = "4.3.0.0"
L 03/21/2014 - 01:48:03: "tf2items_rnd_normals" = "0"
L 03/21/2014 - 01:48:03: "tf2items_rnd_enabled" = "0"
L 03/21/2014 - 01:48:03: "tf2items_rnd_version" = "1.591"
L 03/21/2014 - 01:48:03: "prophunt_redux_version" = "3.0.2"
L 03/21/2014 - 01:48:03: "sm_uberspawn" = "1.0"
L 03/21/2014 - 01:48:03: "ufov_version" = "1.2.0"
L 03/21/2014 - 01:48:03: "scp_version" = "1.1.5"
L 03/21/2014 - 01:48:03: "rainbowize_version" = "1.6.2"
L 03/21/2014 - 01:48:03: "improved_map_randomizer_version" = "3.4.5"
L 03/21/2014 - 01:48:03: "sm_executeconfigs_version" = "1.2.2"
L 03/21/2014 - 01:48:03: "sm_mapcron_version" = "1.2 RC"
L 03/21/2014 - 01:48:03: "sm_buildrestrict_version" = "0.5.5"
L 03/21/2014 - 01:48:03: "sm_namechangeinfo_version" = "13.0918.1"
L 03/21/2014 - 01:48:03: "sm_tf2ii_version" = "1.8.17.4-20130729"
L 03/21/2014 - 01:48:03: "nativevotes_version" = "0.8.1"
L 03/21/2014 - 01:48:03: "sm_commandcooldowns_version" = "14.0222.0"
L 03/21/2014 - 01:48:03: "sm_tnounlockspls_version" = "0.4.8"
L 03/21/2014 - 01:48:03: "sm_srvcln_version" = "1.2.2"
L 03/21/2014 - 01:48:03: "swapteam_version" = "1.2.5"
L 03/21/2014 - 01:48:03: "scme_version" = "1.0.0"
L 03/21/2014 - 01:48:03: "sm_tnounlockspls_noext_version" = "0.4.0"
L 03/21/2014 - 01:48:03: "sm_fakeandforce_version" = "2.0"
L 03/21/2014 - 01:48:03: "sourcecomms_version" = "0.8.253"
L 03/21/2014 - 01:48:03: "nativevotes_basevotes_version" = "1.5.2"
L 03/21/2014 - 01:48:03: "sb_version" = "1.4.8"
L 03/21/2014 - 01:48:03: "basicdonator_recog_v" = "0.5"
L 03/21/2014 - 01:48:03: "fw_money_balance" = "1000"
L 03/21/2014 - 01:48:03: "fw_money_destroy_sentry" = "75"
L 03/21/2014 - 01:48:03: "fw_money_destroy_dispenser" = "75"
L 03/21/2014 - 01:48:03: "fw_money_backstab" = "50"
L 03/21/2014 - 01:48:03: "fw_money_headshot" = "50"
L 03/21/2014 - 01:48:03: "fw_money_domination" = "300"
L 03/21/2014 - 01:48:03: "fw_money_kill" = "100"
L 03/21/2014 - 01:48:03: "fw_money_win" = "1000"
L 03/21/2014 - 01:48:03: "fw_money_start" = "1000"
L 03/21/2014 - 01:48:03: "fw_unlock_menu_style" = "1"
L 03/21/2014 - 01:48:03: "fw_lulz" = "0"
L 03/21/2014 - 01:48:03: "fw_no_limit_time" = "60"
L 03/21/2014 - 01:48:03: "fw_setup_time" = "-1"
L 03/21/2014 - 01:48:03: "fw_prop_shadows" = "1"
L 03/21/2014 - 01:48:03: "fw_prop_health_multipler" = "1"
L 03/21/2014 - 01:48:03: "fw_stuck_protection" = "1"
L 03/21/2014 - 01:48:03: "fw_custom_spawn" = "0"
L 03/21/2014 - 01:48:03: "fw_spawn_protection" = "2.5"
L 03/21/2014 - 01:48:03: "fw_props_per_player_admin" = "70"
L 03/21/2014 - 01:48:03: "fw_props_per_player" = "70"
L 03/21/2014 - 01:48:03: "fw_props_per_team" = "250"
L 03/21/2014 - 01:48:03: "fw_maps" = "1"
L 03/21/2014 - 01:48:03: "fw_sql" = "1"
L 03/21/2014 - 01:48:03: "fw_version" = "6.52"
L 03/21/2014 - 01:48:03: "sm_testingtime_version" = "1.2"
L 03/21/2014 - 01:48:03: "stockmodels_version" = "1.0"
L 03/21/2014 - 01:48:03: "tf_models_list" = "tf2_modellist"
L 03/21/2014 - 01:48:03: "tf_models_blocktriggers" = "1"
L 03/21/2014 - 01:48:03: "tf_models_delayonspawn" = "0.1"
L 03/21/2014 - 01:48:03: "tf_models_force_admins" = "0"
L 03/21/2014 - 01:48:03: "tf_models_force_users" = "0"
L 03/21/2014 - 01:48:03: "tf_models_announce_plugin" = "1"
L 03/21/2014 - 01:48:03: "tf_models_announce" = "1"
L 03/21/2014 - 01:48:03: "tf_models_admin_override" = "0"
L 03/21/2014 - 01:48:03: "tf_models_admin_flags" = "b"
L 03/21/2014 - 01:48:03: "tf_models_version" = "1.0.3"
L 03/21/2014 - 01:48:03: "adsql_serverid" = "tf2rainbow"
L 03/21/2014 - 01:48:03: "adsql_version" = "2.4.0"
L 03/21/2014 - 01:48:03: "sm_redirect_version" = "1.2"
L 03/21/2014 - 01:48:03: "sm_snake_version" = "1.0"
L 03/21/2014 - 01:48:03: "webshortcutsredux_version" = "1.1"
L 03/21/2014 - 01:48:03: "sm_speechfun_version" = "1.0.2"
L 03/21/2014 - 01:48:03: "sm_hatremoval_version" = "1.1a"
L 03/21/2014 - 01:48:03: "sm_helpmenu_version" = "0.3"
L 03/21/2014 - 01:48:03: "sm_tnounlockspls_announce_version" = "0.4.0"
L 03/21/2014 - 01:48:03: "dts_version" = "1.1"
L 03/21/2014 - 01:48:03: "sm_cannounce_version" = "1.2"
L 03/21/2014 - 01:48:03: "fcg_version" = "1.1"
L 03/21/2014 - 01:48:03: "tf2attributes_version" = "1.1.1"
L 03/21/2014 - 01:48:03: "sm_resize_version" = "1.4.0"
L 03/21/2014 - 01:48:03: "sm_evilrocket_version" = "1.0.110"
L 03/21/2014 - 01:48:03: "sentryfun_version" = "1.3"
L 03/21/2014 - 01:48:03: "sentryfun_enabled" = "1"
L 03/21/2014 - 01:48:03: "sm_tf_maxclass" = "99999"
L 03/21/2014 - 01:48:03: "sm_textreplacer_version" = "0.2"
L 03/21/2014 - 01:48:03: "sm_gscramble_version" = "3.0.13"
L 03/21/2014 - 01:48:03: "gs_enabled" = "1"
L 03/21/2014 - 01:48:03: "sm_rtrigs" = "1"
L 03/21/2014 - 01:48:03: "sm_rtrigs_version" = "1.10"
L 03/21/2014 - 01:48:03: "tf2_decap_ver" = "1.0"
L 03/21/2014 - 01:48:03: "highfiveenemy_version" = "1.0"
L 03/21/2014 - 01:48:03: "sm_tnounlockspls_tf2items_version" = "0.4.0"
L 03/21/2014 - 01:48:03: "tfh_valentines" = "0"
L 03/21/2014 - 01:48:03: "tfh_meetthepyro" = "0"
L 03/21/2014 - 01:48:03: "tfh_winter" = "1"
L 03/21/2014 - 01:48:03: "tfh_birthday" = "0"
L 03/21/2014 - 01:48:03: "tfh_fullmoon" = "1"
L 03/21/2014 - 01:48:03: "tfh_halloween" = "-1"
L 03/21/2014 - 01:48:03: "tfh_use_overrides" = "1"
L 03/21/2014 - 01:48:03: "tfh_enabled" = "1"
L 03/21/2014 - 01:48:03: "tfh_version" = "1.8.1"
L 03/21/2014 - 01:48:03: "sm_customvotes_version" = "1.0"
L 03/21/2014 - 01:48:03: "sm_rtd_version" = "0.4.3.2"
L 03/21/2014 - 01:48:03: "sm_tnounlockspls_menu_version" = "0.4.0"
L 03/21/2014 - 01:48:03: "lights_version" = "0.6"
L 03/21/2014 - 01:48:03: "sm_downloader_version" = "1.4"
L 03/21/2014 - 01:48:03: "sm_spec_players" = "1"
L 03/21/2014 - 01:48:03: "sm_funcommandsx_version" = "2.3"
L 03/21/2014 - 01:48:03: "sm_adminlistmenu_version" = "1.0"
L 03/21/2014 - 01:48:03: "tf2items_manager" = "1"
L 03/21/2014 - 01:48:03: "tf2items_manager_version" = "1.4.1"
L 03/21/2014 - 01:48:03: "sm_respawn_override_version" = "1.0.1-20131019"
L 03/21/2014 - 01:48:03: "sm_setspeed_log" = "1"
L 03/21/2014 - 01:48:03: "sm_setspeed_chat" = "1"
L 03/21/2014 - 01:48:03: "sm_setspeed_version" = "1.3.1"
L 03/21/2014 - 01:48:03: "sm_spray_version" = "5.8a"
L 03/21/2014 - 01:48:03: "goomba_version" = "2.0.2"
L 03/21/2014 - 01:48:03: "sm_adminsmite_version" = "2.1"
L 03/21/2014 - 01:48:03: "mc_version" = "1.1.1"
L 03/21/2014 - 01:48:03: "sm_setplayerclass_version" = "1.0.1"
L 03/21/2014 - 01:48:03: "sm_tetris_version" = "1.0"
L 03/21/2014 - 01:48:03: "sm_hdmgtracker_version" = "1.2.2"
L 03/21/2014 - 01:48:03: "cid_mintime" = "10.0"
L 03/21/2014 - 01:48:03: "cid_maxdist" = "10000.0"
L 03/21/2014 - 01:48:03: "cid_enabled" = "1"
L 03/21/2014 - 01:48:03: "cid_version" = "1.1"
L 03/21/2014 - 01:48:03: "basicdonator_version" = "0.8"
L 03/21/2014 - 01:48:03: "sm_afkm_version" = "3.5.2"
L 03/21/2014 - 01:48:03: "sgadmins_version" = "1.2.0"
L 03/21/2014 - 01:48:03: "melee_version" = "0.4.1"
L 03/21/2014 - 01:48:03: "sm_pregame_slaughter_version" = "1.0.5.1"
L 03/21/2014 - 01:48:03: "fc_version" = "2.0"
L 03/21/2014 - 01:48:03: "jinglenotify_version" = "1.0.0"
L 03/21/2014 - 01:48:03: "sm_tf_captoggle" = "0.0.3"
L 03/21/2014 - 01:48:03: "sm_ignorelist_version" = "0x02"
L 03/21/2014 - 01:48:03: "tf2items_giveweapon_version" = "3.14159"
L 03/21/2014 - 01:48:03: "sm_bsd_version" = "2.0.0"
L 03/21/2014 - 01:48:03: "sm_rweapons_version" = "1.3"
L 03/21/2014 - 01:48:03: "sm_commanddump_version" = "1.1.0"
L 03/21/2014 - 01:48:03: "store_version" = "1.1-alpha"
L 03/21/2014 - 01:48:03: "sm_allchat_version" = "1.1.1"
L 03/21/2014 - 01:48:03: "sm_classrestrict_version" = "0.6"
L 03/21/2014 - 01:48:03: "sm_playersvotes_redux_version" = "1.3"
L 03/21/2014 - 01:48:03: "steamtools_version" = "0.8.3"
L 03/21/2014 - 01:48:03: "tf2items_version" = "1.6.0"
L 03/21/2014 - 01:48:03: "sm_nextmap" = "dr_horrors_prefinal"
L 03/21/2014 - 01:48:03: "sourcemod_version" = "1.5.3-dev+4004"
L 03/21/2014 - 01:48:03: "metamod_version" = "1.10.1-devV"
L 03/21/2014 - 01:48:03: "tf_playergib" = "1"
L 03/21/2014 - 01:48:03: "tf_allow_player_use" = "0"
L 03/21/2014 - 01:48:03: "tf_mvm_death_penalty" = "0"
L 03/21/2014 - 01:48:03: "sv_maxusrcmdprocessticks" = "24"
L 03/21/2014 - 01:48:03: "mp_teamplay" = "0"
L 03/21/2014 - 01:48:03: "mp_falldamage" = "0"
L 03/21/2014 - 01:48:03: "mp_weaponstay" = "0"
L 03/21/2014 - 01:48:03: "mp_forcerespawn" = "1"
L 03/21/2014 - 01:48:03: "mp_footsteps" = "1"
L 03/21/2014 - 01:48:03: "mp_flashlight" = "1"
L 03/21/2014 - 01:48:03: "mp_autocrosshair" = "1"
L 03/21/2014 - 01:48:03: "decalfrequency" = "10"
L 03/21/2014 - 01:48:03: "mp_teamlist" = "hgrunt;scientist"
L 03/21/2014 - 01:48:03: "mp_allowNPCs" = "1"
L 03/21/2014 - 01:48:03: "sv_alltalk" = "1"
L 03/21/2014 - 01:48:03: "tf_weapon_criticals" = "1"
L 03/21/2014 - 01:48:03: "tf_damage_disablespread" = "1"
L 03/21/2014 - 01:48:03: "tf_player_name_change_time" = "60"
L 03/21/2014 - 01:48:03: "tf_force_holidays_off" = "0"
L 03/21/2014 - 01:48:03: "tf_birthday" = "0"
L 03/21/2014 - 01:48:03: "mp_windifference" = "0"
L 03/21/2014 - 01:48:03: "mp_windifference_min" = "0"
L 03/21/2014 - 01:48:03: "tf_medieval" = "0"
L 03/21/2014 - 01:48:03: "tf_medieval_autorp" = "1"
L 03/21/2014 - 01:48:03: "tf_arena_force_class" = "0"
L 03/21/2014 - 01:48:03: "tf_arena_change_limit" = "1"
L 03/21/2014 - 01:48:03: "tf_arena_override_cap_enable_time" = "-1"
L 03/21/2014 - 01:48:03: "tf_arena_first_blood" = "1"
L 03/21/2014 - 01:48:03: "tf_mvm_min_players_to_start" = "3"
L 03/21/2014 - 01:48:03: "tf_gamemode_arena" = "0"
L 03/21/2014 - 01:48:03: "tf_gamemode_cp" = "1"
L 03/21/2014 - 01:48:03: "tf_gamemode_ctf" = "0"
L 03/21/2014 - 01:48:03: "tf_gamemode_sd" = "0"
L 03/21/2014 - 01:48:03: "tf_gamemode_payload" = "0"
L 03/21/2014 - 01:48:03: "tf_gamemode_mvm" = "0"
L 03/21/2014 - 01:48:03: "tf_bot_count" = "0"
L 03/21/2014 - 01:48:03: "tf_teamtalk" = "0"
L 03/21/2014 - 01:48:03: "tf_ctf_bonus_time" = "10"
L 03/21/2014 - 01:48:03: "tf_maxspeed" = "400"
L 03/21/2014 - 01:48:03: "tf_max_charge_speed" = "750"
L 03/21/2014 - 01:48:03: "tf_use_fixed_weaponspreads" = "0"
L 03/21/2014 - 01:48:03: "tf_overtime_nag" = "0"
L 03/21/2014 - 01:48:03: "mp_tournament" = "0"
L 03/21/2014 - 01:48:03: "mp_highlander" = "0"
L 03/21/2014 - 01:48:03: "mp_maxrounds" = "0"
L 03/21/2014 - 01:48:03: "mp_winlimit" = "0"
L 03/21/2014 - 01:48:03: "mp_disable_respawn_times" = "0"
L 03/21/2014 - 01:48:03: "mp_stalemate_meleeonly" = "0"
L 03/21/2014 - 01:48:03: "mp_forceautoteam" = "0"
L 03/21/2014 - 01:48:03: "mp_autoteambalance" = "0"
L 03/21/2014 - 01:48:03: "mp_stalemate_enable" = "1"
L 03/21/2014 - 01:48:03: "mp_match_end_at_timelimit" = "0"
L 03/21/2014 - 01:48:03: "mp_holiday_nogifts" = "0"
L 03/21/2014 - 01:48:03: "mp_scrambleteams_auto" = "0"
L 03/21/2014 - 01:48:03: "mp_scrambleteams_auto_windifference" = "2"
L 03/21/2014 - 01:48:03: "mp_timelimit" = "30"
L 03/21/2014 - 01:48:03: "mp_fraglimit" = "0"
L 03/21/2014 - 01:48:03: "nextlevel" = ""
L 03/21/2014 - 01:48:03: "sv_gravity" = "800"
L 03/21/2014 - 01:48:03: "sv_stopspeed" = "100"
L 03/21/2014 - 01:48:03: "sv_noclipaccelerate" = "5"
L 03/21/2014 - 01:48:03: "sv_noclipspeed" = "5"
L 03/21/2014 - 01:48:03: "sv_specaccelerate" = "5"
L 03/21/2014 - 01:48:03: "sv_specspeed" = "3"
L 03/21/2014 - 01:48:03: "sv_specnoclip" = "1"
L 03/21/2014 - 01:48:03: "sv_maxspeed" = "320"
L 03/21/2014 - 01:48:03: "sv_accelerate" = "10"
L 03/21/2014 - 01:48:03: "sv_airaccelerate" = "10"
L 03/21/2014 - 01:48:03: "sv_wateraccelerate" = "10"
L 03/21/2014 - 01:48:03: "sv_waterfriction" = "1"
L 03/21/2014 - 01:48:03: "sv_footsteps" = "1"
L 03/21/2014 - 01:48:03: "sv_rollspeed" = "200"
L 03/21/2014 - 01:48:03: "sv_rollangle" = "0"
L 03/21/2014 - 01:48:03: "sv_friction" = "4"
L 03/21/2014 - 01:48:03: "sv_bounce" = "0"
L 03/21/2014 - 01:48:03: "sv_stepsize" = "18"
L 03/21/2014 - 01:48:03: "r_VehicleViewDampen" = "1"
L 03/21/2014 - 01:48:03: "r_JeepViewDampenFreq" = "7.0"
L 03/21/2014 - 01:48:03: "r_JeepViewDampenDamp" = "1.0"
L 03/21/2014 - 01:48:03: "r_JeepViewZHeight" = "10.0"
L 03/21/2014 - 01:48:03: "r_AirboatViewDampenFreq" = "7.0"
L 03/21/2014 - 01:48:03: "r_AirboatViewDampenDamp" = "1.0"
L 03/21/2014 - 01:48:03: "r_AirboatViewZHeight" = "0.0"
L 03/21/2014 - 01:48:03: "mp_fadetoblack" = "0"
L 03/21/2014 - 01:48:03: "tf_mm_servermode" = "0"
L 03/21/2014 - 01:48:03: "tf_mm_strict" = "0"
L 03/21/2014 - 01:48:03: "tf_mm_trusted" = "0"
L 03/21/2014 - 01:48:03: "tf_server_identity_disable_quickplay" = "0"
L 03/21/2014 - 01:48:03: "sv_registration_successful" = "1"
L 03/21/2014 - 01:48:03: "sv_registration_message" = ""
L 03/21/2014 - 01:48:03: "sv_steamgroup" = ""
L 03/21/2014 - 01:48:03: "sv_cheats" = "0"
L 03/21/2014 - 01:48:03: "sv_pausable" = "0"
L 03/21/2014 - 01:48:03: "sv_contact" = "theoneandonly@rowedahelicon.com"
L 03/21/2014 - 01:48:03: "sv_voiceenable" = "1"
L 03/21/2014 - 01:48:03: "tv_enable" = "0"
L 03/21/2014 - 01:48:03: "deathmatch" = "1"
L 03/21/2014 - 01:48:03: "coop" = "0"
L 03/21/2014 - 01:48:03: "tv_password" = ""
L 03/21/2014 - 01:48:03: "tv_relaypassword" = ""
L 03/21/2014 - 01:48:03: "sv_password" = ""
L 03/21/2014 - 01:48:03: server cvars end
L 03/21/2014 - 01:48:05: Started map "dr_horrors_prefinal" (CRC "05a975696f054f85b64866f51a35a34f")
L 03/21/2014 - 01:48:05: Executing dedicated server config file server.cfg
L 03/21/2014 - 01:48:10: server_cvar: "tf_gamemode_cp" "0"
L 03/21/2014 - 01:48:10: server_cvar: "tf_gamemode_arena" "1"
L 03/21/2014 - 01:48:11: WARNING: ClientActive, but we don't know his SteamID?
L 03/21/2014 - 01:48:11: "Replay 2: The Replayening<2><BOT><>" entered the game
L 03/21/2014 - 01:48:11: "Replay 2: The Replayening<2><BOT><Unassigned>" joined team "Spectator"
L 03/21/2014 - 01:48:11: server_cvar: "tf_models_list" "TF2_ItemList"
L 03/21/2014 - 01:48:11: server_cvar: "mp_autoteambalance" "1"
L 03/21/2014 - 01:48:11: server_cvar: "tf_models_list" "tf2_modellist"
L 03/21/2014 - 01:48:11: STEAMAUTH: Client Gord received failure code 6
L 03/21/2014 - 01:48:11: "Gord<141><STEAM_0:1:2327125><>" disconnected (reason "Client left game (Steam auth ticket has been canceled)
")
L 03/21/2014 - 01:48:11: server_cvar: "mp_timelimit" "25"
L 03/21/2014 - 01:48:11: server_cvar: "gs_enabled" "0"
L 03/21/2014 - 01:48:11: server_cvar: "mp_autoteambalance" "0"
L 03/21/2014 - 01:48:11: server_cvar: "tf_arena_first_blood" "0"
L 03/21/2014 - 01:48:11: server_cvar: "sm_nextmap" "ctf_turbine_pro_b1"
L 03/21/2014 - 01:48:26: "Persi, the Neko God<12><STEAM_0:1:30286598><>" entered the game
L 03/21/2014 - 01:48:27: World triggered "Round_Stalemate"
L 03/21/2014 - 01:48:27: Team "Red" current score "0" with "0" players
L 03/21/2014 - 01:48:27: Team "Blue" current score "0" with "0" players
L 03/21/2014 - 01:48:27: server_cvar: "mp_disable_respawn_times" "1"
L 03/21/2014 - 01:48:29: "Fortune the Don<135><STEAM_0:0:33251108><>" entered the game
L 03/21/2014 - 01:48:30: "Persi, the Neko God<12><STEAM_0:1:30286598><Unassigned>" joined team "Red"
L 03/21/2014 - 01:48:32: "Persi, the Neko God<12><STEAM_0:1:30286598><Red>" changed role to "medic"
L 03/21/2014 - 01:48:39: "Fortune the Don<135><STEAM_0:0:33251108><Unassigned>" joined team "Blue"
L 03/21/2014 - 01:48:40: "Fortune the Don<135><STEAM_0:0:33251108><Blue>" changed role to "scout"
L 03/21/2014 - 01:48:42: World triggered "Round_Start"
L 03/21/2014 - 01:48:42: World triggered "Round_Setup_Begin"
L 03/21/2014 - 01:48:43: "Fortune the Don<135><STEAM_0:0:33251108><Blue>" changed role to "sniper"
L 03/21/2014 - 01:48:43: "Fortune the Don<135><STEAM_0:0:33251108><Blue>" joined team "Red"
L 03/21/2014 - 01:48:44: "Fortune the Don<135><STEAM_0:0:33251108><Red>" joined team "Blue"
L 03/21/2014 - 01:48:45: "Fortune the Don<135><STEAM_0:0:33251108><Blue>" changed role to "medic"
L 03/21/2014 - 01:48:54: "{BFG} Nikdragon<108><STEAM_0:0:78154965><>" entered the game
L 03/21/2014 - 01:48:57: "Hoosktron<148><STEAM_0:0:33245321><>" entered the game
L 03/21/2014 - 01:48:58: "Isaac Rundrake<140><STEAM_0:1:40971448><>" entered the game
L 03/21/2014 - 01:49:02: "Fortune the Don<135><STEAM_0:0:33251108><Blue>" say "bluuuuhhhhhhh"
L 03/21/2014 - 01:49:03: "1/2 Bit<150><STEAM_0:0:26523066><>" entered the game
L 03/21/2014 - 01:49:03: "{SCG} FaolPlay<133><STEAM_0:1:24520147><>" entered the game
L 03/21/2014 - 01:49:03: "Hoosktron<148><STEAM_0:0:33245321><Unassigned>" joined team "Red"
L 03/21/2014 - 01:49:05: "Hoosktron<148><STEAM_0:0:33245321><Red>" changed role to "medic"
L 03/21/2014 - 01:49:07: "{BFG} Nikdragon<108><STEAM_0:0:78154965><Unassigned>" joined team "Red"
L 03/21/2014 - 01:49:08: "{BFG} Nikdragon<108><STEAM_0:0:78154965><Red>" changed role to "medic"
L 03/21/2014 - 01:49:08: "1/2 Bit<150><STEAM_0:0:26523066><Unassigned>" joined team "Red"
L 03/21/2014 - 01:49:10: "1/2 Bit<150><STEAM_0:0:26523066><Red>" changed role to "medic"
L 03/21/2014 - 01:49:12: "Isaac Rundrake<140><STEAM_0:1:40971448><Unassigned>" joined team "Red"
L 03/21/2014 - 01:49:13: "Isaac Rundrake<140><STEAM_0:1:40971448><Red>" changed role to "medic"
L 03/21/2014 - 01:49:16: "{SCG}ExcelsiorTheLion(NoVoice)<151><STEAM_0:1:6659757><>" disconnected (reason "{SCG}ExcelsiorTheLion(NoVoice) timed out")
L 03/21/2014 - 01:49:20: "{SCG} Rowdy d(=^ï½¥Ï‰ï½¥^=)b<139><STEAM_0:0:21349373><>" entered the game
L 03/21/2014 - 01:49:22: "{SCG} Rowdy d(=^ï½¥Ï‰ï½¥^=)b<139><STEAM_0:0:21349373><Unassigned>" joined team "Red"
L 03/21/2014 - 01:49:23: "{SCG} Rowdy d(=^ï½¥Ï‰ï½¥^=)b<139><STEAM_0:0:21349373><Red>" changed role to "medic"
L 03/21/2014 - 01:49:29: "{SCG} FaolPlay<133><STEAM_0:1:24520147><Unassigned>" joined team "Red"
L 03/21/2014 - 01:49:30: "{SCG} FaolPlay<133><STEAM_0:1:24520147><Red>" changed role to "medic"
L 03/21/2014 - 01:49:31: "Fortune the Don<0><STEAM_0:0:33251108><Blue>" triggered "medic_death" against "Fortune the Don<135><STEAM_0:0:33251108><Blue>" (healing "0") (ubercharge "0")
L 03/21/2014 - 01:49:31: "Fortune the Don<135><STEAM_0:0:33251108><Blue>" committed suicide with "world" (attacker_position "121 -888 64")
L 03/21/2014 - 01:49:31: World triggered "Round_Win" (winner "Red")
L 03/21/2014 - 01:49:31: World triggered "Round_Length" (seconds "49.50")
L 03/21/2014 - 01:49:31: Team "Red" current score "1" with "7" players
L 03/21/2014 - 01:49:31: Team "Blue" current score "0" with "1" players
L 03/21/2014 - 01:49:33: "Shax<152><STEAM_0:0:30231507><>" entered the game
L 03/21/2014 - 01:49:35: "Zingy Zigzagoon<143><STEAM_0:1:38093875><>" entered the game
L 03/21/2014 - 01:49:38: "Persi, the Neko God<0><STEAM_0:1:30286598><Red>" triggered "medic_death" against "Persi, the Neko God<12><STEAM_0:1:30286598><Red>" (healing "0") (ubercharge "0")
L 03/21/2014 - 01:49:38: "Persi, the Neko God<12><STEAM_0:1:30286598><Red>" committed suicide with "world" (attacker_position "-275 -561 -1921")
L 03/21/2014 - 01:49:40: "Zingy Zigzagoon<143><STEAM_0:1:38093875><Unassigned>" joined team "Blue"
L 03/21/2014 - 01:49:40: "Sammicus Panthera Tigris<134><STEAM_0:1:30442114><>" entered the game
L 03/21/2014 - 01:49:42: "Zingy Zigzagoon<143><STEAM_0:1:38093875><Blue>" changed role to "medic"
L 03/21/2014 - 01:49:43: server_cvar: "mp_disable_respawn_times" "0"
L 03/21/2014 - 01:49:46: World triggered "Round_Start"
L 03/21/2014 - 01:49:46: World triggered "Round_Setup_Begin"
L 03/21/2014 - 01:49:46: "Sammicus Panthera Tigris<134><STEAM_0:1:30442114><Unassigned>" joined team "Blue"
L 03/21/2014 - 01:49:47: "Shax<152><STEAM_0:0:30231507><Unassigned>" joined team "Red"
L 03/21/2014 - 01:49:47: "Sammicus Panthera Tigris<134><STEAM_0:1:30442114><Blue>" joined team "Red"
L 03/21/2014 - 01:49:47: "Fortune the Don<135><STEAM_0:0:33251108><Blue>" joined team "Red"
L 03/21/2014 - 01:49:47: "Fortune the Don<135><STEAM_0:0:33251108><Red>" triggered "medic_death" against "Fortune the Don<135><STEAM_0:0:33251108><Red>" (healing "0") (ubercharge "0")
L 03/21/2014 - 01:49:47: "Fortune the Don<135><STEAM_0:0:33251108><Red>" committed suicide with "world" (attacker_position "146 -893 64")
L 03/21/2014 - 01:49:47: "Zingy Zigzagoon<143><STEAM_0:1:38093875><Blue>" joined team "Red"
L 03/21/2014 - 01:49:47: "Zingy Zigzagoon<143><STEAM_0:1:38093875><Red>" triggered "medic_death" against "Zingy Zigzagoon<143><STEAM_0:1:38093875><Red>" (healing "0") (ubercharge "0")
L 03/21/2014 - 01:49:47: "Zingy Zigzagoon<143><STEAM_0:1:38093875><Red>" committed suicide with "world" (attacker_position "146 -893 64")
L 03/21/2014 - 01:49:48: "Fortune the Don<135><STEAM_0:0:33251108><Red>" say "I got bored of waiting and didn't know I'd die for standing still ;/"
L 03/21/2014 - 01:49:48: "Isaac Rundrake<140><STEAM_0:1:40971448><Red>" joined team "Blue"
L 03/21/2014 - 01:49:48: "Isaac Rundrake<140><STEAM_0:1:40971448><Blue>" triggered "medic_death" against "Isaac Rundrake<140><STEAM_0:1:40971448><Blue>" (healing "0") (ubercharge "0")
L 03/21/2014 - 01:49:48: "Isaac Rundrake<140><STEAM_0:1:40971448><Blue>" committed suicide with "world" (attacker_position "-1600 -976 0")
L 03/21/2014 - 01:49:49: "Sammicus Panthera Tigris<134><STEAM_0:1:30442114><Red>" changed role to "medic"
L 03/21/2014 - 01:49:50: "Shax<152><STEAM_0:0:30231507><Red>" changed role to "medic"
L 03/21/2014 - 01:49:56: "Fortune the Don<135><STEAM_0:0:33251108><Red>" say "good blue round"
L 03/21/2014 - 01:50:08: "{SCG} FaolPlay<0><STEAM_0:1:24520147><Red>" triggered "medic_death" against "{SCG} FaolPlay<133><STEAM_0:1:24520147><Red>" (healing "0") (ubercharge "0")
L 03/21/2014 - 01:50:08: "{SCG} FaolPlay<133><STEAM_0:1:24520147><Red>" committed suicide with "world" (attacker_position "-284 -507 -1843")
L 03/21/2014 - 01:50:09: "{SCG} PhantomX999<114><STEAM_0:1:13432606><>" entered the game
L 03/21/2014 - 01:50:11: "Hoosktron<0><STEAM_0:0:33245321><Red>" triggered "medic_death" against "Hoosktron<148><STEAM_0:0:33245321><Red>" (healing "0") (ubercharge "0")
L 03/21/2014 - 01:50:11: "Hoosktron<148><STEAM_0:0:33245321><Red>" committed suicide with "world" (attacker_position "-156 -519 -1842")
L 03/21/2014 - 01:50:15: "{SCG}ExcelsiorTheLion(NoVoice)<157><STEAM_0:1:6659757><>" connected, address "76.191.154.141:27005"
L 03/21/2014 - 01:50:16: "{SCG}ExcelsiorTheLion(NoVoice)<157><STEAM_0:1:6659757><>" STEAM USERID validated
L 03/21/2014 - 01:50:17: "{SCG} PhantomX999<114><STEAM_0:1:13432606><Unassigned>" joined team "Blue"
L 03/21/2014 - 01:50:18: "{SCG} PhantomX999<114><STEAM_0:1:13432606><Blue>" changed role to "medic"
L 03/21/2014 - 01:50:32: "Shax<0><STEAM_0:0:30231507><Red>" triggered "medic_death" against "Shax<152><STEAM_0:0:30231507><Red>" (healing "0") (ubercharge "0")
L 03/21/2014 - 01:50:32: "Shax<152><STEAM_0:0:30231507><Red>" committed suicide with "world" (attacker_position "-350 335 0")
L 03/21/2014 - 01:50:33: "Zingy Zigzagoon<0><STEAM_0:1:38093875><Red>" triggered "medic_death" against "Zingy Zigzagoon<143><STEAM_0:1:38093875><Red>" (healing "0") (ubercharge "0")
L 03/21/2014 - 01:50:33: "Zingy Zigzagoon<143><STEAM_0:1:38093875><Red>" committed suicide with "world" (attacker_position "-339 356 0")
L 03/21/2014 - 01:50:41: "Scruff<147><STEAM_0:0:61337606><>" entered the game
L 03/21/2014 - 01:50:45: "Scruff<147><STEAM_0:0:61337606><Unassigned>" joined team "Blue"
L 03/21/2014 - 01:50:46: "{BFG} Nikdragon<0><STEAM_0:0:78154965><Red>" triggered "medic_death" against "{BFG} Nikdragon<108><STEAM_0:0:78154965><Red>" (healing "0") (ubercharge "0")
L 03/21/2014 - 01:50:46: "{BFG} Nikdragon<108><STEAM_0:0:78154965><Red>" committed suicide with "world" (attacker_position "-263 540 -62")
L 03/21/2014 - 01:50:46: "Scruff<147><STEAM_0:0:61337606><Blue>" changed role to "scout"
L 03/21/2014 - 01:50:48: "Scruff<147><STEAM_0:0:61337606><Blue>" changed role to "medic"
L 03/21/2014 - 01:50:50: "{SCG} Rowdy d(=^ï½¥Ï‰ï½¥^=)b<139><STEAM_0:0:21349373><Red>" say "(ï½€ãƒ»Ï‰ãƒ»Â´)"
L 03/21/2014 - 01:50:55: "Sammicus Panthera Tigris<0><STEAM_0:1:30442114><Red>" triggered "medic_death" against "Sammicus Panthera Tigris<134><STEAM_0:1:30442114><Red>" (healing "0") (ubercharge "0")
L 03/21/2014 - 01:50:55: "Sammicus Panthera Tigris<134><STEAM_0:1:30442114><Red>" committed suicide with "world" (attacker_position "-184 702 -75")
L 03/21/2014 - 01:51:10: "{SCG}ExcelsiorTheLion(NoVoice)<157><STEAM_0:1:6659757><>" entered the game
L 03/21/2014 - 01:51:20: "{SCG}ExcelsiorTheLion(NoVoice)<157><STEAM_0:1:6659757><Unassigned>" joined team "Blue"
L 03/21/2014 - 01:51:22: "{SCG}ExcelsiorTheLion(NoVoice)<157><STEAM_0:1:6659757><Blue>" changed role to "medic"
L 03/21/2014 - 01:51:22: "(void*)FoXX<146><STEAM_0:0:2179002><>" entered the game
L 03/21/2014 - 01:51:25: "Red Pandopticon<119><STEAM_0:0:15629443><>" entered the game
L 03/21/2014 - 01:51:27: "(void*)FoXX<146><STEAM_0:0:2179002><Unassigned>" joined team "Blue"
L 03/21/2014 - 01:51:29: "(void*)FoXX<146><STEAM_0:0:2179002><Blue>" changed role to "demoman"
L 03/21/2014 - 01:51:30: "(void*)FoXX<146><STEAM_0:0:2179002><Blue>" changed role to "medic"
L 03/21/2014 - 01:51:33: "Red Pandopticon<119><STEAM_0:0:15629443><Unassigned>" joined team "Blue"
L 03/21/2014 - 01:51:34: "Red Pandopticon<119><STEAM_0:0:15629443><Blue>" changed role to "medic"
L 03/21/2014 - 01:51:36: "Scruff<147><STEAM_0:0:61337606><Blue>" disconnected (reason "Disconnect by user.")
L 03/21/2014 - 01:51:43: "Scruff<158><STEAM_0:0:61337606><>" connected, address "76.104.195.128:27005"
L 03/21/2014 - 01:51:44: "Scruff<158><STEAM_0:0:61337606><>" STEAM USERID validated
L 03/21/2014 - 01:51:51: "Scruff<158><STEAM_0:0:61337606><>" entered the game
L 03/21/2014 - 01:51:58: "Scruff<158><STEAM_0:0:61337606><Unassigned>" joined team "Spectator"
L 03/21/2014 - 01:53:01: "Fuck Boy<156><STEAM_0:0:40810888><>" entered the game
L 03/21/2014 - 01:53:16: "Fuck Boy<156><STEAM_0:0:40810888><Unassigned>" joined team "Blue"
L 03/21/2014 - 01:53:18: "Fuck Boy<156><STEAM_0:0:40810888><Blue>" changed role to "heavyweapons"
L 03/21/2014 - 01:53:20: "Fuck Boy<156><STEAM_0:0:40810888><Blue>" changed role to "heavyweapons"
L 03/21/2014 - 01:53:31: "Fuck Boy<156><STEAM_0:0:40810888><Blue>" changed role to "sniper"
L 03/21/2014 - 01:53:33: "Fuck Boy<156><STEAM_0:0:40810888><Blue>" changed role to "demoman"
L 03/21/2014 - 01:53:37: "Fuck Boy<156><STEAM_0:0:40810888><Blue>" changed role to "scout"
L 03/21/2014 - 01:53:39: "Fuck Boy<156><STEAM_0:0:40810888><Blue>" changed role to "scout"
L 03/21/2014 - 01:53:41: "Fuck Boy<156><STEAM_0:0:40810888><Blue>" changed role to "pyro"
L 03/21/2014 - 01:53:42: "{BFG} Sabre<155><STEAM_0:1:31072961><>" entered the game
L 03/21/2014 - 01:53:48: "{BFG} Sabre<155><STEAM_0:1:31072961><Unassigned>" joined team "Red"
L 03/21/2014 - 01:53:49: "{BFG} Sabre<155><STEAM_0:1:31072961><Red>" changed role to "medic"
L 03/21/2014 - 01:53:54: "Fuck Boy<156><STEAM_0:0:40810888><Blue>" changed role to "heavyweapons"
L 03/21/2014 - 01:53:57: "{BFG} Sabre<155><STEAM_0:1:31072961><Red>" say "its Gg"
L 03/21/2014 - 01:54:01: "{BFG} Sabre<155><STEAM_0:1:31072961><Red>" say "unless everyone runs in"
L 03/21/2014 - 01:54:02: "1/2 Bit<0><STEAM_0:0:26523066><Red>" triggered "medic_death" against "1/2 Bit<150><STEAM_0:0:26523066><Red>" (healing "0") (ubercharge "0")
L 03/21/2014 - 01:54:02: "1/2 Bit<150><STEAM_0:0:26523066><Red>" committed suicide with "world" (attacker_position "3624 -1277 432")
L 03/21/2014 - 01:54:12: "Fuck Boy<156><STEAM_0:0:40810888><Blue>" disconnected (reason "Disconnect by user.")
L 03/21/2014 - 01:54:15: World triggered "Round_Win" (winner "Red")
L 03/21/2014 - 01:54:15: World triggered "Round_Length" (seconds "268.54")
L 03/21/2014 - 01:54:15: Team "Red" current score "2" with "11" players
L 03/21/2014 - 01:54:15: Team "Blue" current score "0" with "5" players
L 03/21/2014 - 01:54:21: "Fortune the Don<135><STEAM_0:0:33251108><Red>" triggered "medic_death" against "Isaac Rundrake<140><STEAM_0:1:40971448><Blue>" (healing "0") (ubercharge "0")
L 03/21/2014 - 01:54:21: "Fortune the Don<135><STEAM_0:0:33251108><Red>" killed "Isaac Rundrake<140><STEAM_0:1:40971448><Blue>" with "battleneedle" (attacker_position "4830 632 -2383") (victim_position "4881 622 -2348")
L 03/21/2014 - 01:54:27: "Scruff<158><STEAM_0:0:61337606><Spectator>" joined team "Red"
L 03/21/2014 - 01:54:28: "Scruff<158><STEAM_0:0:61337606><Red>" changed role to "scout"
L 03/21/2014 - 01:54:29: "Scruff<158><STEAM_0:0:61337606><Red>" changed role to "medic"
L 03/21/2014 - 01:54:30: World triggered "Round_Start"
L 03/21/2014 - 01:54:30: World triggered "Round_Setup_Begin"
L 03/21/2014 - 01:54:31: "Isaac Rundrake<140><STEAM_0:1:40971448><Blue>" joined team "Red"
L 03/21/2014 - 01:54:31: "Isaac Rundrake<140><STEAM_0:1:40971448><Red>" triggered "medic_death" against "Isaac Rundrake<140><STEAM_0:1:40971448><Red>" (healing "0") (ubercharge "0")
L 03/21/2014 - 01:54:31: "Isaac Rundrake<140><STEAM_0:1:40971448><Red>" committed suicide with "world" (attacker_position "146 -893 64")
L 03/21/2014 - 01:54:31: "{SCG}ExcelsiorTheLion(NoVoice)<157><STEAM_0:1:6659757><Blue>" joined team "Red"
L 03/21/2014 - 01:54:31: "{SCG}ExcelsiorTheLion(NoVoice)<157><STEAM_0:1:6659757><Red>" triggered "medic_death" against "{SCG}ExcelsiorTheLion(NoVoice)<157><STEAM_0:1:6659757><Red>" (healing "0") (ubercharge "0")
L 03/21/2014 - 01:54:31: "{SCG}ExcelsiorTheLion(NoVoice)<157><STEAM_0:1:6659757><Red>" committed suicide with "world" (attacker_position "146 -893 64")
L 03/21/2014 - 01:54:31: "(void*)FoXX<146><STEAM_0:0:2179002><Blue>" joined team "Red"
L 03/21/2014 - 01:54:31: "(void*)FoXX<146><STEAM_0:0:2179002><Red>" triggered "medic_death" against "(void*)FoXX<146><STEAM_0:0:2179002><Red>" (healing "0") (ubercharge "0")
L 03/21/2014 - 01:54:31: "(void*)FoXX<146><STEAM_0:0:2179002><Red>" committed suicide with "world" (attacker_position "146 -893 64")
L 03/21/2014 - 01:54:31: "{SCG} PhantomX999<114><STEAM_0:1:13432606><Blue>" joined team "Red"
L 03/21/2014 - 01:54:31: "{SCG} PhantomX999<114><STEAM_0:1:13432606><Red>" triggered "medic_death" against "{SCG} PhantomX999<114><STEAM_0:1:13432606><Red>" (healing "0") (ubercharge "0")
L 03/21/2014 - 01:54:31: "{SCG} PhantomX999<114><STEAM_0:1:13432606><Red>" committed suicide with "world" (attacker_position "146 -893 64")
L 03/21/2014 - 01:54:31: "Red Pandopticon<119><STEAM_0:0:15629443><Blue>" joined team "Red"
L 03/21/2014 - 01:54:31: "Red Pandopticon<119><STEAM_0:0:15629443><Red>" triggered "medic_death" against "Red Pandopticon<119><STEAM_0:0:15629443><Red>" (healing "0") (ubercharge "0")
L 03/21/2014 - 01:54:31: "Red Pandopticon<119><STEAM_0:0:15629443><Red>" committed suicide with "world" (attacker_position "146 -893 64")
L 03/21/2014 - 01:54:32: "Scruff<158><STEAM_0:0:61337606><Red>" joined team "Blue"
L 03/21/2014 - 01:54:32: "Scruff<158><STEAM_0:0:61337606><Blue>" triggered "medic_death" against "Scruff<158><STEAM_0:0:61337606><Blue>" (healing "0") (ubercharge "0")
L 03/21/2014 - 01:54:32: "Scruff<158><STEAM_0:0:61337606><Blue>" committed suicide with "world" (attacker_position "-1536 -848 0")
L 03/21/2014 - 01:54:39: "Isaac Rundrake<140><STEAM_0:1:40971448><Red>" say "le epic ruseman face :^)"
L 03/21/2014 - 01:54:47: "Isaac Rundrake<140><STEAM_0:1:40971448><Red>" say "(ï½€ãƒ»Ï‰ãƒ»Â´)"
L 03/21/2014 - 01:54:51: "{BFG} Sabre<155><STEAM_0:1:31072961><Red>" say "go ahead"
L 03/21/2014 - 01:54:59: "Red Pandopticon<0><STEAM_0:0:15629443><Red>" triggered "medic_death" against "Red Pandopticon<119><STEAM_0:0:15629443><Red>" (healing "0") (ubercharge "0")
L 03/21/2014 - 01:54:59: "Red Pandopticon<119><STEAM_0:0:15629443><Red>" committed suicide with "world" (attacker_position "-255 -426 -2047")
L 03/21/2014 - 01:55:00: "Fortune the Don<0><STEAM_0:0:33251108><Red>" triggered "medic_death" against "Fortune the Don<135><STEAM_0:0:33251108><Red>" (healing "0") (ubercharge "0")
L 03/21/2014 - 01:55:00: "Fortune the Don<135><STEAM_0:0:33251108><Red>" committed suicide with "world" (attacker_position "-270 -446 -2047")
L 03/21/2014 - 01:55:09: "Hoosktron<0><STEAM_0:0:33245321><Red>" triggered "medic_death" against "Hoosktron<148><STEAM_0:0:33245321><Red>" (healing "0") (ubercharge "0")
L 03/21/2014 - 01:55:09: "Hoosktron<148><STEAM_0:0:33245321><Red>" committed suicide with "world" (attacker_position "-423 367 0")
L 03/21/2014 - 01:55:13: "Shax<0><STEAM_0:0:30231507><Red>" triggered "medic_death" against "Shax<152><STEAM_0:0:30231507><Red>" (healing "0") (ubercharge "0")
L 03/21/2014 - 01:55:13: "Shax<152><STEAM_0:0:30231507><Red>" committed suicide with "world" (attacker_position "-375 419 0")
L 03/21/2014 - 01:55:16: "Fortune the Don<135><STEAM_0:0:33251108><Red>" disconnected (reason "Disconnect by user.")
L 03/21/2014 - 01:55:19: "{SCG} Rowdy d(=^ï½¥Ï‰ï½¥^=)b<0><STEAM_0:0:21349373><Red>" triggered "medic_death" against "{SCG} Rowdy d(=^ï½¥Ï‰ï½¥^=)b<139><STEAM_0:0:21349373><Red>" (healing "0") (ubercharge "0")
L 03/21/2014 - 01:55:19: "{SCG} Rowdy d(=^ï½¥Ï‰ï½¥^=)b<139><STEAM_0:0:21349373><Red>" committed suicide with "world" (attacker_position "1736 1944 -20")
L 03/21/2014 - 01:55:20: "Isaac Rundrake<0><STEAM_0:1:40971448><Red>" triggered "medic_death" against "Isaac Rundrake<140><STEAM_0:1:40971448><Red>" (healing "0") (ubercharge "0")
L 03/21/2014 - 01:55:20: "Isaac Rundrake<140><STEAM_0:1:40971448><Red>" committed suicide with "world" (attacker_position "-1344 -848 0")
L 03/21/2014 - 01:55:24: "Sammicus Panthera Tigris<0><STEAM_0:1:30442114><Red>" triggered "medic_death" against "Sammicus Panthera Tigris<134><STEAM_0:1:30442114><Red>" (healing "0") (ubercharge "0")
L 03/21/2014 - 01:55:24: "Sammicus Panthera Tigris<134><STEAM_0:1:30442114><Red>" committed suicide with "world" (attacker_position "-445 380 0")
L 03/21/2014 - 01:55:27: "{SCG} PhantomX999<0><STEAM_0:1:13432606><Red>" triggered "medic_death" against "{SCG} PhantomX999<114><STEAM_0:1:13432606><Red>" (healing "0") (ubercharge "0")
L 03/21/2014 - 01:55:27: "{SCG} PhantomX999<114><STEAM_0:1:13432606><Red>" committed suicide with "world" (attacker_position "-287 623 -80")
L 03/21/2014 - 01:55:27: "(void*)FoXX<0><STEAM_0:0:2179002><Red>" triggered "medic_death" against "(void*)FoXX<146><STEAM_0:0:2179002><Red>" (healing "0") (ubercharge "0")
L 03/21/2014 - 01:55:27: "(void*)FoXX<146><STEAM_0:0:2179002><Red>" committed suicide with "world" (attacker_position "-285 644 -167")
L 03/21/2014 - 01:55:44: "{BFG} Sabre<155><STEAM_0:1:31072961><Red>" say "monopoly"
L 03/21/2014 - 01:55:48: "{BFG} Nikdragon<0><STEAM_0:0:78154965><Red>" triggered "medic_death" against "{BFG} Nikdragon<108><STEAM_0:0:78154965><Red>" (healing "0") (ubercharge "0")
L 03/21/2014 - 01:55:48: "{BFG} Nikdragon<108><STEAM_0:0:78154965><Red>" committed suicide with "world" (attacker_position "-184 542 -78")
L 03/21/2014 - 01:55:49: "{BFG} Sabre<155><STEAM_0:1:31072961><Red>" say "it lasts longer"
L 03/21/2014 - 01:55:58: "{BFG} Sabre<155><STEAM_0:1:31072961><Red>" say "no food during the game"
L 03/21/2014 - 01:56:11: "{BFG} Sabre<155><STEAM_0:1:31072961><Red>" say "exactly "
L 03/21/2014 - 01:56:16: "{BFG} Sabre<155><STEAM_0:1:31072961><Red>" say "eat paper money"
L 03/21/2014 - 01:56:19: "Isaac Rundrake<140><STEAM_0:1:40971448><Red>" say "so"
L 03/21/2014 - 01:56:22: "Isaac Rundrake<140><STEAM_0:1:40971448><Red>" say "if you see that film"
L 03/21/2014 - 01:56:24: "{BFG} Sabre<155><STEAM_0:1:31072961><Red>" say "don't jump all at once"
L 03/21/2014 - 01:56:28: "{BFG} Sabre<155><STEAM_0:1:31072961><Red>" say "one at a time"
L 03/21/2014 - 01:56:29: "Isaac Rundrake<140><STEAM_0:1:40971448><Red>" say "can you say you saw saw? :3"
L 03/21/2014 - 01:56:36: "Zingy Zigzagoon<0><STEAM_0:1:38093875><Red>" triggered "medic_death" against "Zingy Zigzagoon<143><STEAM_0:1:38093875><Red>" (healing "0") (ubercharge "0")
L 03/21/2014 - 01:56:36: "Zingy Zigzagoon<143><STEAM_0:1:38093875><Red>" committed suicide with "world" (attacker_position "-158 1521 42")
L 03/21/2014 - 01:56:36: "{SCG}ExcelsiorTheLion(NoVoice)<157><STEAM_0:1:6659757><Red>" say "I forget, is this one where you die going in the 'wrong' path here or only if the button is hit?"
L 03/21/2014 - 01:56:40: "Isaac Rundrake<140><STEAM_0:1:40971448><Red>" say "see saw"
L 03/21/2014 - 01:56:41: "Isaac Rundrake<140><STEAM_0:1:40971448><Red>" say "(ï½€ãƒ»Ï‰ãƒ»Â´)"
L 03/21/2014 - 01:56:47: "{SCG}ExcelsiorTheLion(NoVoice)<0><STEAM_0:1:6659757><Red>" triggered "medic_death" against "{SCG}ExcelsiorTheLion(NoVoice)<157><STEAM_0:1:6659757><Red>" (healing "0") (ubercharge "0")
L 03/21/2014 - 01:56:47: "{SCG}ExcelsiorTheLion(NoVoice)<157><STEAM_0:1:6659757><Red>" committed suicide with "world" (attacker_position "-163 1774 45")
L 03/21/2014 - 01:56:58: S3: Duplicate client connection: UserID: 9f SteamID 1dcf906
L 03/21/2014 - 01:57:04: "{SCG}ExcelsiorTheLion(NoVoice)<157><STEAM_0:1:6659757><Red>" say "like that (died from wrong door?)"
L 03/21/2014 - 01:57:09: S3: Duplicate client connection: UserID: 9f SteamID 1dcf906
L 03/21/2014 - 01:57:14: S3: Duplicate client connection: UserID: 9f SteamID 1dcf906
L 03/21/2014 - 01:57:25: "{BFG} Sabre<0><STEAM_0:1:31072961><Red>" triggered "medic_death" against "{BFG} Sabre<155><STEAM_0:1:31072961><Red>" (healing "0") (ubercharge "0")
L 03/21/2014 - 01:57:25: "{BFG} Sabre<155><STEAM_0:1:31072961><Red>" committed suicide with "world" (attacker_position "1739 1849 -13")
L 03/21/2014 - 01:57:26: "Red Pandopticon<119><STEAM_0:0:15629443><Red>" disconnected (reason "Red Pandopticon timed out")
L 03/21/2014 - 01:57:41: World triggered "Round_Win" (winner "Red")
L 03/21/2014 - 01:57:41: World triggered "Round_Length" (seconds "191.11")
L 03/21/2014 - 01:57:41: Team "Red" current score "3" with "14" players
L 03/21/2014 - 01:57:41: Team "Blue" current score "0" with "1" players
L 03/21/2014 - 01:57:47: "{BFG} Sabre<155><STEAM_0:1:31072961><Red>" say "Fao fao fao fao"
L 03/21/2014 - 01:57:52: "{BFG} Sabre<155><STEAM_0:1:31072961><Red>" say "running"
L 03/21/2014 - 01:57:52: "{BFG} Sabre<155><STEAM_0:1:31072961><Red>" say ":3"
L 03/21/2014 - 01:57:56: World triggered "Round_Start"
L 03/21/2014 - 01:57:56: World triggered "Round_Setup_Begin"
L 03/21/2014 - 01:57:57: "Scruff<158><STEAM_0:0:61337606><Blue>" joined team "Red"
L 03/21/2014 - 01:57:57: "Scruff<158><STEAM_0:0:61337606><Red>" triggered "medic_death" against "Scruff<158><STEAM_0:0:61337606><Red>" (healing "0") (ubercharge "0")
L 03/21/2014 - 01:57:57: "Scruff<158><STEAM_0:0:61337606><Red>" committed suicide with "world" (attacker_position "146 -893 64")
L 03/21/2014 - 01:57:58: "{SCG} Rowdy d(=^ï½¥Ï‰ï½¥^=)b<139><STEAM_0:0:21349373><Red>" joined team "Blue"
L 03/21/2014 - 01:57:58: "{SCG} Rowdy d(=^ï½¥Ï‰ï½¥^=)b<139><STEAM_0:0:21349373><Blue>" triggered "medic_death" against "{SCG} Rowdy d(=^ï½¥Ï‰ï½¥^=)b<139><STEAM_0:0:21349373><Blue>" (healing "0") (ubercharge "0")
L 03/21/2014 - 01:57:58: "{SCG} Rowdy d(=^ï½¥Ï‰ï½¥^=)b<139><STEAM_0:0:21349373><Blue>" committed suicide with "world" (attacker_position "-1408 -976 0")
L 03/21/2014 - 01:58:01: "(void*)FoXX<146><STEAM_0:0:2179002><Red>" changed role to "engineer"
L 03/21/2014 - 01:58:08: "Isaac Rundrake<140><STEAM_0:1:40971448><Red>" say "Flower run"
L 03/21/2014 - 01:58:40: "Isaac Rundrake<0><STEAM_0:1:40971448><Red>" triggered "medic_death" against "Isaac Rundrake<140><STEAM_0:1:40971448><Red>" (healing "0") (ubercharge "0")
L 03/21/2014 - 01:58:40: "Isaac Rundrake<140><STEAM_0:1:40971448><Red>" committed suicide with "world" (attacker_position "-298 382 0")
L 03/21/2014 - 01:58:44: "Scruff<0><STEAM_0:0:61337606><Red>" triggered "medic_death" against "Scruff<158><STEAM_0:0:61337606><Red>" (healing "0") (ubercharge "0")
L 03/21/2014 - 01:58:44: "Scruff<158><STEAM_0:0:61337606><Red>" committed suicide with "world" (attacker_position "-289 430 0")
L 03/21/2014 - 01:58:54: "Isaac Rundrake<140><STEAM_0:1:40971448><Red>" say "is The Ring the darker and edgier version of Be Kind Rewind?"
L 03/21/2014 - 01:59:01: "{SCG} FaolPlay<0><STEAM_0:1:24520147><Red>" triggered "medic_death" against "{SCG} FaolPlay<133><STEAM_0:1:24520147><Red>" (healing "0") (ubercharge "0")
L 03/21/2014 - 01:59:01: "{SCG} FaolPlay<133><STEAM_0:1:24520147><Red>" committed suicide with "world" (attacker_position "-32 1002 0")
L 03/21/2014 - 01:59:08: "Red Pandopticon<159><STEAM_0:0:15629443><>" connected, address "24.8.212.247:27005"
L 03/21/2014 - 01:59:08: "Red Pandopticon<159><STEAM_0:0:15629443><>" STEAM USERID validated
L 03/21/2014 - 01:59:13: "{BFG} Sabre<155><STEAM_0:1:31072961><Red>" say "WE NEED FODDWER"
L 03/21/2014 - 01:59:14: "Scruff<158><STEAM_0:0:61337606><Red>" disconnected (reason "Disconnect by user.")
L 03/21/2014 - 01:59:15: "{BFG} Sabre<155><STEAM_0:1:31072961><Red>" say "FODDER"
L 03/21/2014 - 01:59:36: "{SCG}ExcelsiorTheLion(NoVoice)<157><STEAM_0:1:6659757><Red>" say "I am god?!  lol"
L 03/21/2014 - 01:59:51: "{BFG} Sabre<0><STEAM_0:1:31072961><Red>" triggered "medic_death" against "{BFG} Sabre<155><STEAM_0:1:31072961><Red>" (healing "0") (ubercharge "0")
L 03/21/2014 - 01:59:51: "{BFG} Sabre<155><STEAM_0:1:31072961><Red>" committed suicide with "world" (attacker_position "-188 1649 33")
L 03/21/2014 - 01:59:54: "Red Pandopticon<159><STEAM_0:0:15629443><>" entered the game
L 03/21/2014 - 02:00:03: "{BFG} Nikdragon<0><STEAM_0:0:78154965><Red>" triggered "medic_death" against "{BFG} Nikdragon<108><STEAM_0:0:78154965><Red>" (healing "0") (ubercharge "0")
L 03/21/2014 - 02:00:03: "{BFG} Nikdragon<108><STEAM_0:0:78154965><Red>" committed suicide with "world" (attacker_position "2 2423 0")
L 03/21/2014 - 02:00:03: "1/2 Bit<0><STEAM_0:0:26523066><Red>" triggered "medic_death" against "1/2 Bit<150><STEAM_0:0:26523066><Red>" (healing "0") (ubercharge "0")
L 03/21/2014 - 02:00:03: "1/2 Bit<150><STEAM_0:0:26523066><Red>" committed suicide with "world" (attacker_position "0 2362 0")
L 03/21/2014 - 02:00:03: "Sammicus Panthera Tigris<0><STEAM_0:1:30442114><Red>" triggered "medic_death" against "Sammicus Panthera Tigris<134><STEAM_0:1:30442114><Red>" (healing "0") (ubercharge "0")
L 03/21/2014 - 02:00:03: "Sammicus Panthera Tigris<134><STEAM_0:1:30442114><Red>" committed suicide with "world" (attacker_position "24 2423 0")
L 03/21/2014 - 02:00:09: "1/2 Bit<150><STEAM_0:0:26523066><Red>" say "ï½¡ï¼šï¾Ÿ(ï½¡ï¾‰Ï‰ï¼¼ï½¡)ï¾Ÿï½¥ï½¡ Sad days!"
L 03/21/2014 - 02:00:12: "{SCG}ExcelsiorTheLion(NoVoice)<157><STEAM_0:1:6659757><Red>" say "nice glitch, why aren't we dead?!"
L 03/21/2014 - 02:00:14: "Red Pandopticon<159><STEAM_0:0:15629443><Unassigned>" joined team "Blue"
L 03/21/2014 - 02:00:17: "Red Pandopticon<159><STEAM_0:0:15629443><Blue>" changed role to "medic"
L 03/21/2014 - 02:00:18: "Zingy Zigzagoon<0><STEAM_0:1:38093875><Red>" triggered "medic_death" against "Zingy Zigzagoon<143><STEAM_0:1:38093875><Red>" (healing "0") (ubercharge "0")
L 03/21/2014 - 02:00:18: "Zingy Zigzagoon<143><STEAM_0:1:38093875><Red>" committed suicide with "world" (attacker_position "1029 2369 0")
L 03/21/2014 - 02:00:21: "{SCG} PhantomX999<114><STEAM_0:1:13432606><Red>" say "i don't know"
L 03/21/2014 - 02:00:39: "{SCG}ExcelsiorTheLion(NoVoice)<157><STEAM_0:1:6659757><Red>" say "admin should noclip us back into the game!"
L 03/21/2014 - 02:00:44: "00-Evan<160><STEAM_0:0:19938133><>" connected, address "192.0.145.124:27025"
L 03/21/2014 - 02:00:44: "00-Evan<160><STEAM_0:0:19938133><>" STEAM USERID validated
L 03/21/2014 - 02:00:51: "{SCG} Rowdy d(=^ï½¥Ï‰ï½¥^=)b<139><STEAM_0:0:21349373><Blue>" say "I will kill them after"
L 03/21/2014 - 02:00:52: "{SCG} PhantomX999<114><STEAM_0:1:13432606><Red>" say "he's coming back"
L 03/21/2014 - 02:01:11: "00-Evan<160><STEAM_0:0:19938133><>" entered the game
L 03/21/2014 - 02:01:18: "Zingy Zigzagoon<143><STEAM_0:1:38093875><Red>" disconnected (reason "Disconnect by user.")
L 03/21/2014 - 02:01:34: "00-Evan<160><STEAM_0:0:19938133><Unassigned>" joined team "Red"
L 03/21/2014 - 02:01:36: "00-Evan<160><STEAM_0:0:19938133><Red>" changed role to "medic"
L 03/21/2014 - 02:01:43: "{BFG} Sabre<155><STEAM_0:1:31072961><Red>" say "i died for no reason then"
L 03/21/2014 - 02:01:48: "{BFG} Sabre<155><STEAM_0:1:31072961><Red>" say "i was the jumper in middle"
L 03/21/2014 - 02:01:51: "{BFG} Sabre<155><STEAM_0:1:31072961><Red>" say "and died"
L 03/21/2014 - 02:02:00: "(void*)FoXX<146><STEAM_0:0:2179002><Red>" say "*is confoosd"
L 03/21/2014 - 02:02:02: "{BFG} Sabre<155><STEAM_0:1:31072961><Red>" say "its activated"
L 03/21/2014 - 02:02:10: "(void*)FoXX<146><STEAM_0:0:2179002><Red>" say "wat"
L 03/21/2014 - 02:02:24: "Shax<0><STEAM_0:0:30231507><Red>" triggered "medic_death" against "Shax<152><STEAM_0:0:30231507><Red>" (healing "0") (ubercharge "0")
L 03/21/2014 - 02:02:24: "Shax<152><STEAM_0:0:30231507><Red>" committed suicide with "world" (attacker_position "1818 451 -628")
L 03/21/2014 - 02:02:28: "{SCG}ExcelsiorTheLion(NoVoice)<157><STEAM_0:1:6659757><Red>" say "now four trapped medics... :3"
L 03/21/2014 - 02:02:31: "(void*)FoXX<146><STEAM_0:0:2179002><Red>" say "player 4 has entered the game"
L 03/21/2014 - 02:02:31: "Red Pandopticon<159><STEAM_0:0:15629443><Blue>" disconnected (reason "Disconnect by user.")
L 03/21/2014 - 02:02:32: "{SCG}ExcelsiorTheLion(NoVoice)<157><STEAM_0:1:6659757><Red>" triggered "medic_death" against "{SCG}ExcelsiorTheLion(NoVoice)<157><STEAM_0:1:6659757><Red>" (healing "0") (ubercharge "0")
L 03/21/2014 - 02:02:32: "{SCG}ExcelsiorTheLion(NoVoice)<157><STEAM_0:1:6659757><Red>" committed suicide with "world" (attacker_position "-363 682 -162")
L 03/21/2014 - 02:02:33: "Sammicus Panthera Tigris<134><STEAM_0:1:30442114><Red>" disconnected (reason "Disconnect by user.")
L 03/21/2014 - 02:02:36: "(void*)FoXX<146><STEAM_0:0:2179002><Red>" triggered "medic_death" against "(void*)FoXX<146><STEAM_0:0:2179002><Red>" (healing "1") (ubercharge "0")
L 03/21/2014 - 02:02:36: "(void*)FoXX<146><STEAM_0:0:2179002><Red>" committed suicide with "world" (attacker_position "-278 685 -171")
L 03/21/2014 - 02:02:42: "{SCG}ExcelsiorTheLion(NoVoice)<157><STEAM_0:1:6659757><Red>" say "btw, I can't hear VC kids!"
L 03/21/2014 - 02:02:59: "Hoosktron<148><STEAM_0:0:33245321><Red>" triggered "medic_death" against "Hoosktron<148><STEAM_0:0:33245321><Red>" (healing "0") (ubercharge "0")
L 03/21/2014 - 02:02:59: "Hoosktron<148><STEAM_0:0:33245321><Red>" committed suicide with "world" (attacker_position "-423 552 -162")
L 03/21/2014 - 02:03:08: "{SCG} PhantomX999<114><STEAM_0:1:13432606><Red>" triggered "medic_death" against "{SCG} PhantomX999<114><STEAM_0:1:13432606><Red>" (healing "0") (ubercharge "0")
L 03/21/2014 - 02:03:08: "{SCG} PhantomX999<114><STEAM_0:1:13432606><Red>" committed suicide with "world" (attacker_position "-358 615 -165")
L 03/21/2014 - 02:03:20: "{BFG} Sabre<155><STEAM_0:1:31072961><Red>" say_team "Persi run down the stairs"
L 03/21/2014 - 02:03:22: "{BFG} Sabre<155><STEAM_0:1:31072961><Red>" say_team "just run"
L 03/21/2014 - 02:03:35: World triggered "Round_Win" (winner "Red")
L 03/21/2014 - 02:03:35: World triggered "Round_Length" (seconds "339.09")
L 03/21/2014 - 02:03:35: Team "Red" current score "4" with "12" players
L 03/21/2014 - 02:03:35: Team "Blue" current score "0" with "1" players
L 03/21/2014 - 02:03:38: "Persi, the Neko God<12><STEAM_0:1:30286598><Red>" triggered "medic_death" against "{SCG} Rowdy d(=^ï½¥Ï‰ï½¥^=)b<139><STEAM_0:0:21349373><Blue>" (healing "0") (ubercharge "0")
L 03/21/2014 - 02:03:38: "Persi, the Neko God<12><STEAM_0:1:30286598><Red>" killed "{SCG} Rowdy d(=^ï½¥Ï‰ï½¥^=)b<139><STEAM_0:0:21349373><Blue>" with "saxxy" (attacker_position "3736 -1540 448") (victim_position "3706 -1473 448")
L 03/21/2014 - 02:03:41: "abboudi<161><STEAM_0:1:84665060><>" connected, address "37.104.16.106:27005"
L 03/21/2014 - 02:03:41: "abboudi<161><STEAM_0:1:84665060><>" STEAM USERID validated
L 03/21/2014 - 02:03:44: "Shax<152><STEAM_0:0:30231507><Red>" disconnected (reason "Disconnect by user.")
L 03/21/2014 - 02:03:50: World triggered "Round_Start"
L 03/21/2014 - 02:03:50: World triggered "Round_Setup_Begin"
L 03/21/2014 - 02:03:51: "{SCG} Rowdy d(=^ï½¥Ï‰ï½¥^=)b<139><STEAM_0:0:21349373><Blue>" joined team "Red"
L 03/21/2014 - 02:03:51: "{SCG} Rowdy d(=^ï½¥Ï‰ï½¥^=)b<139><STEAM_0:0:21349373><Red>" triggered "medic_death" against "{SCG} Rowdy d(=^ï½¥Ï‰ï½¥^=)b<139><STEAM_0:0:21349373><Red>" (healing "0") (ubercharge "0")
L 03/21/2014 - 02:03:51: "{SCG} Rowdy d(=^ï½¥Ï‰ï½¥^=)b<139><STEAM_0:0:21349373><Red>" committed suicide with "world" (attacker_position "146 -893 64")
L 03/21/2014 - 02:03:52: "1/2 Bit<150><STEAM_0:0:26523066><Red>" joined team "Blue"
L 03/21/2014 - 02:03:52: "1/2 Bit<150><STEAM_0:0:26523066><Blue>" triggered "medic_death" against "1/2 Bit<150><STEAM_0:0:26523066><Blue>" (healing "0") (ubercharge "0")
L 03/21/2014 - 02:03:52: "1/2 Bit<150><STEAM_0:0:26523066><Blue>" committed suicide with "world" (attacker_position "-1408 -912 0")
L 03/21/2014 - 02:03:55: "(void*)FoXX<146><STEAM_0:0:2179002><Red>" changed role to "engineer"
L 03/21/2014 - 02:04:05: "abboudi<161><STEAM_0:1:84665060><>" disconnected (reason "Disconnect by user.")
L 03/21/2014 - 02:04:42: "{SCG} Rowdy d(=^ï½¥Ï‰ï½¥^=)b<0><STEAM_0:0:21349373><Red>" triggered "medic_death" against "{SCG} Rowdy d(=^ï½¥Ï‰ï½¥^=)b<139><STEAM_0:0:21349373><Red>" (healing "0") (ubercharge "0")
L 03/21/2014 - 02:04:42: "{SCG} Rowdy d(=^ï½¥Ï‰ï½¥^=)b<139><STEAM_0:0:21349373><Red>" committed suicide with "world" (attacker_position "-159 1644 48")
L 03/21/2014 - 02:04:44: "00-Evan<0><STEAM_0:0:19938133><Red>" triggered "medic_death" against "00-Evan<160><STEAM_0:0:19938133><Red>" (healing "0") (ubercharge "0")
L 03/21/2014 - 02:04:44: "00-Evan<160><STEAM_0:0:19938133><Red>" committed suicide with "world" (attacker_position "-184 777 -72")
L 03/21/2014 - 02:04:52: "{SCG} PhantomX999<0><STEAM_0:1:13432606><Red>" triggered "medic_death" against "{SCG} PhantomX999<114><STEAM_0:1:13432606><Red>" (healing "0") (ubercharge "0")
L 03/21/2014 - 02:04:52: "{SCG} PhantomX999<114><STEAM_0:1:13432606><Red>" committed suicide with "world" (attacker_position "1737 1944 -17")
L 03/21/2014 - 02:05:03: "{BFG} Nikdragon<0><STEAM_0:0:78154965><Red>" triggered "medic_death" against "{BFG} Nikdragon<108><STEAM_0:0:78154965><Red>" (healing "0") (ubercharge "0")
L 03/21/2014 - 02:05:03: "{BFG} Nikdragon<108><STEAM_0:0:78154965><Red>" committed suicide with "world" (attacker_position "-214 536 -71")
L 03/21/2014 - 02:05:08: "Hoosktron<0><STEAM_0:0:33245321><Red>" triggered "medic_death" against "Hoosktron<148><STEAM_0:0:33245321><Red>" (healing "0") (ubercharge "0")
L 03/21/2014 - 02:05:08: "Hoosktron<148><STEAM_0:0:33245321><Red>" committed suicide with "world" (attacker_position "-178 1644 71")
L 03/21/2014 - 02:05:12: "{SCG} FaolPlay<0><STEAM_0:1:24520147><Red>" triggered "medic_death" against "{SCG} FaolPlay<133><STEAM_0:1:24520147><Red>" (healing "0") (ubercharge "0")
L 03/21/2014 - 02:05:12: "{SCG} FaolPlay<133><STEAM_0:1:24520147><Red>" committed suicide with "world" (attacker_position "-155 1799 0")
L 03/21/2014 - 02:05:12: "Persi, the Neko God<0><STEAM_0:1:30286598><Red>" triggered "medic_death" against "Persi, the Neko God<12><STEAM_0:1:30286598><Red>" (healing "0") (ubercharge "0")
L 03/21/2014 - 02:05:12: "Persi, the Neko God<12><STEAM_0:1:30286598><Red>" committed suicide with "world" (attacker_position "-194 1786 0")
L 03/21/2014 - 02:05:25: "{BFG} Sabre<155><STEAM_0:1:31072961><Red>" say "Broken"
L 03/21/2014 - 02:05:26: "{BFG} Sabre<155><STEAM_0:1:31072961><Red>" say "?"
L 03/21/2014 - 02:05:30: "Isaac Rundrake<140><STEAM_0:1:40971448><Red>" say "ï½¡ï¼šï¾Ÿ(ï½¡ï¾‰Ï‰ï¼¼ï½¡)ï¾Ÿï½¥ï½¡ Sad days!"
L 03/21/2014 - 02:05:33: "{BFG} Sabre<155><STEAM_0:1:31072961><Red>" say "activate it"
L 03/21/2014 - 02:06:06: "{SCG}ExcelsiorTheLion(NoVoice)<157><STEAM_0:1:6659757><Red>" say "I keep trying to disable the HUD VC notices, but they were on so I know everyone was chatting."
L 03/21/2014 - 02:06:11: "{BFG} Sabre<155><STEAM_0:1:31072961><Red>" say "where is everyone else?"
L 03/21/2014 - 02:06:37: "Isaac Rundrake<140><STEAM_0:1:40971448><Red>" triggered "medic_death" against "Isaac Rundrake<140><STEAM_0:1:40971448><Red>" (healing "0") (ubercharge "0")
L 03/21/2014 - 02:06:37: "Isaac Rundrake<140><STEAM_0:1:40971448><Red>" committed suicide with "world" (attacker_position "712 2329 6548")
L 03/21/2014 - 02:07:07: "{SCG}ExcelsiorTheLion(NoVoice)<0><STEAM_0:1:6659757><Red>" triggered "medic_death" against "{SCG}ExcelsiorTheLion(NoVoice)<157><STEAM_0:1:6659757><Red>" (healing "0") (ubercharge "0")
L 03/21/2014 - 02:07:07: "{SCG}ExcelsiorTheLion(NoVoice)<157><STEAM_0:1:6659757><Red>" committed suicide with "world" (attacker_position "3372 -1250 420")
L 03/21/2014 - 02:07:16: "RyKo<162><STEAM_0:1:51092251><>" connected, address "201.130.167.110:27005"
L 03/21/2014 - 02:07:16: "RyKo<162><STEAM_0:1:51092251><>" STEAM USERID validated
L 03/21/2014 - 02:07:24: World triggered "Round_Win" (winner "Red")
L 03/21/2014 - 02:07:24: World triggered "Round_Length" (seconds "213.39")
L 03/21/2014 - 02:07:24: Team "Red" current score "5" with "11" players
L 03/21/2014 - 02:07:24: Team "Blue" current score "0" with "1" players
L 03/21/2014 - 02:07:25: "{BFG} Sabre<155><STEAM_0:1:31072961><Red>" triggered "medic_death" against "1/2 Bit<150><STEAM_0:0:26523066><Blue>" (healing "0") (ubercharge "0")
L 03/21/2014 - 02:07:25: "{BFG} Sabre<155><STEAM_0:1:31072961><Red>" killed "1/2 Bit<150><STEAM_0:0:26523066><Blue>" with "saxxy" (attacker_position "3736 -1848 335") (victim_position "3736 -1826 346")
L 03/21/2014 - 02:07:28: STEAMAUTH: Client 00-Evan received failure code 6
L 03/21/2014 - 02:07:28: "00-Evan<160><STEAM_0:0:19938133><Red>" disconnected (reason "Client left game (Steam auth ticket has been canceled)
")
L 03/21/2014 - 02:07:38: "{BFG} Sabre<155><STEAM_0:1:31072961><Red>" say "running down stairs"
L 03/21/2014 - 02:07:39: World triggered "Round_Start"
L 03/21/2014 - 02:07:39: World triggered "Round_Setup_Begin"
L 03/21/2014 - 02:07:40: "1/2 Bit<150><STEAM_0:0:26523066><Blue>" joined team "Red"
L 03/21/2014 - 02:07:40: "1/2 Bit<150><STEAM_0:0:26523066><Red>" triggered "medic_death" against "1/2 Bit<150><STEAM_0:0:26523066><Red>" (healing "0") (ubercharge "0")
L 03/21/2014 - 02:07:40: "1/2 Bit<150><STEAM_0:0:26523066><Red>" committed suicide with "world" (attacker_position "146 -893 64")
L 03/21/2014 - 02:07:41: "{SCG} Rowdy d(=^ï½¥Ï‰ï½¥^=)b<139><STEAM_0:0:21349373><Red>" joined team "Blue"
L 03/21/2014 - 02:07:41: "{SCG} Rowdy d(=^ï½¥Ï‰ï½¥^=)b<139><STEAM_0:0:21349373><Blue>" triggered "medic_death" against "{SCG} Rowdy d(=^ï½¥Ï‰ï½¥^=)b<139><STEAM_0:0:21349373><Blue>" (healing "0") (ubercharge "0")
L 03/21/2014 - 02:07:41: "{SCG} Rowdy d(=^ï½¥Ï‰ï½¥^=)b<139><STEAM_0:0:21349373><Blue>" committed suicide with "world" (attacker_position "-1408 -848 0")
L 03/21/2014 - 02:07:41: "{BFG} Sabre<155><STEAM_0:1:31072961><Red>" say "errors trap"
L 03/21/2014 - 02:07:44: "(void*)FoXX<146><STEAM_0:0:2179002><Red>" changed role to "engineer"
L 03/21/2014 - 02:07:58: "(void*)FoXX<146><STEAM_0:0:2179002><Red>" say "r u troleing me"
L 03/21/2014 - 02:08:23: "{SCG} PhantomX999<0><STEAM_0:1:13432606><Red>" triggered "medic_death" against "{SCG} PhantomX999<114><STEAM_0:1:13432606><Red>" (healing "0") (ubercharge "0")
L 03/21/2014 - 02:08:23: "{SCG} PhantomX999<114><STEAM_0:1:13432606><Red>" committed suicide with "world" (attacker_position "-325 401 0")
L 03/21/2014 - 02:08:26: "(void*)FoXX<146><STEAM_0:0:2179002><Red>" say "lel"
L 03/21/2014 - 02:08:32: "wegginskevin<163><STEAM_0:0:84760084><>" connected, address "97.85.181.166:27005"
L 03/21/2014 - 02:08:32: "wegginskevin<163><STEAM_0:0:84760084><>" STEAM USERID validated
L 03/21/2014 - 02:08:40: "{SCG} FaolPlay<133><STEAM_0:1:24520147><Red>" say "!revote"
L 03/21/2014 - 02:08:43: "Persi, the Neko God<0><STEAM_0:1:30286598><Red>" triggered "medic_death" against "Persi, the Neko God<12><STEAM_0:1:30286598><Red>" (healing "0") (ubercharge "0")
L 03/21/2014 - 02:08:43: "Persi, the Neko God<12><STEAM_0:1:30286598><Red>" committed suicide with "world" (attacker_position "-384 716 -86")
L 03/21/2014 - 02:08:52: "{SCG} FaolPlay<0><STEAM_0:1:24520147><Red>" triggered "medic_death" against "{SCG} FaolPlay<133><STEAM_0:1:24520147><Red>" (healing "0") (ubercharge "0")
L 03/21/2014 - 02:08:52: "{SCG} FaolPlay<133><STEAM_0:1:24520147><Red>" committed suicide with "world" (attacker_position "-147 1522 12")
L 03/21/2014 - 02:08:58: server_cvar: "sm_nextmap" "ctf_doublecross"
L 03/21/2014 - 02:09:01: "(void*)FoXX<0><STEAM_0:0:2179002><Red>" triggered "medic_death" against "(void*)FoXX<146><STEAM_0:0:2179002><Red>" (healing "1") (ubercharge "0")
L 03/21/2014 - 02:09:01: "(void*)FoXX<146><STEAM_0:0:2179002><Red>" committed suicide with "world" (attacker_position "-172 1774 73")
L 03/21/2014 - 02:09:03: "{BFG} Sabre<155><STEAM_0:1:31072961><Red>" say "middle o"
L 03/21/2014 - 02:09:05: "{SCG}ExcelsiorTheLion(NoVoice)<0><STEAM_0:1:6659757><Red>" triggered "medic_death" against "{SCG}ExcelsiorTheLion(NoVoice)<157><STEAM_0:1:6659757><Red>" (healing "0") (ubercharge "0")
L 03/21/2014 - 02:09:05: "{SCG}ExcelsiorTheLion(NoVoice)<157><STEAM_0:1:6659757><Red>" committed suicide with "world" (attacker_position "-136 1543 0")
L 03/21/2014 - 02:09:13: "{SCG}ExcelsiorTheLion(NoVoice)<157><STEAM_0:1:6659757><Red>" say "rebooting computer, brb"
L 03/21/2014 - 02:09:18: "{SCG}ExcelsiorTheLion(NoVoice)<157><STEAM_0:1:6659757><Red>" disconnected (reason "Disconnect by user.")
L 03/21/2014 - 02:09:30: "Isaac Rundrake<140><STEAM_0:1:40971448><Red>" disconnected (reason "Disconnect by user.")
L 03/21/2014 - 02:09:48: "{SCG} Rowdy d(=^ï½¥Ï‰ï½¥^=)b<139><STEAM_0:0:21349373><Blue>" say "'?(Â´ï½¥Ï‰ï½¥`)ØŸ' Happy Crux days!"
L 03/21/2014 - 02:09:53: "{BFG} Nikdragon<0><STEAM_0:0:78154965><Red>" triggered "medic_death" against "{BFG} Nikdragon<108><STEAM_0:0:78154965><Red>" (healing "0") (ubercharge "0")
L 03/21/2014 - 02:09:53: "{BFG} Nikdragon<108><STEAM_0:0:78154965><Red>" committed suicide with "world" (attacker_position "699 2437 50")
L 03/21/2014 - 02:10:35: "Isaac Rundrake<164><STEAM_0:1:40971448><>" connected, address "81.158.108.141:27005"
L 03/21/2014 - 02:10:36: "Isaac Rundrake<164><STEAM_0:1:40971448><>" STEAM USERID validated
L 03/21/2014 - 02:10:51: "Isaac Rundrake<164><STEAM_0:1:40971448><>" entered the game
L 03/21/2014 - 02:10:57: "Isaac Rundrake<164><STEAM_0:1:40971448><Unassigned>" joined team "Red"
L 03/21/2014 - 02:10:58: "Isaac Rundrake<164><STEAM_0:1:40971448><Red>" changed role to "medic"
L 03/21/2014 - 02:11:31: "Hoosktron<0><STEAM_0:0:33245321><Red>" triggered "medic_death" against "Hoosktron<148><STEAM_0:0:33245321><Red>" (healing "0") (ubercharge "0")
L 03/21/2014 - 02:11:31: "Hoosktron<148><STEAM_0:0:33245321><Red>" committed suicide with "world" (attacker_position "3590 -1250 420")
L 03/21/2014 - 02:11:39: "1/2 Bit<0><STEAM_0:0:26523066><Red>" triggered "medic_death" against "1/2 Bit<150><STEAM_0:0:26523066><Red>" (healing "0") (ubercharge "0")
L 03/21/2014 - 02:11:39: "1/2 Bit<150><STEAM_0:0:26523066><Red>" committed suicide with "world" (attacker_position "3941 -1813 353")
L 03/21/2014 - 02:11:43: "(void*)FoXX<146><STEAM_0:0:2179002><Red>" say "lel"
L 03/21/2014 - 02:11:44: World triggered "Round_Win" (winner "Red")
L 03/21/2014 - 02:11:44: World triggered "Round_Length" (seconds "244.89")
L 03/21/2014 - 02:11:44: Team "Red" current score "6" with "9" players
L 03/21/2014 - 02:11:44: Team "Blue" current score "0" with "1" players
L 03/21/2014 - 02:11:44: "{BFG} Sabre<155><STEAM_0:1:31072961><Red>" triggered "medic_death" against "{SCG} Rowdy d(=^ï½¥Ï‰ï½¥^=)b<139><STEAM_0:0:21349373><Blue>" (healing "0") (ubercharge "0")
L 03/21/2014 - 02:11:44: "{BFG} Sabre<155><STEAM_0:1:31072961><Red>" killed "{SCG} Rowdy d(=^ï½¥Ï‰ï½¥^=)b<139><STEAM_0:0:21349373><Blue>" with "saxxy" (attacker_position "3736 -2106 320") (victim_position "3806 -2093 320")
L 03/21/2014 - 02:11:59: World triggered "Round_Start"
L 03/21/2014 - 02:11:59: World triggered "Round_Setup_Begin"
L 03/21/2014 - 02:12:00: "{SCG} Rowdy d(=^ï½¥Ï‰ï½¥^=)b<139><STEAM_0:0:21349373><Blue>" joined team "Red"
L 03/21/2014 - 02:12:00: "{SCG} Rowdy d(=^ï½¥Ï‰ï½¥^=)b<139><STEAM_0:0:21349373><Red>" triggered "medic_death" against "{SCG} Rowdy d(=^ï½¥Ï‰ï½¥^=)b<139><STEAM_0:0:21349373><Red>" (healing "0") (ubercharge "0")
L 03/21/2014 - 02:12:00: "{SCG} Rowdy d(=^ï½¥Ï‰ï½¥^=)b<139><STEAM_0:0:21349373><Red>" committed suicide with "world" (attacker_position "146 -893 64")
L 03/21/2014 - 02:12:01: "(void*)FoXX<146><STEAM_0:0:2179002><Red>" joined team "Blue"
L 03/21/2014 - 02:12:01: "(void*)FoXX<146><STEAM_0:0:2179002><Blue>" triggered "medic_death" against "(void*)FoXX<146><STEAM_0:0:2179002><Blue>" (healing "0") (ubercharge "0")
L 03/21/2014 - 02:12:01: "(void*)FoXX<146><STEAM_0:0:2179002><Blue>" committed suicide with "world" (attacker_position "-1600 -848 0")
L 03/21/2014 - 02:12:02: "(void*)FoXX<146><STEAM_0:0:2179002><Blue>" changed role to "engineer"
L 03/21/2014 - 02:12:23: "1/2 Bit<0><STEAM_0:0:26523066><Red>" triggered "medic_death" against "1/2 Bit<150><STEAM_0:0:26523066><Red>" (healing "0") (ubercharge "0")
L 03/21/2014 - 02:12:23: "1/2 Bit<150><STEAM_0:0:26523066><Red>" committed suicide with "world" (attacker_position "-296 -528 -1842")
L 03/21/2014 - 02:12:25: "{SCG} Rowdy d(=^ï½¥Ï‰ï½¥^=)b<0><STEAM_0:0:21349373><Red>" triggered "medic_death" against "{SCG} Rowdy d(=^ï½¥Ï‰ï½¥^=)b<139><STEAM_0:0:21349373><Red>" (healing "0") (ubercharge "0")
L 03/21/2014 - 02:12:25: "{SCG} Rowdy d(=^ï½¥Ï‰ï½¥^=)b<139><STEAM_0:0:21349373><Red>" committed suicide with "world" (attacker_position "-317 331 0")
L 03/21/2014 - 02:12:27: "{SCG} PhantomX999<0><STEAM_0:1:13432606><Red>" triggered "medic_death" against "{SCG} PhantomX999<114><STEAM_0:1:13432606><Red>" (healing "0") (ubercharge "0")
L 03/21/2014 - 02:12:27: "{SCG} PhantomX999<114><STEAM_0:1:13432606><Red>" committed suicide with "world" (attacker_position "-287 662 -75")
L 03/21/2014 - 02:12:30: "1/2 Bit<150><STEAM_0:0:26523066><Red>" say "ï½¡ï¼šï¾Ÿ(ï½¡ï¾‰Ï‰ï¼¼ï½¡)ï¾Ÿï½¥ï½¡ Sad days!"
L 03/21/2014 - 02:12:32: "{SCG} FaolPlay<0><STEAM_0:1:24520147><Red>" triggered "medic_death" against "{SCG} FaolPlay<133><STEAM_0:1:24520147><Red>" (healing "0") (ubercharge "0")
L 03/21/2014 - 02:12:32: "{SCG} FaolPlay<133><STEAM_0:1:24520147><Red>" committed suicide with "world" (attacker_position "-337 393 0")
L 03/21/2014 - 02:12:43: "{BFG} Sabre<0><STEAM_0:1:31072961><Red>" triggered "medic_death" against "{BFG} Sabre<155><STEAM_0:1:31072961><Red>" (healing "0") (ubercharge "0")
L 03/21/2014 - 02:12:43: "{BFG} Sabre<155><STEAM_0:1:31072961><Red>" committed suicide with "world" (attacker_position "-184 624 -78")
L 03/21/2014 - 02:12:55: "Hoosktron<0><STEAM_0:0:33245321><Red>" triggered "medic_death" against "Hoosktron<148><STEAM_0:0:33245321><Red>" (healing "0") (ubercharge "0")
L 03/21/2014 - 02:12:55: "Hoosktron<148><STEAM_0:0:33245321><Red>" committed suicide with "world" (attacker_position "-184 624 -86")
L 03/21/2014 - 02:13:01: "{BFG} Nikdragon<0><STEAM_0:0:78154965><Red>" triggered "medic_death" against "{BFG} Nikdragon<108><STEAM_0:0:78154965><Red>" (healing "0") (ubercharge "0")
L 03/21/2014 - 02:13:01: "{BFG} Nikdragon<108><STEAM_0:0:78154965><Red>" committed suicide with "world" (attacker_position "-218 536 -103")
L 03/21/2014 - 02:13:07: "{BFG} Sabre<155><STEAM_0:1:31072961><Red>" say "hmmmmm "
L 03/21/2014 - 02:13:09: "{BFG} Sabre<155><STEAM_0:1:31072961><Red>" say "mod this map"
L 03/21/2014 - 02:13:11: "{BFG} Sabre<155><STEAM_0:1:31072961><Red>" say "for that"
L 03/21/2014 - 02:13:14: "(void*)FoXX<146><STEAM_0:0:2179002><Blue>" say "ya know wat"
L 03/21/2014 - 02:13:17: "(void*)FoXX<146><STEAM_0:0:2179002><Blue>" say "no more traps"
L 03/21/2014 - 02:13:20: "{BFG} Sabre<155><STEAM_0:1:31072961><Red>" say "1/3"
L 03/21/2014 - 02:13:24: "(void*)FoXX<146><STEAM_0:0:2179002><Blue>" say "make it to the end and i will let u win"
L 03/21/2014 - 02:13:47: "{BFG} Sabre<155><STEAM_0:1:31072961><Red>" say "he said no more traps"
L 03/21/2014 - 02:13:50: "wegginskevin<163><STEAM_0:0:84760084><>" entered the game
L 03/21/2014 - 02:13:55: "{BFG} Sabre<155><STEAM_0:1:31072961><Red>" say "if you make it to the end you will win"
L 03/21/2014 - 02:13:56: "McVee<165><STEAM_0:1:2633605><>" connected, address "174.3.233.114:27005"
L 03/21/2014 - 02:13:56: "McVee<165><STEAM_0:1:2633605><>" STEAM USERID validated
L 03/21/2014 - 02:13:57: "Isaac Rundrake<0><STEAM_0:1:40971448><Red>" triggered "medic_death" against "Isaac Rundrake<164><STEAM_0:1:40971448><Red>" (healing "0") (ubercharge "0")
L 03/21/2014 - 02:13:57: "Isaac Rundrake<164><STEAM_0:1:40971448><Red>" committed suicide with "world" (attacker_position "1729 1944 -17")
L 03/21/2014 - 02:14:02: "(void*)FoXX<146><STEAM_0:0:2179002><Blue>" say "wat"
L 03/21/2014 - 02:14:11: "(void*)FoXX<146><STEAM_0:0:2179002><Blue>" say "ogogog"
L 03/21/2014 - 02:14:21: "wegginskevin<163><STEAM_0:0:84760084><Unassigned>" joined team "Red"
L 03/21/2014 - 02:14:24: "wegginskevin<163><STEAM_0:0:84760084><Red>" changed role to "engineer"
L 03/21/2014 - 02:14:25: "mads.37<166><STEAM_0:1:81367145><>" connected, address "2.111.74.149:27005"
L 03/21/2014 - 02:14:25: "mads.37<166><STEAM_0:1:81367145><>" STEAM USERID validated
L 03/21/2014 - 02:14:29: World triggered "Round_Win" (winner "Red")
L 03/21/2014 - 02:14:29: World triggered "Round_Length" (seconds "150.66")
L 03/21/2014 - 02:14:29: Team "Red" current score "7" with "10" players
L 03/21/2014 - 02:14:29: Team "Blue" current score "0" with "1" players
L 03/21/2014 - 02:14:30: "Persi, the Neko God<12><STEAM_0:1:30286598><Red>" triggered "medic_death" against "(void*)FoXX<146><STEAM_0:0:2179002><Blue>" (healing "0") (ubercharge "0")
L 03/21/2014 - 02:14:30: "Persi, the Neko God<12><STEAM_0:1:30286598><Red>" killed "(void*)FoXX<146><STEAM_0:0:2179002><Blue>" with "saxxy" (attacker_position "3790 -1990 320") (victim_position "3765 -1942 320")
L 03/21/2014 - 02:14:31: "wegginskevin<163><STEAM_0:0:84760084><Red>" changed role to "medic"
L 03/21/2014 - 02:14:40: "{BFG} Sabre<155><STEAM_0:1:31072961><Red>" say "read it though he said "
L 03/21/2014 - 02:14:44: World triggered "Game_Over" reason "Reached Time Limit"
L 03/21/2014 - 02:14:44: Team "Red" final score "7" with "10" players
L 03/21/2014 - 02:14:44: Team "Blue" final score "0" with "1" players
L 03/21/2014 - 02:14:47: "McVee<165><STEAM_0:1:2633605><>" entered the game
L 03/21/2014 - 02:14:49: "{BFG} Sabre<155><STEAM_0:1:31072961><Red>" say "he won't set off more traps"
L 03/21/2014 - 02:14:54: [META] Loaded 0 plugins (4 already loaded)
L 03/21/2014 - 02:14:54: [META] Loaded 0 plugins (4 already loaded)
L 03/21/2014 - 02:14:55: Loading map "ctf_doublecross"
L 03/21/2014 - 02:14:55: server cvars start
L 03/21/2014 - 02:14:55: "stripper_version" = "1.2.2"
L 03/21/2014 - 02:14:55: "thirdperson_version" = "2.1.0"
L 03/21/2014 - 02:14:55: "sm_zf_version" = "4.3.0.0"
L 03/21/2014 - 02:14:55: "tf2items_rnd_normals" = "0"
L 03/21/2014 - 02:14:55: "tf2items_rnd_enabled" = "0"
L 03/21/2014 - 02:14:55: "tf2items_rnd_version" = "1.591"
L 03/21/2014 - 02:14:55: "prophunt_redux_version" = "3.0.2"
L 03/21/2014 - 02:14:55: "sm_uberspawn" = "1.0"
L 03/21/2014 - 02:14:55: "ufov_version" = "1.2.0"
L 03/21/2014 - 02:14:55: "scp_version" = "1.1.5"
L 03/21/2014 - 02:14:55: "rainbowize_version" = "1.6.2"
L 03/21/2014 - 02:14:55: "improved_map_randomizer_version" = "3.4.5"
L 03/21/2014 - 02:14:55: "sm_executeconfigs_version" = "1.2.2"
L 03/21/2014 - 02:14:55: "sm_mapcron_version" = "1.2 RC"
L 03/21/2014 - 02:14:55: "sm_buildrestrict_version" = "0.5.5"
L 03/21/2014 - 02:14:55: "sm_namechangeinfo_version" = "13.0918.1"
L 03/21/2014 - 02:14:55: "sm_tf2ii_version" = "1.8.17.4-20130729"
L 03/21/2014 - 02:14:55: "nativevotes_version" = "0.8.1"
L 03/21/2014 - 02:14:55: "sm_commandcooldowns_version" = "14.0222.0"
L 03/21/2014 - 02:14:55: "sm_tnounlockspls_version" = "0.4.8"
L 03/21/2014 - 02:14:55: "sm_srvcln_version" = "1.2.2"
L 03/21/2014 - 02:14:55: "swapteam_version" = "1.2.5"
L 03/21/2014 - 02:14:55: "scme_version" = "1.0.0"
L 03/21/2014 - 02:14:55: "sm_tnounlockspls_noext_version" = "0.4.0"
L 03/21/2014 - 02:14:55: "sm_fakeandforce_version" = "2.0"
L 03/21/2014 - 02:14:55: "sourcecomms_version" = "0.8.253"
L 03/21/2014 - 02:14:55: "nativevotes_basevotes_version" = "1.5.2"
L 03/21/2014 - 02:14:55: "sb_version" = "1.4.8"
L 03/21/2014 - 02:14:55: "basicdonator_recog_v" = "0.5"
L 03/21/2014 - 02:14:55: "fw_money_balance" = "1000"
L 03/21/2014 - 02:14:55: "fw_money_destroy_sentry" = "75"
L 03/21/2014 - 02:14:55: "fw_money_destroy_dispenser" = "75"
L 03/21/2014 - 02:14:55: "fw_money_backstab" = "50"
L 03/21/2014 - 02:14:55: "fw_money_headshot" = "50"
L 03/21/2014 - 02:14:55: "fw_money_domination" = "300"
L 03/21/2014 - 02:14:55: "fw_money_kill" = "100"
L 03/21/2014 - 02:14:55: "fw_money_win" = "1000"
L 03/21/2014 - 02:14:55: "fw_money_start" = "1000"
L 03/21/2014 - 02:14:55: "fw_unlock_menu_style" = "1"
L 03/21/2014 - 02:14:55: "fw_lulz" = "0"
L 03/21/2014 - 02:14:55: "fw_no_limit_time" = "60"
L 03/21/2014 - 02:14:55: "fw_setup_time" = "-1"
L 03/21/2014 - 02:14:55: "fw_prop_shadows" = "1"
L 03/21/2014 - 02:14:55: "fw_prop_health_multipler" = "1"
L 03/21/2014 - 02:14:55: "fw_stuck_protection" = "1"
L 03/21/2014 - 02:14:55: "fw_custom_spawn" = "0"
L 03/21/2014 - 02:14:55: "fw_spawn_protection" = "2.5"
L 03/21/2014 - 02:14:55: "fw_props_per_player_admin" = "70"
L 03/21/2014 - 02:14:55: "fw_props_per_player" = "70"
L 03/21/2014 - 02:14:55: "fw_props_per_team" = "250"
L 03/21/2014 - 02:14:55: "fw_maps" = "1"
L 03/21/2014 - 02:14:55: "fw_sql" = "1"
L 03/21/2014 - 02:14:55: "fw_version" = "6.52"
L 03/21/2014 - 02:14:55: "sm_testingtime_version" = "1.2"
L 03/21/2014 - 02:14:55: "stockmodels_version" = "1.0"
L 03/21/2014 - 02:14:55: "tf_models_list" = "tf2_modellist"
L 03/21/2014 - 02:14:55: "tf_models_blocktriggers" = "1"
L 03/21/2014 - 02:14:55: "tf_models_delayonspawn" = "0.1"
L 03/21/2014 - 02:14:55: "tf_models_force_admins" = "0"
L 03/21/2014 - 02:14:55: "tf_models_force_users" = "0"
L 03/21/2014 - 02:14:55: "tf_models_announce_plugin" = "1"
L 03/21/2014 - 02:14:55: "tf_models_announce" = "1"
L 03/21/2014 - 02:14:55: "tf_models_admin_override" = "0"
L 03/21/2014 - 02:14:55: "tf_models_admin_flags" = "b"
L 03/21/2014 - 02:14:55: "tf_models_version" = "1.0.3"
L 03/21/2014 - 02:14:55: "adsql_serverid" = "tf2rainbow"
L 03/21/2014 - 02:14:55: "adsql_version" = "2.4.0"
L 03/21/2014 - 02:14:55: "sm_redirect_version" = "1.2"
L 03/21/2014 - 02:14:55: "sm_snake_version" = "1.0"
L 03/21/2014 - 02:14:55: "webshortcutsredux_version" = "1.1"
L 03/21/2014 - 02:14:55: "sm_speechfun_version" = "1.0.2"
L 03/21/2014 - 02:14:55: "sm_hatremoval_version" = "1.1a"
L 03/21/2014 - 02:14:55: "sm_helpmenu_version" = "0.3"
L 03/21/2014 - 02:14:55: "sm_tnounlockspls_announce_version" = "0.4.0"
L 03/21/2014 - 02:14:55: "dts_version" = "1.1"
L 03/21/2014 - 02:14:55: "sm_cannounce_version" = "1.2"
L 03/21/2014 - 02:14:55: "fcg_version" = "1.1"
L 03/21/2014 - 02:14:55: "tf2attributes_version" = "1.1.1"
L 03/21/2014 - 02:14:55: "sm_resize_version" = "1.4.0"
L 03/21/2014 - 02:14:55: "sm_evilrocket_version" = "1.0.110"
L 03/21/2014 - 02:14:55: "sentryfun_version" = "1.3"
L 03/21/2014 - 02:14:55: "sentryfun_enabled" = "1"
L 03/21/2014 - 02:14:55: "sm_tf_maxclass" = "99999"
L 03/21/2014 - 02:14:55: "sm_textreplacer_version" = "0.2"
L 03/21/2014 - 02:14:55: "sm_gscramble_version" = "3.0.13"
L 03/21/2014 - 02:14:55: "gs_enabled" = "0"
L 03/21/2014 - 02:14:55: "sm_rtrigs" = "1"
L 03/21/2014 - 02:14:55: "sm_rtrigs_version" = "1.10"
L 03/21/2014 - 02:14:55: "tf2_decap_ver" = "1.0"
L 03/21/2014 - 02:14:55: "highfiveenemy_version" = "1.0"
L 03/21/2014 - 02:14:55: "sm_tnounlockspls_tf2items_version" = "0.4.0"
L 03/21/2014 - 02:14:55: "tfh_valentines" = "0"
L 03/21/2014 - 02:14:55: "tfh_meetthepyro" = "0"
L 03/21/2014 - 02:14:55: "tfh_winter" = "1"
L 03/21/2014 - 02:14:55: "tfh_birthday" = "0"
L 03/21/2014 - 02:14:55: "tfh_fullmoon" = "1"
L 03/21/2014 - 02:14:55: "tfh_halloween" = "-1"
L 03/21/2014 - 02:14:55: "tfh_use_overrides" = "1"
L 03/21/2014 - 02:14:55: "tfh_enabled" = "1"
L 03/21/2014 - 02:14:55: "tfh_version" = "1.8.1"
L 03/21/2014 - 02:14:55: "sm_customvotes_version" = "1.0"
L 03/21/2014 - 02:14:55: "sm_rtd_version" = "0.4.3.2"
L 03/21/2014 - 02:14:55: "sm_tnounlockspls_menu_version" = "0.4.0"
L 03/21/2014 - 02:14:55: "lights_version" = "0.6"
L 03/21/2014 - 02:14:55: "sm_downloader_version" = "1.4"
L 03/21/2014 - 02:14:55: "sm_spec_players" = "1"
L 03/21/2014 - 02:14:55: "sm_funcommandsx_version" = "2.3"
L 03/21/2014 - 02:14:55: "sm_adminlistmenu_version" = "1.0"
L 03/21/2014 - 02:14:55: "tf2items_manager" = "1"
L 03/21/2014 - 02:14:55: "tf2items_manager_version" = "1.4.1"
L 03/21/2014 - 02:14:55: "sm_respawn_override_version" = "1.0.1-20131019"
L 03/21/2014 - 02:14:55: "sm_setspeed_log" = "1"
L 03/21/2014 - 02:14:55: "sm_setspeed_chat" = "1"
L 03/21/2014 - 02:14:55: "sm_setspeed_version" = "1.3.1"
L 03/21/2014 - 02:14:55: "sm_spray_version" = "5.8a"
L 03/21/2014 - 02:14:55: "goomba_version" = "2.0.2"
L 03/21/2014 - 02:14:55: "sm_adminsmite_version" = "2.1"
L 03/21/2014 - 02:14:55: "mc_version" = "1.1.1"
L 03/21/2014 - 02:14:55: "sm_setplayerclass_version" = "1.0.1"
L 03/21/2014 - 02:14:55: "sm_tetris_version" = "1.0"
L 03/21/2014 - 02:14:55: "sm_hdmgtracker_version" = "1.2.2"
L 03/21/2014 - 02:14:55: "cid_mintime" = "10.0"
L 03/21/2014 - 02:14:55: "cid_maxdist" = "10000.0"
L 03/21/2014 - 02:14:55: "cid_enabled" = "1"
L 03/21/2014 - 02:14:55: "cid_version" = "1.1"
L 03/21/2014 - 02:14:55: "basicdonator_version" = "0.8"
L 03/21/2014 - 02:14:55: "sm_afkm_version" = "3.5.2"
L 03/21/2014 - 02:14:55: "sgadmins_version" = "1.2.0"
L 03/21/2014 - 02:14:55: "melee_version" = "0.4.1"
L 03/21/2014 - 02:14:55: "sm_pregame_slaughter_version" = "1.0.5.1"
L 03/21/2014 - 02:14:55: "fc_version" = "2.0"
L 03/21/2014 - 02:14:55: "jinglenotify_version" = "1.0.0"
L 03/21/2014 - 02:14:55: "sm_tf_captoggle" = "0.0.3"
L 03/21/2014 - 02:14:55: "sm_ignorelist_version" = "0x02"
L 03/21/2014 - 02:14:55: "tf2items_giveweapon_version" = "3.14159"
L 03/21/2014 - 02:14:55: "sm_bsd_version" = "2.0.0"
L 03/21/2014 - 02:14:55: "sm_rweapons_version" = "1.3"
L 03/21/2014 - 02:14:55: "sm_commanddump_version" = "1.1.0"
L 03/21/2014 - 02:14:55: "store_version" = "1.1-alpha"
L 03/21/2014 - 02:14:55: "sm_allchat_version" = "1.1.1"
L 03/21/2014 - 02:14:55: "sm_classrestrict_version" = "0.6"
L 03/21/2014 - 02:14:55: "sm_playersvotes_redux_version" = "1.3"
L 03/21/2014 - 02:14:55: "steamtools_version" = "0.8.3"
L 03/21/2014 - 02:14:55: "tf2items_version" = "1.6.0"
L 03/21/2014 - 02:14:55: "sm_nextmap" = "ctf_doublecross"
L 03/21/2014 - 02:14:55: "sourcemod_version" = "1.5.3-dev+4004"
L 03/21/2014 - 02:14:55: "metamod_version" = "1.10.1-devV"
L 03/21/2014 - 02:14:55: "tf_playergib" = "1"
L 03/21/2014 - 02:14:55: "tf_allow_player_use" = "0"
L 03/21/2014 - 02:14:55: "tf_mvm_death_penalty" = "0"
L 03/21/2014 - 02:14:55: "sv_maxusrcmdprocessticks" = "24"
L 03/21/2014 - 02:14:55: "mp_teamplay" = "0"
L 03/21/2014 - 02:14:55: "mp_falldamage" = "0"
L 03/21/2014 - 02:14:55: "mp_weaponstay" = "0"
L 03/21/2014 - 02:14:55: "mp_forcerespawn" = "1"
L 03/21/2014 - 02:14:55: "mp_footsteps" = "1"
L 03/21/2014 - 02:14:55: "mp_flashlight" = "1"
L 03/21/2014 - 02:14:55: "mp_autocrosshair" = "1"
L 03/21/2014 - 02:14:55: "decalfrequency" = "10"
L 03/21/2014 - 02:14:55: "mp_teamlist" = "hgrunt;scientist"
L 03/21/2014 - 02:14:55: "mp_allowNPCs" = "1"
L 03/21/2014 - 02:14:55: "sv_alltalk" = "1"
L 03/21/2014 - 02:14:55: "tf_weapon_criticals" = "1"
L 03/21/2014 - 02:14:55: "tf_damage_disablespread" = "1"
L 03/21/2014 - 02:14:55: "tf_player_name_change_time" = "60"
L 03/21/2014 - 02:14:55: "tf_force_holidays_off" = "0"
L 03/21/2014 - 02:14:55: "tf_birthday" = "0"
L 03/21/2014 - 02:14:55: "mp_windifference" = "0"
L 03/21/2014 - 02:14:55: "mp_windifference_min" = "0"
L 03/21/2014 - 02:14:55: "tf_medieval" = "0"
L 03/21/2014 - 02:14:55: "tf_medieval_autorp" = "1"
L 03/21/2014 - 02:14:55: "tf_arena_force_class" = "0"
L 03/21/2014 - 02:14:55: "tf_arena_change_limit" = "1"
L 03/21/2014 - 02:14:55: "tf_arena_override_cap_enable_time" = "-1"
L 03/21/2014 - 02:14:55: "tf_arena_first_blood" = "0"
L 03/21/2014 - 02:14:55: "tf_mvm_min_players_to_start" = "3"
L 03/21/2014 - 02:14:55: "tf_gamemode_arena" = "1"
L 03/21/2014 - 02:14:55: "tf_gamemode_cp" = "0"
L 03/21/2014 - 02:14:55: "tf_gamemode_ctf" = "0"
L 03/21/2014 - 02:14:55: "tf_gamemode_sd" = "0"
L 03/21/2014 - 02:14:55: "tf_gamemode_payload" = "0"
L 03/21/2014 - 02:14:55: "tf_gamemode_mvm" = "0"
L 03/21/2014 - 02:14:55: "tf_bot_count" = "0"
L 03/21/2014 - 02:14:55: "tf_teamtalk" = "0"
L 03/21/2014 - 02:14:55: "tf_ctf_bonus_time" = "10"
L 03/21/2014 - 02:14:55: "tf_maxspeed" = "400"
L 03/21/2014 - 02:14:55: "tf_max_charge_speed" = "750"
L 03/21/2014 - 02:14:55: "tf_use_fixed_weaponspreads" = "0"
L 03/21/2014 - 02:14:55: "tf_overtime_nag" = "0"
L 03/21/2014 - 02:14:55: "mp_tournament" = "0"
L 03/21/2014 - 02:14:55: "mp_highlander" = "0"
L 03/21/2014 - 02:14:55: "mp_maxrounds" = "0"
L 03/21/2014 - 02:14:55: "mp_winlimit" = "0"
L 03/21/2014 - 02:14:55: "mp_disable_respawn_times" = "0"
L 03/21/2014 - 02:14:55: "mp_stalemate_meleeonly" = "0"
L 03/21/2014 - 02:14:55: "mp_forceautoteam" = "0"
L 03/21/2014 - 02:14:55: "mp_autoteambalance" = "0"
L 03/21/2014 - 02:14:55: "mp_stalemate_enable" = "1"
L 03/21/2014 - 02:14:55: "mp_match_end_at_timelimit" = "0"
L 03/21/2014 - 02:14:55: "mp_holiday_nogifts" = "0"
L 03/21/2014 - 02:14:55: "mp_scrambleteams_auto" = "0"
L 03/21/2014 - 02:14:55: "mp_scrambleteams_auto_windifference" = "2"
L 03/21/2014 - 02:14:55: "mp_timelimit" = "25"
L 03/21/2014 - 02:14:55: "mp_fraglimit" = "0"
L 03/21/2014 - 02:14:55: "nextlevel" = ""
L 03/21/2014 - 02:14:55: "sv_gravity" = "800"
L 03/21/2014 - 02:14:55: "sv_stopspeed" = "100"
L 03/21/2014 - 02:14:55: "sv_noclipaccelerate" = "5"
L 03/21/2014 - 02:14:55: "sv_noclipspeed" = "5"
L 03/21/2014 - 02:14:55: "sv_specaccelerate" = "5"
L 03/21/2014 - 02:14:55: "sv_specspeed" = "3"
L 03/21/2014 - 02:14:55: "sv_specnoclip" = "1"
L 03/21/2014 - 02:14:55: "sv_maxspeed" = "320"
L 03/21/2014 - 02:14:55: "sv_accelerate" = "10"
L 03/21/2014 - 02:14:55: "sv_airaccelerate" = "10"
L 03/21/2014 - 02:14:55: "sv_wateraccelerate" = "10"
L 03/21/2014 - 02:14:55: "sv_waterfriction" = "1"
L 03/21/2014 - 02:14:55: "sv_footsteps" = "1"
L 03/21/2014 - 02:14:55: "sv_rollspeed" = "200"
L 03/21/2014 - 02:14:55: "sv_rollangle" = "0"
L 03/21/2014 - 02:14:55: "sv_friction" = "4"
L 03/21/2014 - 02:14:55: "sv_bounce" = "0"
L 03/21/2014 - 02:14:55: "sv_stepsize" = "18"
L 03/21/2014 - 02:14:55: "r_VehicleViewDampen" = "1"
L 03/21/2014 - 02:14:55: "r_JeepViewDampenFreq" = "7.0"
L 03/21/2014 - 02:14:55: "r_JeepViewDampenDamp" = "1.0"
L 03/21/2014 - 02:14:55: "r_JeepViewZHeight" = "10.0"
L 03/21/2014 - 02:14:55: "r_AirboatViewDampenFreq" = "7.0"
L 03/21/2014 - 02:14:55: "r_AirboatViewDampenDamp" = "1.0"
L 03/21/2014 - 02:14:55: "r_AirboatViewZHeight" = "0.0"
L 03/21/2014 - 02:14:55: "mp_fadetoblack" = "0"
L 03/21/2014 - 02:14:55: "tf_mm_servermode" = "0"
L 03/21/2014 - 02:14:55: "tf_mm_strict" = "0"
L 03/21/2014 - 02:14:55: "tf_mm_trusted" = "0"
L 03/21/2014 - 02:14:55: "tf_server_identity_disable_quickplay" = "0"
L 03/21/2014 - 02:14:55: "sv_registration_successful" = "1"
L 03/21/2014 - 02:14:55: "sv_registration_message" = ""
L 03/21/2014 - 02:14:55: "sv_steamgroup" = ""
L 03/21/2014 - 02:14:55: "sv_cheats" = "0"
L 03/21/2014 - 02:14:55: "sv_pausable" = "0"
L 03/21/2014 - 02:14:55: "sv_contact" = "theoneandonly@rowedahelicon.com"
L 03/21/2014 - 02:14:55: "sv_voiceenable" = "1"
L 03/21/2014 - 02:14:55: "tv_enable" = "0"
L 03/21/2014 - 02:14:55: "deathmatch" = "1"
L 03/21/2014 - 02:14:55: "coop" = "0"
L 03/21/2014 - 02:14:55: "tv_password" = ""
L 03/21/2014 - 02:14:55: "tv_relaypassword" = ""
L 03/21/2014 - 02:14:55: "sv_password" = ""
L 03/21/2014 - 02:14:55: server cvars end
L 03/21/2014 - 02:14:58: Started map "ctf_doublecross" (CRC "b61549970aea6f9194cd2f0c77690baa")
L 03/21/2014 - 02:14:58: Executing dedicated server config file server.cfg
L 03/21/2014 - 02:15:03: server_cvar: "tf_gamemode_arena" "0"
L 03/21/2014 - 02:15:03: server_cvar: "tf_gamemode_ctf" "1"
L 03/21/2014 - 02:15:04: server_cvar: "mp_autoteambalance" "1"
L 03/21/2014 - 02:15:04: server_cvar: "tf_arena_first_blood" "1"
L 03/21/2014 - 02:15:04: server_cvar: "mp_scrambleteams_auto" "1"
L 03/21/2014 - 02:15:04: WARNING: ClientActive, but we don't know his SteamID?
L 03/21/2014 - 02:15:04: "Replay 2: The Replayening<2><BOT><>" entered the game
L 03/21/2014 - 02:15:04: "Replay 2: The Replayening<2><BOT><Unassigned>" joined team "Spectator"
L 03/21/2014 - 02:15:04: server_cvar: "tf_models_list" "TF2_ItemList"
L 03/21/2014 - 02:15:04: server_cvar: "mp_timelimit" "30"
L 03/21/2014 - 02:15:04: server_cvar: "tf_models_list" "tf2_modellist"
L 03/21/2014 - 02:15:04: server_cvar: "mp_autoteambalance" "0"
L 03/21/2014 - 02:15:04: server_cvar: "gs_enabled" "1"
L 03/21/2014 - 02:15:04: "wegginskevin<163><STEAM_0:0:84760084><>" disconnected (reason "Disconnect by user.")
L 03/21/2014 - 02:15:04: server_cvar: "sm_nextmap" "ctf_landfall_rc"
L 03/21/2014 - 02:15:09: server_cvar: "mp_scrambleteams_auto" "0"
L 03/21/2014 - 02:15:20: server_cvar: "mp_disable_respawn_times" "1"
L 03/21/2014 - 02:15:21: "Persi, the Neko God<12><STEAM_0:1:30286598><>" entered the game
L 03/21/2014 - 02:15:27: "Persi, the Neko God<12><STEAM_0:1:30286598><Unassigned>" joined team "Red"
L 03/21/2014 - 02:15:28: "Persi, the Neko God<12><STEAM_0:1:30286598><Red>" changed role to "scout"
L 03/21/2014 - 02:15:32: "Persi, the Neko God<12><STEAM_0:1:30286598><Red>" changed role to "heavyweapons"
L 03/21/2014 - 02:15:48: "Isaac Rundrake<164><STEAM_0:1:40971448><>" entered the game
L 03/21/2014 - 02:15:56: "McVee<165><STEAM_0:1:2633605><>" entered the game
L 03/21/2014 - 02:15:56: "Hoosktron<148><STEAM_0:0:33245321><>" entered the game
L 03/21/2014 - 02:15:57: "{SCG} FaolPlay<133><STEAM_0:1:24520147><>" entered the game
L 03/21/2014 - 02:15:58: "1/2 Bit<150><STEAM_0:0:26523066><>" entered the game
L 03/21/2014 - 02:16:02: "{BFG} Nikdragon<108><STEAM_0:0:78154965><>" entered the game
L 03/21/2014 - 02:16:09: "Hoosktron<148><STEAM_0:0:33245321><Unassigned>" joined team "Blue"
L 03/21/2014 - 02:16:10: "McVee<165><STEAM_0:1:2633605><Unassigned>" disconnected (reason "Disconnect by user.")
L 03/21/2014 - 02:16:11: "Hoosktron<148><STEAM_0:0:33245321><Blue>" changed role to "spy"
L 03/21/2014 - 02:16:12: "{SCG} Rowdy d(=^ï½¥Ï‰ï½¥^=)b<139><STEAM_0:0:21349373><>" entered the game
L 03/21/2014 - 02:16:16: "{BFG} Nikdragon<108><STEAM_0:0:78154965><Unassigned>" joined team "Red"
L 03/21/2014 - 02:16:18: "{SCG} PhantomX999<114><STEAM_0:1:13432606><>" entered the game
L 03/21/2014 - 02:16:19: "{SCG} Rowdy d(=^ï½¥Ï‰ï½¥^=)b<139><STEAM_0:0:21349373><Unassigned>" joined team "Blue"
L 03/21/2014 - 02:16:19: "{BFG} Nikdragon<108><STEAM_0:0:78154965><Red>" changed role to "sniper"
L 03/21/2014 - 02:16:20: "{SCG} Rowdy d(=^ï½¥Ï‰ï½¥^=)b<139><STEAM_0:0:21349373><Blue>" changed role to "scout"
L 03/21/2014 - 02:16:29: World triggered "Round_Start"
L 03/21/2014 - 02:16:29: "{BFG} Sabre<155><STEAM_0:1:31072961><>" entered the game
L 03/21/2014 - 02:16:33: "Persi, the Neko God<12><STEAM_0:1:30286598><Red>" changed role to "scout"
L 03/21/2014 - 02:16:38: "{BFG} Sabre<155><STEAM_0:1:31072961><Unassigned>" joined team "Blue"
L 03/21/2014 - 02:16:39: server_cvar: "mp_disable_respawn_times" "0"
L 03/21/2014 - 02:16:40: "{BFG} Sabre<155><STEAM_0:1:31072961><Blue>" changed role to "soldier"
L 03/21/2014 - 02:16:41: "{SCG} Rowdy d(=^ï½¥Ï‰ï½¥^=)b<139><STEAM_0:0:21349373><Blue>" disconnected (reason "Disconnect by user.")
L 03/21/2014 - 02:16:43: "1/2 Bit<150><STEAM_0:0:26523066><Unassigned>" joined team "Red"
L 03/21/2014 - 02:16:44: "1/2 Bit<150><STEAM_0:0:26523066><Red>" changed role to "scout"
L 03/21/2014 - 02:16:45: "(void*)FoXX<146><STEAM_0:0:2179002><>" entered the game
L 03/21/2014 - 02:16:52: server_cvar: "mp_disable_respawn_times" "1"
L 03/21/2014 - 02:16:53: "(void*)FoXX<146><STEAM_0:0:2179002><Unassigned>" joined team "Blue"
L 03/21/2014 - 02:16:55: "(void*)FoXX<146><STEAM_0:0:2179002><Blue>" changed role to "sniper"
L 03/21/2014 - 02:16:55: server_cvar: "mp_disable_respawn_times" "0"
L 03/21/2014 - 02:16:57: "Persi, the Neko God<12><STEAM_0:1:30286598><Red>" triggered "flagevent" (event "picked up") (position "1373 2290 -15")
L 03/21/2014 - 02:16:57: "{BFG} Sabre<155><STEAM_0:1:31072961><Blue>" killed "1/2 Bit<150><STEAM_0:0:26523066><Red>" with "dumpster_device" (attacker_position "478 -141 0") (victim_position "926 137 70")
L 03/21/2014 - 02:17:00: "(void*)FoXX<146><STEAM_0:0:2179002><Blue>" triggered "jarate_attack" against "Persi, the Neko God<12><STEAM_0:1:30286598><Red>" with "tf_weapon_jar" (attacker_position "2044 1718 91") (victim_position "2067 2004 53")
L 03/21/2014 - 02:17:04: "(void*)FoXX<146><STEAM_0:0:2179002><Blue>" triggered "flagevent" (event "defended") (position "2106 1183 -255")
L 03/21/2014 - 02:17:04: "(void*)FoXX<146><STEAM_0:0:2179002><Blue>" killed "Persi, the Neko God<12><STEAM_0:1:30286598><Red>" with "sniperrifle" (attacker_position "2106 1183 -255") (victim_position "1798 896 -197")
L 03/21/2014 - 02:17:04: "Persi, the Neko God<12><STEAM_0:1:30286598><Red>" triggered "flagevent" (event "dropped") (position "1798 896 -197")
L 03/21/2014 - 02:17:04: "{SCG} PhantomX999<114><STEAM_0:1:13432606><Unassigned>" joined team "Blue"
L 03/21/2014 - 02:17:06: "{SCG} FaolPlay<133><STEAM_0:1:24520147><Unassigned>" joined team "Red"
L 03/21/2014 - 02:17:07: "{SCG} PhantomX999<114><STEAM_0:1:13432606><Blue>" changed role to "pyro"
L 03/21/2014 - 02:17:08: "{SCG} FaolPlay<133><STEAM_0:1:24520147><Red>" changed role to "medic"
L 03/21/2014 - 02:17:16: "{SCG} Rowdy d(=^ï½¥Ï‰ï½¥^=)b<167><STEAM_0:0:21349373><>" connected, address "69.118.59.219:27005"
L 03/21/2014 - 02:17:16: "{SCG} Rowdy d(=^ï½¥Ï‰ï½¥^=)b<167><STEAM_0:0:21349373><>" STEAM USERID validated
L 03/21/2014 - 02:17:17: "(void*)FoXX<146><STEAM_0:0:2179002><Blue>" triggered "medic_death" against "{SCG} FaolPlay<133><STEAM_0:1:24520147><Red>" (healing "0") (ubercharge "0")
L 03/21/2014 - 02:17:17: "(void*)FoXX<146><STEAM_0:0:2179002><Blue>" killed "{SCG} FaolPlay<133><STEAM_0:1:24520147><Red>" with "sniperrifle" (customkill "headshot") (attacker_position "827 -479 8") (victim_position "-180 156 0")
L 03/21/2014 - 02:17:18: "QUBE<168><STEAM_0:1:50315380><>" connected, address "112.186.52.13:27005"
L 03/21/2014 - 02:17:19: "QUBE<168><STEAM_0:1:50315380><>" STEAM USERID validated
L 03/21/2014 - 02:17:20: "QUBE<168><STEAM_0:1:50315380><>" disconnected (reason "Disconnect by user.")
L 03/21/2014 - 02:17:20: "{SCG} FaolPlay<133><STEAM_0:1:24520147><Red>" changed role to "sniper"
L 03/21/2014 - 02:17:24: "Persi, the Neko God<12><STEAM_0:1:30286598><Red>" killed "{BFG} Sabre<155><STEAM_0:1:31072961><Blue>" with "scattergun" (attacker_position "-1522 -1274 160") (victim_position "-1454 -1203 160")
L 03/21/2014 - 02:17:28: "Isaac Rundrake<164><STEAM_0:1:40971448><Unassigned>" joined team "Spectator"
L 03/21/2014 - 02:17:31: "{BFG} Sabre<155><STEAM_0:1:31072961><Blue>" say "Persi"
L 03/21/2014 - 02:17:38: "{BFG} Sabre<155><STEAM_0:1:31072961><Blue>" say "i wanted to whip fao"
L 03/21/2014 - 02:17:39: "(void*)FoXX<146><STEAM_0:0:2179002><Blue>" triggered "jarate_attack" against "1/2 Bit<150><STEAM_0:0:26523066><Red>" with "tf_weapon_jar" (attacker_position "1208 260 0") (victim_position "1157 434 47")
L 03/21/2014 - 02:17:39: "Persi, the Neko God<12><STEAM_0:1:30286598><Red>" triggered "flagevent" (event "picked up") (position "1732 901 -255")
L 03/21/2014 - 02:17:41: "{SCG} PhantomX999<114><STEAM_0:1:13432606><Blue>" triggered "flagevent" (event "picked up") (position "-1312 -2235 -15")
L 03/21/2014 - 02:17:46: "QUBE<169><STEAM_0:1:50315380><>" connected, address "112.186.52.13:27005"
L 03/21/2014 - 02:17:46: "QUBE<169><STEAM_0:1:50315380><>" STEAM USERID validated
L 03/21/2014 - 02:17:47: "{SCG} Rowdy d(=^ï½¥Ï‰ï½¥^=)b<167><STEAM_0:0:21349373><>" entered the game
L 03/21/2014 - 02:17:48: "Isaac Rundrake<164><STEAM_0:1:40971448><Spectator>" joined team "Red"
L 03/21/2014 - 02:17:50: "Isaac Rundrake<164><STEAM_0:1:40971448><Red>" changed role to "medic"
L 03/21/2014 - 02:17:54: "{SCG} Rowdy d(=^ï½¥Ï‰ï½¥^=)b<167><STEAM_0:0:21349373><Unassigned>" joined team "Blue"
L 03/21/2014 - 02:17:55: "{SCG} Rowdy d(=^ï½¥Ï‰ï½¥^=)b<167><STEAM_0:0:21349373><Blue>" changed role to "pyro"
L 03/21/2014 - 02:17:58: "(void*)FoXX<146><STEAM_0:0:2179002><Blue>" killed "{SCG} FaolPlay<133><STEAM_0:1:24520147><Red>" with "fryingpan" (attacker_position "17 -72 28") (victim_position "-42 -50 34")
L 03/21/2014 - 02:18:04: "Persi, the Neko God<12><STEAM_0:1:30286598><Red>" triggered "flagevent" (event "captured") (team_caps "1") (caps_per_round "3") (position "-1413 -2112 151")
L 03/21/2014 - 02:18:06: "Persi, the Neko God<12><STEAM_0:1:30286598><Red>" killed "Hoosktron<148><STEAM_0:0:33245321><Blue>" with "scattergun" (attacker_position "-752 -2329 -30") (victim_position "-511 -2243 -31")
L 03/21/2014 - 02:18:12: "1/2 Bit<150><STEAM_0:0:26523066><Red>" killed "{SCG} Rowdy d(=^ï½¥Ï‰ï½¥^=)b<167><STEAM_0:0:21349373><Blue>" with "force_a_nature" (attacker_position "1284 938 160") (victim_position "1421 991 160")
L 03/21/2014 - 02:18:14: "mads.37<166><STEAM_0:1:81367145><>" entered the game
L 03/21/2014 - 02:18:16: "(void*)FoXX<146><STEAM_0:0:2179002><Blue>" triggered "jarate_attack" against "Persi, the Neko God<12><STEAM_0:1:30286598><Red>" with "tf_weapon_jar" (attacker_position "-2540 -1943 15") (victim_position "-2348 -2098 -30")
L 03/21/2014 - 02:18:17: "Scruff<170><STEAM_0:0:61337606><>" connected, address "76.104.195.128:27005"
L 03/21/2014 - 02:18:17: "Scruff<170><STEAM_0:0:61337606><>" STEAM USERID validated
L 03/21/2014 - 02:18:18: "Persi, the Neko God<12><STEAM_0:1:30286598><Red>" killed "(void*)FoXX<146><STEAM_0:0:2179002><Blue>" with "scattergun" (attacker_position "-1970 -2125 -30") (victim_position "-2207 -1905 -30")
L 03/21/2014 - 02:18:19: "1/2 Bit<150><STEAM_0:0:26523066><Red>" triggered "flagevent" (event "picked up") (position "1357 2233 -2")
L 03/21/2014 - 02:18:22: "{BFG} Sabre<155><STEAM_0:1:31072961><Blue>" killed "{BFG} Nikdragon<108><STEAM_0:0:78154965><Red>" with "disciplinary_action" (attacker_position "-296 -1347 0") (victim_position "-216 -1309 0")
L 03/21/2014 - 02:18:23: "{SCG} PhantomX999<114><STEAM_0:1:13432606><Blue>" triggered "flagevent" (event "captured") (team_caps "1") (caps_per_round "3") (position "1487 2268 -15")
L 03/21/2014 - 02:18:30: "{BFG} Nikdragon<108><STEAM_0:0:78154965><Red>" changed role to "heavyweapons"
L 03/21/2014 - 02:18:31: "{BFG} Sabre<155><STEAM_0:1:31072961><Blue>" triggered "flagevent" (event "picked up") (position "-1247 -2313 -15")
L 03/21/2014 - 02:18:33: "{BFG} Nikdragon<108><STEAM_0:0:78154965><Red>" changed role to "demoman"
L 03/21/2014 - 02:18:36: "(void*)FoXX<146><STEAM_0:0:2179002><Blue>" changed role to "scout"
L 03/21/2014 - 02:18:40: "1/2 Bit<150><STEAM_0:0:26523066><Red>" killed "{BFG} Sabre<155><STEAM_0:1:31072961><Blue>" with "world" (attacker_position "-2174 -1289 55") (victim_position "-2423 -1142 -30")
L 03/21/2014 - 02:18:40: "{BFG} Sabre<155><STEAM_0:1:31072961><Blue>" triggered "flagevent" (event "dropped") (position "-2423 -1142 -30")
L 03/21/2014 - 02:18:43: "Scruff<170><STEAM_0:0:61337606><>" entered the game
L 03/21/2014 - 02:18:44: "Hoosktron<148><STEAM_0:0:33245321><Blue>" triggered "medic_death" against "Isaac Rundrake<164><STEAM_0:1:40971448><Red>" (healing "187") (ubercharge "0")
L 03/21/2014 - 02:18:44: "Hoosktron<148><STEAM_0:0:33245321><Blue>" killed "Isaac Rundrake<164><STEAM_0:1:40971448><Red>" with "knife" (attacker_position "-1516 -907 -31") (victim_position "-1528 -848 -31")
L 03/21/2014 - 02:18:45: "1/2 Bit<150><STEAM_0:0:26523066><Red>" triggered "flagevent" (event "captured") (team_caps "2") (caps_per_round "3") (position "-1487 -2307 11")
L 03/21/2014 - 02:18:45: "Persi, the Neko God<12><STEAM_0:1:30286598><Red>" triggered "flagevent" (event "picked up") (position "1376 2315 -15")
L 03/21/2014 - 02:18:45: "mads.37<166><STEAM_0:1:81367145><Unassigned>" joined team "Red"
L 03/21/2014 - 02:18:47: "mads.37<166><STEAM_0:1:81367145><Red>" changed role to "soldier"
L 03/21/2014 - 02:18:49: "{SCG} FaolPlay<133><STEAM_0:1:24520147><Red>" killed "(void*)FoXX<146><STEAM_0:0:2179002><Blue>" with "machina" (attacker_position "1127 -7 1") (victim_position "588 221 8")
L 03/21/2014 - 02:18:49: "Scruff<170><STEAM_0:0:61337606><Unassigned>" joined team "Blue"
L 03/21/2014 - 02:18:49: "{SCG} PhantomX999<114><STEAM_0:1:13432606><Blue>" triggered "flagevent" (event "picked up") (position "-2358 -1111 -30")
L 03/21/2014 - 02:18:50: "Scruff<170><STEAM_0:0:61337606><Blue>" changed role to "scout"
L 03/21/2014 - 02:18:54: "mads.37<166><STEAM_0:1:81367145><Red>" changed role to "scout"
L 03/21/2014 - 02:18:59: "Hoosktron<148><STEAM_0:0:33245321><Blue>" killed "{BFG} Nikdragon<108><STEAM_0:0:78154965><Red>" with "knife" (customkill "backstab") (attacker_position "-1210 -571 -31") (victim_position "-1153 -507 16")
L 03/21/2014 - 02:18:59: "{SCG} PhantomX999<114><STEAM_0:1:13432606><Blue>" triggered "kill assist" against "{BFG} Nikdragon<108><STEAM_0:0:78154965><Red>" (assister_position "-762 -50 1") (attacker_position "-1210 -571 -31") (victim_position "-1153 -507 16")
L 03/21/2014 - 02:19:02: "QUBE<169><STEAM_0:1:50315380><>" disconnected (reason "Disconnect by user.")
L 03/21/2014 - 02:19:03: "(void*)FoXX<146><STEAM_0:0:2179002><Blue>" changed role to "engineer"
L 03/21/2014 - 02:19:09: "Hoosktron<148><STEAM_0:0:33245321><Blue>" killed "{SCG} FaolPlay<133><STEAM_0:1:24520147><Red>" with "knife" (attacker_position "1197 -232 8") (victim_position "1212 -183 11")
L 03/21/2014 - 02:19:09: "{SCG} PhantomX999<114><STEAM_0:1:13432606><Blue>" triggered "kill assist" against "{SCG} FaolPlay<133><STEAM_0:1:24520147><Red>" (assister_position "1213 548 -31") (attacker_position "1197 -232 8") (victim_position "1212 -183 11")
L 03/21/2014 - 02:19:12: "(void*)FoXX<146><STEAM_0:0:2179002><Blue>" committed suicide with "world" (attacker_position "1358 658 206")
L 03/21/2014 - 02:19:18: "{SCG} PhantomX999<114><STEAM_0:1:13432606><Blue>" triggered "flagevent" (event "captured") (team_caps "2") (caps_per_round "3") (position "1483 2293 -15")
L 03/21/2014 - 02:19:18: "Persi, the Neko God<12><STEAM_0:1:30286598><Red>" triggered "flagevent" (event "captured") (team_caps "3") (caps_per_round "3") (position "-1484 -2283 -15")
L 03/21/2014 - 02:19:18: "{SCG} PhantomX999<114><STEAM_0:1:13432606><Blue>" killed "1/2 Bit<150><STEAM_0:0:26523066><Red>" with "scorchshot" (attacker_position "1336 2282 -15") (victim_position "1621 2324 -27")
L 03/21/2014 - 02:19:18: "Hoosktron<148><STEAM_0:0:33245321><Blue>" triggered "kill assist" against "1/2 Bit<150><STEAM_0:0:26523066><Red>" (assister_position "1878 1996 -30") (attacker_position "1336 2282 -15") (victim_position "1621 2324 -27")
L 03/21/2014 - 02:19:19: World triggered "Round_Win" (winner "Red")
L 03/21/2014 - 02:19:19: World triggered "Round_Length" (seconds "169.85")
L 03/21/2014 - 02:19:19: Team "Red" current score "1" with "6" players
L 03/21/2014 - 02:19:19: Team "Blue" current score "0" with "6" players
L 03/21/2014 - 02:19:23: "Scruff<170><STEAM_0:0:61337606><Blue>" say "PFFFT"
L 03/21/2014 - 02:19:23: "mads.37<166><STEAM_0:1:81367145><Red>" killed "{SCG} PhantomX999<114><STEAM_0:1:13432606><Blue>" with "scattergun" (attacker_position "1314 2293 -15") (victim_position "1081 2256 -31")
L 03/21/2014 - 02:19:25: "Hoosktron<148><STEAM_0:0:33245321><Blue>" committed suicide with "world" (attacker_position "1964 2231 75")
L 03/21/2014 - 02:19:26: "Scruff<170><STEAM_0:0:61337606><Blue>" say "that voice mashup"
L 03/21/2014 - 02:19:30: "Persi, the Neko God<12><STEAM_0:1:30286598><Red>" killed "{BFG} Sabre<155><STEAM_0:1:31072961><Blue>" with "scattergun" (attacker_position "715 -77 0") (victim_position "1109 -13 1")
L 03/21/2014 - 02:19:34: World triggered "Round_Start"
L 03/21/2014 - 02:19:40: "{BFG} Sabre<155><STEAM_0:1:31072961><Blue>" changed role to "demoman"
L 03/21/2014 - 02:19:46: "(void*)FoXX<146><STEAM_0:0:2179002><Blue>" triggered "builtobject" (object "OBJ_SENTRYGUN") (position "1316 2357 -15")
L 03/21/2014 - 02:19:53: "{BFG} Nikdragon<108><STEAM_0:0:78154965><Red>" changed role to "scout"
L 03/21/2014 - 02:19:53: "{BFG} Nikdragon<108><STEAM_0:0:78154965><Red>" committed suicide with "world" (attacker_position "-1091 -174 1")
L 03/21/2014 - 02:19:58: "Persi, the Neko God<12><STEAM_0:1:30286598><Red>" killed "{BFG} Sabre<155><STEAM_0:1:31072961><Blue>" with "scattergun" (attacker_position "1838 1138 -30") (victim_position "1844 1235 -29")
L 03/21/2014 - 02:19:59: "(void*)FoXX<146><STEAM_0:0:2179002><Blue>" triggered "builtobject" (object "OBJ_DISPENSER") (position "1403 2038 -15")
L 03/21/2014 - 02:20:00: "{SCG}ExcelsiorTheLion(NoVoice)<171><STEAM_0:1:6659757><>" connected, address "76.191.154.141:27005"
L 03/21/2014 - 02:20:01: "{SCG}ExcelsiorTheLion(NoVoice)<171><STEAM_0:1:6659757><>" STEAM USERID validated
L 03/21/2014 - 02:20:03: "Scruff<170><STEAM_0:0:61337606><Blue>" triggered "flagevent" (event "picked up") (position "-1250 -2336 -15")
L 03/21/2014 - 02:20:03: "Persi, the Neko God<12><STEAM_0:1:30286598><Red>" triggered "flagevent" (event "picked up") (position "1377 2250 -15")
L 03/21/2014 - 02:20:05: "(void*)FoXX<146><STEAM_0:0:2179002><Blue>" triggered "flagevent" (event "defended") (position "1244 2234 -15")
L 03/21/2014 - 02:20:05: "(void*)FoXX<146><STEAM_0:0:2179002><Blue>" killed "Persi, the Neko God<12><STEAM_0:1:30286598><Red>" with "the_rescue_ranger" (attacker_position "1244 2234 -15") (victim_position "1462 1966 160")
L 03/21/2014 - 02:20:05: "Persi, the Neko God<12><STEAM_0:1:30286598><Red>" triggered "flagevent" (event "dropped") (position "1462 1966 160")
L 03/21/2014 - 02:20:05: "{SCG} Rowdy d(=^ï½¥Ï‰ï½¥^=)b<167><STEAM_0:0:21349373><Blue>" killed "{SCG} FaolPlay<133><STEAM_0:1:24520147><Red>" with "rainblower" (attacker_position "-1153 -337 0") (victim_position "-1215 -501 -30")
L 03/21/2014 - 02:20:06: "Isaac Rundrake<164><STEAM_0:1:40971448><Red>" killed "{SCG} Rowdy d(=^ï½¥Ï‰ï½¥^=)b<167><STEAM_0:0:21349373><Blue>" with "ubersaw" (attacker_position "-1145 -550 -31") (victim_position "-1187 -587 -31")
L 03/21/2014 - 02:20:06: "{SCG} FaolPlay<133><STEAM_0:1:24520147><Red>" triggered "kill assist" against "{SCG} Rowdy d(=^ï½¥Ï‰ï½¥^=)b<167><STEAM_0:0:21349373><Blue>" (assister_position "-1215 -501 -16") (attacker_position "-1145 -550 -31") (victim_position "-1187 -587 -31")
L 03/21/2014 - 02:20:07: "(void*)FoXX<146><STEAM_0:0:2179002><Blue>" killed "1/2 Bit<150><STEAM_0:0:26523066><Red>" with "obj_sentrygun" (attacker_position "1110 2149 -23") (victim_position "1245 2374 -15")
L 03/21/2014 - 02:20:09: "(void*)FoXX<146><STEAM_0:0:2179002><Blue>" killed "mads.37<166><STEAM_0:1:81367145><Red>" with "obj_sentrygun" (attacker_position "1476 2104 154") (victim_position "1865 2230 -30")
L 03/21/2014 - 02:20:12: "mads.37<166><STEAM_0:1:81367145><Red>" disconnected (reason "Disconnect by user.")
L 03/21/2014 - 02:20:14: "(void*)FoXX<146><STEAM_0:0:2179002><Blue>" say "i lold"
L 03/21/2014 - 02:20:18: "{BFG} Sabre<155><STEAM_0:1:31072961><Blue>" changed role to "sniper"
L 03/21/2014 - 02:20:28: "Scruff<170><STEAM_0:0:61337606><Blue>" triggered "flagevent" (event "captured") (team_caps "1") (caps_per_round "3") (position "1473 2131 141")
L 03/21/2014 - 02:20:35: "Scruff<170><STEAM_0:0:61337606><Blue>" killed "1/2 Bit<150><STEAM_0:0:26523066><Red>" with "force_a_nature" (attacker_position "421 668 87") (victim_position "489 -75 50")
L 03/21/2014 - 02:20:36: "Hoosktron<148><STEAM_0:0:33245321><Blue>" triggered "flagevent" (event "picked up") (position "-1247 -2308 -15")
L 03/21/2014 - 02:20:43: "Persi, the Neko God<12><STEAM_0:1:30286598><Red>" killed "{BFG} Sabre<155><STEAM_0:1:31072961><Blue>" with "scattergun" (attacker_position "-443 198 8") (victim_position "-755 190 8")
L 03/21/2014 - 02:20:43: "Persi, the Neko God<12><STEAM_0:1:30286598><Red>" triggered "domination" against "{BFG} Sabre<155><STEAM_0:1:31072961><Blue>"
L 03/21/2014 - 02:20:44: "Isaac Rundrake<164><STEAM_0:1:40971448><Red>" disconnected (reason "Disconnect by user.")
L 03/21/2014 - 02:20:46: "(void*)FoXX<146><STEAM_0:0:2179002><Blue>" killed "{BFG} Nikdragon<108><STEAM_0:0:78154965><Red>" with "obj_sentrygun2" (attacker_position "1224 2152 -15") (victim_position "1526 2249 -23")
L 03/21/2014 - 02:20:48: "{SCG} FaolPlay<133><STEAM_0:1:24520147><Red>" disconnected (reason "{SCG} FaolPlay timed out")
L 03/21/2014 - 02:20:49: "Persi, the Neko God<12><STEAM_0:1:30286598><Red>" killed "{SCG} Rowdy d(=^ï½¥Ï‰ï½¥^=)b<167><STEAM_0:0:21349373><Blue>" with "scattergun" (attacker_position "-637 62 0") (victim_position "-633 -163 2")
L 03/21/2014 - 02:20:58: "{BFG} Nikdragon<108><STEAM_0:0:78154965><Red>" changed role to "spy"
L 03/21/2014 - 02:21:08: "Isaac Rundrake<172><STEAM_0:1:40971448><>" connected, address "81.158.108.141:27005"
L 03/21/2014 - 02:21:08: "Isaac Rundrake<172><STEAM_0:1:40971448><>" STEAM USERID validated
L 03/21/2014 - 02:21:09: "{SCG} FaolPlay<173><STEAM_0:1:24520147><>" connected, address "70.125.205.49:27005"
L 03/21/2014 - 02:21:09: "{SCG} FaolPlay<173><STEAM_0:1:24520147><>" STEAM USERID validated
L 03/21/2014 - 02:21:11: "Hoosktron<148><STEAM_0:0:33245321><Blue>" triggered "flagevent" (event "dropped") (position "2010 1534 -30")
L 03/21/2014 - 02:21:11: "Persi, the Neko God<12><STEAM_0:1:30286598><Red>" killed "Hoosktron<148><STEAM_0:0:33245321><Blue>" with "scattergun" (customkill "feign_death") (attacker_position "1865 1162 -30") (victim_position "2010 1534 -30")
L 03/21/2014 - 02:21:17: "Hoosktron<148><STEAM_0:0:33245321><Blue>" triggered "flagevent" (event "picked up") (position "2009 1466 -30")
L 03/21/2014 - 02:21:21: "Hoosktron<148><STEAM_0:0:33245321><Blue>" triggered "flagevent" (event "captured") (team_caps "2") (caps_per_round "3") (position "1483 2297 -15")
L 03/21/2014 - 02:21:22: "Scruff<170><STEAM_0:0:61337606><Blue>" killed "{BFG} Nikdragon<108><STEAM_0:0:78154965><Red>" with "force_a_nature" (attacker_position "-1123 -1183 119") (victim_position "-1209 -1175 160")
L 03/21/2014 - 02:21:24: "Hoosktron<148><STEAM_0:0:33245321><Blue>" killed "Persi, the Neko God<12><STEAM_0:1:30286598><Red>" with "letranger" (attacker_position "1839 2077 -30") (victim_position "1838 1569 -30")
L 03/21/2014 - 02:21:25: "1/2 Bit<150><STEAM_0:0:26523066><Red>" killed "{SCG} PhantomX999<114><STEAM_0:1:13432606><Blue>" with "force_a_nature" (attacker_position "-1082 -443 -19") (victim_position "-1055 -593 -31")
L 03/21/2014 - 02:21:30: "Scruff<170><STEAM_0:0:61337606><Blue>" triggered "flagevent" (event "picked up") (position "-1375 -2270 -15")
L 03/21/2014 - 02:21:30: "Isaac Rundrake<172><STEAM_0:1:40971448><>" entered the game
L 03/21/2014 - 02:21:31: "Hoosktron<148><STEAM_0:0:33245321><Blue>" killed "{SCG} Rowdy d(=^ï½¥Ï‰ï½¥^=)b<167><STEAM_0:0:21349373><Red>" with "letranger" (attacker_position "2159 1065 -30") (victim_position "1917 1084 -30")
L 03/21/2014 - 02:21:32: "{SCG} Rowdy d(=^ï½¥Ï‰ï½¥^=)b<167><STEAM_0:0:21349373><Red>" killed "Hoosktron<148><STEAM_0:0:33245321><Blue>" with "rainblower" (customkill "feign_death") (attacker_position "1962 1088 -16") (victim_position "2354 963 -30")
L 03/21/2014 - 02:21:32: "{SCG} FaolPlay<173><STEAM_0:1:24520147><>" entered the game
L 03/21/2014 - 02:21:35: "Isaac Rundrake<172><STEAM_0:1:40971448><Unassigned>" joined team "Red"
L 03/21/2014 - 02:21:36: "Isaac Rundrake<172><STEAM_0:1:40971448><Red>" changed role to "medic"
L 03/21/2014 - 02:21:42: "{SCG} FaolPlay<173><STEAM_0:1:24520147><Unassigned>" joined team "Blue"
L 03/21/2014 - 02:21:43: "{SCG} FaolPlay<173><STEAM_0:1:24520147><Blue>" changed role to "sniper"
L 03/21/2014 - 02:21:49: "Hoosktron<148><STEAM_0:0:33245321><Blue>" killed "1/2 Bit<150><STEAM_0:0:26523066><Red>" with "letranger" (attacker_position "1976 1276 -30") (victim_position "2326 1305 -30")
L 03/21/2014 - 02:21:53: "Scruff<170><STEAM_0:0:61337606><Blue>" triggered "flagevent" (event "captured") (team_caps "3") (caps_per_round "3") (position "1485 2265 53")
L 03/21/2014 - 02:21:53: World triggered "Round_Win" (winner "Blue")
L 03/21/2014 - 02:21:53: World triggered "Round_Length" (seconds "139.76")
L 03/21/2014 - 02:21:53: Team "Red" current score "1" with "5" players
L 03/21/2014 - 02:21:53: Team "Blue" current score "1" with "6" players
L 03/21/2014 - 02:21:56: "Persi, the Neko God<12><STEAM_0:1:30286598><Red>" killed "(void*)FoXX<146><STEAM_0:0:2179002><Blue>" with "obj_sentrygun3" (attacker_position "-1573 -1123 160") (victim_position "1409 2138 -15")
L 03/21/2014 - 02:21:58: "Persi, the Neko God<12><STEAM_0:1:30286598><Red>" triggered "killedobject" (object "OBJ_DISPENSER") (weapon "obj_sentrygun3") (objectowner "(void*)FoXX<146><STEAM_0:0:2179002><Blue>") (attacker_position "-1480 -1341 160")
L 03/21/2014 - 02:22:07: "Scruff<170><STEAM_0:0:61337606><Blue>" killed "{BFG} Nikdragon<108><STEAM_0:0:78154965><Red>" with "force_a_nature" (attacker_position "-785 -153 1") (victim_position "-859 -142 1")
L 03/21/2014 - 02:22:07: "(void*)FoXX<146><STEAM_0:0:2179002><Blue>" changed role to "soldier"
L 03/21/2014 - 02:22:08: World triggered "Round_Start"
L 03/21/2014 - 02:22:17: "{BFG} Nikdragon<108><STEAM_0:0:78154965><Red>" changed role to "sniper"
L 03/21/2014 - 02:22:30: "Persi, the Neko God<12><STEAM_0:1:30286598><Red>" killed "Hoosktron<148><STEAM_0:0:33245321><Blue>" with "scattergun" (customkill "feign_death") (attacker_position "-654 13 0") (victim_position "-211 144 0")
L 03/21/2014 - 02:22:30: "Isaac Rundrake<172><STEAM_0:1:40971448><Red>" triggered "kill assist" against "Hoosktron<148><STEAM_0:0:33245321><Blue>" (assister_position "-1028 -267 8") (attacker_position "-654 13 0") (victim_position "-211 144 0")
L 03/21/2014 - 02:22:36: "Scruff<170><STEAM_0:0:61337606><Blue>" killed "{BFG} Nikdragon<108><STEAM_0:0:78154965><Red>" with "force_a_nature" (attacker_position "-540 -1139 0") (victim_position "-481 -1198 0")
L 03/21/2014 - 02:22:39: "{SCG} Rowdy d(=^ï½¥Ï‰ï½¥^=)b<167><STEAM_0:0:21349373><Red>" disconnected (reason "{SCG} Rowdy d(=^ï½¥Ï‰ï½¥^=)b timed out")
L 03/21/2014 - 02:22:42: "Scruff<170><STEAM_0:0:61337606><Blue>" triggered "flagevent" (event "picked up") (position "-1249 -2325 -15")
L 03/21/2014 - 02:22:52: "Persi, the Neko God<12><STEAM_0:1:30286598><Red>" killed "{SCG} PhantomX999<114><STEAM_0:1:13432606><Blue>" with "scattergun" (attacker_position "-1628 -571 -31") (victim_position "-1596 -499 -31")
L 03/21/2014 - 02:22:58: "{BFG} Nikdragon<108><STEAM_0:0:78154965><Red>" changed role to "heavyweapons"
L 03/21/2014 - 02:23:04: "{BFG} Sabre<155><STEAM_0:1:31072961><Blue>" killed "Persi, the Neko God<12><STEAM_0:1:30286598><Red>" with "pro_smg" (attacker_position "853 404 -51") (victim_position "783 403 -44")
L 03/21/2014 - 02:23:04: "{BFG} Sabre<155><STEAM_0:1:31072961><Blue>" triggered "revenge" against "Persi, the Neko God<12><STEAM_0:1:30286598><Red>"
L 03/21/2014 - 02:23:06: "Scruff<170><STEAM_0:0:61337606><Blue>" triggered "flagevent" (event "captured") (team_caps "1") (caps_per_round "3") (position "1141 2360 -15")
L 03/21/2014 - 02:23:07: "{SCG} Rowdy d(=^ï½¥Ï‰ï½¥^=)b<174><STEAM_0:0:21349373><>" connected, address "69.118.59.219:27005"
L 03/21/2014 - 02:23:07: "{SCG} Rowdy d(=^ï½¥Ï‰ï½¥^=)b<174><STEAM_0:0:21349373><>" STEAM USERID validated
L 03/21/2014 - 02:23:09: "Hoosktron<148><STEAM_0:0:33245321><Blue>" triggered "flagevent" (event "picked up") (position "-1326 -2233 -15")
L 03/21/2014 - 02:23:11: "{SCG} FaolPlay<173><STEAM_0:1:24520147><Red>" killed "{BFG} Sabre<155><STEAM_0:1:31072961><Blue>" with "machina" (customkill "headshot") (attacker_position "-1059 -159 1") (victim_position "-321 -207 8")
L 03/21/2014 - 02:23:14: "1/2 Bit<150><STEAM_0:0:26523066><Red>" joined team "Spectator"
L 03/21/2014 - 02:23:15: "{SCG} An Skunkskunk<175><STEAM_0:0:19095054><>" connected, address "98.81.32.98:27005"
L 03/21/2014 - 02:23:16: "{SCG} An Skunkskunk<175><STEAM_0:0:19095054><>" STEAM USERID validated
L 03/21/2014 - 02:23:26: "Hoosktron<148><STEAM_0:0:33245321><Blue>" triggered "flagevent" (event "dropped") (position "-19 -529 -406")
L 03/21/2014 - 02:23:26: "{BFG} Nikdragon<108><STEAM_0:0:78154965><Red>" killed "Hoosktron<148><STEAM_0:0:33245321><Blue>" with "natascha" (customkill "feign_death") (attacker_position "-598 -273 8") (victim_position "-19 -529 -406")
L 03/21/2014 - 02:23:30: "Hoosktron<148><STEAM_0:0:33245321><Blue>" triggered "flagevent" (event "picked up") (position "-27 -463 -406")
L 03/21/2014 - 02:23:38: "{SCG} FaolPlay<173><STEAM_0:1:24520147><Red>" killed "{SCG} PhantomX999<114><STEAM_0:1:13432606><Blue>" with "machina" (customkill "headshot") (attacker_position "-1227 -44 1") (victim_position "96 396 -65")
L 03/21/2014 - 02:23:39: "{SCG} Rowdy d(=^ï½¥Ï‰ï½¥^=)b<174><STEAM_0:0:21349373><>" entered the game
L 03/21/2014 - 02:23:40: "Scruff<170><STEAM_0:0:61337606><Blue>" killed "{SCG} FaolPlay<173><STEAM_0:1:24520147><Red>" with "force_a_nature" (attacker_position "-1297 -186 8") (victim_position "-1303 113 8")
L 03/21/2014 - 02:23:47: "{SCG} Rowdy d(=^ï½¥Ï‰ï½¥^=)b<174><STEAM_0:0:21349373><Unassigned>" joined team "Red"
L 03/21/2014 - 02:23:48: "{SCG} Rowdy d(=^ï½¥Ï‰ï½¥^=)b<174><STEAM_0:0:21349373><Red>" changed role to "pyro"
L 03/21/2014 - 02:23:51: "Hoosktron<148><STEAM_0:0:33245321><Blue>" triggered "flagevent" (event "captured") (team_caps "2") (caps_per_round "3") (position "1484 2288 16")
L 03/21/2014 - 02:23:52: "Scruff<170><STEAM_0:0:61337606><Blue>" triggered "flagevent" (event "picked up") (position "-1250 -2346 -15")
L 03/21/2014 - 02:23:57: "Scruff<170><STEAM_0:0:61337606><Blue>" killed "Persi, the Neko God<12><STEAM_0:1:30286598><Red>" with "force_a_nature" (attacker_position "-1463 -1038 41") (victim_position "-1134 -586 -31")
L 03/21/2014 - 02:24:11: "{BFG} Sabre<155><STEAM_0:1:31072961><Blue>" say "what?"
L 03/21/2014 - 02:24:12: "{SCG} An Skunkskunk<175><STEAM_0:0:19095054><>" entered the game
L 03/21/2014 - 02:24:16: "Scruff<170><STEAM_0:0:61337606><Blue>" triggered "flagevent" (event "captured") (team_caps "3") (caps_per_round "3") (position "1487 2262 -15")
L 03/21/2014 - 02:24:16: World triggered "Round_Win" (winner "Blue")
L 03/21/2014 - 02:24:16: World triggered "Round_Length" (seconds "127.70")
L 03/21/2014 - 02:24:16: Team "Red" current score "1" with "5" players
L 03/21/2014 - 02:24:16: Team "Blue" current score "2" with "5" players
L 03/21/2014 - 02:24:17: "Scruff<170><STEAM_0:0:61337606><Blue>" killed "{BFG} Nikdragon<108><STEAM_0:0:78154965><Red>" with "force_a_nature" (attacker_position "1352 2328 -15") (victim_position "1763 2279 -30")
L 03/21/2014 - 02:24:17: "Scruff<170><STEAM_0:0:61337606><Blue>" triggered "domination" against "{BFG} Nikdragon<108><STEAM_0:0:78154965><Red>"
L 03/21/2014 - 02:24:24: "{BFG} Sabre<155><STEAM_0:1:31072961><Blue>" killed "{SCG} FaolPlay<173><STEAM_0:1:24520147><Red>" with "taunt_sniper" (attacker_position "-1583 -1749 160") (victim_position "-1632 -1728 160")
L 03/21/2014 - 02:24:27: "{BFG} Sabre<155><STEAM_0:1:31072961><Blue>" killed "{SCG} Rowdy d(=^ï½¥Ï‰ï½¥^=)b<174><STEAM_0:0:21349373><Red>" with "taunt_sniper" (attacker_position "-1643 -1743 160") (victim_position "-1696 -1728 160")
L 03/21/2014 - 02:24:31: World triggered "Round_Start"
L 03/21/2014 - 02:24:31: "{SCG} An Skunkskunk<175><STEAM_0:0:19095054><Unassigned>" joined team "Red"
L 03/21/2014 - 02:24:34: "{SCG} An Skunkskunk<175><STEAM_0:0:19095054><Red>" changed role to "sniper"
L 03/21/2014 - 02:24:40: "{BFG} Nikdragon<108><STEAM_0:0:78154965><Blue>" changed role to "engineer"
L 03/21/2014 - 02:24:57: "{SCG} FaolPlay<173><STEAM_0:1:24520147><Blue>" killed "Scruff<170><STEAM_0:0:61337606><Red>" with "bleed_kill" (attacker_position "1283 940 -31") (victim_position "1250 788 -31")
L 03/21/2014 - 02:24:59: "{SCG} FaolPlay<173><STEAM_0:1:24520147><Blue>" killed "{SCG} PhantomX999<114><STEAM_0:1:13432606><Red>" with "machina" (customkill "headshot") (attacker_position "1367 1041 -31") (victim_position "1229 371 -5")
L 03/21/2014 - 02:24:59: "{BFG} Nikdragon<108><STEAM_0:0:78154965><Blue>" triggered "builtobject" (object "OBJ_DISPENSER") (position "1405 2040 -15")
L 03/21/2014 - 02:25:03: "{SCG} PhantomX999<114><STEAM_0:1:13432606><Red>" killed "{BFG} Sabre<155><STEAM_0:1:31072961><Blue>" with "degreaser" (attacker_position "1209 436 -3") (victim_position "1449 752 -31")
L 03/21/2014 - 02:25:14: "1/2 Bit<150><STEAM_0:0:26523066><Spectator>" disconnected (reason "[AFK Manager] You were kicked for being AFK too long.")
L 03/21/2014 - 02:25:18: "Persi, the Neko God<12><STEAM_0:1:30286598><Blue>" killed "Hoosktron<148><STEAM_0:0:33245321><Red>" with "scattergun" (customkill "feign_death") (attacker_position "-2247 -1456 232") (victim_position "-2439 -1497 252")
L 03/21/2014 - 02:25:19: "{BFG} Sabre<155><STEAM_0:1:31072961><Blue>" changed role to "spy"
L 03/21/2014 - 02:25:21: "Persi, the Neko God<12><STEAM_0:1:30286598><Blue>" killed "{SCG} An Skunkskunk<175><STEAM_0:0:19095054><Red>" with "scattergun" (attacker_position "-1947 -1636 160") (victim_position "-1874 -1410 160")
L 03/21/2014 - 02:25:24: "Persi, the Neko God<12><STEAM_0:1:30286598><Blue>" triggered "flagevent" (event "picked up") (position "-1375 -2295 -15")
L 03/21/2014 - 02:25:24: "{BFG} Sabre<155><STEAM_0:1:31072961><Blue>" say "what does he need?"
L 03/21/2014 - 02:25:36: "{SCG} PhantomX999<114><STEAM_0:1:13432606><Red>" triggered "flagevent" (event "defended") (position "-1448 -851 160")
L 03/21/2014 - 02:25:36: "{SCG} PhantomX999<114><STEAM_0:1:13432606><Red>" killed "Persi, the Neko God<12><STEAM_0:1:30286598><Blue>" with "scorchshot" (attacker_position "-1448 -851 160") (victim_position "-175 -5 73")
L 03/21/2014 - 02:25:36: "Scruff<170><STEAM_0:0:61337606><Red>" triggered "kill assist" against "Persi, the Neko God<12><STEAM_0:1:30286598><Blue>" (assister_position "-1039 -153 1") (attacker_position "-1448 -851 160") (victim_position "-175 -5 73")
L 03/21/2014 - 02:25:36: "Persi, the Neko God<12><STEAM_0:1:30286598><Blue>" triggered "flagevent" (event "dropped") (position "-175 -5 73")
L 03/21/2014 - 02:25:39: "(void*)FoXX<146><STEAM_0:0:2179002><Red>" killed "{BFG} Sabre<155><STEAM_0:1:31072961><Blue>" with "disciplinary_action" (attacker_position "-1041 -84 1") (victim_position "-1086 -78 1")
L 03/21/2014 - 02:25:51: "Scruff<170><STEAM_0:0:61337606><Red>" triggered "flagevent" (event "picked up") (position "1248 2339 -15")
L 03/21/2014 - 02:25:52: "Scruff<170><STEAM_0:0:61337606><Red>" killed "{BFG} Nikdragon<108><STEAM_0:0:78154965><Blue>" with "force_a_nature" (attacker_position "1499 2092 -15") (victim_position "1510 1944 35")
L 03/21/2014 - 02:25:54: "Hoosktron<148><STEAM_0:0:33245321><Red>" killed "{SCG} Rowdy d(=^ï½¥Ï‰ï½¥^=)b<174><STEAM_0:0:21349373><Blue>" with "knife" (customkill "backstab") (attacker_position "1446 674 160") (victim_position "1460 612 213")
L 03/21/2014 - 02:25:56: "{SCG} An Skunkskunk<175><STEAM_0:0:19095054><Red>" killed "{SCG} FaolPlay<173><STEAM_0:1:24520147><Blue>" with "tf_projectile_arrow" (customkill "headshot") (attacker_position "-901 425 8") (victim_position "1238 -67 1")
L 03/21/2014 - 02:25:59: "Scruff<170><STEAM_0:0:61337606><Red>" triggered "killedobject" (object "OBJ_DISPENSER") (weapon "force_a_nature") (objectowner "{BFG} Nikdragon<108><STEAM_0:0:78154965><Blue>") (attacker_position "1354 2314 -15")
L 03/21/2014 - 02:26:06: "(void*)FoXX<146><STEAM_0:0:2179002><Red>" killed "Persi, the Neko God<12><STEAM_0:1:30286598><Blue>" with "tf_projectile_rocket" (attacker_position "-126 29 34") (victim_position "28 -111 97")
L 03/21/2014 - 02:26:07: "Scruff<170><STEAM_0:0:61337606><Red>" triggered "flagevent" (event "dropped") (position "1461 1061 160")
L 03/21/2014 - 02:26:12: "{SCG}ExcelsiorTheLion(NoVoice)<171><STEAM_0:1:6659757><>" disconnected (reason "{SCG}ExcelsiorTheLion(NoVoice) timed out")
L 03/21/2014 - 02:26:15: "{SCG} PhantomX999<114><STEAM_0:1:13432606><Red>" triggered "flagevent" (event "picked up") (position "1492 992 160")
L 03/21/2014 - 02:26:27: "{SCG} Rowdy d(=^ï½¥Ï‰ï½¥^=)b<174><STEAM_0:0:21349373><Blue>" triggered "flagevent" (event "picked up") (position "-109 25 52")
L 03/21/2014 - 02:26:29: "{SCG} Rowdy d(=^ï½¥Ï‰ï½¥^=)b<174><STEAM_0:0:21349373><Blue>" killed "Hoosktron<148><STEAM_0:0:33245321><Red>" with "rainblower" (customkill "feign_death") (attacker_position "-139 92 2") (victim_position "34 2 63")
L 03/21/2014 - 02:26:29: "Scruff<170><STEAM_0:0:61337606><Red>" killed "{SCG} FaolPlay<173><STEAM_0:1:24520147><Blue>" with "force_a_nature" (attacker_position "1031 -37 44") (victim_position "1035 -306 8")
L 03/21/2014 - 02:26:29: "(void*)FoXX<146><STEAM_0:0:2179002><Red>" triggered "flagevent" (event "defended") (position "-80 -41 40")
L 03/21/2014 - 02:26:29: "(void*)FoXX<146><STEAM_0:0:2179002><Red>" killed "{SCG} Rowdy d(=^ï½¥Ï‰ï½¥^=)b<174><STEAM_0:0:21349373><Blue>" with "tf_projectile_rocket" (attacker_position "-80 -41 40") (victim_position "-69 131 5")
L 03/21/2014 - 02:26:29: "{SCG} Rowdy d(=^ï½¥Ï‰ï½¥^=)b<174><STEAM_0:0:21349373><Blue>" triggered "flagevent" (event "dropped") (position "-69 131 5")
L 03/21/2014 - 02:26:29: "{SCG} Rowdy d(=^ï½¥Ï‰ï½¥^=)b<174><STEAM_0:0:21349373><Blue>" killed "(void*)FoXX<146><STEAM_0:0:2179002><Red>" with "world" (attacker_position "-69 131 5") (victim_position "-80 -41 40")
L 03/21/2014 - 02:26:32: "{BFG} Nikdragon<108><STEAM_0:0:78154965><Blue>" triggered "builtobject" (object "OBJ_DISPENSER") (position "745 2028 -213")
L 03/21/2014 - 02:26:38: "{SCG} PhantomX999<114><STEAM_0:1:13432606><Red>" triggered "flagevent" (event "captured") (team_caps "1") (caps_per_round "3") (position "-1485 -2336 -15")
L 03/21/2014 - 02:26:50: "{SCG} An Skunkskunk<175><STEAM_0:0:19095054><Red>" killed "{BFG} Sabre<155><STEAM_0:1:31072961><Blue>" with "tf_projectile_arrow" (attacker_position "-379 -1236 0") (victim_position "476 1170 0")
L 03/21/2014 - 02:26:50: "Hoosktron<148><STEAM_0:0:33245321><Red>" triggered "kill assist" against "{BFG} Sabre<155><STEAM_0:1:31072961><Blue>" (assister_position "653 188 8") (attacker_position "-379 -1236 0") (victim_position "476 1170 0")
L 03/21/2014 - 02:26:58: "Scruff<170><STEAM_0:0:61337606><Red>" triggered "flagevent" (event "picked up") (position "1319 2277 5")
L 03/21/2014 - 02:27:02: "Persi, the Neko God<12><STEAM_0:1:30286598><Blue>" triggered "flagevent" (event "defended") (position "531 2078 -38")
L 03/21/2014 - 02:27:02: "Persi, the Neko God<12><STEAM_0:1:30286598><Blue>" killed "Scruff<170><STEAM_0:0:61337606><Red>" with "scattergun" (attacker_position "531 2078 -38") (victim_position "463 1520 61")
L 03/21/2014 - 02:27:02: "Scruff<170><STEAM_0:0:61337606><Red>" triggered "flagevent" (event "dropped") (position "463 1520 61")
L 03/21/2014 - 02:27:03: "Hoosktron<148><STEAM_0:0:33245321><Red>" triggered "builtobject" (object "OBJ_ATTACHMENT_SAPPER") (position "702 2015 -220")
L 03/21/2014 - 02:27:04: "{BFG} Nikdragon<108><STEAM_0:0:78154965><Blue>" triggered "killedobject" (object "OBJ_ATTACHMENT_SAPPER") (weapon "southern_comfort_kill") (objectowner "Hoosktron<148><STEAM_0:0:33245321><Red>") (attacker_position "780 2079 -200")
L 03/21/2014 - 02:27:05: "Hoosktron<148><STEAM_0:0:33245321><Red>" killed "{BFG} Nikdragon<108><STEAM_0:0:78154965><Blue>" with "knife" (customkill "backstab") (attacker_position "705 2077 -215") (victim_position "780 2079 -200")
L 03/21/2014 - 02:27:06: "Hoosktron<148><STEAM_0:0:33245321><Red>" triggered "builtobject" (object "OBJ_ATTACHMENT_SAPPER") (position "772 2053 -204")
L 03/21/2014 - 02:27:06: "Persi, the Neko God<12><STEAM_0:1:30286598><Blue>" killed "Hoosktron<148><STEAM_0:0:33245321><Red>" with "scattergun" (attacker_position "524 1996 -209") (victim_position "773 2062 -203")
L 03/21/2014 - 02:27:12: "Hoosktron<148><STEAM_0:0:33245321><Red>" triggered "killedobject" (object "OBJ_DISPENSER") (weapon "obj_attachment_sapper") (objectowner "{BFG} Nikdragon<108><STEAM_0:0:78154965><Blue>") (attacker_position "765 2016 -135")
L 03/21/2014 - 02:27:24: "Persi, the Neko God<12><STEAM_0:1:30286598><Blue>" killed "{SCG} PhantomX999<114><STEAM_0:1:13432606><Red>" with "scattergun" (attacker_position "1862 1123 -30") (victim_position "1513 1181 -31")
L 03/21/2014 - 02:27:25: "{SCG} Rowdy d(=^ï½¥Ï‰ï½¥^=)b<174><STEAM_0:0:21349373><Blue>" triggered "medic_death" against "Isaac Rundrake<172><STEAM_0:1:40971448><Red>" (healing "381") (ubercharge "0")
L 03/21/2014 - 02:27:25: "{SCG} Rowdy d(=^ï½¥Ï‰ï½¥^=)b<174><STEAM_0:0:21349373><Blue>" killed "Isaac Rundrake<172><STEAM_0:1:40971448><Red>" with "rainblower" (attacker_position "142 -223 8") (victim_position "44 -179 52")
L 03/21/2014 - 02:27:26: "(void*)FoXX<146><STEAM_0:0:2179002><Red>" killed "{SCG} Rowdy d(=^ï½¥Ï‰ï½¥^=)b<174><STEAM_0:0:21349373><Blue>" with "tf_projectile_rocket" (attacker_position "-161 63 19") (victim_position "5 31 62")
L 03/21/2014 - 02:27:32: "{BFG} Sabre<155><STEAM_0:1:31072961><Blue>" committed suicide with "world" (attacker_position "193 -280 -729")
L 03/21/2014 - 02:27:40: "{BFG} Sabre<155><STEAM_0:1:31072961><Blue>" changed role to "demoman"
L 03/21/2014 - 02:27:49: "(void*)FoXX<146><STEAM_0:0:2179002><Red>" triggered "flagevent" (event "picked up") (position "399 1450 0")
L 03/21/2014 - 02:27:49: "RyKo<162><STEAM_0:1:51092251><>" entered the game
L 03/21/2014 - 02:27:49: "Scruff<170><STEAM_0:0:61337606><Red>" killed "Persi, the Neko God<12><STEAM_0:1:30286598><Blue>" with "force_a_nature" (attacker_position "1183 1113 0") (victim_position "926 904 0")
L 03/21/2014 - 02:27:54: "{SCG} FaolPlay<173><STEAM_0:1:24520147><Blue>" triggered "flagevent" (event "defended") (position "592 -30 0")
L 03/21/2014 - 02:27:54: "{SCG} FaolPlay<173><STEAM_0:1:24520147><Blue>" killed "(void*)FoXX<146><STEAM_0:0:2179002><Red>" with "machina" (attacker_position "592 -30 0") (victim_position "208 346 238")
L 03/21/2014 - 02:27:54: "(void*)FoXX<146><STEAM_0:0:2179002><Red>" triggered "flagevent" (event "dropped") (position "208 346 238")
L 03/21/2014 - 02:27:58: "Scruff<170><STEAM_0:0:61337606><Red>" triggered "flagevent" (event "picked up") (position "1329 2253 5")
L 03/21/2014 - 02:28:03: "{BFG} Sabre<155><STEAM_0:1:31072961><Blue>" say "they need strange unusual horseless headsmans headtaker"
L 03/21/2014 - 02:28:13: "{SCG} An Skunkskunk<175><STEAM_0:0:19095054><Red>" killed "{SCG} FaolPlay<173><STEAM_0:1:24520147><Blue>" with "tf_projectile_arrow" (attacker_position "-609 -986 0") (victim_position "-32 226 -406")
L 03/21/2014 - 02:28:17: "{SCG} An Skunkskunk<175><STEAM_0:0:19095054><Red>" killed "{BFG} Nikdragon<108><STEAM_0:0:78154965><Blue>" with "tf_projectile_arrow" (attacker_position "-554 -1050 0") (victim_position "7 -367 -406")
L 03/21/2014 - 02:28:21: "[F2P] Xor<176><STEAM_0:0:32854847><>" connected, address "128.54.228.19:27005"
L 03/21/2014 - 02:28:21: "[F2P] Xor<176><STEAM_0:0:32854847><>" STEAM USERID validated
L 03/21/2014 - 02:28:23: "{BFG} Nikdragon<108><STEAM_0:0:78154965><Blue>" changed role to "sniper"
L 03/21/2014 - 02:28:26: "Scruff<170><STEAM_0:0:61337606><Red>" triggered "flagevent" (event "captured") (team_caps "2") (caps_per_round "3") (position "-1434 -2114 151")
L 03/21/2014 - 02:28:30: "{SCG} An Skunkskunk<175><STEAM_0:0:19095054><Red>" killed "Persi, the Neko God<12><STEAM_0:1:30286598><Blue>" with "smg" (attacker_position "-537 -1115 0") (victim_position "-479 -1050 0")
L 03/21/2014 - 02:28:32: "Scruff<170><STEAM_0:0:61337606><Red>" killed "{BFG} Sabre<155><STEAM_0:1:31072961><Blue>" with "force_a_nature" (attacker_position "-1753 -1196 -30") (victim_position "-1370 -1354 -31")
L 03/21/2014 - 02:28:32: "(void*)FoXX<146><STEAM_0:0:2179002><Red>" say "killstreak haunted strange unusual horseless headmans headtaker"
L 03/21/2014 - 02:28:41: "Hoosktron<148><STEAM_0:0:33245321><Red>" triggered "flagevent" (event "picked up") (position "1246 2281 -15")
L 03/21/2014 - 02:28:49: "RyKo<162><STEAM_0:1:51092251><Unassigned>" joined team "Spectator"
L 03/21/2014 - 02:28:51: "{BFG} Sabre<155><STEAM_0:1:31072961><Blue>" changed role to "engineer"
L 03/21/2014 - 02:28:57: "(void*)FoXX<146><STEAM_0:0:2179002><Red>" killed "{BFG} Nikdragon<108><STEAM_0:0:78154965><Blue>" with "disciplinary_action" (attacker_position "297 1401 0") (victim_position "221 1399 0")
L 03/21/2014 - 02:28:59: "{BFG} Sabre<155><STEAM_0:1:31072961><Blue>" say "yes"
L 03/21/2014 - 02:28:59: "(void*)FoXX<146><STEAM_0:0:2179002><Red>" killed "Persi, the Neko God<12><STEAM_0:1:30286598><Blue>" with "disciplinary_action" (attacker_position "423 1178 0") (victim_position "517 1104 0")
L 03/21/2014 - 02:29:02: "{SCG} FaolPlay<173><STEAM_0:1:24520147><Blue>" killed "{SCG} PhantomX999<114><STEAM_0:1:13432606><Red>" with "machina" (attacker_position "1239 -633 -51") (victim_position "1238 -559 -39")
L 03/21/2014 - 02:29:03: "{BFG} Sabre<155><STEAM_0:1:31072961><Blue>" say "there is"
L 03/21/2014 - 02:29:15: "{SCG} FaolPlay<173><STEAM_0:1:24520147><Blue>" triggered "medic_death" against "Isaac Rundrake<172><STEAM_0:1:40971448><Red>" (healing "0") (ubercharge "0")
L 03/21/2014 - 02:29:15: "{SCG} FaolPlay<173><STEAM_0:1:24520147><Blue>" killed "Isaac Rundrake<172><STEAM_0:1:40971448><Red>" with "machina" (customkill "headshot") (attacker_position "-727 135 0") (victim_position "-1152 -150 1")
L 03/21/2014 - 02:29:18: "{BFG} Sabre<155><STEAM_0:1:31072961><Blue>" triggered "builtobject" (object "OBJ_SENTRYGUN") (position "1501 1950 160")
L 03/21/2014 - 02:29:18: "Hoosktron<148><STEAM_0:0:33245321><Red>" triggered "flagevent" (event "captured") (team_caps "3") (caps_per_round "3") (position "-1487 -2307 -15")
L 03/21/2014 - 02:29:19: World triggered "Round_Win" (winner "Red")
L 03/21/2014 - 02:29:19: World triggered "Round_Length" (seconds "287.49")
L 03/21/2014 - 02:29:19: Team "Red" current score "2" with "6" players
L 03/21/2014 - 02:29:19: Team "Blue" current score "2" with "5" players
L 03/21/2014 - 02:29:21: "Scruff<170><STEAM_0:0:61337606><Red>" killed "{BFG} Sabre<155><STEAM_0:1:31072961><Blue>" with "force_a_nature" (attacker_position "1406 1969 142") (victim_position "1502 1950 160")
L 03/21/2014 - 02:29:23: "{SCG} FaolPlay<173><STEAM_0:1:24520147><Blue>" committed suicide with "world" (attacker_position "-336 -262 -719")
L 03/21/2014 - 02:29:29: "{SCG} Rowdy d(=^ï½¥Ï‰ï½¥^=)b<174><STEAM_0:0:21349373><Blue>" committed suicide with "world" (attacker_position "192 390 -668")
L 03/21/2014 - 02:29:30: "(void*)FoXX<146><STEAM_0:0:2179002><Red>" say "well you can adjust the length...."
L 03/21/2014 - 02:29:31: "{BFG} Sabre<155><STEAM_0:1:31072961><Blue>" killed "Scruff<170><STEAM_0:0:61337606><Red>" with "obj_sentrygun" (attacker_position "1499 2022 160") (victim_position "1383 1950 127")
L 03/21/2014 - 02:29:34: World triggered "Round_Start"
L 03/21/2014 - 02:29:38: "(void*)FoXX<146><STEAM_0:0:2179002><Red>" say "put length 0, no crits"
L 03/21/2014 - 02:29:41: "Hoosktron<148><STEAM_0:0:33245321><Red>" say "!rtv"
L 03/21/2014 - 02:29:45: "{BFG} Sabre<155><STEAM_0:1:31072961><Blue>" say "yes"
L 03/21/2014 - 02:29:47: "{BFG} Sabre<155><STEAM_0:1:31072961><Blue>" triggered "builtobject" (object "OBJ_SENTRYGUN") (position "1491 1950 160")
L 03/21/2014 - 02:29:48: "{BFG} Nikdragon<108><STEAM_0:0:78154965><Blue>" say "!nominate"
L 03/21/2014 - 02:29:48: "Isaac Rundrake<172><STEAM_0:1:40971448><Red>" disconnected (reason "Disconnect by user.")
L 03/21/2014 - 02:29:51: "{SCG} FaolPlay<173><STEAM_0:1:24520147><Blue>" killed "Scruff<170><STEAM_0:0:61337606><Red>" with "machina" (customkill "headshot") (attacker_position "667 619 -168") (victim_position "-7 281 -339")
L 03/21/2014 - 02:29:51: "Persi, the Neko God<12><STEAM_0:1:30286598><Blue>" triggered "kill assist" against "Scruff<170><STEAM_0:0:61337606><Red>" (assister_position "-27 322 -406") (attacker_position "667 619 -168") (victim_position "-7 281 -339")
L 03/21/2014 - 02:29:51: "{SCG} An Skunkskunk<175><STEAM_0:0:19095054><Red>" killed "Persi, the Neko God<12><STEAM_0:1:30286598><Blue>" with "smg" (attacker_position "-409 -672 -359") (victim_position "-12 251 -406")
L 03/21/2014 - 02:29:54: "(void*)FoXX<146><STEAM_0:0:2179002><Red>" killed "{BFG} Nikdragon<108><STEAM_0:0:78154965><Blue>" with "goomba" (attacker_position "595 1040 82") (victim_position "577 1053 0")
L 03/21/2014 - 02:29:57: "Care for a jelly baby?<177><STEAM_0:0:41460545><>" connected, address "58.175.40.215:27005"
L 03/21/2014 - 02:29:57: "Care for a jelly baby?<177><STEAM_0:0:41460545><>" STEAM USERID validated
L 03/21/2014 - 02:29:58: "{SCG} FaolPlay<173><STEAM_0:1:24520147><Blue>" killed "{SCG} PhantomX999<114><STEAM_0:1:13432606><Red>" with "machina" (attacker_position "1116 514 -31") (victim_position "1589 1050 -31")
L 03/21/2014 - 02:30:08: "(void*)FoXX<146><STEAM_0:0:2179002><Red>" triggered "killedobject" (object "OBJ_SENTRYGUN") (weapon "tf_projectile_rocket") (objectowner "{BFG} Sabre<155><STEAM_0:1:31072961><Blue>") (attacker_position "1864 1866 160")
L 03/21/2014 - 02:30:13: "(void*)FoXX<146><STEAM_0:0:2179002><Red>" triggered "flagevent" (event "picked up") (position "1327 2235 -15")
L 03/21/2014 - 02:30:15: "{SCG} PhantomX999<114><STEAM_0:1:13432606><Red>" disconnected (reason "Disconnect by user.")
L 03/21/2014 - 02:30:16: "(void*)FoXX<146><STEAM_0:0:2179002><Red>" killed "{BFG} Sabre<155><STEAM_0:1:31072961><Blue>" with "disciplinary_action" (attacker_position "971 2292 -27") (victim_position "875 2338 -31")
L 03/21/2014 - 02:30:17: "Scruff<170><STEAM_0:0:61337606><Red>" killed "{SCG} FaolPlay<173><STEAM_0:1:24520147><Blue>" with "world" (attacker_position "-492 -158 22") (victim_position "105 267 -408")
L 03/21/2014 - 02:30:23: "(void*)FoXX<146><STEAM_0:0:2179002><Red>" killed "Persi, the Neko God<12><STEAM_0:1:30286598><Blue>" with "disciplinary_action" (attacker_position "1816 1941 160") (victim_position "1842 1969 160")
L 03/21/2014 - 02:30:25: "{BFG} Sabre<155><STEAM_0:1:31072961><Blue>" say "crits as all hell"
L 03/21/2014 - 02:30:28: "Hoosktron<148><STEAM_0:0:33245321><Red>" killed "{SCG} Rowdy d(=^ï½¥Ï‰ï½¥^=)b<174><STEAM_0:0:21349373><Blue>" with "letranger" (attacker_position "-2219 -1574 252") (victim_position "-1846 -2034 -22")
L 03/21/2014 - 02:30:28: "{SCG} An Skunkskunk<175><STEAM_0:0:19095054><Red>" triggered "kill assist" against "{SCG} Rowdy d(=^ï½¥Ï‰ï½¥^=)b<174><STEAM_0:0:21349373><Blue>" (assister_position "-2379 -2319 -30") (attacker_position "-2219 -1574 252") (victim_position "-1846 -2034 -22")
L 03/21/2014 - 02:30:42: "Scruff<170><STEAM_0:0:61337606><Red>" killed "{BFG} Nikdragon<108><STEAM_0:0:78154965><Blue>" with "force_a_nature" (attacker_position "180 1316 0") (victim_position "16 1143 0")
L 03/21/2014 - 02:30:47: "{BFG} Nikdragon<108><STEAM_0:0:78154965><Blue>" changed role to "heavyweapons"
L 03/21/2014 - 02:31:00: "Isaac Rundrake<178><STEAM_0:1:40971448><>" connected, address "81.158.108.141:27005"
L 03/21/2014 - 02:31:00: "Isaac Rundrake<178><STEAM_0:1:40971448><>" STEAM USERID validated
L 03/21/2014 - 02:31:07: "{BFG} Sabre<155><STEAM_0:1:31072961><Blue>" triggered "flagevent" (event "defended") (position "59 -234 8")
L 03/21/2014 - 02:31:07: "{BFG} Sabre<155><STEAM_0:1:31072961><Blue>" killed "(void*)FoXX<146><STEAM_0:0:2179002><Red>" with "the_rescue_ranger" (attacker_position "59 -234 8") (victim_position "-867 -175 8")
L 03/21/2014 - 02:31:07: "(void*)FoXX<146><STEAM_0:0:2179002><Red>" triggered "flagevent" (event "dropped") (position "-867 -175 8")
L 03/21/2014 - 02:31:10: "Isaac Rundrake<178><STEAM_0:1:40971448><>" entered the game
L 03/21/2014 - 02:31:14: "{BFG} Sabre<155><STEAM_0:1:31072961><Blue>" triggered "builtobject" (object "OBJ_SENTRYGUN") (position "-676 -128 0")
L 03/21/2014 - 02:31:15: "Isaac Rundrake<178><STEAM_0:1:40971448><Unassigned>" joined team "Red"
L 03/21/2014 - 02:31:16: "Isaac Rundrake<178><STEAM_0:1:40971448><Red>" changed role to "medic"
L 03/21/2014 - 02:31:28: "Scruff<170><STEAM_0:0:61337606><Red>" killed "{BFG} Nikdragon<108><STEAM_0:0:78154965><Blue>" with "force_a_nature" (attacker_position "1259 1201 160") (victim_position "857 1445 0")
L 03/21/2014 - 02:31:33: "Scruff<170><STEAM_0:0:61337606><Red>" killed "{SCG} Rowdy d(=^ï½¥Ï‰ï½¥^=)b<174><STEAM_0:0:21349373><Blue>" with "force_a_nature" (attacker_position "1216 257 0") (victim_position "966 296 8")
L 03/21/2014 - 02:31:37: "Scruff<170><STEAM_0:0:61337606><Red>" killed "{BFG} Sabre<155><STEAM_0:1:31072961><Blue>" with "force_a_nature" (attacker_position "494 -216 8") (victim_position "-25 -221 8")
L 03/21/2014 - 02:31:39: "Scruff<170><STEAM_0:0:61337606><Red>" triggered "killedobject" (object "OBJ_SENTRYGUN") (weapon "force_a_nature") (objectowner "{BFG} Sabre<155><STEAM_0:1:31072961><Blue>") (attacker_position "-244 -249 8")
L 03/21/2014 - 02:31:41: "Scruff<170><STEAM_0:0:61337606><Red>" triggered "flagevent" (event "picked up") (position "-803 -196 8")
L 03/21/2014 - 02:31:48: "Scruff<170><STEAM_0:0:61337606><Red>" triggered "flagevent" (event "captured") (team_caps "1") (caps_per_round "3") (position "-1486 -2335 -15")
L 03/21/2014 - 02:31:53: "(void*)FoXX<146><STEAM_0:0:2179002><Red>" killed "{SCG} FaolPlay<173><STEAM_0:1:24520147><Blue>" with "tf_projectile_rocket" (attacker_position "133 172 112") (victim_position "337 897 -380")
L 03/21/2014 - 02:31:57: "{BFG} Sabre<155><STEAM_0:1:31072961><Blue>" triggered "builtobject" (object "OBJ_SENTRYGUN") (position "1535 1373 160")
L 03/21/2014 - 02:31:57: "Scruff<170><STEAM_0:0:61337606><Red>" killed "{SCG} Rowdy d(=^ï½¥Ï‰ï½¥^=)b<174><STEAM_0:0:21349373><Blue>" with "force_a_nature" (attacker_position "-751 -238 8") (victim_position "837 -208 8")
L 03/21/2014 - 02:31:57: "(void*)FoXX<146><STEAM_0:0:2179002><Red>" triggered "kill assist" against "{SCG} Rowdy d(=^ï½¥Ï‰ï½¥^=)b<174><STEAM_0:0:21349373><Blue>" (assister_position "356 -109 0") (attacker_position "-751 -238 8") (victim_position "837 -208 8")
L 03/21/2014 - 02:32:06: "Persi, the Neko God<12><STEAM_0:1:30286598><Blue>" committed suicide with "world" (attacker_position "-253 -876 -378")
L 03/21/2014 - 02:32:16: server_cvar: "sv_cheats" "1"
L 03/21/2014 - 02:32:16: server_cvar: "sv_cheats" "0"
L 03/21/2014 - 02:32:20: "Scruff<170><STEAM_0:0:61337606><Red>" triggered "flagevent" (event "picked up") (position "1379 2341 -15")
L 03/21/2014 - 02:32:22: "{BFG} Sabre<155><STEAM_0:1:31072961><Blue>" triggered "builtobject" (object "OBJ_SENTRYGUN") (position "1856 1557 160")
L 03/21/2014 - 02:32:35: "{BFG} Sabre<155><STEAM_0:1:31072961><Blue>" triggered "builtobject" (object "OBJ_SENTRYGUN") (position "1483 1965 -15")
L 03/21/2014 - 02:32:36: "{SCG} An Skunkskunk<175><STEAM_0:0:19095054><Red>" killed "{SCG} Rowdy d(=^ï½¥Ï‰ï½¥^=)b<174><STEAM_0:0:21349373><Blue>" with "tf_projectile_arrow" (customkill "headshot") (attacker_position "-871 -234 8") (victim_position "470 -64 8")
L 03/21/2014 - 02:32:37: "{BFG} Sabre<155><STEAM_0:1:31072961><Blue>" triggered "builtobject" (object "OBJ_DISPENSER") (position "1483 1965 -15")
L 03/21/2014 - 02:32:39: "{SCG} FaolPlay<173><STEAM_0:1:24520147><Blue>" committed suicide with "world" (attacker_position "1403 1585 160")
L 03/21/2014 - 02:32:51: "Scruff<170><STEAM_0:0:61337606><Red>" triggered "flagevent" (event "captured") (team_caps "2") (caps_per_round "3") (position "-1372 -2214 151")
L 03/21/2014 - 02:32:53: "{BFG} Nikdragon<108><STEAM_0:0:78154965><Blue>" joined team "Spectator"
L 03/21/2014 - 02:32:55: "RyKo<162><STEAM_0:1:51092251><Spectator>" disconnected (reason "RyKo timed out")
L 03/21/2014 - 02:32:57: "{BFG} Sabre<155><STEAM_0:1:31072961><Blue>" killed "(void*)FoXX<146><STEAM_0:0:2179002><Red>" with "obj_sentrygun3" (attacker_position "1518 1985 -15") (victim_position "893 2295 -27")
L 03/21/2014 - 02:33:14: "Persi, the Neko God<12><STEAM_0:1:30286598><Blue>" triggered "flagevent" (event "picked up") (position "-1295 -2235 5")
L 03/21/2014 - 02:33:28: "{SCG} An Skunkskunk<175><STEAM_0:0:19095054><Red>" triggered "flagevent" (event "defended") (position "-249 -874 -389")
L 03/21/2014 - 02:33:28: "{SCG} An Skunkskunk<175><STEAM_0:0:19095054><Red>" killed "Persi, the Neko God<12><STEAM_0:1:30286598><Blue>" with "tf_projectile_arrow" (attacker_position "-249 -874 -389") (victim_position "-360 -970 -369")
L 03/21/2014 - 02:33:28: "Persi, the Neko God<12><STEAM_0:1:30286598><Blue>" triggered "flagevent" (event "dropped") (position "-360 -970 -369")
L 03/21/2014 - 02:33:38: "PariahMessiah<179><STEAM_0:0:16512759><>" connected, address "24.127.67.61:27005"
L 03/21/2014 - 02:33:39: "PariahMessiah<179><STEAM_0:0:16512759><>" STEAM USERID validated
L 03/21/2014 - 02:33:51: "(void*)FoXX<146><STEAM_0:0:2179002><Red>" triggered "killedobject" (object "OBJ_DISPENSER") (weapon "tf_projectile_rocket") (objectowner "{BFG} Sabre<155><STEAM_0:1:31072961><Blue>") (attacker_position "418 2451 -13")
L 03/21/2014 - 02:33:51: "PariahMessiah<179><STEAM_0:0:16512759><>" entered the game
L 03/21/2014 - 02:33:54: "{SCG} FaolPlay<173><STEAM_0:1:24520147><Blue>" triggered "medic_death" against "Isaac Rundrake<178><STEAM_0:1:40971448><Red>" (healing "735") (ubercharge "0")
L 03/21/2014 - 02:33:54: "{SCG} FaolPlay<173><STEAM_0:1:24520147><Blue>" killed "Isaac Rundrake<178><STEAM_0:1:40971448><Red>" with "machina" (customkill "headshot") (attacker_position "763 105 1") (victim_position "324 182 8")
L 03/21/2014 - 02:33:55: "{SCG} An Skunkskunk<175><STEAM_0:0:19095054><Red>" killed "{SCG} FaolPlay<173><STEAM_0:1:24520147><Blue>" with "tf_projectile_arrow" (customkill "headshot") (attacker_position "-1103 -82 1") (victim_position "804 -41 1")
L 03/21/2014 - 02:33:57: "{BFG} Sabre<155><STEAM_0:1:31072961><Blue>" killed "Hoosktron<148><STEAM_0:0:33245321><Red>" with "obj_sentrygun3" (customkill "feign_death") (attacker_position "1518 1985 -15") (victim_position "959 2279 -27")
L 03/21/2014 - 02:34:00: "PariahMessiah<179><STEAM_0:0:16512759><Unassigned>" disconnected (reason "Disconnect by user.")
L 03/21/2014 - 02:34:00: "Persi, the Neko God<12><STEAM_0:1:30286598><Blue>" triggered "flagevent" (event "picked up") (position "-293 -967 -379")
L 03/21/2014 - 02:34:03: "{BFG} Nikdragon<108><STEAM_0:0:78154965><Spectator>" joined team "Blue"
L 03/21/2014 - 02:34:08: "The Mutagen<180><STEAM_0:0:49010827><>" connected, address "107.209.255.38:27005"
L 03/21/2014 - 02:34:08: "The Mutagen<180><STEAM_0:0:49010827><>" STEAM USERID validated
L 03/21/2014 - 02:34:10: "{SCG} Rowdy d(=^ï½¥Ï‰ï½¥^=)b<174><STEAM_0:0:21349373><Blue>" killed "Hoosktron<148><STEAM_0:0:33245321><Red>" with "rainblower" (attacker_position "1573 618 160") (victim_position "1518 570 168")
L 03/21/2014 - 02:34:10: "(void*)FoXX<146><STEAM_0:0:2179002><Red>" killed "{BFG} Sabre<155><STEAM_0:1:31072961><Blue>" with "tf_projectile_rocket" (attacker_position "800 2204 -30") (victim_position "1491 1970 -15")
L 03/21/2014 - 02:34:14: "{BFG} Nikdragon<108><STEAM_0:0:78154965><Blue>" changed role to "demoman"
L 03/21/2014 - 02:34:15: "Persi, the Neko God<12><STEAM_0:1:30286598><Blue>" triggered "flagevent" (event "captured") (team_caps "1") (caps_per_round "3") (position "1486 2269 -15")
L 03/21/2014 - 02:34:16: "Persi, the Neko God<12><STEAM_0:1:30286598><Blue>" killed "(void*)FoXX<146><STEAM_0:0:2179002><Red>" with "scattergun" (attacker_position "907 2259 -26") (victim_position "501 2395 -8")
L 03/21/2014 - 02:34:25: "{SCG} Rowdy d(=^ï½¥Ï‰ï½¥^=)b<174><STEAM_0:0:21349373><Blue>" triggered "medic_death" against "Isaac Rundrake<178><STEAM_0:1:40971448><Red>" (healing "0") (ubercharge "0")
L 03/21/2014 - 02:34:25: "{SCG} Rowdy d(=^ï½¥Ï‰ï½¥^=)b<174><STEAM_0:0:21349373><Blue>" killed "Isaac Rundrake<178><STEAM_0:1:40971448><Red>" with "rainblower" (attacker_position "-872 -11 1") (victim_position "-673 9 50")
L 03/21/2014 - 02:34:36: "{SCG} FaolPlay<173><STEAM_0:1:24520147><Blue>" killed "Hoosktron<148><STEAM_0:0:33245321><Red>" with "machina" (customkill "feign_death") (attacker_position "-924 413 8") (victim_position "-1150 -378 -6")
L 03/21/2014 - 02:34:38: "Scruff<170><STEAM_0:0:61337606><Red>" triggered "killedobject" (object "OBJ_SENTRYGUN") (weapo
